{
  "schema": 1,
  "purpose": "M7.P3 cold engineering image, not an RC",
  "frozen_at": "2026-10-03T14:02:00.260712+00:00",
  "distribution_commit": "503e24e10dde6a59aa6c631f789b88b89f8e92e1",
  "distribution_branch": "build/m7-generic-x64",
  "upstream_base": "9fd38fa87094d4f0e956d03ac6c660fe4fd5e9d6",
  "emulationstation_commit": "e6e1e4d0f91e177e182cc05b1cea74991e1cc45b",
  "splash_commit": "7450aa8180ae66684814dd460f31eb502b2abf61",
  "container": "ghcr.io/rasteratops/build@sha256:988c0ba586263caeba4be4c03bd16eee055c9d066657951e320087bb8226ee39",
  "container_image_id": "sha256:988c0ba586263caeba4be4c03bd16eee055c9d066657951e320087bb8226ee39",
  "device": "GENERIC_X64",
  "arch": "x86_64",
  "build_root": "build.RASTERATOPS-GENERIC_X64.x86_64",
  "global_jobs": 24,
  "webkit_jobs": 4,
  "source_cache": "/workspace/cache/rocknix-sources",
  "recipe_files": 1608
}
inputs_sha256 24116729b3610411fe5ba89543cf10db98b11cb9ca8afc3cbf0ef61f08640459
