record	ceremonies are not overdue	﻿2026-10-03T06:58:39.2472308Z ##[group]Run ./tools/ceremony-check
record	ceremonies are not overdue	2026-10-03T06:58:39.2472656Z ^[[36;1m./tools/ceremony-check^[[0m
record	ceremonies are not overdue	2026-10-03T06:58:39.2504916Z shell: /usr/bin/bash -e {0}
record	ceremonies are not overdue	2026-10-03T06:58:39.2505243Z env:
record	ceremonies are not overdue	2026-10-03T06:58:39.2507107Z   GH_TOKEN: ***
record	ceremonies are not overdue	2026-10-03T06:58:39.2507350Z   CEREMONY_TODAY: 
record	ceremonies are not overdue	2026-10-03T06:58:39.2507565Z ##[endgroup]
record	ceremonies are not overdue	2026-10-03T06:58:44.9492450Z ceremony-check (clock since 2026-09-21, today 2026-10-03)
record	ceremonies are not overdue	2026-10-03T06:58:44.9493064Z   ok    issues    33 post-adoption fork commits on next cite an issue
record	ceremonies are not overdue	2026-10-03T06:58:44.9493784Z   ok    retro     last 2026-10-02; 1 of 5 active days
record	ceremonies are not overdue	2026-10-03T06:58:44.9494155Z   ok    friction  every entry since 2026-09-21 has an issue or a guard within 3 days
record	ceremonies are not overdue	2026-10-03T06:58:44.9494595Z   ok    weekly    2026-W39 summary present
record	ceremonies are not overdue	2026-10-03T06:58:44.9494891Z   ok    monthly   2026-09 summary present
record	ceremonies are not overdue	2026-10-03T06:58:44.9495156Z   ok    index     work-log index: current
record	ceremonies are not overdue	2026-10-03T06:58:44.9495563Z   ok    register  register-check: 583 IDs, each once; every citation in the live documents names a row
record	ceremonies are not overdue	2026-10-03T06:58:44.9496088Z   ok    rules     every rule file front-mattered and indexed
record	ceremonies are not overdue	2026-10-03T06:58:44.9496514Z   ok    guards    every entry from 52 names a guard in the tree
record	ceremonies are not overdue	2026-10-03T06:58:44.9496967Z   ok    checkboxes box-check: 175 issue(s), 684 open checkbox(es), 0 fail, 116 issue(s) with rows to re-derive against
record	ceremonies are not overdue	2026-10-03T06:58:44.9498018Z   ok    audit     last 2026-10-02; 11 of 12 closed issues, 1 of 14 days
record	ceremonies are not overdue	2026-10-03T06:58:44.9498381Z   ok    futro     last 2026-10-02; no epic since 2026-09-21 without one
record	ceremonies are not overdue	2026-10-03T06:58:44.9498765Z   DUE   hygiene   closed-completed issues with an open checkbox: #376
record	ceremonies are not overdue	2026-10-03T06:58:44.9498983Z 
record	ceremonies are not overdue	2026-10-03T06:58:44.9499624Z 1 overdue. 0 refuse a push of next; every one keeps the fork CI red until its artifact exists:
record	ceremonies are not overdue	2026-10-03T06:58:44.9500297Z   - [CI] hygiene: closed as completed with an open checkbox: #376 -- tick it with its evidence or strike it with the decision (issue-tracking.md)
record	ceremonies are not overdue	2026-10-03T06:58:44.9552914Z ##[error]Process completed with exit code 1.
