watch-build: recording in /workspace/repos/rocknix.worktrees/m7-generic-x64/.build-runs/20261003T221851Z-8db86772
up: webdav serving /workspace/tmp/rasteratops-m7-archives-01/cloud/data at http://127.0.0.1:9010 (guest: http://10.0.2.2:9010)
[W][22:18:53.011414] pw.conf      | [          conf.c: 1182 try_load_conf()] can't load config client.conf: No such file or directory
[E][22:18:53.011445] pw.conf      | [          conf.c: 1215 pw_conf_load_conf_for_context()] can't load config client.conf: No such file or directory
ready after ~21s
PASS exact replacement BUILD_ID
PASS actual identity helper heals poisoned stored id
PASS healed previous id retained by actual helper
PASS current source directory priority
PASS current selects expected archive name
PASS current same-device versus foreign distinction
PASS production cloud/local restore recovers sentinel own-new
PASS current restores selected archive bytes
PASS current leaves cloud archive unchanged
PASS legacy-directory source directory priority
PASS legacy-directory selects expected archive name
PASS legacy-directory same-device versus foreign distinction
PASS production cloud/local restore recovers sentinel own-old
PASS legacy-directory restores selected archive bytes
PASS legacy-directory leaves cloud archive unchanged
PASS healed-directory source directory priority
PASS healed-directory selects expected archive name
PASS healed-directory same-device versus foreign distinction
PASS production cloud/local restore recovers sentinel own-old
PASS healed-directory restores selected archive bytes
PASS healed-directory leaves cloud archive unchanged
PASS flat-root source directory priority
PASS flat-root selects expected archive name
PASS flat-root same-device versus foreign distinction
PASS production cloud/local restore recovers sentinel own-old
PASS flat-root restores selected archive bytes
PASS flat-root leaves cloud archive unchanged
PASS foreign-only source directory priority
PASS foreign-only selects expected archive name
PASS foreign-only same-device versus foreign distinction
PASS production cloud/local restore recovers sentinel foreign
PASS foreign-only restores selected archive bytes
PASS foreign-only leaves cloud archive unchanged
PASS /ROCKNIX setup and transfer scan retain settings-only archive
PASS production cloud/local restore recovers sentinel own-old
PASS /GAMES setup and transfer scan retain settings-only archive
PASS production cloud/local restore recovers sentinel own-old
PASS --join preserves explicit cloud-root selection
PASS --join scan finds root ROMs and BIOS
PASS --join restores root sentinel /storage/roms/nes/M7-root.nes
PASS --join restores root sentinel /storage/roms/bios/M7-root.bin
PASS --follow preserves explicit cloud-root selection
PASS --follow scan finds root ROMs and BIOS
PASS --follow restores root sentinel /storage/roms/nes/M7-root.nes
PASS --follow restores root sentinel /storage/roms/bios/M7-root.bin
PASS --settle preserves explicit cloud-root selection
PASS --settle scan finds root ROMs and BIOS
PASS --settle restores root sentinel /storage/roms/nes/M7-root.nes
PASS --settle restores root sentinel /storage/roms/bios/M7-root.bin
PASS --apply preserves explicit cloud-root selection
PASS --apply scan finds root ROMs and BIOS
PASS --apply restores root sentinel /storage/roms/nes/M7-root.nes
PASS --apply restores root sentinel /storage/roms/bios/M7-root.bin
PASS missing content key gains current default
PASS final UI fixture comes from production writer
2 press(es) moved the screen, back on the carousel
changed after 0.1s (`key ret`, line 12)
settle: still after 1.7s
changed after 0.0s (`key x`, line 15)
settle: still after 1.3s
changed after 0.1s (`key up`, line 18)
changed after 0.1s (`key up`, line 20)
changed after 0.1s (`key up`, line 22)
settle: still after 1.3s
changed after 0.0s (`key x`, line 25)
settle: still after 1.3s
captured /workspace/tmp/rasteratops-m7-archives-01/extra-artifacts/hub/01-cloud-hub.png
changed after 0.1s (`key down`, line 7)
changed after 0.0s (`key x`, line 9)
settle: still after 2.6s
captured /workspace/tmp/rasteratops-m7-archives-01/extra-artifacts/restore-page/01-restore-page.png
PASS production cloud/local restore recovers sentinel ui-writer
PASS archive selection, settings-only setup, explicit-root transitions and writer UI capture; visual review required
PASS extended archive/content-root qualification
down
