19:50:40 === cloud-epic on guest d, BUILD_ID="503e24e10dde6a59aa6c631f789b88b89f8e92e1"
232
19:50:40 == setup: the QA remote on the guest (the host backend's conf), then the QA cloud holds the fork's earlier layout with files in every folder of ours; the guest points at it
remote: qa-cloud:
19:50:42   cloud: ROCKNIX/Backups/2026_09_29-090000-Retroid-Pocket-Nova-ROCKNIX_SETTINGS.tar.gz ROCKNIX/Backups/2026_09_30-120000-GENERIC-X64-ROCKNIX_SETTINGS.tar.gz ROCKNIX/Content/BIOS/disksys.rom ROCKNIX/Content/ROMs/nes/Probe.nes ROCKNIX/Saves-replaced/nes/Probe.srm.1 ROCKNIX/Saves/nes/Probe.srm
19:50:42   guest conf: SAVES_REMOTE="/ROCKNIX/Saves" SETTINGS_REMOTE="/ROCKNIX/Backups" CONTENT_REMOTE="/ROCKNIX/Content" LAYOUT_KEEP=""
label=GENERIC-X64
19:51:10   picks reset: content=0 saves=1
19:51:30 == H: a fresh device (on the current default) whose cloud holds its saves only under /ROCKNIX: the scan joins that folder and the move dialog names it (D-CLOUD-169)
19:51:30   guest conf: SAVES_REMOTE="/Rasteratops/Saves" SETTINGS_REMOTE="/Rasteratops/Backups" CONTENT_REMOTE="/Rasteratops/Content" LAYOUT_KEEP=""
dismiss-dialogs: 2 press(es) moved the screen, back on the carousel
changed after 0.1s (`key ret`, line 3)
settle: still after 1.7s
changed after 0.1s (`key x`, line 6)
settle: still after 1.3s
changed after 0.0s (`key up`, line 9)
changed after 0.1s (`key up`, line 11)
changed after 0.1s (`key up`, line 13)
settle: still after 1.3s
changed after 0.1s (`key x`, line 16)
settle: still after 1.3s
captured /workspace/tmp/rasteratops-m7-guest-d-01/artifacts/cloud-epic/H/frames/01-H-hub.png
changed after 0.1s (`key down`, line 20)
changed after 0.1s (`key x`, line 22)
captured /workspace/tmp/rasteratops-m7-guest-d-01/artifacts/cloud-epic/H/frames/02-H-scan-0.png
captured /workspace/tmp/rasteratops-m7-guest-d-01/artifacts/cloud-epic/H/frames/03-H-scan-1.png
settle: still after 3.4s
captured /workspace/tmp/rasteratops-m7-guest-d-01/artifacts/cloud-epic/H/frames/04-H-after-scan.png
19:51:58 PASS walk epic-H.steps
19:51:59   guest conf after the scan: SAVES_REMOTE="/ROCKNIX/Saves" SETTINGS_REMOTE="/ROCKNIX/Backups" CONTENT_REMOTE="/ROCKNIX/Content"
19:51:59 PASS H: the scan joined the folder the saves are in
19:51:59 PASS H: nothing was made at /Rasteratops beside them
2026-10-03T15:51:53-04:00 GENERIC-X64-474c cloud_migrate_layout[4478]: joined the fleet at /ROCKNIX/Saves: no saves in /Rasteratops/Saves
2026-10-03T15:51:53-04:00 GENERIC-X64-474c cloud_scan[4479]: scan: joined the fleet's earlier folder
19:51:59 PASS H: the journal names the join
changed after 0.1s (`key z`, line 1)
settle: still after 1.3s
captured /workspace/tmp/rasteratops-m7-guest-d-01/artifacts/cloud-epic/H/frames/01-H-after-not-now.png
dismiss-dialogs: 5 press(es) moved the screen, back on the carousel
19:52:11 PASS walk epic-H2.steps
19:52:11   guest conf after NOT NOW: SAVES_REMOTE="/ROCKNIX/Saves" SETTINGS_REMOTE="/ROCKNIX/Backups" CONTENT_REMOTE="/ROCKNIX/Content"
19:52:11   frames: 0 under /workspace/tmp/rasteratops-m7-guest-d-01/artifacts/cloud-epic/H/frames (epic-*.png), plus /workspace/tmp/rasteratops-m7-guest-d-01/artifacts/cloud-epic/H/frames/E-boot/
19:52:11 done: 5 PASS, 0 FAIL
