== docs/audits/2026_10_02-milestone-375-rasteratops-0-0-1
  ok    01-research-notes.md
  ok    02-forward-audit.md
  ok    03-retrospective.md
  ok    04-analysis.md
  ok    05-punch-list.md
  ok    00-running-log.md (mandatory at milestone tier)
  ok    04 § Executive summary
  ok    04 § Acceptance-criteria scorecard
  ok    04 § Risk assessment
  ok    04 § Coverage boundary
  ok    04 § Quality self-check
  ok    review plan: independent, 2 model perspectives, 2 verified external calls
  ok    6 punch item(s): PL-001, PL-002, PL-003, PL-004, PL-005, PL-006
  ok    PL-001 outcome recorded with evidence
  ok    PL-002 outcome recorded with evidence
  ok    PL-003 outcome recorded with evidence
  ok    PL-004 outcome recorded with evidence
  ok    PL-005 outcome recorded with evidence
  ok    PL-006 outcome recorded with evidence
  ok    PL-001 index and table agree (deferred)
  ok    PL-002 index and table agree (deferred)
  ok    PL-003 index and table agree (deferred)
  ok    PL-004 index and table agree (deferred)
  ok    PL-005 index and table agree (deferred)
  ok    PL-006 index and table agree (resolved)
  ok    issue #382 carries a task list (6 items)
  ok    issue #382 references PL-001
  ok    issue #382 references PL-002
  ok    issue #382 references PL-003
  ok    issue #382 references PL-004
  ok    issue #382 references PL-005
  ok    issue #382 references PL-006

PASS
