watch-build: recording in /workspace/repos/rocknix.worktrees/conflict-resolution/.build-runs/20261003T215520Z-09171a83
up: webdav serving /workspace/tmp/rasteratops-m7-release-ui-01/cloud/data at http://127.0.0.1:9030 (guest: http://10.0.2.2:9030)
[W][21:55:21.412540] pw.conf      | [          conf.c: 1182 try_load_conf()] can't load config client.conf: No such file or directory
[E][21:55:21.412574] pw.conf      | [          conf.c: 1215 pw_conf_load_conf_for_context()] can't load config client.conf: No such file or directory
ready after ~23s
PASS guest d exact BUILD_ID 134e89c4fcb08581f1c831229167364828a37e27
PASS QA ROM bytes /storage/roms/gb/Ninoid.gb a40191c169c68e6607ace072da96aab957f306f55ded59ce1f287c1f5273387b
PASS QA ROM bytes /storage/roms/gbc/Tobu Tobu Girl Deluxe.gb 0a0e8018dbbc8d7f8cd99f05e7cdc7b4cc9e358ecfe9377ebfb2291a84c6e310
PASS QA ROM bytes /storage/roms/nes/Bobl.nes 025ec44d0d84ac469b442ee56c3d69e035e9a38430ae849172fe3a1e569d0dea
PASS guest d seeded and idle
1 press(es) moved the screen, back on the carousel
START en_US 640x480 retro-achievements
changed after 0.1s (`key ret`, line 16)
settle: still after 1.7s
changed after 0.1s (`key up`, line 19)
changed after 0.1s (`key up`, line 21)
changed after 0.1s (`key up`, line 23)
changed after 0.1s (`key up`, line 25)
changed after 0.1s (`key up`, line 27)
changed after 0.1s (`key up`, line 29)
changed after 0.1s (`key up`, line 31)
changed after 0.1s (`key up`, line 33)
changed after 0.1s (`key up`, line 35)
changed after 0.1s (`key up`, line 37)
changed after 0.1s (`key up`, line 39)
settle: still after 1.3s
changed after 0.1s (`key x`, line 42)
settle: still after 1.3s
changed after 0.1s (`key down`, line 45)
changed after 0.1s (`key down`, line 47)
settle: still after 1.3s
changed after 0.1s (`key x`, line 50)
settle: still after 1.3s
captured /workspace/tmp/rasteratops-m7-release-ui-01/artifacts/en_US-640x480/retro-achievements/01-retroachievements-settings.png
changed after 0.1s (`key down`, line 54)
changed after 0.0s (`key down`, line 56)
changed after 0.1s (`key down`, line 58)
changed after 0.1s (`key down`, line 60)
changed after 0.1s (`key down`, line 62)
settle: still after 1.3s
changed after 0.1s (`key x`, line 65)
settle: still after 1.3s
captured /workspace/tmp/rasteratops-m7-release-ui-01/artifacts/en_US-640x480/retro-achievements/02-offline-achievements.png
dismiss-dialogs: 5 press(es) moved the screen, back on the carousel
CAPTURED en_US 640x480 retro-achievements
START en_US 640x480 cloud-sync
changed after 0.1s (`key ret`, line 15)
settle: still after 1.7s
changed after 0.1s (`key up`, line 18)
changed after 0.1s (`key up`, line 20)
changed after 0.1s (`key up`, line 22)
changed after 0.1s (`key up`, line 24)
changed after 0.1s (`key up`, line 26)
changed after 0.1s (`key up`, line 28)
changed after 0.1s (`key up`, line 30)
changed after 0.1s (`key up`, line 32)
changed after 0.1s (`key up`, line 34)
changed after 0.1s (`key up`, line 36)
changed after 0.1s (`key up`, line 38)
settle: still after 1.3s
changed after 0.1s (`key x`, line 41)
settle: still after 1.3s
changed after 0.0s (`key up`, line 44)
changed after 0.1s (`key up`, line 46)
changed after 0.1s (`key up`, line 48)
settle: still after 1.3s
captured /workspace/tmp/rasteratops-m7-release-ui-01/artifacts/en_US-640x480/cloud-sync/01-game-settings-cloud-rows.png
changed after 0.0s (`key x`, line 52)
settle: still after 1.3s
captured /workspace/tmp/rasteratops-m7-release-ui-01/artifacts/en_US-640x480/cloud-sync/02-cloud-hub.png
changed after 0.1s (`key x`, line 56)
settle: still after 3.0s
captured /workspace/tmp/rasteratops-m7-release-ui-01/artifacts/en_US-640x480/cloud-sync/03-back-up-to-the-cloud.png
changed after 0.1s (`key z`, line 60)
settle: still after 1.3s
changed after 0.1s (`key down`, line 63)
changed after 0.1s (`key down`, line 65)
changed after 0.1s (`key down`, line 67)
changed after 0.1s (`key down`, line 69)
changed after 0.1s (`key down`, line 71)
changed after 0.1s (`key down`, line 73)
changed after 0.1s (`key down`, line 75)
changed after 0.1s (`key down`, line 77)
settle: still after 1.3s
changed after 0.1s (`key x`, line 80)
settle: still after 1.3s
captured /workspace/tmp/rasteratops-m7-release-ui-01/artifacts/en_US-640x480/cloud-sync/04-connect-or-repair-cloud-storage.png
dismiss-dialogs: 5 press(es) moved the screen, back on the carousel
CAPTURED en_US 640x480 cloud-sync
Traceback (most recent call last):
  File "/workspace/tmp/rasteratops-m7-release-ui-01/ui.py", line 22, in <module>
    from PIL import Image
ModuleNotFoundError: No module named 'PIL'
down
