rclone: rclone v1.75.1 (/workspace/repos/rocknix.worktrees/generic-x64/build.ROCKNIX-GENERIC_X64.x86_64/image/system/usr/bin/rclone)
PASS T24-production-backup-scan-restore 
PASS T24-local-legacy-recovery 
PASS T24-local-renamed-recovery 
PASS T24-current-legacy-os 
PASS T24-current-renamed 
PASS T24-legacy-legacy-os 
PASS T24-legacy-renamed 
PASS T24-healed-legacy-os 
PASS T24-healed-renamed 
PASS T24-flat-legacy-os 
PASS T24-flat-renamed 
PASS T24-foreign-legacy-os 
PASS T24-foreign-renamed 
PASS T01-classification 
PASS T02-classification 
PASS T03-classification 
PASS T04-classification 
PASS T05-classification 
PASS T06-classification 
PASS T07-classification 
PASS T08-classification 
PASS T09-classification 
PASS T10-classification 
PASS T11-classification 
PASS T12-classification 
PASS T13-classification 
PASS T14-classification 
PASS T15-classification 
PASS T16-classification 
PASS T22-classification 
PASS T11-note-only 
PASS T17-follow-call-failure 
PASS T17-follow-read-failure 
PASS T17-unreadable 
PASS T17-seed-timeout 
PASS T17-seed-failed 
PASS T18-bucket-backup-unknown 
PASS T18-bucket-restore-unknown 
PASS T19-no-remote 
PASS T23-content-collision 
PASS T25-restricted-prefix 
PASS T18-cloud_backup-parent-error-3 
PASS T18-cloud_backup-parent-error-4 
PASS T18-cloud_backup-parent-error-7 
PASS T18-cloud_restore-parent-error-3 
PASS T18-cloud_restore-parent-error-4 
PASS T18-cloud_restore-parent-error-7 
PASS T18-restore-features-error 
PASS T20-follow-ROCKNIX 
PASS T20-follow-GAMES 
PASS T20-follow-custom 
PASS T20-settle-ROCKNIX 
PASS T20-settle-GAMES 
PASS T20-settle-custom 
PASS T20-apply-other-source-default 
PASS T20-apply-other-source-custom 
PASS T26-marker-malformed-apply 
PASS T26-marker-malformed-follow 
PASS T26-marker-malformed-settle 
PASS T26-marker-malformed-seed 
PASS T26-marker-future-apply 
PASS T26-marker-future-follow 
PASS T26-marker-future-settle 
PASS T26-marker-future-seed 
PASS T26-marker-trailing-apply 
PASS T26-marker-trailing-follow 
PASS T26-marker-trailing-settle 
PASS T26-marker-trailing-seed 
PASS T23-retry-Backups 
PASS T23-retry-Saves 
PASS T23-retry-Saves-replaced 
PASS T23-retry-Content 
PASS T23-retry-marker 
PASS T23-retry-delete-Backups 
PASS T23-retry-delete-Saves 
PASS T23-retry-delete-Saves-replaced 
PASS T23-retry-delete-Content 
PASS T21-join-missing 
PASS T21-join-root 
PASS T21-join-derived 
PASS T21-join-custom 
PASS T21-follow-missing 
PASS T21-follow-root 
PASS T21-follow-derived 
PASS T21-follow-custom 
PASS T21-settle-missing 
PASS T21-settle-root 
PASS T21-settle-derived 
PASS T21-settle-custom 
PASS T21-apply-missing 
PASS T21-apply-root 
PASS T21-apply-derived 
PASS T21-apply-custom 
cloud-layout-test: 93 PASS, 0 FAIL; artifacts: /tmp/rasteratops-356-final-20261003
