rclone: rclone v1.75.1 (/workspace/repos/rocknix.worktrees/generic-x64/build.ROCKNIX-GENERIC_X64.x86_64/image/system/usr/bin/rclone)
FAIL T23-retry-Backups Backups interrupted move is not offered for retry
FAIL T23-retry-Saves Saves interrupted move is not offered for retry
FAIL T23-retry-Saves-replaced Saves-replaced interrupted move is not offered for retry
FAIL T23-retry-Content Content interrupted move is not offered for retry
FAIL T23-retry-marker marker failure reported success: nt...
>>> doing verify
Now using /Rasteratops/Content for your ROMs, BIOS, and game content.
Removing the old content folder...
>>> doing remove
Content is now at qa:/Rasteratops/Content.

The layout marker could not be written; the folders moved all the same.
Done. Saves are at qa:/Rasteratops/Saves, backups at qa:/Rasteratops/Backups.
Old folders were left in place if anything else was in them.

FAIL T23-retry-delete-Backups Backups failure reported success: erred:            1 / 1, 100%
Elapsed time:         0.0s
Verifying content...
>>> doing verify
Now using /Rasteratops/Content for your ROMs, BIOS, and game content.
Removing the old content folder...
>>> doing remove
Content is now at qa:/Rasteratops/Content.

Done. Saves are at qa:/Rasteratops/Saves, backups at qa:/Rasteratops/Backups.
Old folders were left in place if anything else was in them.

FAIL T23-retry-delete-Saves Saves failure reported success: erred:            1 / 1, 100%
Elapsed time:         0.0s
Verifying content...
>>> doing verify
Now using /Rasteratops/Content for your ROMs, BIOS, and game content.
Removing the old content folder...
>>> doing remove
Content is now at qa:/Rasteratops/Content.

Done. Saves are at qa:/Rasteratops/Saves, backups at qa:/Rasteratops/Backups.
Old folders were left in place if anything else was in them.

FAIL T23-retry-delete-Saves-replaced Saves-replaced failure reported success: erred:            1 / 1, 100%
Elapsed time:         0.0s
Verifying content...
>>> doing verify
Now using /Rasteratops/Content for your ROMs, BIOS, and game content.
Removing the old content folder...
>>> doing remove
Content is now at qa:/Rasteratops/Content.

Done. Saves are at qa:/Rasteratops/Saves, backups at qa:/Rasteratops/Backups.
Old folders were left in place if anything else was in them.

FAIL T23-retry-delete-Content Content failure reported success: ntent...
>>> doing verify
Now using /Rasteratops/Content for your ROMs, BIOS, and game content.
Removing the old content folder...
>>> doing remove
(could not remove the old folder; the copy is complete and verified)
Content is now at qa:/Rasteratops/Content.

Done. Saves are at qa:/Rasteratops/Saves, backups at qa:/Rasteratops/Backups.
Old folders were left in place if anything else was in them.

cloud-layout-test: 0 PASS, 9 FAIL; artifacts: /tmp/rasteratops-356-retry-negative-final-20261003
