20:01:12 === cloud-epic on guest d, BUILD_ID="503e24e10dde6a59aa6c631f789b88b89f8e92e1"
232
20:01:13 == setup: the QA remote on the guest (the host backend's conf), then the QA cloud holds the fork's earlier layout with files in every folder of ours; the guest points at it
remote: qa-cloud:
20:01:15   cloud: ROCKNIX/Backups/2026_09_29-090000-Retroid-Pocket-Nova-ROCKNIX_SETTINGS.tar.gz ROCKNIX/Backups/2026_09_30-120000-GENERIC-X64-ROCKNIX_SETTINGS.tar.gz ROCKNIX/Content/BIOS/disksys.rom ROCKNIX/Content/ROMs/nes/Probe.nes ROCKNIX/Saves-replaced/nes/Probe.srm.1 ROCKNIX/Saves/nes/Probe.srm
20:01:15   guest conf: SAVES_REMOTE="/ROCKNIX/Saves" SETTINGS_REMOTE="/ROCKNIX/Backups" CONTENT_REMOTE="/ROCKNIX/Content" LAYOUT_KEEP=""
label=GENERIC-X64
20:01:42   picks reset: content=0 saves=1
20:02:02 == E: the startup sync with no saves folder in the cloud: the card says SKIPPED with the row to set it up; then the cloud folder step offers CREATE IT (D-CLOUD-170)
20:02:03   guest conf: SAVES_REMOTE="/GAMES" SETTINGS_REMOTE="/GAMES/backup" CONTENT_REMOTE="" LAYOUT_KEEP=""
startup=1
20:02:39   reboot_guest: /isIdle yes after 1s
settle: still after 1.9s
20:03:32   E-boot: 129 frames under /workspace/tmp/rasteratops-m7-guest-d-01/artifacts/cloud-epic/E/frames/E-boot
1791057740 78 no-folder
20:03:33 PASS E: the startup stamp carries the third sentinel (78 no-folder)
2026-10-03 16:02:26	[1513]	INFO	cloud folder step: checking the folder (boot)
2026-10-03 16:02:27	[1513]	INFO	cloud folder: no /Rasteratops in the cloud (state superseded-empty); offering to create it
20:03:33 PASS E: the step came up at boot once the card was done
20:03:33 PASS E: and offered CREATE IT for the carried /GAMES with nothing anywhere
captured /workspace/tmp/rasteratops-m7-guest-d-01/artifacts/cloud-epic/E/frames/01-E-step-offer.png
changed after 0.1s (`key z`, line 2)
settle: still after 1.3s
captured /workspace/tmp/rasteratops-m7-guest-d-01/artifacts/cloud-epic/E/frames/02-E-after-not-now.png
dismiss-dialogs: 1 press(es) moved the screen, back on the carousel
20:03:41 PASS walk epic-E2.steps
20:03:41 PASS E: NOT NOW re-pointed nothing: the stock-shaped conf still names /GAMES
20:03:41 PASS E: and the boot's startup sync made no /GAMES in the cloud (D-CLOUD-172)
20:03:41   guest conf: SAVES_REMOTE="/Rasteratops/Saves" SETTINGS_REMOTE="/Rasteratops/Backups" CONTENT_REMOTE="/Rasteratops/Content" LAYOUT_KEEP=""
20:03:41   frames: 0 under /workspace/tmp/rasteratops-m7-guest-d-01/artifacts/cloud-epic/E/frames (epic-*.png), plus /workspace/tmp/rasteratops-m7-guest-d-01/artifacts/cloud-epic/E/frames/E-boot/
20:03:41 done: 6 PASS, 0 FAIL
