PASS frozen commit and 6606 source hashes
inventory: 50 unpacked packages recorded
inventory: 100 unpacked packages recorded
inventory: 150 unpacked packages recorded
inventory: 200 unpacked packages recorded
inventory: 250 unpacked packages recorded
inventory: 300 unpacked packages recorded
inventory: 350 unpacked packages recorded
inventory: 400 unpacked packages recorded
inventory: 450 unpacked packages recorded
inventory: 500 unpacked packages recorded
inventory: 550 unpacked packages recorded
inventory: 568 source roots; 547 cache inputs; 21 without a default-name cache match; 0 errors
emulationstation: emulationstation-e6e1e4d0f91e177e182cc05b1cea74991e1cc45b
raofflineproxy: raofflineproxy-5866cd9ba784c13771a99c52dd6b6f2acc546842
webkitgtk: webkitgtk-2.54.1
libsoup: libsoup-3.8.0
glslang: glslang-16.6.0
spirv-headers: spirv-headers-496543121ce6419f23d6fa5d7194ba66c36212d2
cbindgen: 
tllist: tllist-1.1.0
