02:54:33 === B-holdback on guest d, BUILD_ID="8dd6765af0b6f5fd6f99a8a979c3c4b00b573771"
    planted: /storage/.config/system/configs/system.cfg.backup: 1
    planted: /storage/.config/system/configs/system.cfg.tmp: 1
    planted: /storage/.config/emulationstation/es_settings.cfg.backup: 1
    planted: 0
    backuptool: [32mBACKING UP SETTINGS...[0m
    backuptool: [32mSETTINGS BACKED UP TO THIS DEVICE.[0m
    backuptool: [32mCOPY IT SOMEWHERE SAFE, OR BACK UP SETTINGS TO THE CLOUD UNDER GAME SETTINGS > MANAGE CLOUD STORAGE.[0m
    backuptool: rc=0
02:54:34 the archive: /storage/roms/backup/2026_09_28-225434-GENERIC-X64-ROCKNIX_SETTINGS.tar.gz (2026-09-28 22:54:34)
02:54:34 members: 9; under system/configs and emulationstation: system.cfg es_settings.cfg Tobu Tobu Girl Deluxe.xml deviceonly.xml shared.xml Bobl.xml Ninoid-1790650085-e.xml cookies.txt 
    journal: Sep 28 22:54:34 GENERIC-X64-474c backuptool[2313]: held back 3 last-good record(s) or temporaries beside files that are stripped or held back
02:54:34   PASS  the backup of the custom list completed (rc 0)
02:54:34   PASS  system.cfg.backup is not in the archive
02:54:34   PASS  system.cfg.tmp is not in the archive
02:54:34   PASS  es_settings.cfg.backup is not in the archive
02:54:34   PASS  the live system.cfg is (the selection did cover the folder)
02:54:34   PASS  the planted value is in no member (0 lines)
    put back (marker counts, archives): /storage/.config/system/configs/system.cfg.backup:0 /storage/.config/emulationstation/es_settings.cfg.backup:0 0
02:54:34 === done: 6 PASS, 0 FAIL
