02:55:10 === B-kill18-reboot on guest d, BUILD_ID="8dd6765af0b6f5fd6f99a8a979c3c4b00b573771"
02:55:10 settings backups folder before:  archive/: none; backuptool.conf existed: no
    /storage/roms is not a mountpoint
    /games-internal/roms /storage/roms ext4 /dev/vda2
    -rw-r--r--    1 root     root        201122 Sep 28 22:55 /storage/roms/backup/2098_01_01-000000-GENERIC-X64-ROCKNIX_SETTINGS.tar.gz
/tmp/k18-run: line 12:  2105 Killed                     backuptool restore > /tmp/k18.out 2>&1 < /dev/null
02:55:13 the watcher: landed 759 small files in
02:55:15   PASS  the kill landed mid-extract (landed 759 small files in; a=ARCHIVE b=LIVE c=absent many=759)
02:55:15 the mark: line 1 '/storage/roms/backup/archive/2026_09_28-225512-PRE_RESTORE-GENERIC-X64-ROCKNIX_SETTINGS.tar.gz'; 20001 '+' line(s); c.cfg among them: 1
02:55:15   PASS  the restore mark names a pre-restore copy that exists (/storage/roms/backup/archive/2026_09_28-225512-PRE_RESTORE-GENERIC-X64-ROCKNIX_SETTINGS.tar.gz)
02:55:15   PASS  the mark carries c.cfg as a file the restore creates (+/storage/qa307-k18/live/c.cfg; PL-007 marker v2)
    k18.out: [32mCHECKING YOUR SETTINGS BACKUP...[0m
    k18.out: [32mKEEPING A COPY OF YOUR CURRENT SETTINGS...[0m
    k18.out: [32mRESTORING SETTINGS...[0m
02:55:15 reboot (the kill left the tree half restored and the mark in place)
    [    2.273362] ROCKNIX chksysconfig[519]: a settings restore was cut off; the copy taken before it (/storage/roms/backup/archive/2026_09_28-225512-PRE_RESTORE-GENERIC-X64-ROCKNIX_SETTINGS.tar.gz) or the files it made are on a folder not mounted yet, so it goes back at the next check this boot
    [   16.698589] GENERIC-X64-474c chksysconfig[20972]: a settings restore was cut off; the copy taken before it was put back (/storage/roms/backup/archive/2026_09_28-225512-PRE_RESTORE-GENERIC-X64-ROCKNIX_SETTINGS.tar.gz) and the 20001 file(s) it created removed
    [    3.884231] GENERIC-X64-474c automount[761]: Executing bind mount of /storage/games-internal to /storage/roms
02:56:00 after the boot: a=LIVE b=LIVE c=absent many=0; .restore-reverted 'reverted'; mark gone
02:56:01   PASS  PL-045: a pass kept the mark while the folder read as not mounted (1 line(s) 'not mounted yet')
02:56:01   PASS  PL-045: a later pass this boot put the copy back (1 'was put back' line)
02:56:01   PASS  PL-007: the tree is as it was (a, b LIVE) and every file the restore created is gone (c.cfg, many/): a=LIVE b=LIVE c=absent many=0
02:56:01   PASS  EmulationStation is left 'reverted' and the mark is gone (said 'reverted', mark gone)
    cleanup: /storage/roms/backup: archive  /storage/roms/backup/archive: 02:56:01 === done: 7 PASS, 0 FAIL
