03:01:31 === B-ssid on guest d, BUILD_ID="8dd6765af0b6f5fd6f99a8a979c3c4b00b573771"
03:01:31 profiles made: 3
    functions lifted from the image: 4
03:01:31 the image's wifictl with no adapter: 'rc=0 ' (the first check)
    saved --ssid: QA307\tTab	QA307\tSSID	saved
    saved --ssid: QA307 Renamed	QA307 Home Net	saved
    saved --ssid: QA307\\Back	QA307 Plain	saved
    od: 0000000   Q   A   3   0   7   \   t   T   a   b  \t   Q   A   3   0   7
    od: 0000020   \   t   S   S   I   D  \t   s   a   v   e   d  \n   Q   A   3
    od: 0000040   0   7       R   e   n   a   m   e   d  \t   Q   A   3   0   7
    od: 0000060       H   o   m   e       N   e   t  \t   s   a   v   e   d  \n
    od: 0000100   Q   A   3   0   7   \   \   B   a   c   k  \t   Q   A   3   0
    od: 0000120   7       P   l   a   i   n  \t   s   a   v   e   d  \n
    od: 0000136
    saved: QA307	Tab	saved
    saved: QA307 Renamed	saved
    saved: QA307\Back	saved
03:01:32 rc: --ssid rc=0, plain rc=0
03:01:32   PASS  a profile named otherwise than its SSID: 'QA307 Renamed<TAB>QA307 Home Net<TAB>saved'
03:01:32   PASS  a tab inside the name and the SSID written \t, three fields
03:01:32   PASS  a backslash inside the name written \\
03:01:32   PASS  every --ssid line splits into exactly three fields on the tab
03:01:32   PASS  saved alone is unchanged: no SSID column (the SSID 'QA307 Home Net' is not in it)
    profiles left named QA307: 0
03:01:32 === done: 5 PASS, 0 FAIL
