03:02:08 === C-signin on guest d, BUILD_ID="8dd6765af0b6f5fd6f99a8a979c3c4b00b573771"
    setup: 1
    setup: rclone v1.75.1
03:02:44 -- 1 F-RS-18: the serve beside the offline proxy on port 8080
03:02:44   PASS  the offline proxy runs (toggle on)
    ADDRESS=http://10.0.2.15:8080
    NAME=Dropbox
    PROVIDER=http://127.0.0.1:53690/signin?state=QA307STATE
03:02:47    listening (hex): 0100007F:04D2 00000000:0E76 0100007F:D1BA 0100007F:D1B2 3500007F:0035 0100007F:1269 00000000:01BD 00000000:006F 00000000:0016 0100007F:1F90 00000000:008B 3600007F:0035 0F02000A:1F90 00000000:14EB 
03:02:47   PASS  the proxy listens on 127.0.0.1:8080 (0100007F:1F90)
03:02:47   PASS  the serve listens on the LAN address 10.0.2.15:8080 (0F02000A:1F90) at the same time
03:02:47   PASS  status waiting, no 'already in use'
03:02:47 -- 2 PL-017 / PL-016: the phone page by curl
03:02:48   PASS  a type before the window opened is refused (409): the page's script keeps its box for the window (PL-016's script half is C4's node case)
03:02:52   PASS  the window is up on the stand-in's page
03:02:56    POSTs: type=abc 204, key=backspace 204, type=d 204
    page: 23:02:53 field u=a
    page: 23:02:53 field u=ab
    page: 23:02:53 field u=abc
    page: 23:02:54 field u=ab
    page: 23:02:55 field u=abd
03:02:56   PASS  PL-017: abc, Back, d -> the page's field holds 'abd' (want abd)
    cloud_sync.log: [2026-09-28 23:02:53] [INFO] [cloud_oauth] typed 3 characters
    cloud_sync.log: [2026-09-28 23:02:54] [INFO] [cloud_oauth] typed 0 characters + backspace
    cloud_sync.log: [2026-09-28 23:02:55] [INFO] [cloud_oauth] typed 1 characters
03:02:57 -- 3 gpt F-RS-12: the on-screen keyboard's layouts
03:03:23    frames: /workspace/tmp/rocknix-session/proofs-307/frames/C-signin-osk-letters.png /workspace/tmp/rocknix-session/proofs-307/frames/C-signin-osk-shift.png /workspace/tmp/rocknix-session/proofs-307/frames/C-signin-osk-symbols.png (read by eye: every key inside the panel)
03:03:23   PASS  the window stayed up through the keyboard walk
03:03:23 -- 4 PL-049: cloud_oauth cancel with the page up
03:03:24   PASS  the window went 1.4 s after cancel
03:03:24   PASS  the serve is gone too (status idle)
03:03:25 -- 5 PL-018: the pad after an on-device sign-in
    pad: free /dev/input/event5
03:03:32    the interface's pid 1565; its log on the pad: 
03:03:52   PASS  before any sign-in the pad moves the menu (frame difference 6.92)
    ADDRESS=http://10.0.2.15:8080
    NAME=Dropbox
    PROVIDER=http://127.0.0.1:53690/signin?state=QA307STATE
03:03:59   PASS  while the window is up the bridge holds the pad (grabbed /dev/input/event5)
03:03:59    type=qa307go 204: the stand-in page signs in and redirects back
03:04:02   PASS  the sign-in landed (status signed-in; remote 1 qa307x section)
03:04:02   PASS  at the sign-in the pad is let go while the window is still up (free /dev/input/event5, window up) -- PL-018
    wait: rc=0
03:04:02    cloud_oauth wait returned after 0.2 s
03:04:08   PASS  after the sign-in, window closed, the pad moves the menu (frame difference 6.90)
03:04:08   PASS  without a restart (the interface's pid still 1565)
03:04:17 -- 6 E1 (this build): unmasked credentials in the interface's logs
    shapes:      10 pass ran
03:04:17   PASS  no credential value in /var/log/es_log*.txt after the sign-in flows (0 shape(s) other than the hasher's 'pass ran'); no call site in the pinned tree builds sh -c '... --password "..."' (git grep), so dcf7fa8c7's regression has no line to leak on this build
    teardown: qa-cloud:
    teardown: 0
03:04:19 === done: 17 PASS, 0 FAIL
