03:04:55 === D-boot on guest d, BUILD_ID="8dd6765af0b6f5fd6f99a8a979c3c4b00b573771"
03:04:55 toggle: enabled=1 marker=1 service=active hardcore=0 
03:04:55   PASS  the toggle is on and the service active before the boots
03:04:55   PASS  essway.service is After=raofflineproxy.service (the gate)
03:04:55   PASS  the unit waits for the listener (ExecStartPost ... listening --wait)
03:05:11 -- boot 1: boot id 64072f30, the interface's API first answered at uptime 5.24 s
    Startup finished in 1.479s (kernel) + 2.762s (userspace) = 4.242s 
    rocknix.target reached after 2.759s in userspace.
    1.126s rocknix-autostart.service
    1.016s raofflineproxy.service
    [    2.074898] GENERIC-X64-474c systemd[1]: Starting raofflineproxy.service...
    [    3.091563] GENERIC-X64-474c systemd[1]: Started raofflineproxy.service.
    [    4.242597] GENERIC-X64-474c systemd[1]: Started essway.service.
03:05:11    proxy unit: 2.074898 -> 3.091563 s (1.02 s to listening); essway started 4.242597 s; API 5.24 s
03:05:11   PASS  boot 1: the interface started after the proxy was listening (proxy 3.091563 s, essway 4.242597 s), carousel's API at 5.24 s
03:05:47 -- boot 2: boot id 3e4d61b0, the interface's API first answered at uptime 5.13 s
    Startup finished in 1.457s (kernel) + 2.866s (userspace) = 4.323s 
    rocknix.target reached after 2.862s in userspace.
    1.232s rocknix-autostart.service
    1.014s raofflineproxy.service
    [    2.045524] GENERIC-X64-474c systemd[1]: Starting raofflineproxy.service...
    [    3.059574] GENERIC-X64-474c systemd[1]: Started raofflineproxy.service.
    [    4.324071] GENERIC-X64-474c systemd[1]: Started essway.service.
03:05:47    proxy unit: 2.045524 -> 3.059574 s (1.01 s to listening); essway started 4.324071 s; API 5.13 s
03:05:47   PASS  boot 2: the interface started after the proxy was listening (proxy 3.059574 s, essway 4.324071 s), carousel's API at 5.13 s
03:06:07 === done: 5 PASS, 0 FAIL
