03:11:09 === D-pl059 on guest d, BUILD_ID="8dd6765af0b6f5fd6f99a8a979c3c4b00b573771"
03:11:45   PASS  the interface runs with the lowered cap in its environment (PYTHONPATH=/storage/.qa307-py QA307_SCAN_CAP=10 )
03:11:45   PASS  a from-import sees the lowered cap (10)
    snes files: 13
03:12:53 YES: the scan runs
03:13:04 the page after the run: /workspace/tmp/rocknix-session/proofs-307/frames/D-pl059-page.png
03:13:04 stamp: 1790651577 0 scan cached=0 skipped=10 ready=3 limit=0 indexed=0 errors=0 added=0 truncated=1
    scan.log: 2026-09-29 03:12:53 scan start: found=12 new=10 cached=2 indexed=0 hashing=10 truncated=1 cursor_saved=1
    scan.log: 2026-09-29 03:12:53 scan: the walk stopped at the client's cap of files per run; the next scan walks on from /storage/.config/raofflineproxy/scan-cursor
    scan.log: >>> done 87|0
    scan.log: 2026-09-29 03:12:57 scan done: rc=0 cached=0 indexed=0 skipped=10 errors=0 ready=3 limit=0
03:13:04   PASS  the stamp says truncated=1
03:13:04   PASS  scan.log's scan start line says truncated=1
03:13:04   PASS  the run kept its cursor (qa307-g10.sfc)
03:13:04   PASS  no proposal left behind (scan-cursor.next gone)
03:13:05 why/note words in the stamp and log: stamp 'no why';       1 cursor_saved=1 
03:13:05   (the page's note is graded from the frame; the interface writes no log line for it)
    cleanup: snes files left 0
03:13:09 the page's note is read from /workspace/tmp/rocknix-session/proofs-307/frames/D-pl059-page.png (NOT EVERY FOLDER WAS LOOKED AT. SCAN AGAIN TO CONTINUE.)
03:13:09 === done: 6 PASS, 0 FAIL
