03:13:45 === D-scan on guest d, BUILD_ID="8dd6765af0b6f5fd6f99a8a979c3c4b00b573771"
    57b46220d280a9fb225abacc9e1a592f  /storage/roms/gb/NinoidRA.gb
    7fa88d27169175b80fd330e16e9787db  /storage/roms/gbc/ComboFishing.gb
    c48f26f5079ad1b411c78fbcb2738d67  /storage/roms/gbc/Tobu Tobu Girl Deluxe.gb
    c1311d48fac302dbc2fa0ae234590f28  /storage/roms/nes/cookieclicker.nes
03:13:46 UPDATE GAMELISTS through the API (/reloadgames), online: the index hashes the new games and looks their ids up
03:13:51   PASS  the index wrote a cheevosId for 5 game(s) (gamelists and recovery files)
      1 		<cheevosId>13393</cheevosId>
      1 		<cheevosId>15738</cheevosId>
      1 		<cheevosId>31199</cheevosId>
      1 		<cheevosId>31934</cheevosId>
      1 		<cheevosId>4902</cheevosId>
    >>> doing listing
    >>> total 0
    >>> note NOTHING_NEW
    >>> done 0|0|5|0
    rc=0
    scan.log: >>> note NOTHING_MISSING
    scan.log: >>> done 0|0
    scan.log: 2026-09-29 03:14:12 scan: image pass rc=0
    scan.log: 2026-09-29 03:14:12 scan done: nothing new, ready=5
03:14:13    scan 1: 1.0 s wall; 2026-09-29 03:14:12 scan start: found=5 new=0 cached=5 indexed=0 hashing=0 truncated=0 cursor_saved=1; stamp '1790651652 0 scan cached=0 skipped=0 ready=5 limit=0 indexed=0 errors=0 added=0'
03:14:13    (scan 1 may cache what the index just identified; scans 2 and 3 are the nothing-new runs)
    >>> doing listing
    >>> total 0
    >>> note NOTHING_NEW
    >>> done 0|0|5|0
    rc=0
    scan.log: >>> note NOTHING_MISSING
    scan.log: >>> done 0|0
    scan.log: 2026-09-29 03:14:13 scan: image pass rc=0
    scan.log: 2026-09-29 03:14:13 scan done: nothing new, ready=5
03:14:14    scan 2: 0.8 s wall; 2026-09-29 03:14:13 scan start: found=5 new=0 cached=5 indexed=0 hashing=0 truncated=0 cursor_saved=1; stamp '1790651653 0 scan cached=0 skipped=0 ready=5 limit=0 indexed=0 errors=0 added=0'
03:14:14   PASS  scan 2 had nothing new (new=0), ended rc 0, in 0.8 s
    >>> doing listing
    >>> total 0
    >>> note NOTHING_NEW
    >>> done 0|0|5|0
    rc=0
    scan.log: >>> note NOTHING_MISSING
    scan.log: >>> done 0|0
    scan.log: 2026-09-29 03:14:15 scan: image pass rc=0
    scan.log: 2026-09-29 03:14:15 scan done: nothing new, ready=5
03:14:15    scan 3: 1.0 s wall; 2026-09-29 03:14:14 scan start: found=5 new=0 cached=5 indexed=0 hashing=0 truncated=0 cursor_saved=1; stamp '1790651655 0 scan cached=0 skipped=0 ready=5 limit=0 indexed=0 errors=0 added=0'
03:14:15   PASS  scan 3 had nothing new (new=0), ended rc 0, in 1.0 s
03:14:15 === done: 3 PASS, 0 FAIL
