03:14:51 === E1-fcs14 on guest d, BUILD_ID="8dd6765af0b6f5fd6f99a8a979c3c4b00b573771"
03:14:51 es_savestates.cfg -> /usr/config/emulationstation/es_savestates.cfg
              3748 2026-09-28 23:14:51 -0400 Ninoid.state.auto
               483 2026-09-28 23:14:51 -0400 Ninoid.state.auto.png
              3748 2026-01-01 00:00:00 -0500 Ninoid.state3
    0
03:15:43    the manager with the last tile selected: /workspace/tmp/rocknix-session/proofs-307/frames/E1-fcs14-slot3.png (read: SLOT 3 is selected)
03:15:43 states before the launch: Ninoid.state.auto Ninoid.state.auto.png Ninoid.state3 
03:15:45   PASS  the slot's A launched the game
03:15:49 states with the game running: Ninoid.state.auto Ninoid.state.auto.bak Ninoid.state.auto.png.bak Ninoid.state3 
    exec.log: runemu.sh: /usr/bin/runemu.sh Execute setsettings (gb /storage/roms/gb/Ninoid.gb gambatte --state_file= --controllers= --autosave=1 --snapshot=3)
    exec.log: Mon 28 Sep 2026 11:15:44 PM EDT: setsettings: Remove setting [assets_directory]
    exec.log: Mon 28 Sep 2026 11:15:44 PM EDT: setsettings: Remove setting [cache_directory]
    exec.log: Mon 28 Sep 2026 11:15:44 PM EDT: setsettings: Remove setting [cheat_database_path]
    es_log: 2026-09-28 23:15:34	[1588]	DEBUG	GuiSaveState: help row 0.164167 of a 264 px sheet (constructor)
    es_log: 2026-09-28 23:15:34	[1588]	DEBUG	GuiSaveState: help row 0.164167 of a 264 px sheet (onSizeChanged)
    es_log: 2026-09-28 23:15:34	[1592]	DEBUG	TextureData::load /storage/roms/savestates/gb/Ninoid.state.auto.png
03:15:49   PASS  the launch was slot 3's, on the racommands path (setsettings --autosave=1 --snapshot=3)
03:15:49   PASS  Ninoid.state3 is still there as the game runs (before the fix it was gone as the game started)
03:15:56 states after the exit: Ninoid.state.auto Ninoid.state.auto.png Ninoid.state3 
03:15:56   PASS  and after the game ended
    restored: lrwxrwxrwx    1 root     root            46 Sep 28 23:15 /storage/.config/emulationstation/es_savestates.cfg -> /usr/con
03:16:32 === done: 4 PASS, 0 FAIL
