03:48:13 === E2-frames-en_US on guest d, BUILD_ID="8dd6765af0b6f5fd6f99a8a979c3c4b00b573771"
    system.language: en_US
03:48:49 -- 1 the scan page on SOME_IMAGES_NOT_SAVED
    taken out: 109296.png 109296_lock.png 109297.png 109297_lock.png 03:50:22 stamp: 1790653817 1 scan cached=0 skipped=0 ready=5 limit=0 indexed=0 errors=0 added=0 why=SOME_IMAGES_NOT_SAVED
03:50:22    frame: /workspace/tmp/rocknix-session/proofs-307/frames/E2-frames-en_US-scan-images-not-saved.png
03:50:22   PASS  the scan ended on SOME_IMAGES_NOT_SAVED (the stamp's why)
    hosts lines left: 0
03:50:35 -- 2 the offline summary with an unreadable unlocks row
unlocks rows removed for 31199: 1
03:50:35 summary for 31199: {"id":31199,"title":"~Homebrew~ Niñoid","icon":"http://127.0.0.1:8080/Images/103677.png","achievements":6,"points":21,"unlocked":null,"unlockedPoints":null,"pending":0}
03:50:35   PASS  the summary reads the missing unlocks as null (PL-057), not 0
03:50:35 the link cut; waiting for the interface to see it
/workspace/tmp/rocknix-session/proofs-307/frames/E2-frames-en_US-offline-summary.png: 640x480, 640x30 at (0,0) painted out
03:52:06    the title band (0,0 640x30) painted out: the account's name
03:52:06    frame: /workspace/tmp/rocknix-session/proofs-307/frames/E2-frames-en_US-offline-summary.png (read: Niñoid's row says YOUR PROGRESS COULDN'T BE READ, no bar)
03:52:31 the link back
    after a scan online, 31199: "unlocked":0
03:52:33 -- 3 the cloud rows
03:53:15    frames: /workspace/tmp/rocknix-session/proofs-307/frames/E2-frames-en_US-cloud-rows.png /workspace/tmp/rocknix-session/proofs-307/frames/E2-frames-en_US-cloud-hub.png
03:53:23 === done: 2 PASS, 0 FAIL
