04:54:49 === E2-pl061 on guest d, BUILD_ID="8dd6765af0b6f5fd6f99a8a979c3c4b00b573771"
04:55:34 -- the fast path: the image's capture
04:55:46   PASS  Ninoid running (POST 200)
04:55:50 exit hotkey, then POST /launch 0.2 s later -> 200
    es_log: 2026-09-29 00:55:50	[1539]	DEBUG	fireEvent: game-end   
    es_log: 2026-09-29 00:55:50	[3064]	INFO	ApiSystem::executeScriptLegacy -> /usr/bin/cloud_capture --system 'gb' --rom '/storage/roms/gb/Ninoid.gb' --emulator 'retroarch' --core 'gambatte' --started 1
    es_log: 2026-09-29 00:55:50	[1539]	INFO	Attempting to launch game...
    es_log: 2026-09-29 00:55:50	[1539]	INFO	launch: the last game's saves were recorded first
    es_log: 2026-09-29 00:55:50	[1539]	INFO		/usr/bin/runemu.sh /storage/roms/gb/Ninoid.gb -Pgb --core=gambatte --emulator=retroarch --controllers="" -autosave 1 -state_file "/storage/roms/savestates/gb
04:55:55   PASS  fast: the second launch started a game
04:55:55   PASS  fast: the capture gate spoke (line 4 of the window)
04:55:55   PASS  fast: the gate's line (#4) is before the second start's runemu line (#5)
04:56:04 -- the bound: a capture held 25 s (stand-in: sleep 25 on --exit, then the image's cloud_capture)
    case " $* " in *" --exit "*) sleep 25 ;; esac
04:56:37 the frame at 18.1 s after the exit: /workspace/tmp/rocknix-session/proofs-307/frames/E2-pl061-refused.png
04:56:37 RetroArch processes seen through the bound: max 0; the stand-in capture still running at the frame: 2 process(es)
04:56:37   PASS  bound: no game started while the capture held (RetroArch count 0 through the bound)
04:56:37   PASS  bound: the capture was still recording when the launch was refused
    es_log: 2026-09-29 00:56:18	[1539]	DEBUG	fireEvent: game-end   
    es_log: 2026-09-29 00:56:19	[5783]	INFO	ApiSystem::executeScriptLegacy -> /usr/bin/cloud_capture --system 'gb' --rom '/storage/roms/gb/Ninoid.gb' --emulator 'retroarch' --core 'gambatte' --started 1
    es_log: 2026-09-29 00:56:19	[1539]	INFO	Attempting to launch game...
    es_log: 2026-09-29 00:56:19	[1539]	INFO	launch: waiting for the last game's saves to be recorded
    es_log: 2026-09-29 00:56:29	[1539]	WARNING	launch: the last game's capture did not finish within 10 s; the game was not started
04:56:39   PASS  bound: the gate waited first (its spinner line, 00:56:19)
04:56:39   PASS  bound: then refused at the bound: 'the game was not started' (00:56:29)
04:56:39   PASS  bound: no runemu line in the window (the launch never reached the emulator)
04:56:39    read /workspace/tmp/rocknix-session/proofs-307/frames/E2-pl061-refused.png for: YOUR LAST GAME'S SAVES ARE STILL BEING RECORDED. TRY AGAIN IN A MOMENT.
    cloud_sync.log: [2026-09-29 00:56:44] [WARN] [cloud_capture] 6 member(s) of gb:Ninoid are claimed but not on disk; no retire record
    cloud_sync.log: [2026-09-29 00:56:44] [INFO] [cloud_capture] recorded 1 new, 0 moved, 0 metadata, 0 retired for gb:Ninoid (core gambatte, build d9d6cd06382d1ced30de34d56d3609452323dab1, 
    cloud_sync.log: [2026-09-29 00:56:44] [INFO] [cloud_backup] Starting backup from /storage/roms to qa-cloud:/QA307d/Saves
    cloud_sync.log: [2026-09-29 00:56:44] [INFO] [cloud_backup] Script completed in 0 seconds with exit code 0
04:58:00 last-sync-exit before '1790657756 0 completed', after '1790657804 0 completed'
04:58:00   PASS  bound: the exit sync ran after the capture ended (the capture's post; last-sync-exit moved)
04:58:11   PASS  bound: the next press, the capture done, starts the game (POST 200)
    es_log (next press): 2026-09-29 00:58:09	[1539]	INFO	Attempting to launch game...
    es_log (next press): 2026-09-29 00:58:09	[1539]	INFO		/usr/bin/runemu.sh /storage/roms/gb/Ninoid.gb -Pgb --core=gambatte --emulator=retroarch --controllers="" -autosave 1 -state_file "/storage/roms/savestates/gb
    stand-in mounts left: 0
04:58:20    the series: /workspace/tmp/rocknix-session/proofs-307/frames/E2-pl061-bound/ (0.5 s; read: the spinner, then the refusal)
04:58:20 === done: 11 PASS, 0 FAIL
