03:53:59 === E2-pl014 on guest d, BUILD_ID="8dd6765af0b6f5fd6f99a8a979c3c4b00b573771"
      <string name="CollectionSystemsAuto" value="all" />
      <string name="StartupSystem" value="all" />
03:54:35 the interface's pid 1455; crash backtraces this boot: 0
03:54:41   PASS  ALL GAMES opened as a list, no game started (frame /workspace/tmp/rocknix-session/proofs-307/frames/E2-pl014-list-open.png)
03:56:40   iteration 25: rescans so far 50 lines
03:58:40   iteration 50: rescans so far 100 lines
04:00:39   iteration 75: rescans so far 150 lines
04:02:38   iteration 100: rescans so far 200 lines
04:04:37   iteration 125: rescans so far 250 lines
04:06:36   iteration 150: rescans so far 300 lines
04:08:35   iteration 175: rescans so far 350 lines
04:10:34   iteration 200: rescans so far 400 lines
    es_log: 2026-09-29 00:10:31	[1455]	INFO	SystemData::rescanIfFolderChanged: snes changed on disk, re-reading /storage/roms/snes
    es_log: 2026-09-29 00:10:31	[1455]	INFO	SystemData::rescanIfFolderChanged: snes 1 gone, 1 new
04:10:35   PASS  200 of 200 iterations with the same interface (pid 1455): no crash, no restart
04:10:35   PASS  no crash backtrace in the journal (0 -> 0)
04:10:35   PASS  the rescans ran: 200 'snes ... gone, ... new' lines (0 launches lost)
04:10:35   PASS  launches that did not start: 0
    restored gameexit: 1
04:11:11 === done: 5 PASS, 0 FAIL
