05:24:32 === F2-autoslot on guest d, BUILD_ID="8dd6765af0b6f5fd6f99a8a979c3c4b00b573771"
05:24:32   PASS  Probe.nes on the guest
05:24:32 the load-state key: f4
05:24:32 -- 1 the AUTO SAVE tile's launch keeps Auto
05:24:45   PASS  run 1 left an auto state (502 bytes)
05:24:56 run 2: the launcher wrote: state_slot = "-1"
    exec.log: [INFO] [State] Keeping the Auto slot this launch's configuration asks for.
    exec.log: [INFO] [State] Found auto save state in "/storage/roms/savestates/nes/Probe.state.auto".
    exec.log: [INFO] [State] Auto-loading save state from "/storage/roms/savestates/nes/Probe.state.auto" succeeded.
    exec.log: [INFO] [State] Loading state "/storage/roms/savestates/nes/Probe.state.auto", 5400 bytes.
    exec.log: [INFO] [State] Saving state "RAM", 5400 bytes.
    exec.log: [INFO] [State] Loading state "/storage/roms/savestates/nes/Probe.state.auto", 5400 bytes.
    exec.log: [INFO] [State] Saving state "RAM", 5400 bytes.
05:25:02 run 2: key pressed 1 time(s); Loading-state 1 -> 2, of the .auto 2, failed 0, found_last_state_slot 0, Keeping-the-Auto-slot 1
05:25:02   PASS  1: exec.log says [State] Keeping the Auto slot this launch's configuration asks for.
05:25:02   PASS  1: no found_last_state_slot
05:25:02   PASS  1: no failed state load
05:25:02   PASS  1: the key reloaded the .auto (the launch's load and the key's)
05:25:10 -- 2 a -1 saved into retroarch.cfg, then START NEW GAME
    retroarch.cfg: state_slot = "-1"
05:26:06    the manager: /workspace/tmp/rocknix-session/proofs-307/frames/F2-autoslot-manager.png (the first tile: START NEW GAME)
05:26:08   PASS  2: START NEW GAME started the game
05:26:14 2: the launch's append config: no state_slot line; runemu:  /storage/roms/gb/Ninoid.gb -Pgb --core=gambatte --emulator=retroarch --controllers="" -autosave 0
    exec.log: 
05:26:14   PASS  2: no 'Keeping the Auto slot' line
    the key: Failed to load plugin 'libdecor-gtk.so': failed to init
    the key: [INFO] [State] Loading state "/storage/roms/savestates/gb/Ninoid.state", 0 bytes.
    the key: [ERROR] [State] Failed to load state from "/storage/roms/savestates/gb/Ninoid.state".
05:26:18   PASS  2: the load-state key used the slot-0 file (Ninoid.state), not the .auto: the cfg's -1 did not stick
    put back (state_slot lines): 0
05:27:02 === done: 9 PASS, 0 FAIL
