04:26:45 === F2-autoslot on guest d, BUILD_ID="8dd6765af0b6f5fd6f99a8a979c3c4b00b573771"
04:26:46   PASS  Probe.nes on the guest
04:26:46 the load-state key: f4
04:26:46 -- 1 the AUTO SAVE tile's launch keeps Auto
04:26:59   PASS  run 1 left an auto state (508 bytes)
04:27:09 run 2: the launcher wrote: state_slot = "-1"
    exec.log: [INFO] [State] Keeping the Auto slot this launch's configuration asks for.
    exec.log: [INFO] [State] Found auto save state in "/storage/roms/savestates/nes/Probe.state.auto".
    exec.log: [INFO] [State] Auto-loading save state from "/storage/roms/savestates/nes/Probe.state.auto" succeeded.
    exec.log: [INFO] [State] Loading state "/storage/roms/savestates/nes/Probe.state.auto", 5400 bytes.
    exec.log: [INFO] [State] Saving state "RAM", 5400 bytes.
    exec.log: [INFO] [State] Loading state "/storage/roms/savestates/nes/Probe.state.auto", 5400 bytes.
    exec.log: [INFO] [State] Saving state "RAM", 5400 bytes.
04:27:16 run 2: key pressed 1 time(s); Loading-state 1 -> 2, of the .auto 2, failed 0, found_last_state_slot 0, Keeping-the-Auto-slot 1
04:27:16   PASS  1: exec.log says [State] Keeping the Auto slot this launch's configuration asks for.
04:27:16   PASS  1: no found_last_state_slot
04:27:16   PASS  1: no failed state load
04:27:16   PASS  1: the key reloaded the .auto (the launch's load and the key's)
04:27:24 -- 2 a -1 saved into retroarch.cfg, then START NEW GAME
    retroarch.cfg: state_slot = "-1"
04:28:19    the manager: /workspace/tmp/rocknix-session/proofs-307/frames/F2-autoslot-manager.png (the first tile: START NEW GAME)
04:29:24   FAIL  2: START NEW GAME started the game
grep: /tmp/.retroarch.cfg: No such file or directory
04:29:30 2: the launch's append config: no state_slot line; runemu: 
    exec.log: [INFO] [State] Keeping the Auto slot this launch's configuration asks for.
    exec.log: [INFO] [State] Found auto save state in "/storage/roms/savestates/nes/Probe.state.auto".
    exec.log: [INFO] [State] Auto-loading save state from "/storage/roms/savestates/nes/Probe.state.auto" succeeded.
    exec.log: [INFO] [State] Loading state "/storage/roms/savestates/nes/Probe.state.auto", 5400 bytes.
    exec.log: [INFO] [State] Saving state "RAM", 5400 bytes.
    exec.log: [INFO] [State] Loading state "/storage/roms/savestates/nes/Probe.state.auto", 5400 bytes.
    exec.log: [INFO] [State] Saving state "RAM", 5400 bytes.
    exec.log: [INFO] [State] Auto save state to "/storage/roms/savestates/nes/Probe.state.auto" succeeded.
04:29:30   FAIL  2: no 'Keeping the Auto slot' line
    the key: Failed to load plugin 'libdecor-gtk.so': failed to init
    the key: [INFO] [State] Loading state "/storage/roms/savestates/nes/Probe.state.auto", 5400 bytes.
    the key: [INFO] [State] Loading state "/storage/roms/savestates/nes/Probe.state.auto", 5400 bytes.
04:29:41   FAIL  2: the load-state key used the slot-0 file (Ninoid.state), not the .auto: the cfg's -1 did not stick
    put back (state_slot lines): 0
04:30:26 === done: 6 PASS, 3 FAIL
