04:31:10 === F2-widgets on guest d, BUILD_ID="8dd6765af0b6f5fd6f99a8a979c3c4b00b573771"
04:31:10 reboot to the carousel (the interface was restarted at 05:16 by the harness's own execute_kill with no game up)
04:31:54   PASS  the kill helper is on the rebooted guest
04:31:55 the guest's menu_widget_scale_factor: 0.400000 (the image ships 0.400000)
04:31:55 -- scale 0.400000
04:32:09   PASS  scale 0.400000 try 1: RetroArch up after POST /launch (200)
    [INFO] [GL] Detecting screen resolution: 640x480.
    [INFO] [GL] Using resolution 240x256.
    [INFO] [Widgets] font regular: /usr/share/retroarch-assets/xmb/monochrome/font.ttf, computed 3.06 px, floor 9, no sharp-size table for this face, drawn 9 px
    [INFO] [Widgets] font bold: /usr/share/retroarch-assets/xmb/monochrome/font.ttf, computed 3.06 px, floor 9, no sharp-size table for this face, drawn 9 px
    [INFO] [Widgets] font msg_queue: /usr/share/retroarch-assets/xmb/monochrome/font.ttf, computed 1.91 px, floor 13, no sharp-size step, drawn 13 px
    [INFO] [Widgets] msg_queue place: line height 19.00, small box 36 px (pitch 37), full box 72 px (pitch 73), left 13, under the bottom box 13
    [INFO] [Widgets] font regular: /usr/share/retroarch-assets/xmb/monochrome/font.ttf, computed 6.97 px, floor 9, no sharp-size table for this face, drawn 9 px
    [INFO] [Widgets] font bold: /usr/share/retroarch-assets/xmb/monochrome/font.ttf, computed 6.97 px, floor 9, no sharp-size table for this face, drawn 9 px
    [INFO] [Widgets] font msg_queue: /usr/share/retroarch-assets/xmb/monochrome/font.ttf, computed 4.36 px, floor 13, no sharp-size step, drawn 13 px
    [INFO] [Widgets] msg_queue place: line height 19.00, small box 36 px (pitch 37), full box 72 px (pitch 73), left 13, under the bottom box 13
04:32:28   PASS  scale 0.400000 try 1: RetroArch gone after execute_kill
04:32:28   NOTE the #263 race on try 1: '[INFO] [GL] Using resolution 240x256.' -- repeated, not graded
04:32:39   PASS  scale 0.400000 try 2: RetroArch up after POST /launch (200)
    [INFO] [GL] Detecting screen resolution: 640x480.
    [INFO] [GL] Using resolution 240x256.
    [INFO] [Widgets] font regular: /usr/share/retroarch-assets/xmb/monochrome/font.ttf, computed 3.06 px, floor 9, no sharp-size table for this face, drawn 9 px
    [INFO] [Widgets] font bold: /usr/share/retroarch-assets/xmb/monochrome/font.ttf, computed 3.06 px, floor 9, no sharp-size table for this face, drawn 9 px
    [INFO] [Widgets] font msg_queue: /usr/share/retroarch-assets/xmb/monochrome/font.ttf, computed 1.91 px, floor 13, no sharp-size step, drawn 13 px
    [INFO] [Widgets] msg_queue place: line height 19.00, small box 36 px (pitch 37), full box 72 px (pitch 73), left 13, under the bottom box 13
    [INFO] [Widgets] font regular: /usr/share/retroarch-assets/xmb/monochrome/font.ttf, computed 6.97 px, floor 9, no sharp-size table for this face, drawn 9 px
    [INFO] [Widgets] font bold: /usr/share/retroarch-assets/xmb/monochrome/font.ttf, computed 6.97 px, floor 9, no sharp-size table for this face, drawn 9 px
    [INFO] [Widgets] font msg_queue: /usr/share/retroarch-assets/xmb/monochrome/font.ttf, computed 4.36 px, floor 13, no sharp-size step, drawn 13 px
    [INFO] [Widgets] msg_queue place: line height 19.00, small box 36 px (pitch 37), full box 72 px (pitch 73), left 13, under the bottom box 13
04:32:58   PASS  scale 0.400000 try 2: RetroArch gone after execute_kill
04:32:58   NOTE the #263 race on try 2: '[INFO] [GL] Using resolution 240x256.' -- repeated, not graded
04:33:09   PASS  scale 0.400000 try 3: RetroArch up after POST /launch (200)
    [INFO] [GL] Detecting screen resolution: 640x480.
    [INFO] [GL] Using resolution 640x480.
    [INFO] [Widgets] font regular: /usr/share/retroarch-assets/xmb/monochrome/font.ttf, computed 6.97 px, floor 9, no sharp-size table for this face, drawn 9 px
    [INFO] [Widgets] font bold: /usr/share/retroarch-assets/xmb/monochrome/font.ttf, computed 6.97 px, floor 9, no sharp-size table for this face, drawn 9 px
    [INFO] [Widgets] font msg_queue: /usr/share/retroarch-assets/xmb/monochrome/font.ttf, computed 4.36 px, floor 13, no sharp-size step, drawn 13 px
    [INFO] [Widgets] msg_queue place: line height 19.00, small box 36 px (pitch 37), full box 72 px (pitch 73), left 13, under the bottom box 13
    [INFO] [Widgets] font regular: /usr/share/retroarch-assets/xmb/monochrome/font.ttf, computed 3.06 px, floor 9, no sharp-size table for this face, drawn 9 px
    [INFO] [Widgets] font bold: /usr/share/retroarch-assets/xmb/monochrome/font.ttf, computed 3.06 px, floor 9, no sharp-size table for this face, drawn 9 px
    [INFO] [Widgets] font msg_queue: /usr/share/retroarch-assets/xmb/monochrome/font.ttf, computed 1.91 px, floor 13, no sharp-size step, drawn 13 px
    [INFO] [Widgets] msg_queue place: line height 19.00, small box 36 px (pitch 37), full box 72 px (pitch 73), left 13, under the bottom box 13
    [INFO] [Widgets] font regular: /usr/share/retroarch-assets/xmb/monochrome/font.ttf, computed 6.97 px, floor 9, no sharp-size table for this face, drawn 9 px
    [INFO] [Widgets] font bold: /usr/share/retroarch-assets/xmb/monochrome/font.ttf, computed 6.97 px, floor 9, no sharp-size table for this face, drawn 9 px
    [INFO] [Widgets] font msg_queue: /usr/share/retroarch-assets/xmb/monochrome/font.ttf, computed 4.36 px, floor 13, no sharp-size step, drawn 13 px
    [INFO] [Widgets] msg_queue place: line height 19.00, small box 36 px (pitch 37), full box 72 px (pitch 73), left 13, under the bottom box 13
04:33:28   PASS  scale 0.400000 try 3: RetroArch gone after execute_kill
04:33:28   PASS  scale 0.400000: the surface was the panel (Using resolution 640x480)
04:33:28   PASS  scale 0.400000: font regular names xmb/monochrome/font.ttf
04:33:28   PASS  scale 0.400000: font regular took no sharp-size table
04:33:28   PASS  scale 0.400000: font bold names xmb/monochrome/font.ttf
04:33:28   PASS  scale 0.400000: font bold took no sharp-size table
04:33:28   PASS  scale 0.400000: font msg_queue names xmb/monochrome/font.ttf
04:33:28   widget setups in this launch: 3
04:33:28   PASS  scale 0.400000: drawn regular 9, bold 9, msg_queue 13 (expected 9/9/13)
04:33:28   PASS  scale 0.400000: a msg_queue place line with the small and full boxes and the pitch
04:33:28 -- scale 1.000000
04:33:39   PASS  scale 1.000000 try 1: RetroArch up after POST /launch (200)
    [INFO] [GL] Detecting screen resolution: 640x480.
    [INFO] [GL] Using resolution 640x480.
    [INFO] [Widgets] font regular: /usr/share/retroarch-assets/xmb/monochrome/font.ttf, computed 17.43 px, floor 9, no sharp-size table for this face, drawn 17 px
    [INFO] [Widgets] font bold: /usr/share/retroarch-assets/xmb/monochrome/font.ttf, computed 17.43 px, floor 9, no sharp-size table for this face, drawn 17 px
    [INFO] [Widgets] font msg_queue: /usr/share/retroarch-assets/xmb/monochrome/font.ttf, computed 10.89 px, floor 13, no sharp-size step, drawn 13 px
    [INFO] [Widgets] msg_queue place: line height 19.00, small box 36 px (pitch 37), full box 72 px (pitch 73), left 12, under the bottom box 12
    [INFO] [Widgets] font regular: /usr/share/retroarch-assets/xmb/monochrome/font.ttf, computed 7.65 px, floor 9, no sharp-size table for this face, drawn 9 px
    [INFO] [Widgets] font bold: /usr/share/retroarch-assets/xmb/monochrome/font.ttf, computed 7.65 px, floor 9, no sharp-size table for this face, drawn 9 px
    [INFO] [Widgets] font msg_queue: /usr/share/retroarch-assets/xmb/monochrome/font.ttf, computed 4.78 px, floor 13, no sharp-size step, drawn 13 px
    [INFO] [Widgets] msg_queue place: line height 19.00, small box 36 px (pitch 37), full box 72 px (pitch 73), left 13, under the bottom box 13
    [INFO] [Widgets] font regular: /usr/share/retroarch-assets/xmb/monochrome/font.ttf, computed 17.43 px, floor 9, no sharp-size table for this face, drawn 17 px
    [INFO] [Widgets] font bold: /usr/share/retroarch-assets/xmb/monochrome/font.ttf, computed 17.43 px, floor 9, no sharp-size table for this face, drawn 17 px
    [INFO] [Widgets] font msg_queue: /usr/share/retroarch-assets/xmb/monochrome/font.ttf, computed 10.89 px, floor 13, no sharp-size step, drawn 13 px
    [INFO] [Widgets] msg_queue place: line height 19.00, small box 36 px (pitch 37), full box 72 px (pitch 73), left 12, under the bottom box 12
04:33:58   PASS  scale 1.000000 try 1: RetroArch gone after execute_kill
04:33:58   PASS  scale 1.000000: the surface was the panel (Using resolution 640x480)
04:33:58   PASS  scale 1.000000: font regular names xmb/monochrome/font.ttf
04:33:58   PASS  scale 1.000000: font regular took no sharp-size table
04:33:58   PASS  scale 1.000000: font bold names xmb/monochrome/font.ttf
04:33:58   PASS  scale 1.000000: font bold took no sharp-size table
04:33:58   PASS  scale 1.000000: font msg_queue names xmb/monochrome/font.ttf
04:33:58   widget setups in this launch: 3
04:33:58   FAIL  scale 1.000000: drawn regular 17 9, bold 17 9, msg_queue 13 (expected 17/17/13)
04:33:58   PASS  scale 1.000000: a msg_queue place line with the small and full boxes and the pitch
menu_widget_scale_factor = "0.400000"
menu_widget_scale_factor_windowed = "1.000000"
04:33:59 === done: 24 PASS, 1 FAIL
