05:27:47 === X-bios-alone on guest d, BUILD_ID="8dd6765af0b6f5fd6f99a8a979c3c4b00b573771"
05:27:47   PASS  guest d's CONTENT tier is its own folder (/QA307d/Content)
05:27:47 -- fixture: every ROM file aside, one BIOS file
files left under roms (not bios): 4
    list: bios
05:27:48 -- the page's remembered ticks: ROMS AND BIOS on, the rest off (cloudsync.pick.backup.*, SystemConf)
    ticks: cloudsync.pick.backup.saves=0
    ticks: cloudsync.pick.backup.content=1
    ticks: cloudsync.pick.backup.media=0
    ticks: cloudsync.pick.backup.settings=0
    files left under roms (not bios) after the reboot: 4
    bios 
05:29:03 -- the walk: START > GAME SETTINGS > MANAGE CLOUD STORAGE (keys) > BACK UP TO THE CLOUD > CONTINUE (the recorded walks)
05:29:03     signed in to RetroAchievements (MAIN MENU opens on its row): 1
05:29:22     hub: /workspace/tmp/rocknix-session/proofs-307/frames/X-bios-alone-hub.png (read it: the CLOUD hub, BACK UP TO THE CLOUD focused)
05:29:26     back-up-page: captured /workspace/tmp/rocknix-session/proofs-307/frames/X-bios-alone-walk/01-back-up-page.png
05:29:44     continue-to-systems: captured /workspace/tmp/rocknix-session/proofs-307/frames/X-bios-alone-walk/02-systems-page.png
05:29:44   PASS  the systems page frame taken (/workspace/tmp/rocknix-session/proofs-307/frames/X-bios-alone-systems-page.png; read it: SYSTEMS ON THIS DEVICE reads NONE, a BIOS FILES group, BACK and BACK UP)
05:29:44 -- the verb: BACK UP (up from the rows to the button bar's BACK, right to the verb, x; the page has BACK and the verb only)
    es_log: 2026-09-29 01:29:49	[1536]	INFO	ApiSystem::executeScriptLegacy -> /usr/bin/cloud_content_restore --set-systems 'bios'
05:30:00   PASS  the press wrote the selection (--set-systems) before the run
05:30:11     cloud_sync.log: [2026-09-29 01:29:50] [INFO] [cloud_content_backup] Content backup: /storage/roms/bios -> qa-cloud:/QA307d/Content/BIOS
05:30:11     selection file (content-systems): bios 
05:30:11   PASS  the run followed the selection: the selection file names bios alone and the BIOS backup's log line came after the press
05:30:14 -- fixture back
    roms back: Ninoid-1790650022-d.gb
    roms back: Ninoid-1790650085-e.gb
    roms back: Ninoid.gb
05:30:14 === done: 4 PASS, 0 FAIL
