05:13:48 === X-wifi-forget on guest d, BUILD_ID="8dd6765af0b6f5fd6f99a8a979c3c4b00b573771"
    Home Wi-Fi|Home Wi-Fi|active
    Cafe|Cafe|saved
    wifi.enabled=1
05:14:32    the interface's pid: 1531
05:14:50   START left the guest on the carousel (moved 47.84, help bar 0.00) -- pressing again (try 1)
05:15:29    NETWORK SETTINGS: /workspace/tmp/rocknix-session/proofs-307/frames/X-wifi-forget-network.png (read: no WI-FI KEY row under WI-FI NETWORK; WI-FI COUNTRY follows it)
05:15:53    the picker: /workspace/tmp/rocknix-session/proofs-307/frames/X-wifi-forget-picker.png (read: Home Wi-Fi CONNECTED first, Cafe SAVED, Neighbour)
05:16:06    the press on Cafe: /workspace/tmp/rocknix-session/proofs-307/frames/X-wifi-forget-choice.png (read: CAFE IS SAVED. CONNECT WITH ITS SAVED KEY, OR FORGET IT? -- CONNECT, FORGET, CANCEL)
05:16:07   PASS  the press on a saved network asks first: no join and no forget of Cafe was made
05:16:14   PASS  B on the choice lands on CANCEL: the dialog closed and nothing was forgotten
05:16:14    after B: /workspace/tmp/rocknix-session/proofs-307/frames/X-wifi-forget-after-b.png (read: the picker again, Cafe still SAVED)
05:16:37    FORGET: /workspace/tmp/rocknix-session/proofs-307/frames/X-wifi-forget-forget-focused.png then /workspace/tmp/rocknix-session/proofs-307/frames/X-wifi-forget-confirm.png (read: FORGET Cafe? THIS DEVICE WON'T JOIN IT AGAIN ON ITS OWN. -- YES, NO)
05:16:37   PASS  FORGET asks the manage page's question before anything runs: still no forget in the stand-in's log
    wifictl asked: 01:14:32 saved --ssid
    wifictl asked: 01:15:26 current
    wifictl asked: 01:15:26 has_ap_mode
    wifictl asked: 01:15:45 list
    wifictl asked: 01:15:45 saved
    wifictl asked: 01:15:45 current
    wifictl asked: 01:16:37 forget Cafe
    wifictl asked: 01:16:37 list
    wifictl asked: 01:16:37 saved
    wifictl asked: 01:16:37 current
05:16:51   PASS  YES ran wifictl forget Cafe exactly once, and the stand-in recorded it
05:16:51   PASS  the picker re-read the saved list after the forget (a saved call follows the forget in the log)
05:16:51   PASS  the same interface throughout (pid 1531): the dialogs and the forget did not restart it
05:16:51    the toast: /workspace/tmp/rocknix-session/proofs-307/frames/X-wifi-forget-toast.png and the series /workspace/tmp/rocknix-session/proofs-307/frames/X-wifi-forget-toast/ (read: Cafe : FORGOTTEN); rebuilt: /workspace/tmp/rocknix-session/proofs-307/frames/X-wifi-forget-rebuilt.png (read: Cafe without SAVED)
    cleanup: stand-in mounts left 0
05:17:01 === done: 6 PASS, 0 FAIL
