05:30:58 === X-wifi-forget on guest d, BUILD_ID="8dd6765af0b6f5fd6f99a8a979c3c4b00b573771"
    Home Wi-Fi|Home Wi-Fi|active
    Cafe|Cafe|saved
    wifi.enabled=1
05:31:43    the interface's pid: 1561
05:32:20    NETWORK SETTINGS: /workspace/tmp/rocknix-session/proofs-307/frames/X-wifi-forget-network.png (read: no WI-FI KEY row under WI-FI NETWORK; WI-FI COUNTRY follows it)
05:32:44    the picker: /workspace/tmp/rocknix-session/proofs-307/frames/X-wifi-forget-picker.png (read: Home Wi-Fi CONNECTED first, Cafe SAVED, Neighbour)
05:32:57    the press on Cafe: /workspace/tmp/rocknix-session/proofs-307/frames/X-wifi-forget-choice.png (read: CAFE IS SAVED. CONNECT WITH ITS SAVED KEY, OR FORGET IT? -- CONNECT, FORGET, CANCEL)
05:32:57   PASS  the press on a saved network asks first: no join and no forget of Cafe was made
05:33:05   PASS  B on the choice lands on CANCEL: the dialog closed and nothing was forgotten
05:33:05    after B: /workspace/tmp/rocknix-session/proofs-307/frames/X-wifi-forget-after-b.png (read: the picker again, Cafe still SAVED)
05:33:27    FORGET: /workspace/tmp/rocknix-session/proofs-307/frames/X-wifi-forget-forget-focused.png then /workspace/tmp/rocknix-session/proofs-307/frames/X-wifi-forget-confirm.png (read: FORGET Cafe? THIS DEVICE WON'T JOIN IT AGAIN ON ITS OWN. -- YES, NO)
05:33:27   PASS  FORGET asks the manage page's question before anything runs: still no forget in the stand-in's log
    wifictl asked: 01:31:43 saved --ssid
    wifictl asked: 01:32:16 current
    wifictl asked: 01:32:16 has_ap_mode
    wifictl asked: 01:32:35 list
    wifictl asked: 01:32:35 saved
    wifictl asked: 01:32:35 current
    wifictl asked: 01:33:28 forget Cafe
    wifictl asked: 01:33:28 list
    wifictl asked: 01:33:28 saved
    wifictl asked: 01:33:28 current
05:33:41   PASS  YES ran wifictl forget Cafe exactly once, and the stand-in recorded it
05:33:41   PASS  the picker re-read the saved list after the forget (a saved call follows the forget in the log)
05:33:41   PASS  the same interface throughout (pid 1561): the dialogs and the forget did not restart it
05:33:41    the toast: /workspace/tmp/rocknix-session/proofs-307/frames/X-wifi-forget-toast.png and the series /workspace/tmp/rocknix-session/proofs-307/frames/X-wifi-forget-toast/ (read: Cafe : FORGOTTEN); rebuilt: /workspace/tmp/rocknix-session/proofs-307/frames/X-wifi-forget-rebuilt.png (read: Cafe without SAVED)
    cleanup: stand-in mounts left 0
05:33:52 === done: 6 PASS, 0 FAIL
