19:55:20 === cloud-epic on guest d, BUILD_ID="503e24e10dde6a59aa6c631f789b88b89f8e92e1"
232
19:55:20 == setup: the QA remote on the guest (the host backend's conf), then the QA cloud holds the fork's earlier layout with files in every folder of ours; the guest points at it
remote: qa-cloud:
19:55:22   cloud: ROCKNIX/Backups/2026_09_29-090000-Retroid-Pocket-Nova-ROCKNIX_SETTINGS.tar.gz ROCKNIX/Backups/2026_09_30-120000-GENERIC-X64-ROCKNIX_SETTINGS.tar.gz ROCKNIX/Content/BIOS/disksys.rom ROCKNIX/Content/ROMs/nes/Probe.nes ROCKNIX/Saves-replaced/nes/Probe.srm.1 ROCKNIX/Saves/nes/Probe.srm
19:55:22   guest conf: SAVES_REMOTE="/ROCKNIX/Saves" SETTINGS_REMOTE="/ROCKNIX/Backups" CONTENT_REMOTE="/ROCKNIX/Content" LAYOUT_KEEP=""
label=GENERIC-X64
19:55:50   picks reset: content=0 saves=1
19:56:10 == D: the content folder: nothing of ours at the configured root and nothing found -> the question and the chooser; found elsewhere -> used, then the content scan
19:56:38   picks reset: content=0 saves=1
dismiss-dialogs: 1 press(es) moved the screen, back on the carousel
changed after 0.1s (`key ret`, line 3)
settle: still after 1.7s
changed after 0.1s (`key x`, line 6)
settle: still after 1.3s
changed after 0.1s (`key up`, line 9)
changed after 0.1s (`key up`, line 11)
changed after 0.1s (`key up`, line 13)
settle: still after 1.3s
changed after 0.0s (`key x`, line 16)
settle: still after 1.3s
captured /workspace/tmp/rasteratops-m7-guest-d-01/artifacts/cloud-epic/D/frames/01-D-hub.png
changed after 0.1s (`key down`, line 20)
changed after 0.0s (`key x`, line 22)
captured /workspace/tmp/rasteratops-m7-guest-d-01/artifacts/cloud-epic/D/frames/02-D-scan-0.png
captured /workspace/tmp/rasteratops-m7-guest-d-01/artifacts/cloud-epic/D/frames/03-D-scan-1.png
settle: still after 3.4s
captured /workspace/tmp/rasteratops-m7-guest-d-01/artifacts/cloud-epic/D/frames/04-D-after-scan.png
19:57:05 PASS walk epic-D.steps
changed after 0.1s (`key down`, line 1)
changed after 0.1s (`key x`, line 3)
settle: still after 1.3s
captured /workspace/tmp/rasteratops-m7-guest-d-01/artifacts/cloud-epic/D/frames/01-D-roms-ticked.png
changed after 0.1s (`key up`, line 7)
changed after 0.1s (`key up`, line 9)
changed after 0.1s (`key right`, line 11)
settle: still after 1.3s
captured /workspace/tmp/rasteratops-m7-guest-d-01/artifacts/cloud-epic/D/frames/02-D-continue.png
changed after 0.1s (`key x`, line 15)
settle: still after 2.2s
captured /workspace/tmp/rasteratops-m7-guest-d-01/artifacts/cloud-epic/D/frames/03-D-question.png
changed after 0.0s (`key x`, line 19)
settle: still after 1.3s
captured /workspace/tmp/rasteratops-m7-guest-d-01/artifacts/cloud-epic/D/frames/04-D-chooser.png
changed after 0.1s (`key z`, line 23)
settle: still after 1.3s
dismiss-dialogs: 5 press(es) moved the screen, back on the carousel
19:57:32 PASS walk epic-D2.steps
19:57:32   guest conf: SAVES_REMOTE="/Rasteratops/Saves" SETTINGS_REMOTE="/Rasteratops/Backups" CONTENT_REMOTE="/Elsewhere" LAYOUT_KEEP=""
19:58:00   picks reset: content=0 saves=1
dismiss-dialogs: 1 press(es) moved the screen, back on the carousel
changed after 0.1s (`key ret`, line 3)
settle: still after 1.7s
changed after 0.1s (`key x`, line 6)
settle: still after 1.3s
changed after 0.1s (`key up`, line 9)
changed after 0.1s (`key up`, line 11)
changed after 0.1s (`key up`, line 13)
settle: still after 1.3s
changed after 0.1s (`key x`, line 16)
settle: still after 1.3s
captured /workspace/tmp/rasteratops-m7-guest-d-01/artifacts/cloud-epic/D/frames/01-D3-hub.png
changed after 0.1s (`key down`, line 20)
changed after 0.1s (`key x`, line 22)
captured /workspace/tmp/rasteratops-m7-guest-d-01/artifacts/cloud-epic/D/frames/02-D3-scan-0.png
captured /workspace/tmp/rasteratops-m7-guest-d-01/artifacts/cloud-epic/D/frames/03-D3-scan-1.png
settle: still after 3.4s
captured /workspace/tmp/rasteratops-m7-guest-d-01/artifacts/cloud-epic/D/frames/04-D3-after-scan.png
19:58:27 PASS walk epic-D3.steps
changed after 0.1s (`key down`, line 1)
changed after 0.1s (`key x`, line 3)
settle: still after 1.3s
changed after 0.1s (`key up`, line 6)
changed after 0.1s (`key up`, line 8)
changed after 0.1s (`key right`, line 10)
settle: still after 1.3s
changed after 0.0s (`key x`, line 13)
captured /workspace/tmp/rasteratops-m7-guest-d-01/artifacts/cloud-epic/D/frames/01-D-content-scan-0.png
captured /workspace/tmp/rasteratops-m7-guest-d-01/artifacts/cloud-epic/D/frames/02-D-content-scan-1.png
settle: still after 3.4s
captured /workspace/tmp/rasteratops-m7-guest-d-01/artifacts/cloud-epic/D/frames/03-D-systems.png
dismiss-dialogs: 6 press(es) moved the screen, back on the carousel
19:58:53 PASS walk epic-D4.steps
19:58:54 PASS D: the content root found under the cloud root was used without a question
19:58:54   frames: 0 under /workspace/tmp/rasteratops-m7-guest-d-01/artifacts/cloud-epic/D/frames (epic-*.png), plus /workspace/tmp/rasteratops-m7-guest-d-01/artifacts/cloud-epic/D/frames/E-boot/
19:58:54 done: 5 PASS, 0 FAIL
