listremotes
listremotes
lsd qa: --contimeout 15s --timeout 30s --low-level-retries 3 --retries 1
backend features qa: --contimeout 15s --timeout 30s --low-level-retries 3 --retries 1
cat qa:/Rasteratops/.layout --contimeout 15s --timeout 30s --low-level-retries 3 --retries 1
lsf --files-only qa:/Rasteratops/ --contimeout 15s --timeout 30s --low-level-retries 3 --retries 1
lsf --files-only -R --exclude /backup/** --exclude /Backups/** --exclude /README.txt --exclude /README.txt qa:/Rasteratops/Saves/ --contimeout 15s --timeout 30s --low-level-retries 3 --retries 1
listremotes
lsd qa: --contimeout 15s --timeout 30s --low-level-retries 3 --retries 1
backend features qa: --contimeout 15s --timeout 30s --low-level-retries 3 --retries 1
cat qa:/Rasteratops/.layout --contimeout 15s --timeout 30s --low-level-retries 3 --retries 1
lsf --files-only qa:/Rasteratops/ --contimeout 15s --timeout 30s --low-level-retries 3 --retries 1
lsf qa:/GAMES-replaced/ --contimeout 15s --timeout 30s --low-level-retries 3 --retries 1
lsf qa:/ROCKNIX/Saves-replaced/ --contimeout 15s --timeout 30s --low-level-retries 3 --retries 1
lsf qa:/Rasteratops/Saves --contimeout 15s --timeout 30s --low-level-retries 3 --retries 1
cat qa:/Rasteratops/.layout --contimeout 15s --timeout 30s --low-level-retries 3 --retries 1
listremotes
lsd qa: --contimeout 15s --timeout 30s --low-level-retries 3 --retries 1
backend features qa: --contimeout 15s --timeout 30s --low-level-retries 3 --retries 1
cat qa:/Rasteratops/.layout --contimeout 15s --timeout 30s --low-level-retries 3 --retries 1
lsf --files-only qa:/Rasteratops/ --contimeout 15s --timeout 30s --low-level-retries 3 --retries 1
lsf qa:/GAMES-replaced/ --contimeout 15s --timeout 30s --low-level-retries 3 --retries 1
lsf qa:/ROCKNIX/Saves-replaced/ --contimeout 15s --timeout 30s --low-level-retries 3 --retries 1
lsf --files-only -R --exclude /backup/** --exclude /Backups/** --exclude /README.txt --exclude /saves/** qa:/ROCKNIX/Saves/ --contimeout 15s --timeout 30s --low-level-retries 3 --retries 1
lsf --files-only -R --exclude /backup/** --exclude /Backups/** --exclude /README.txt qa:/ROCKNIX/Saves/ --contimeout 15s --timeout 30s --low-level-retries 3 --retries 1
lsf qa:/Rasteratops/Saves --contimeout 15s --timeout 30s --low-level-retries 3 --retries 1
check qa:/Rasteratops/Saves qa:/ROCKNIX/Saves --one-way --contimeout 1s --timeout 2s --low-level-retries 1 --retries 1
lsf qa:/ROCKNIX/Saves-replaced/ --contimeout 15s --timeout 30s --low-level-retries 3 --retries 1
lsf qa:/Rasteratops/Saves-replaced --contimeout 15s --timeout 30s --low-level-retries 3 --retries 1
check qa:/Rasteratops/Saves-replaced qa:/ROCKNIX/Saves-replaced --one-way --contimeout 1s --timeout 2s --low-level-retries 1 --retries 1
