listremotes
lsd qa: --contimeout 15s --timeout 30s --low-level-retries 3 --retries 1
backend features qa: --contimeout 15s --timeout 30s --low-level-retries 3 --retries 1
lsf --files-only -R --exclude /backup/** --exclude /Backups/** --exclude /saves/** --exclude /backup/** --exclude /Content/** qa:/GAMES/ --contimeout 15s --timeout 30s --low-level-retries 3 --retries 1
lsf qa:/GAMES/backup/ --contimeout 15s --timeout 30s --low-level-retries 3 --retries 1
lsf qa:/ROCKNIX/Backups --contimeout 15s --timeout 30s --low-level-retries 3 --retries 1
lsf --dirs-only qa:/ROCKNIX/ --contimeout 15s --timeout 30s --low-level-retries 3 --retries 1
lsf --files-only -R --exclude /backup/** --exclude /Backups/** --exclude /backup/** --exclude /Content/** qa:/GAMES/ --contimeout 15s --timeout 30s --low-level-retries 3 --retries 1
lsf qa:/ROCKNIX/Saves --contimeout 15s --timeout 30s --low-level-retries 3 --retries 1
lsf --dirs-only qa:/ROCKNIX/ --contimeout 15s --timeout 30s --low-level-retries 3 --retries 1
lsf qa:/GAMES/backup/ --contimeout 15s --timeout 30s --low-level-retries 3 --retries 1
lsf --files-only -R --exclude /backup/** --exclude /Backups/** --exclude /backup/** --exclude /Content/** qa:/GAMES/ --contimeout 15s --timeout 30s --low-level-retries 3 --retries 1
lsf qa:/GAMES/backup/ --contimeout 15s --timeout 30s --low-level-retries 3 --retries 1
lsf -R --files-only qa:/GAMES/backup --contimeout 15s --timeout 30s --low-level-retries 3 --retries 1
copy qa:/GAMES/backup qa:/ROCKNIX/Backups --files-from-raw /tmp/cloud_migrate_layout.n9ffzQ --create-empty-src-dirs=false --contimeout 1s --timeout 2s --low-level-retries 1 --retries 1
listremotes
lsd qa: --contimeout 15s --timeout 30s --low-level-retries 3 --retries 1
backend features qa: --contimeout 15s --timeout 30s --low-level-retries 3 --retries 1
cat qa:/Rasteratops/.layout --contimeout 15s --timeout 30s --low-level-retries 3 --retries 1
lsf --files-only qa:/Rasteratops/ --contimeout 15s --timeout 30s --low-level-retries 3 --retries 1
lsf --files-only -R --exclude /backup/** --exclude /Backups/** --exclude /README.txt qa:/GAMES/ --contimeout 15s --timeout 30s --low-level-retries 3 --retries 1
lsf --files-only -R --exclude /backup/** --exclude /Backups/** --exclude /README.txt --exclude /saves/** --exclude /backup/** --exclude /Content/** qa:/GAMES/ --contimeout 15s --timeout 30s --low-level-retries 3 --retries 1
lsf qa:/GAMES/backup/ --contimeout 15s --timeout 30s --low-level-retries 3 --retries 1
lsf qa:/Rasteratops/Backups --contimeout 15s --timeout 30s --low-level-retries 3 --retries 1
lsf --dirs-only qa:/Rasteratops/ --contimeout 15s --timeout 30s --low-level-retries 3 --retries 1
lsf --files-only -R --exclude /backup/** --exclude /Backups/** --exclude /backup/** --exclude /Content/** --exclude /README.txt qa:/GAMES/ --contimeout 15s --timeout 30s --low-level-retries 3 --retries 1
lsf qa:/Rasteratops/Saves --contimeout 15s --timeout 30s --low-level-retries 3 --retries 1
lsf --dirs-only qa:/Rasteratops/ --contimeout 15s --timeout 30s --low-level-retries 3 --retries 1
lsf qa:/GAMES/backup/ --contimeout 15s --timeout 30s --low-level-retries 3 --retries 1
lsf --files-only -R --exclude /backup/** --exclude /Backups/** --exclude /backup/** --exclude /Content/** --exclude /README.txt qa:/GAMES/ --contimeout 15s --timeout 30s --low-level-retries 3 --retries 1
lsf qa:/GAMES-replaced/ --contimeout 15s --timeout 30s --low-level-retries 3 --retries 1
lsf qa:/GAMES/Content/ --contimeout 15s --timeout 30s --low-level-retries 3 --retries 1
lsf qa:/GAMES/backup/ --contimeout 15s --timeout 30s --low-level-retries 3 --retries 1
lsf --files-only -R --exclude /backup/** --exclude /Backups/** --exclude /backup/** --exclude /Content/** --exclude /README.txt qa:/GAMES/ --contimeout 15s --timeout 30s --low-level-retries 3 --retries 1
lsf qa:/GAMES-replaced/ --contimeout 15s --timeout 30s --low-level-retries 3 --retries 1
lsf qa:/GAMES/Content/ --contimeout 15s --timeout 30s --low-level-retries 3 --retries 1
lsf qa:/GAMES/backup/ --contimeout 15s --timeout 30s --low-level-retries 3 --retries 1
lsf -R --files-only qa:/GAMES/backup --contimeout 15s --timeout 30s --low-level-retries 3 --retries 1
copy qa:/GAMES/backup qa:/Rasteratops/Backups --files-from-raw /tmp/cloud_migrate_layout.2ingq4 --create-empty-src-dirs=false --progress --stats 2s --contimeout 1s --timeout 2s --low-level-retries 1 --retries 1
check qa:/GAMES/backup qa:/Rasteratops/Backups --files-from-raw /tmp/cloud_migrate_layout.2ingq4 --one-way --contimeout 1s --timeout 2s --low-level-retries 1 --retries 1
delete qa:/GAMES/backup --files-from-raw /tmp/cloud_migrate_layout.2ingq4 --contimeout 1s --timeout 2s --low-level-retries 1 --retries 1
rmdirs qa:/GAMES/backup --contimeout 1s --timeout 2s --low-level-retries 1 --retries 1
lsf --files-only -R --exclude /backup/** --exclude /Backups/** --exclude /backup/** --exclude /Content/** --exclude /README.txt qa:/GAMES/ --contimeout 15s --timeout 30s --low-level-retries 3 --retries 1
lsf -R --files-only --exclude /backup/** --exclude /Backups/** --exclude /backup/** --exclude /Content/** qa:/GAMES --contimeout 15s --timeout 30s --low-level-retries 3 --retries 1
copy qa:/GAMES qa:/Rasteratops/Saves --files-from-raw /tmp/cloud_migrate_layout.ZP17JV --create-empty-src-dirs=false --progress --stats 2s --contimeout 1s --timeout 2s --low-level-retries 1 --retries 1
check qa:/GAMES qa:/Rasteratops/Saves --files-from-raw /tmp/cloud_migrate_layout.ZP17JV --one-way --contimeout 1s --timeout 2s --low-level-retries 1 --retries 1
delete qa:/GAMES --files-from-raw /tmp/cloud_migrate_layout.ZP17JV --contimeout 1s --timeout 2s --low-level-retries 1 --retries 1
rmdirs qa:/GAMES --contimeout 1s --timeout 2s --low-level-retries 1 --retries 1
lsf qa:/GAMES-replaced/ --contimeout 15s --timeout 30s --low-level-retries 3 --retries 1
lsf qa:/GAMES/Content/ --contimeout 15s --timeout 30s --low-level-retries 3 --retries 1
lsf qa:/GAMES/Content/ --contimeout 15s --timeout 30s --low-level-retries 3 --retries 1
lsf qa:/Rasteratops/Content --contimeout 15s --timeout 30s --low-level-retries 3 --retries 1
lsf --dirs-only qa:/Rasteratops/ --contimeout 15s --timeout 30s --low-level-retries 3 --retries 1
lsf -R --files-only qa:/GAMES/Content --contimeout 15s --timeout 30s --low-level-retries 3 --retries 1
copy qa:/GAMES/Content qa:/Rasteratops/Content --files-from-raw /tmp/cloud_migrate_layout.qLyr0g --create-empty-src-dirs=false --progress --stats 2s --contimeout 1s --timeout 2s --low-level-retries 1 --retries 1
check qa:/GAMES/Content qa:/Rasteratops/Content --files-from-raw /tmp/cloud_migrate_layout.qLyr0g --one-way --contimeout 1s --timeout 2s --low-level-retries 1 --retries 1
delete qa:/GAMES/Content --files-from-raw /tmp/cloud_migrate_layout.qLyr0g --contimeout 1s --timeout 2s --low-level-retries 1 --retries 1
rmdirs qa:/GAMES/Content --contimeout 1s --timeout 2s --low-level-retries 1 --retries 1
cat qa:/Rasteratops/.layout --contimeout 15s --timeout 30s --low-level-retries 3 --retries 1
lsf --files-only qa:/Rasteratops/ --contimeout 15s --timeout 30s --low-level-retries 3 --retries 1
rcat qa:/Rasteratops/.layout --contimeout 1s --timeout 2s --low-level-retries 1 --retries 1
cat qa:/Rasteratops/.layout --contimeout 15s --timeout 30s --low-level-retries 3 --retries 1
listremotes
lsd qa: --contimeout 15s --timeout 30s --low-level-retries 3 --retries 1
backend features qa: --contimeout 15s --timeout 30s --low-level-retries 3 --retries 1
cat qa:/Rasteratops/.layout --contimeout 15s --timeout 30s --low-level-retries 3 --retries 1
