watch-build: recording in /workspace/repos/rocknix.worktrees/m7-generic-x64/.build-runs/20261003T225455Z-13e3aeef
up: webdav serving /workspace/tmp/rasteratops-m7-archives-01/cloud/data at http://127.0.0.1:9010 (guest: http://10.0.2.2:9010)
[W][22:54:56.251332] pw.conf      | [          conf.c: 1182 try_load_conf()] can't load config client.conf: No such file or directory
[E][22:54:56.251364] pw.conf      | [          conf.c: 1215 pw_conf_load_conf_for_context()] can't load config client.conf: No such file or directory
ready after ~18s
PASS exact replacement BUILD_ID
SAMPLE {"layout": "legacy", "measured": false, "milliseconds": 492, "rc": 0, "sentinel_sha256": "37760f58cefeae12e89c60369eb4903f101bdcc3f17db73f0f7ac0dfa1c9e2cb", "cloud_bytes_match": true}
SAMPLE {"layout": "current", "measured": false, "milliseconds": 177, "rc": 0, "sentinel_sha256": "357caeecb8d95469da846e404ced52578c00c2578805589ca17535ec449151ad", "cloud_bytes_match": true}
SAMPLE {"layout": "legacy", "measured": true, "milliseconds": 297, "rc": 0, "sentinel_sha256": "b93ea305323c0d5587294ca6e27d089ed6b792bf153fc8657fd8ea626209ad30", "cloud_bytes_match": true}
SAMPLE {"layout": "current", "measured": true, "milliseconds": 270, "rc": 0, "sentinel_sha256": "4c335990349d2fccf3ea7e054eb8d84511868edf5beff578ca5760ecfe9fac71", "cloud_bytes_match": true}
SAMPLE {"layout": "current", "measured": true, "milliseconds": 238, "rc": 0, "sentinel_sha256": "fea0b0eebc2904371fc263be1cc6eb0f35b392944a6b5393965888c4e1f1972d", "cloud_bytes_match": true}
SAMPLE {"layout": "legacy", "measured": true, "milliseconds": 277, "rc": 0, "sentinel_sha256": "b98689bd880378a38f89658eb6505907225702bd7ccba7d6070e840540180a53", "cloud_bytes_match": true}
SAMPLE {"layout": "legacy", "measured": true, "milliseconds": 276, "rc": 0, "sentinel_sha256": "4e248357bb81de70d4e9ab00430ebdba4c262d38319affce24b9ca21dbf5ca2a", "cloud_bytes_match": true}
SAMPLE {"layout": "current", "measured": true, "milliseconds": 236, "rc": 0, "sentinel_sha256": "59d071e3a0cfdfdf7ebb734d1bd66190249c96435d24e9f209b52f5ff6eb1da2", "cloud_bytes_match": true}
SAMPLE {"layout": "current", "measured": true, "milliseconds": 236, "rc": 0, "sentinel_sha256": "cbb10ce0996d3b4eb8002743440fed606ecbbf5fe6f39fca33fc1d40d074e36d", "cloud_bytes_match": true}
SAMPLE {"layout": "legacy", "measured": true, "milliseconds": 277, "rc": 0, "sentinel_sha256": "6b100d53b3d802f85e0563ced9f7cac7b1fe118c8f02afcd170457723070ba03", "cloud_bytes_match": true}
SAMPLE {"layout": "legacy", "measured": true, "milliseconds": 280, "rc": 0, "sentinel_sha256": "d84f869eb00985d23f5f0e47e50105f443016955ffc8af166e6d00ef75291979", "cloud_bytes_match": true}
SAMPLE {"layout": "current", "measured": true, "milliseconds": 239, "rc": 0, "sentinel_sha256": "01b1d6b9ed3c7ac3dfc579f9e838232c0a2513d21f802ba21c04478b2b5fcdd7", "cloud_bytes_match": true}
RESULT before {"medians_ms": {"legacy": 277, "current": 238}, "absolute_delta_ms": 39, "limit_ms": 30, "migration_journal_delta": 0, "source_sha256": "d42193db8474a88766d030397b871a31bb0f1994b74db5a15dcc4aa6d0c415c3"}
PASS before no migration folder preparation during measured syncs
PASS mounted diagnostic source exactly matches reviewed file
SAMPLE {"layout": "legacy", "measured": false, "milliseconds": 398, "rc": 0, "sentinel_sha256": "d8842415073ed0dc78ddb0a7ec430ab3db69a99ab6c0ef89e3bbbc875e7c93c7", "cloud_bytes_match": true}
SAMPLE {"layout": "current", "measured": false, "milliseconds": 185, "rc": 0, "sentinel_sha256": "c9435094fa1c9292bcdebbe884427a6516e64ad67f6096f192c646ce7fe534f3", "cloud_bytes_match": true}
SAMPLE {"layout": "legacy", "measured": true, "milliseconds": 302, "rc": 0, "sentinel_sha256": "c6efc820506d767eb6162dec8c6351c3ee74955046edb810206bf6d8065396f8", "cloud_bytes_match": true}
SAMPLE {"layout": "current", "measured": true, "milliseconds": 277, "rc": 0, "sentinel_sha256": "ab74f094a90d3ea6f3e41a53edcf104281ad466581785ae65dc6c1dbd2e47edb", "cloud_bytes_match": true}
SAMPLE {"layout": "current", "measured": true, "milliseconds": 238, "rc": 0, "sentinel_sha256": "00b6dbeb2f3da93703834d13aeaa138fa93435003cd6e24d84eecf79edfd7d5b", "cloud_bytes_match": true}
SAMPLE {"layout": "legacy", "measured": true, "milliseconds": 261, "rc": 0, "sentinel_sha256": "106c1c37df80455b8ef057ca359150d297d6a0bb90d57c37b4e4c44e3971c274", "cloud_bytes_match": true}
SAMPLE {"layout": "legacy", "measured": true, "milliseconds": 256, "rc": 0, "sentinel_sha256": "fb8cb8988ee90919758a3113551184b3b6f579d7ebf412e6259cd97b628c8391", "cloud_bytes_match": true}
SAMPLE {"layout": "current", "measured": true, "milliseconds": 232, "rc": 0, "sentinel_sha256": "e00f00fa5801017fd444ed5b40cfca2d4fe56937a74c127b98a8dcc557f87d6a", "cloud_bytes_match": true}
SAMPLE {"layout": "current", "measured": true, "milliseconds": 228, "rc": 0, "sentinel_sha256": "0d796dbd3a5998c7bdebcba0639d8c340ecb1f7ba95dcad1e4922a862a6cfb52", "cloud_bytes_match": true}
SAMPLE {"layout": "legacy", "measured": true, "milliseconds": 255, "rc": 0, "sentinel_sha256": "82ae33b3a3040bf240bce654c69f711c9e42fd0c5bd64a7519332784af658776", "cloud_bytes_match": true}
SAMPLE {"layout": "legacy", "measured": true, "milliseconds": 258, "rc": 0, "sentinel_sha256": "d09cd6bee3a2cd8f9b11967d9cc930d50ae43872459f10f76ea763d7db02e679", "cloud_bytes_match": true}
SAMPLE {"layout": "current", "measured": true, "milliseconds": 243, "rc": 0, "sentinel_sha256": "d41873ef48dc487fd8a3cf8ed69e184fff35c7bd0e236b57c1d6899ef3f97d43", "cloud_bytes_match": true}
RESULT directory-slash {"medians_ms": {"legacy": 258, "current": 238}, "absolute_delta_ms": 20, "limit_ms": 30, "migration_journal_delta": 0, "source_sha256": "12a231698b70a8b83eb9d1fd1bc593f4507313030635a6750392f5fd19130a03"}
PASS directory-slash no migration folder preparation during measured syncs
PASS directory slash keeps five-sample median difference within unchanged 30 ms limit
PASS exact-byte repeated exit-sync diagnostic source comparison; rebuilt-image proof still required
PASS repeated exit-sync timing qualification
down
