watch-build: recording in /workspace/repos/rocknix.worktrees/m7-generic-x64/.build-runs/20261003T224014Z-8fbfad67
up: webdav serving /workspace/tmp/rasteratops-m7-archives-01/cloud/data at http://127.0.0.1:9010 (guest: http://10.0.2.2:9010)
[W][22:40:15.946393] pw.conf      | [          conf.c: 1182 try_load_conf()] can't load config client.conf: No such file or directory
[E][22:40:15.946426] pw.conf      | [          conf.c: 1215 pw_conf_load_conf_for_context()] can't load config client.conf: No such file or directory
ready after ~18s
PASS exact replacement BUILD_ID
SAMPLE {"layout": "legacy", "measured": false, "milliseconds": 479, "rc": 0}
SAMPLE {"layout": "current", "measured": false, "milliseconds": 184, "rc": 0}
SAMPLE {"layout": "legacy", "measured": true, "milliseconds": 181, "rc": 0}
SAMPLE {"layout": "current", "measured": true, "milliseconds": 143, "rc": 0}
SAMPLE {"layout": "current", "measured": true, "milliseconds": 147, "rc": 0}
SAMPLE {"layout": "legacy", "measured": true, "milliseconds": 308, "rc": 0}
SAMPLE {"layout": "legacy", "measured": true, "milliseconds": 193, "rc": 0}
SAMPLE {"layout": "current", "measured": true, "milliseconds": 275, "rc": 0}
SAMPLE {"layout": "current", "measured": true, "milliseconds": 150, "rc": 0}
SAMPLE {"layout": "legacy", "measured": true, "milliseconds": 274, "rc": 0}
SAMPLE {"layout": "legacy", "measured": true, "milliseconds": 187, "rc": 0}
SAMPLE {"layout": "current", "measured": true, "milliseconds": 143, "rc": 0}
{"medians_ms": {"legacy": 193, "current": 147}, "absolute_delta_ms": 46, "limit_ms": 30, "migration_journal_delta": 0}
FAIL separate traces capture actual HTTP requests for both layouts
Traceback (most recent call last):
  File "/workspace/tmp/rasteratops-m7-archives-01/follow-bench.py", line 45, in <module>
    check(all(traces.values()),'separate traces capture actual HTTP requests for both layouts')
    ~~~~~^^^^^^^^^^^^^^^^^^^^^^^^^^^^^^^^^^^^^^^^^^^^^^^^^^^^^^^^^^^^^^^^^^^^^^^^^^^^^^^^^^^^^^
  File "<retained QA helpers>", line 22, in check
AssertionError: separate traces capture actual HTTP requests for both layouts
down
