20:29:36 === cloud-epic on guest d, BUILD_ID="503e24e10dde6a59aa6c631f789b88b89f8e92e1"
232
20:29:36 == setup: the QA remote on the guest (the host backend's conf), then the QA cloud holds the fork's earlier layout with files in every folder of ours; the guest points at it
remote: qa-cloud:
20:29:38   cloud: ROCKNIX/Backups/2026_09_29-090000-Retroid-Pocket-Nova-ROCKNIX_SETTINGS.tar.gz ROCKNIX/Backups/2026_09_30-120000-GENERIC-X64-ROCKNIX_SETTINGS.tar.gz ROCKNIX/Content/BIOS/disksys.rom ROCKNIX/Content/ROMs/nes/Probe.nes ROCKNIX/Saves-replaced/nes/Probe.srm.1 ROCKNIX/Saves/nes/Probe.srm
20:29:38   guest conf: SAVES_REMOTE="/ROCKNIX/Saves" SETTINGS_REMOTE="/ROCKNIX/Backups" CONTENT_REMOTE="/ROCKNIX/Content" LAYOUT_KEEP=""
label=GENERIC-X64
20:29:41 PASS T23-copy-Backups returns failure
20:29:41 PASS T23-copy-Backups reaches injected provider operation
20:29:41 PASS T23-copy-Backups has no completion marker
20:29:41 PASS T23-copy-Backups preserves every payload
20:29:42 PASS T23-copy-Backups offered for retry by boot and scan
20:29:45 PASS T23-copy-Backups retry completes
20:29:45 PASS T23-copy-Backups retry retains current bytes without old duplicates
20:29:45 PASS T23-copy-Backups publishes exact marker
20:29:45 PASS T23-copy-Backups clears completed local record
20:29:46 PASS T23-copy-Backups repeat succeeds
20:29:46 PASS T23-copy-Backups repeat changes no bytes/pointers
20:29:46 PASS T23-copy-Backups clean follower configuration follows
20:29:46 PASS T23-copy-Backups follower points at current saves
20:29:46 PASS T23-copy-Backups follower changes no cloud bytes
20:29:49 PASS T23-copy-Saves returns failure
20:29:50 PASS T23-copy-Saves reaches injected provider operation
20:29:50 PASS T23-copy-Saves has no completion marker
20:29:50 PASS T23-copy-Saves preserves every payload
20:29:50 PASS T23-copy-Saves offered for retry by boot and scan
20:29:53 PASS T23-copy-Saves retry completes
20:29:53 PASS T23-copy-Saves retry retains current bytes without old duplicates
20:29:53 PASS T23-copy-Saves publishes exact marker
20:29:53 PASS T23-copy-Saves clears completed local record
20:29:53 PASS T23-copy-Saves repeat succeeds
20:29:53 PASS T23-copy-Saves repeat changes no bytes/pointers
20:29:54 PASS T23-copy-Saves clean follower configuration follows
20:29:54 PASS T23-copy-Saves follower points at current saves
20:29:54 PASS T23-copy-Saves follower changes no cloud bytes
20:29:57 PASS T23-copy-Saves-replaced returns failure
20:29:57 PASS T23-copy-Saves-replaced reaches injected provider operation
20:29:57 PASS T23-copy-Saves-replaced has no completion marker
20:29:58 PASS T23-copy-Saves-replaced preserves every payload
20:29:58 PASS T23-copy-Saves-replaced offered for retry by boot and scan
20:30:00 PASS T23-copy-Saves-replaced retry completes
20:30:00 PASS T23-copy-Saves-replaced retry retains current bytes without old duplicates
20:30:00 PASS T23-copy-Saves-replaced publishes exact marker
20:30:00 PASS T23-copy-Saves-replaced clears completed local record
20:30:01 PASS T23-copy-Saves-replaced repeat succeeds
20:30:01 PASS T23-copy-Saves-replaced repeat changes no bytes/pointers
20:30:01 PASS T23-copy-Saves-replaced clean follower configuration follows
20:30:01 PASS T23-copy-Saves-replaced follower points at current saves
20:30:01 PASS T23-copy-Saves-replaced follower changes no cloud bytes
20:30:05 PASS T23-copy-Content returns failure
20:30:05 PASS T23-copy-Content reaches injected provider operation
20:30:05 PASS T23-copy-Content has no completion marker
20:30:05 PASS T23-copy-Content preserves every payload
20:30:06 PASS T23-copy-Content offered for retry by boot and scan
20:30:08 PASS T23-copy-Content retry completes
20:30:08 PASS T23-copy-Content retry retains current bytes without old duplicates
20:30:08 PASS T23-copy-Content publishes exact marker
20:30:08 PASS T23-copy-Content clears completed local record
20:30:08 PASS T23-copy-Content repeat succeeds
20:30:08 PASS T23-copy-Content repeat changes no bytes/pointers
20:30:09 PASS T23-copy-Content clean follower configuration follows
20:30:09 PASS T23-copy-Content follower points at current saves
20:30:09 PASS T23-copy-Content follower changes no cloud bytes
20:30:12 PASS T23-delete-Backups returns failure
20:30:12 PASS T23-delete-Backups reaches injected provider operation
20:30:12 PASS T23-delete-Backups has no completion marker
20:30:12 PASS T23-delete-Backups preserves every payload
20:30:13 PASS T23-delete-Backups offered for retry by boot and scan
20:30:16 PASS T23-delete-Backups retry completes
20:30:16 PASS T23-delete-Backups retry retains current bytes without old duplicates
20:30:16 PASS T23-delete-Backups publishes exact marker
20:30:16 PASS T23-delete-Backups clears completed local record
20:30:16 PASS T23-delete-Backups repeat succeeds
20:30:16 PASS T23-delete-Backups repeat changes no bytes/pointers
20:30:17 PASS T23-delete-Backups clean follower configuration follows
20:30:17 PASS T23-delete-Backups follower points at current saves
20:30:17 PASS T23-delete-Backups follower changes no cloud bytes
20:30:20 PASS T23-delete-Saves returns failure
20:30:20 PASS T23-delete-Saves reaches injected provider operation
20:30:20 PASS T23-delete-Saves has no completion marker
20:30:20 PASS T23-delete-Saves preserves every payload
20:30:21 PASS T23-delete-Saves offered for retry by boot and scan
20:30:23 PASS T23-delete-Saves retry completes
20:30:23 PASS T23-delete-Saves retry retains current bytes without old duplicates
20:30:23 PASS T23-delete-Saves publishes exact marker
20:30:24 PASS T23-delete-Saves clears completed local record
20:30:24 PASS T23-delete-Saves repeat succeeds
20:30:24 PASS T23-delete-Saves repeat changes no bytes/pointers
20:30:24 PASS T23-delete-Saves clean follower configuration follows
20:30:25 PASS T23-delete-Saves follower points at current saves
20:30:25 PASS T23-delete-Saves follower changes no cloud bytes
20:30:28 PASS T23-delete-Saves-replaced returns failure
20:30:28 PASS T23-delete-Saves-replaced reaches injected provider operation
20:30:28 PASS T23-delete-Saves-replaced has no completion marker
20:30:29 PASS T23-delete-Saves-replaced preserves every payload
20:30:29 PASS T23-delete-Saves-replaced offered for retry by boot and scan
20:30:31 PASS T23-delete-Saves-replaced retry completes
20:30:31 PASS T23-delete-Saves-replaced retry retains current bytes without old duplicates
20:30:31 PASS T23-delete-Saves-replaced publishes exact marker
20:30:31 PASS T23-delete-Saves-replaced clears completed local record
20:30:32 PASS T23-delete-Saves-replaced repeat succeeds
20:30:32 PASS T23-delete-Saves-replaced repeat changes no bytes/pointers
20:30:32 PASS T23-delete-Saves-replaced clean follower configuration follows
20:30:32 PASS T23-delete-Saves-replaced follower points at current saves
20:30:32 PASS T23-delete-Saves-replaced follower changes no cloud bytes
20:30:37 PASS T23-delete-Content returns failure
20:30:37 PASS T23-delete-Content reaches injected provider operation
20:30:37 PASS T23-delete-Content has no completion marker
20:30:37 PASS T23-delete-Content preserves every payload
20:30:37 PASS T23-delete-Content offered for retry by boot and scan
20:30:39 PASS T23-delete-Content retry completes
20:30:39 PASS T23-delete-Content retry retains current bytes without old duplicates
20:30:39 PASS T23-delete-Content publishes exact marker
20:30:39 PASS T23-delete-Content clears completed local record
20:30:40 PASS T23-delete-Content repeat succeeds
20:30:40 PASS T23-delete-Content repeat changes no bytes/pointers
20:30:40 PASS T23-delete-Content clean follower configuration follows
20:30:40 PASS T23-delete-Content follower points at current saves
20:30:40 PASS T23-delete-Content follower changes no cloud bytes
20:30:45 PASS T23-rcat-marker returns failure
20:30:45 PASS T23-rcat-marker reaches injected provider operation
20:30:45 PASS T23-rcat-marker has no completion marker
20:30:45 PASS T23-rcat-marker preserves every payload
20:30:46 PASS T23-rcat-marker offered for retry by boot and scan
20:30:47 PASS T23-rcat-marker retry completes
20:30:47 PASS T23-rcat-marker retry retains current bytes without old duplicates
20:30:47 PASS T23-rcat-marker publishes exact marker
20:30:47 PASS T23-rcat-marker clears completed local record
20:30:47 PASS T23-rcat-marker repeat succeeds
20:30:47 PASS T23-rcat-marker repeat changes no bytes/pointers
20:30:48 PASS T23-rcat-marker clean follower configuration follows
20:30:48 PASS T23-rcat-marker follower points at current saves
20:30:48 PASS T23-rcat-marker follower changes no cloud bytes
20:30:48 done: 126 PASS, 0 FAIL
