0,310466,1791008448,2198864,198256,21
exit-helper return=1
1,310466,1791008457,2204100,172660,21
exit-helper return=1
2,310466,1791008466,2204100,170852,21
exit-helper return=1
3,310466,1791008475,2204100,171304,21
exit-helper return=1
4,310466,1791008484,2204100,171860,21
exit-helper return=1
5,310466,1791008493,2204100,171556,21
exit-helper return=1
6,310466,1791008502,2204100,171688,21
exit-helper return=1
7,310466,1791008511,2204100,171880,21
exit-helper return=1
8,310466,1791008520,2204100,172044,21
exit-helper return=1
9,310466,1791008529,2204100,171876,21
exit-helper return=1
10,310466,1791008538,2204100,172004,21
exit-helper return=1
11,310466,1791008547,2204100,171692,21
exit-helper return=1
12,310466,1791008556,2204100,171584,21
exit-helper return=1
13,310466,1791008564,2204100,171736,21
exit-helper return=1
14,310466,1791008573,2204100,171736,21
exit-helper return=1
15,310466,1791008582,2204100,171484,21
exit-helper return=1
16,310466,1791008591,2204100,171912,21
exit-helper return=1
17,310466,1791008600,2204100,171896,21
exit-helper return=1
18,310466,1791008609,2204100,172104,21
exit-helper return=1
19,310466,1791008618,2204100,171920,21
exit-helper return=1
20,310466,1791008627,2204100,171792,21
exit-helper return=1
21,310466,1791008636,2204100,171908,21
exit-helper return=1
22,310466,1791008645,2204100,172152,21
exit-helper return=1
23,310466,1791008654,2204100,171792,21
exit-helper return=1
24,310466,1791008663,2204100,171832,21
exit-helper return=1
25,310466,1791008672,2204100,171884,21
exit-helper return=1
26,310466,1791008681,2204100,171888,21
exit-helper return=1
27,310466,1791008690,2204100,171844,21
exit-helper return=1
28,310466,1791008699,2204100,171736,21
exit-helper return=1
29,310466,1791008707,2204100,171584,21
exit-helper return=1
30,310466,1791008716,2204100,171808,21
exit-helper return=1
31,310466,1791008725,2204100,171856,21
exit-helper return=1
32,310466,1791008734,2204100,172020,21
exit-helper return=1
33,310466,1791008743,2204100,171884,21
exit-helper return=1
34,310466,1791008752,2204100,171572,21
exit-helper return=1
35,310466,1791008761,2204100,171912,21
exit-helper return=1
36,310466,1791008770,2204100,171556,21
exit-helper return=1
37,310466,1791008779,2204100,171648,21
exit-helper return=1
38,310466,1791008788,2204100,171992,21
exit-helper return=1
39,310466,1791008797,2204100,171764,21
exit-helper return=1
40,310466,1791008806,2204100,171944,21
exit-helper return=1
41,310466,1791008815,2204100,171972,21
exit-helper return=1
42,310466,1791008824,2204100,171568,21
exit-helper return=1
43,310466,1791008833,2204100,171756,21
exit-helper return=1
44,310466,1791008841,2204100,172064,21
exit-helper return=1
45,310466,1791008851,2204100,172052,21
exit-helper return=1
46,310466,1791008859,2204100,171688,21
exit-helper return=1
47,310466,1791008868,2204100,171512,21
exit-helper return=1
48,310466,1791008877,2204100,171892,21
exit-helper return=1
49,310466,1791008886,2204100,171824,21
exit-helper return=1
50,310466,1791008895,2204100,171556,21
exit-helper return=1
51,310466,1791008904,2204100,171816,21
exit-helper return=1
52,310466,1791008913,2204100,171652,21
exit-helper return=1
53,310466,1791008922,2204100,171712,21
exit-helper return=1
54,310466,1791008931,2204100,171768,21
exit-helper return=1
55,310466,1791008940,2204100,171920,21
{"pid": 310466, "cycles": 50, "warmup": 5, "vmsize_growth_kib": 0, "rss_growth_kib": 364, "passed": true}
