0,3221,1791008912,1557580,151944,13
exit-helper return=1
1,3221,1791008920,1560644,144624,13
exit-helper return=1
2,3221,1791008928,1560644,144704,13
exit-helper return=1
3,3221,1791008935,1560644,144792,13
exit-helper return=1
4,3221,1791008943,1560644,144824,13
exit-helper return=1
5,3221,1791008950,1560644,145356,13
exit-helper return=1
6,3221,1791008958,1560644,145288,13
exit-helper return=1
7,3221,1791008965,1560644,145328,13
exit-helper return=1
8,3221,1791008973,1560644,145380,13
exit-helper return=1
9,3221,1791008981,1560644,145296,13
exit-helper return=1
10,3221,1791008988,1560644,145456,13
exit-helper return=1
11,3221,1791008996,1560644,145380,13
exit-helper return=1
12,3221,1791009003,1560644,145512,13
exit-helper return=1
13,3221,1791009011,1560644,145420,13
exit-helper return=1
14,3221,1791009019,1560644,145312,13
exit-helper return=1
15,3221,1791009026,1560644,145416,13
{"pid": 3221, "cycles": 10, "warmup": 5, "vmsize_growth_kib": 0, "rss_growth_kib": 60, "passed": true}
