0,295495,1791008290,2198868,198496,21
exit-helper return=1
1,295495,1791008298,2197500,170212,21
exit-helper return=1
2,295495,1791008305,2196964,170348,21
exit-helper return=1
3,295495,1791008313,2196964,170188,21
exit-helper return=1
4,295495,1791008320,2196964,170488,21
exit-helper return=1
5,295495,1791008328,2196964,170480,21
exit-helper return=1
6,295495,1791008335,2196964,170532,21
exit-helper return=1
7,295495,1791008343,2196964,170376,21
exit-helper return=1
8,295495,1791008351,2196964,170784,21
exit-helper return=1
9,295495,1791008358,2196964,171492,21
exit-helper return=1
10,295495,1791008366,2196964,170892,21
exit-helper return=1
11,295495,1791008373,2196964,171240,21
exit-helper return=1
12,295495,1791008381,2196964,171208,21
exit-helper return=1
13,295495,1791008388,2196964,170868,21
exit-helper return=1
14,295495,1791008396,2196964,171012,21
exit-helper return=1
15,295495,1791008403,2196964,171012,21
{"pid": 295495, "cycles": 10, "warmup": 5, "vmsize_growth_kib": 0, "rss_growth_kib": 532, "passed": true}
