VmSize:	 2216408 kB
VmRSS:	  240740 kB
Threads:	21
[New LWP 69126]
[New LWP 69125]
[New LWP 69124]
[New LWP 69121]
[New LWP 69120]
[New LWP 69119]
[New LWP 69118]
[New LWP 69117]
[New LWP 69116]
[New LWP 69115]
[New LWP 69114]
[New LWP 69113]
[New LWP 10352]
[New LWP 10351]
[New LWP 10350]
[New LWP 10340]
[New LWP 10327]
[New LWP 10326]
[New LWP 10325]
[New LWP 10324]
[Thread debugging using libthread_db enabled]
Using host libthread_db library "/usr/lib/libthread_db.so.1".
0x00007f9547f9191e in ?? () from /usr/lib/libc.so.6
$1 = 1
[Inferior 1 (process 10323) detached]
VmSize:	 2200228 kB
VmRSS:	  201152 kB
Threads:	21
