[Thread debugging using libthread_db enabled]
Using host libthread_db library "/usr/lib/libthread_db.so.1".
0x00007f28431a891e in ?? () from /usr/lib/libc.so.6
Catchpoint 1 (syscall 'mmap' [9])
[Detaching after vfork from child process 6594]
[Detaching after vfork from child process 7345]
10MiB mmap: addr=(nil) len=10485760 protection=7 flags=34
#0  0x00007f28432263e2 in mmap64 () from /usr/lib/libc.so.6
#1  0x00007f2837328d97 in ?? () from /usr/lib/libgallium-26.2.2.so
#2  0x00007f283731b390 in ?? () from /usr/lib/libgallium-26.2.2.so
#3  0x00007f283731b591 in ?? () from /usr/lib/libgallium-26.2.2.so
#4  0x00007f28372bac6c in ?? () from /usr/lib/libgallium-26.2.2.so
#5  0x00007f28372bd8f5 in ?? () from /usr/lib/libgallium-26.2.2.so
#6  0x00007f28372b8709 in ?? () from /usr/lib/libgallium-26.2.2.so
#7  0x00007f2837278310 in ?? () from /usr/lib/libgallium-26.2.2.so
#8  0x00007f28372a542c in ?? () from /usr/lib/libgallium-26.2.2.so
#9  0x00007f283729d989 in ?? () from /usr/lib/libgallium-26.2.2.so
#10 0x00007f28372505e0 in ?? () from /usr/lib/libgallium-26.2.2.so
#11 0x00007f28372493f5 in ?? () from /usr/lib/libgallium-26.2.2.so
#12 0x00007f2837249858 in ?? () from /usr/lib/libgallium-26.2.2.so
#13 0x00007f2837249cfe in ?? () from /usr/lib/libgallium-26.2.2.so
#14 0x00007f2837382917 in ?? () from /usr/lib/libgallium-26.2.2.so
#15 0x00007f2836db0f7a in ?? () from /usr/lib/libgallium-26.2.2.so
#16 0x0000000000c9ec89 in ?? ()
#17 0x0000000000c9f449 in ?? ()
#18 0x0000000000c0d34d in ?? ()
#19 0x00000000009f859d in ?? ()
#20 0x00000000009fa0d4 in ?? ()
#21 0x0000000000a1de95 in ?? ()
#22 0x0000000000b245d3 in ?? ()
#23 0x00000000004d2192 in main ()
[Inferior 1 (process 1435) detached]
