
=================================================================
==259347==ERROR: LeakSanitizer: detected memory leaks

Direct leak of 7680 byte(s) in 10 object(s) allocated from:
    #0 0x7fa25c616ad9 in realloc ../../../../src/libsanitizer/lsan/lsan_interceptors.cpp:128
    #1 0x7fa25bdb71bf  (/usr/lib/libSDL2-2.0.so.0+0xa21bf)
    #2 0x7fa25bdf638c  (/usr/lib/libSDL2-2.0.so.0+0xe138c)
    #3 0x7fa25be441e4  (/usr/lib/libSDL2-2.0.so.0+0x12f1e4)
    #4 0x7fa259ff0051  (<unknown module>)
    #5 0x7fa259fee03b  (<unknown module>)
    #6 0x7fa259feec80  (<unknown module>)
    #7 0x7fa259febef7  (<unknown module>)
    #8 0x7fa259fe7b5b  (<unknown module>)
    #9 0x7fa259fe8e3a  (<unknown module>)
    #10 0x7fa259fe9246  (<unknown module>)
    #11 0x7fa259fe931a  (<unknown module>)
    #12 0x7fa259fe9d0a  (<unknown module>)
    #13 0x7fa25be447b4  (/usr/lib/libSDL2-2.0.so.0+0x12f7b4)
    #14 0x7fa25bdfc958  (/usr/lib/libSDL2-2.0.so.0+0xe7958)
    #15 0x7fa25bd42247  (/usr/lib/libSDL2-2.0.so.0+0x2d247)
    #16 0x000000c0d6ff  (/usr/lib/ld-linux-x86-64.so.2+0xc0d6ff)
    #17 0x000000c0eac5  (/usr/lib/ld-linux-x86-64.so.2+0xc0eac5)
    #18 0x000000b1f388  (/usr/lib/ld-linux-x86-64.so.2+0xb1f388)
    #19 0x000000515317  (/usr/lib/ld-linux-x86-64.so.2+0x515317)
    #20 0x000000a17dce  (/usr/lib/ld-linux-x86-64.so.2+0xa17dce)
    #21 0x000000a187ad  (/usr/lib/ld-linux-x86-64.so.2+0xa187ad)
    #22 0x000000b34e98  (/usr/lib/ld-linux-x86-64.so.2+0xb34e98)

Direct leak of 5920 byte(s) in 10 object(s) allocated from:
    #0 0x7fa25c6197cf in malloc ../../../../src/libsanitizer/lsan/lsan_interceptors.cpp:74
    #1 0x7fa25172d398  (<unknown module>)
    #2 0x7fa25172a195  (<unknown module>)
    #3 0x7fa251ae1514  (<unknown module>)
    #4 0x7fa25129d585  (<unknown module>)
    #5 0x7fa251a17ac5  (<unknown module>)
    #6 0x7fa2512a133d  (<unknown module>)
    #7 0x7fa2527b6bb8  (<unknown module>)
    #8 0x7fa2527c02b1  (<unknown module>)
    #9 0x7fa2527b746f  (<unknown module>)
    #10 0x7fa2527a7677  (<unknown module>)
    #11 0x7fa25bdeb0dc  (/usr/lib/libSDL2-2.0.so.0+0xd60dc)
    #12 0x7fa25be430ac  (/usr/lib/libSDL2-2.0.so.0+0x12e0ac)
    #13 0x7fa25bdfa5a5  (/usr/lib/libSDL2-2.0.so.0+0xe55a5)
    #14 0x7fa25bdfcf47  (/usr/lib/libSDL2-2.0.so.0+0xe7f47)
    #15 0x000000c0dcbd  (/usr/lib/ld-linux-x86-64.so.2+0xc0dcbd)
    #16 0x000000c0eac5  (/usr/lib/ld-linux-x86-64.so.2+0xc0eac5)
    #17 0x000000b1f388  (/usr/lib/ld-linux-x86-64.so.2+0xb1f388)
    #18 0x000000515317  (/usr/lib/ld-linux-x86-64.so.2+0x515317)
    #19 0x000000a17dce  (/usr/lib/ld-linux-x86-64.so.2+0xa17dce)
    #20 0x000000a187ad  (/usr/lib/ld-linux-x86-64.so.2+0xa187ad)
    #21 0x000000b34e98  (/usr/lib/ld-linux-x86-64.so.2+0xb34e98)
    #22 0x000000aa42ed  (/usr/lib/ld-linux-x86-64.so.2+0xaa42ed)

Direct leak of 768 byte(s) in 1 object(s) allocated from:
    #0 0x7fa25c616ad9 in realloc ../../../../src/libsanitizer/lsan/lsan_interceptors.cpp:128
    #1 0x7fa25bdb71bf  (/usr/lib/libSDL2-2.0.so.0+0xa21bf)
    #2 0x7fa25bdf638c  (/usr/lib/libSDL2-2.0.so.0+0xe138c)
    #3 0x7fa25be441e4  (/usr/lib/libSDL2-2.0.so.0+0x12f1e4)
    #4 0x7fa259f38051  (<unknown module>)
    #5 0x7fa259f3603b  (<unknown module>)
    #6 0x7fa259f36c80  (<unknown module>)
    #7 0x7fa259f33ef7  (<unknown module>)
    #8 0x7fa259f2fb5b  (<unknown module>)
    #9 0x7fa259f30e3a  (<unknown module>)
    #10 0x7fa259f31246  (<unknown module>)
    #11 0x7fa259f3131a  (<unknown module>)
    #12 0x7fa259f31d0a  (<unknown module>)
    #13 0x7fa25be447b4  (/usr/lib/libSDL2-2.0.so.0+0x12f7b4)
    #14 0x7fa25bdfc958  (/usr/lib/libSDL2-2.0.so.0+0xe7958)
    #15 0x7fa25bd42247  (/usr/lib/libSDL2-2.0.so.0+0x2d247)
    #16 0x000000c0d6ff  (/usr/lib/ld-linux-x86-64.so.2+0xc0d6ff)
    #17 0x000000c0eac5  (/usr/lib/ld-linux-x86-64.so.2+0xc0eac5)
    #18 0x000000b1f388  (/usr/lib/ld-linux-x86-64.so.2+0xb1f388)
    #19 0x0000004d117a  (/usr/lib/ld-linux-x86-64.so.2+0x4d117a)
    #20 0x7fa25b5cd253  (/usr/lib/libc.so.6+0x26253)
    #21 0x7fa25b5cd305 in __libc_start_main (/usr/lib/libc.so.6+0x26305)
    #22 0x0000004f9b70  (/usr/lib/ld-linux-x86-64.so.2+0x4f9b70)

Direct leak of 592 byte(s) in 1 object(s) allocated from:
    #0 0x7fa25c6197cf in malloc ../../../../src/libsanitizer/lsan/lsan_interceptors.cpp:74
    #1 0x7fa249d2d398  (<unknown module>)
    #2 0x7fa249d2a195  (<unknown module>)
    #3 0x7fa24a0e1514  (<unknown module>)
    #4 0x7fa24989d585  (<unknown module>)
    #5 0x7fa24a017ac5  (<unknown module>)
    #6 0x7fa2498a133d  (<unknown module>)
    #7 0x7fa24ac8cbb8  (<unknown module>)
    #8 0x7fa24ac962b1  (<unknown module>)
    #9 0x7fa24ac8d46f  (<unknown module>)
    #10 0x7fa24ac7d677  (<unknown module>)
    #11 0x7fa25bdeb0dc  (/usr/lib/libSDL2-2.0.so.0+0xd60dc)
    #12 0x7fa25be430ac  (/usr/lib/libSDL2-2.0.so.0+0x12e0ac)
    #13 0x7fa25bdfa5a5  (/usr/lib/libSDL2-2.0.so.0+0xe55a5)
    #14 0x7fa25bdfcf47  (/usr/lib/libSDL2-2.0.so.0+0xe7f47)
    #15 0x000000c0dcbd  (/usr/lib/ld-linux-x86-64.so.2+0xc0dcbd)
    #16 0x000000c0eac5  (/usr/lib/ld-linux-x86-64.so.2+0xc0eac5)
    #17 0x000000b1f388  (/usr/lib/ld-linux-x86-64.so.2+0xb1f388)
    #18 0x0000004d117a  (/usr/lib/ld-linux-x86-64.so.2+0x4d117a)
    #19 0x7fa25b5cd253  (/usr/lib/libc.so.6+0x26253)
    #20 0x7fa25b5cd305 in __libc_start_main (/usr/lib/libc.so.6+0x26305)
    #21 0x0000004f9b70  (/usr/lib/ld-linux-x86-64.so.2+0x4f9b70)

Direct leak of 328 byte(s) in 1 object(s) allocated from:
    #0 0x7fa25c6197cf in malloc ../../../../src/libsanitizer/lsan/lsan_interceptors.cpp:74
    #1 0x7fa25cc5cd76  (/lib64/ld-linux-x86-64.so.2+0xbd76)
    #2 0x7fa25cc5dce5  (/lib64/ld-linux-x86-64.so.2+0xcce5)
    #3 0x7fa25cc524bb in _dl_catch_exception (/lib64/ld-linux-x86-64.so.2+0x14bb)
    #4 0x7fa25cc5cb51  (/lib64/ld-linux-x86-64.so.2+0xbb51)
    #5 0x7fa25cc524bb in _dl_catch_exception (/lib64/ld-linux-x86-64.so.2+0x14bb)
    #6 0x7fa25cc5cf60  (/lib64/ld-linux-x86-64.so.2+0xbf60)
    #7 0x7fa25b641337  (/usr/lib/libc.so.6+0x9a337)
    #8 0x7fa25cc524bb in _dl_catch_exception (/lib64/ld-linux-x86-64.so.2+0x14bb)
    #9 0x7fa25cc525ee  (/lib64/ld-linux-x86-64.so.2+0x15ee)
    #10 0x7fa25b640e83  (/usr/lib/libc.so.6+0x99e83)
    #11 0x7fa25b6413d0 in dlopen (/usr/lib/libc.so.6+0x9a3d0)
    #12 0x7fa25bcbc390  (/usr/lib/libfreetype.so.6+0x65390)
    #13 0x7fa25bc724ce in FT_Add_Module (/usr/lib/libfreetype.so.6+0x1b4ce)
    #14 0x7fa25bc65e6b in FT_Add_Default_Modules (/usr/lib/libfreetype.so.6+0xee6b)
    #15 0x7fa25bc6605d in FT_Init_FreeType (/usr/lib/libfreetype.so.6+0xf05d)
    #16 0x000000c1043e  (/usr/lib/ld-linux-x86-64.so.2+0xc1043e)
    #17 0x000000c15d16  (/usr/lib/ld-linux-x86-64.so.2+0xc15d16)
    #18 0x000000c19954  (/usr/lib/ld-linux-x86-64.so.2+0xc19954)
    #19 0x000000b1f5d1  (/usr/lib/ld-linux-x86-64.so.2+0xb1f5d1)
    #20 0x0000004d117a  (/usr/lib/ld-linux-x86-64.so.2+0x4d117a)
    #21 0x7fa25b5cd253  (/usr/lib/libc.so.6+0x26253)
    #22 0x7fa25b5cd305 in __libc_start_main (/usr/lib/libc.so.6+0x26305)

Direct leak of 168 byte(s) in 1 object(s) allocated from:
    #0 0x7fa25c6197cf in malloc ../../../../src/libsanitizer/lsan/lsan_interceptors.cpp:74
    #1 0x7fa25cc53fee  (/lib64/ld-linux-x86-64.so.2+0x2fee)
    #2 0x7fa25cc5d6f6  (/lib64/ld-linux-x86-64.so.2+0xc6f6)
    #3 0x7fa25cc524bb in _dl_catch_exception (/lib64/ld-linux-x86-64.so.2+0x14bb)
    #4 0x7fa25cc5cb51  (/lib64/ld-linux-x86-64.so.2+0xbb51)
    #5 0x7fa25cc524bb in _dl_catch_exception (/lib64/ld-linux-x86-64.so.2+0x14bb)
    #6 0x7fa25cc5cf60  (/lib64/ld-linux-x86-64.so.2+0xbf60)
    #7 0x7fa25b641337  (/usr/lib/libc.so.6+0x9a337)
    #8 0x7fa25cc524bb in _dl_catch_exception (/lib64/ld-linux-x86-64.so.2+0x14bb)
    #9 0x7fa25cc525ee  (/lib64/ld-linux-x86-64.so.2+0x15ee)
    #10 0x7fa25b640e83  (/usr/lib/libc.so.6+0x99e83)
    #11 0x7fa25b6413d0 in dlopen (/usr/lib/libc.so.6+0x9a3d0)
    #12 0x7fa25be11252  (/usr/lib/libSDL2-2.0.so.0+0xfc252)
    #13 0x7fa25be1d823  (/usr/lib/libSDL2-2.0.so.0+0x108823)
    #14 0x7fa25bd46d02  (/usr/lib/libSDL2-2.0.so.0+0x31d02)
    #15 0x7fa25bd42291  (/usr/lib/libSDL2-2.0.so.0+0x2d291)
    #16 0x000000a9111e  (/usr/lib/ld-linux-x86-64.so.2+0xa9111e)
    #17 0x000000a91b74  (/usr/lib/ld-linux-x86-64.so.2+0xa91b74)
    #18 0x0000004d20b7  (/usr/lib/ld-linux-x86-64.so.2+0x4d20b7)
    #19 0x7fa25b5cd253  (/usr/lib/libc.so.6+0x26253)
    #20 0x7fa25b5cd305 in __libc_start_main (/usr/lib/libc.so.6+0x26305)
    #21 0x0000004f9b70  (/usr/lib/ld-linux-x86-64.so.2+0x4f9b70)

Direct leak of 96 byte(s) in 1 object(s) allocated from:
    #0 0x7fa25c619336 in calloc ../../../../src/libsanitizer/lsan/lsan_interceptors.cpp:120
    #1 0x7fa259fe71b3  (<unknown module>)
    #2 0x7fa259fe953d  (<unknown module>)
    #3 0x7fa259fe9b42  (<unknown module>)
    #4 0x7fa25be40fe1  (/usr/lib/libSDL2-2.0.so.0+0x12bfe1)
    #5 0x7fa25be42544  (/usr/lib/libSDL2-2.0.so.0+0x12d544)
    #6 0x7fa25bdf9a71  (/usr/lib/libSDL2-2.0.so.0+0xe4a71)
    #7 0x7fa25bdf9bb9  (/usr/lib/libSDL2-2.0.so.0+0xe4bb9)
    #8 0x7fa25bdfc5bc  (/usr/lib/libSDL2-2.0.so.0+0xe75bc)
    #9 0x000000c0c550  (/usr/lib/ld-linux-x86-64.so.2+0xc0c550)
    #10 0x0000004d2346  (/usr/lib/ld-linux-x86-64.so.2+0x4d2346)
    #11 0x7fa25b5cd253  (/usr/lib/libc.so.6+0x26253)
    #12 0x7fa25b5cd305 in __libc_start_main (/usr/lib/libc.so.6+0x26305)
    #13 0x0000004f9b70  (/usr/lib/ld-linux-x86-64.so.2+0x4f9b70)

Direct leak of 88 byte(s) in 1 object(s) allocated from:
    #0 0x7fa25c6197cf in malloc ../../../../src/libsanitizer/lsan/lsan_interceptors.cpp:74
    #1 0x7fa25bb3c978 in pa_xmalloc (/usr/lib/libpulse.so.0+0x27978)
    #2 0x7fa25bb30a39  (/usr/lib/libpulse.so.0+0x1ba39)
    #3 0x7fa25bb3858d in pa_context_subscribe (/usr/lib/libpulse.so.0+0x2358d)
    #4 0x000000b178a7  (/usr/lib/ld-linux-x86-64.so.2+0xb178a7)
    #5 0x7fa25bb24295  (/usr/lib/libpulse.so.0+0xf295)
    #6 0x7fa25bb2560c  (/usr/lib/libpulse.so.0+0x1060c)
    #7 0x7fa25ac958b8  (/usr/lib/pulseaudio/libpulsecommon-17.0.so+0x2f8b8)
    #8 0x7fa25ac959bf in pa_pdispatch_run (/usr/lib/pulseaudio/libpulsecommon-17.0.so+0x2f9bf)
    #9 0x7fa25bb245ad  (/usr/lib/libpulse.so.0+0xf5ad)
    #10 0x7fa25ac978ce  (/usr/lib/pulseaudio/libpulsecommon-17.0.so+0x318ce)
    #11 0x7fa25ac98f06  (/usr/lib/pulseaudio/libpulsecommon-17.0.so+0x32f06)
    #12 0x7fa25bb30675 in pa_mainloop_dispatch (/usr/lib/libpulse.so.0+0x1b675)
    #13 0x7fa25bb30870 in pa_mainloop_iterate (/usr/lib/libpulse.so.0+0x1b870)
    #14 0x7fa25bb308cf in pa_mainloop_run (/usr/lib/libpulse.so.0+0x1b8cf)
    #15 0x000000b175ca  (/usr/lib/ld-linux-x86-64.so.2+0xb175ca)
    #16 0x7fa25b973ca3  (/usr/lib/libstdc++.so.6+0xe6ca3)
    #17 0x7fa25c616937 in ThreadStartFunc<false> ../../../../src/libsanitizer/lsan/lsan_interceptors.cpp:465
    #18 0x7fa25b644f1a  (/usr/lib/libc.so.6+0x9df1a)
    #19 0x7fa25b6ce827  (/usr/lib/libc.so.6+0x127827)

Direct leak of 72 byte(s) in 1 object(s) allocated from:
    #0 0x7fa25c6197cf in malloc ../../../../src/libsanitizer/lsan/lsan_interceptors.cpp:74
    #1 0x7fa25cc53fee  (/lib64/ld-linux-x86-64.so.2+0x2fee)
    #2 0x7fa25cc5d6f6  (/lib64/ld-linux-x86-64.so.2+0xc6f6)
    #3 0x7fa25cc524bb in _dl_catch_exception (/lib64/ld-linux-x86-64.so.2+0x14bb)
    #4 0x7fa25cc5cb51  (/lib64/ld-linux-x86-64.so.2+0xbb51)
    #5 0x7fa25cc524bb in _dl_catch_exception (/lib64/ld-linux-x86-64.so.2+0x14bb)
    #6 0x7fa25cc5cf60  (/lib64/ld-linux-x86-64.so.2+0xbf60)
    #7 0x7fa25b641337  (/usr/lib/libc.so.6+0x9a337)
    #8 0x7fa25cc524bb in _dl_catch_exception (/lib64/ld-linux-x86-64.so.2+0x14bb)
    #9 0x7fa25cc525ee  (/lib64/ld-linux-x86-64.so.2+0x15ee)
    #10 0x7fa25b640e83  (/usr/lib/libc.so.6+0x99e83)
    #11 0x7fa25b6413d0 in dlopen (/usr/lib/libc.so.6+0x9a3d0)
    #12 0x7fa25be11252  (/usr/lib/libSDL2-2.0.so.0+0xfc252)
    #13 0x7fa25bdead68  (/usr/lib/libSDL2-2.0.so.0+0xd5d68)
    #14 0x7fa25bdeb0a7  (/usr/lib/libSDL2-2.0.so.0+0xd60a7)
    #15 0x7fa25be430ac  (/usr/lib/libSDL2-2.0.so.0+0x12e0ac)
    #16 0x7fa25bdfa5a5  (/usr/lib/libSDL2-2.0.so.0+0xe55a5)
    #17 0x7fa25bdfcf47  (/usr/lib/libSDL2-2.0.so.0+0xe7f47)
    #18 0x000000c0dcbd  (/usr/lib/ld-linux-x86-64.so.2+0xc0dcbd)
    #19 0x000000c0eac5  (/usr/lib/ld-linux-x86-64.so.2+0xc0eac5)
    #20 0x000000b1f388  (/usr/lib/ld-linux-x86-64.so.2+0xb1f388)
    #21 0x0000004d117a  (/usr/lib/ld-linux-x86-64.so.2+0x4d117a)
    #22 0x7fa25b5cd253  (/usr/lib/libc.so.6+0x26253)

Direct leak of 56 byte(s) in 1 object(s) allocated from:
    #0 0x7fa25c6197cf in malloc ../../../../src/libsanitizer/lsan/lsan_interceptors.cpp:74
    #1 0x7fa25cc53fee  (/lib64/ld-linux-x86-64.so.2+0x2fee)
    #2 0x7fa25cc5d6f6  (/lib64/ld-linux-x86-64.so.2+0xc6f6)
    #3 0x7fa25cc524bb in _dl_catch_exception (/lib64/ld-linux-x86-64.so.2+0x14bb)
    #4 0x7fa25cc5cb51  (/lib64/ld-linux-x86-64.so.2+0xbb51)
    #5 0x7fa25cc524bb in _dl_catch_exception (/lib64/ld-linux-x86-64.so.2+0x14bb)
    #6 0x7fa25cc5cf60  (/lib64/ld-linux-x86-64.so.2+0xbf60)
    #7 0x7fa25b7214fc  (/usr/lib/libc.so.6+0x17a4fc)
    #8 0x7fa25cc524bb in _dl_catch_exception (/lib64/ld-linux-x86-64.so.2+0x14bb)
    #9 0x7fa25cc525ee  (/lib64/ld-linux-x86-64.so.2+0x15ee)
    #10 0x7fa25b721a1e  (/usr/lib/libc.so.6+0x17aa1e)
    #11 0x7fa25b6ce1c8 in __libc_unwind_link_get (/usr/lib/libc.so.6+0x1271c8)
    #12 0x7fa25b6d99e3 in backtrace (/usr/lib/libc.so.6+0x1329e3)
    #13 0x0000004d0cf4  (/usr/lib/ld-linux-x86-64.so.2+0x4d0cf4)
    #14 0x7fa25b5cd253  (/usr/lib/libc.so.6+0x26253)
    #15 0x7fa25b5cd305 in __libc_start_main (/usr/lib/libc.so.6+0x26305)
    #16 0x0000004f9b70  (/usr/lib/ld-linux-x86-64.so.2+0x4f9b70)

-----------------------------------------------------
Suppressions used:
  count      bytes template
      1         64 *tls_get_addr*
-----------------------------------------------------

SUMMARY: LeakSanitizer: 15768 byte(s) leaked in 28 allocation(s).
