0,285173,1791008160,4295647244,233868,21
exit-helper return=1
1,285173,1791008167,4295626576,214128,21
exit-helper return=1
2,285173,1791008175,4295626576,213388,21
exit-helper return=1
3,285173,1791008182,4295626576,213336,21
exit-helper return=1
4,285173,1791008190,4295626576,213476,21
exit-helper return=1
5,285173,1791008198,4295626576,212672,21
exit-helper return=1
6,285173,1791008205,4295626576,212600,21
exit-helper return=1
7,285173,1791008213,4295626576,212616,21
exit-helper return=1
8,285173,1791008221,4295626576,212668,21
exit-helper return=1
9,285173,1791008229,4295626576,212736,21
exit-helper return=1
10,285173,1791008236,4295626576,212760,21
{"pid": 285173, "cycles": 10, "warmup": 0, "vmsize_growth_kib": -20668, "rss_growth_kib": -21108}
