0,247553,1791007355,4295648276,233600,21
exit-helper return=1
1,247553,1791007363,4295626576,209728,21
exit-helper return=1
2,247553,1791007370,4295626576,209980,21
exit-helper return=1
3,247553,1791007379,4295626576,210400,21
exit-helper return=1
4,247553,1791007386,4295626576,210444,21
exit-helper return=1
5,247553,1791007394,4295626576,210768,21
exit-helper return=1
6,247553,1791007401,4295626576,210784,21
exit-helper return=1
7,247553,1791007409,4295626576,211096,21
exit-helper return=1
8,247553,1791007416,4295626576,211348,21
exit-helper return=1
9,247553,1791007424,4295626576,211432,21
exit-helper return=1
10,247553,1791007431,4295626576,211588,21
{"pid": 247553, "cycles": 10, "warmup": 0, "vmsize_growth_kib": -21700, "rss_growth_kib": -22012}
