0,259347,1791007744,4295647244,231824,21
exit-helper return=1
1,259347,1791007752,4295626576,209800,21
exit-helper return=1
2,259347,1791007759,4295626576,209220,21
exit-helper return=1
3,259347,1791007767,4295626576,209496,21
exit-helper return=1
4,259347,1791007774,4295626576,209428,21
exit-helper return=1
5,259347,1791007782,4295626576,209452,21
exit-helper return=1
6,259347,1791007790,4295626576,209600,21
exit-helper return=1
7,259347,1791007797,4295626576,209520,21
exit-helper return=1
8,259347,1791007805,4295626576,209612,21
exit-helper return=1
9,259347,1791007812,4295626576,209812,21
exit-helper return=1
10,259347,1791007820,4295626576,209884,21
{"pid": 259347, "cycles": 10, "warmup": 0, "vmsize_growth_kib": -20668, "rss_growth_kib": -21940}
