VmSize:	 2204240 kB
VmRSS:	  189352 kB
Threads:	21
[New LWP 246213]
[New LWP 246212]
[New LWP 246211]
[New LWP 246205]
[New LWP 246204]
[New LWP 246203]
[New LWP 246202]
[New LWP 246201]
[New LWP 246200]
[New LWP 246199]
[New LWP 246198]
[New LWP 246197]
[New LWP 98511]
[New LWP 98510]
[New LWP 98509]
[New LWP 98499]
[New LWP 98486]
[New LWP 98485]
[New LWP 98484]
[New LWP 98483]
[Thread debugging using libthread_db enabled]
Using host libthread_db library "/usr/lib/libthread_db.so.1".
0x00007fc345d37023 in ?? () from /usr/lib/libc.so.6
$1 = 0
$2 = 0
$3 = 1
[Inferior 1 (process 98482) detached]
VmSize:	 2204240 kB
VmRSS:	  186232 kB
Threads:	21
<malloc version="1">
<heap nr="0">
<sizes>
  <size from="33" to="33" total="528" count="16"/>
  <size from="49" to="49" total="882" count="18"/>
  <size from="65" to="65" total="715" count="11"/>
  <size from="81" to="81" total="567" count="7"/>
  <size from="97" to="97" total="873" count="9"/>
  <size from="113" to="113" total="678" count="6"/>
  <size from="129" to="129" total="903" count="7"/>
  <size from="145" to="145" total="1305" count="9"/>
  <size from="161" to="161" total="322" count="2"/>
  <size from="177" to="177" total="1062" count="6"/>
  <size from="193" to="193" total="2123" count="11"/>
  <size from="225" to="225" total="1575" count="7"/>
  <size from="241" to="241" total="4097" count="17"/>
  <size from="257" to="257" total="2827" count="11"/>
  <size from="273" to="273" total="1911" count="7"/>
  <size from="289" to="289" total="2023" count="7"/>
  <size from="305" to="305" total="2440" count="8"/>
  <size from="321" to="321" total="963" count="3"/>
  <size from="337" to="337" total="337" count="1"/>
  <size from="353" to="353" total="2118" count="6"/>
  <size from="369" to="369" total="4428" count="12"/>
  <size from="385" to="385" total="1540" count="4"/>
  <size from="401" to="401" total="1604" count="4"/>
  <size from="417" to="417" total="1251" count="3"/>
  <size from="433" to="433" total="1732" count="4"/>
  <size from="449" to="449" total="3592" count="8"/>
  <size from="465" to="465" total="2325" count="5"/>
  <size from="481" to="481" total="962" count="2"/>
  <size from="497" to="497" total="1988" count="4"/>
  <size from="513" to="513" total="1539" count="3"/>
  <size from="529" to="529" total="3703" count="7"/>
  <size from="545" to="545" total="1635" count="3"/>
  <size from="561" to="561" total="561" count="1"/>
  <size from="577" to="577" total="577" count="1"/>
  <size from="593" to="593" total="593" count="1"/>
  <size from="609" to="609" total="1218" count="2"/>
  <size from="625" to="625" total="1250" count="2"/>
  <size from="657" to="657" total="657" count="1"/>
  <size from="673" to="673" total="2019" count="3"/>
  <size from="689" to="689" total="689" count="1"/>
  <size from="705" to="705" total="1410" count="2"/>
  <size from="801" to="801" total="1602" count="2"/>
  <size from="817" to="817" total="1634" count="2"/>
  <size from="865" to="865" total="1730" count="2"/>
  <size from="881" to="881" total="1762" count="2"/>
  <size from="897" to="897" total="2691" count="3"/>
  <size from="913" to="913" total="1826" count="2"/>
  <size from="929" to="929" total="1858" count="2"/>
  <size from="945" to="945" total="945" count="1"/>
  <size from="961" to="961" total="961" count="1"/>
  <size from="977" to="977" total="1954" count="2"/>
  <size from="1025" to="1057" total="9353" count="9"/>
  <size from="1089" to="1105" total="4404" count="4"/>
  <size from="1185" to="1201" total="2386" count="2"/>
  <size from="1217" to="1217" total="4868" count="4"/>
  <size from="1313" to="1313" total="1313" count="1"/>
  <size from="1553" to="1553" total="1553" count="1"/>
  <size from="1617" to="1617" total="1617" count="1"/>
  <size from="1777" to="1777" total="1777" count="1"/>
  <size from="1793" to="1841" total="5427" count="3"/>
  <size from="1857" to="1857" total="1857" count="1"/>
  <size from="1921" to="1921" total="1921" count="1"/>
  <size from="1985" to="1985" total="1985" count="1"/>
  <size from="2049" to="2081" total="8244" count="4"/>
  <size from="2161" to="2161" total="2161" count="1"/>
  <size from="2177" to="2225" total="13158" count="6"/>
  <size from="2353" to="2353" total="2353" count="1"/>
  <size from="2417" to="2417" total="2417" count="1"/>
  <size from="2497" to="2529" total="5026" count="2"/>
  <size from="2577" to="2577" total="5154" count="2"/>
  <size from="2801" to="2801" total="2801" count="1"/>
  <size from="2913" to="2913" total="2913" count="1"/>
  <size from="3777" to="4033" total="11731" count="3"/>
  <size from="4097" to="4097" total="4097" count="1"/>
  <size from="7473" to="7601" total="15074" count="2"/>
  <size from="7953" to="7953" total="7953" count="1"/>
  <size from="8209" to="8593" total="108077" count="13"/>
  <size from="9169" to="9169" total="9169" count="1"/>
  <size from="9393" to="9681" total="19074" count="2"/>
  <size from="10321" to="10529" total="20850" count="2"/>
  <size from="10817" to="11313" total="44452" count="4"/>
  <size from="12673" to="14001" total="53780" count="4"/>
  <size from="18593" to="18593" total="18593" count="1"/>
  <size from="20609" to="24321" total="131382" count="6"/>
  <size from="24641" to="27665" total="104244" count="4"/>
  <size from="32577" to="32641" total="684821" count="21"/>
  <size from="42593" to="50033" total="92626" count="2"/>
  <size from="786369" to="1762337" total="2548706" count="2"/>
  <unsorted from="3313" to="3313" total="3313" count="1"/>
</sizes>
<total type="fast" count="0" size="0"/>
<total type="rest" count="380" size="4042571"/>
<system type="current" size="72855552"/>
<system type="max" size="89423872"/>
<aspace type="total" size="72855552"/>
<aspace type="mprotect" size="72855552"/>
</heap>
<heap nr="1">
<sizes>
  <size from="33" to="33" total="66" count="2"/>
  <size from="65" to="65" total="195" count="3"/>
  <size from="97" to="97" total="97" count="1"/>
  <unsorted from="33" to="113" total="146" count="2"/>
</sizes>
<total type="fast" count="0" size="0"/>
<total type="rest" count="9" size="126296"/>
<system type="current" size="135168"/>
<system type="max" size="135168"/>
<aspace type="total" size="135168"/>
<aspace type="mprotect" size="135168"/>
<aspace type="subheaps" size="1"/>
</heap>
<heap nr="2">
<sizes>
  <size from="65" to="65" total="130" count="2"/>
  <size from="81" to="81" total="162" count="2"/>
  <size from="97" to="97" total="582" count="6"/>
  <size from="113" to="113" total="113" count="1"/>
  <size from="129" to="129" total="258" count="2"/>
  <size from="145" to="145" total="145" count="1"/>
  <size from="161" to="161" total="161" count="1"/>
  <size from="177" to="177" total="531" count="3"/>
  <size from="209" to="209" total="209" count="1"/>
  <size from="241" to="241" total="482" count="2"/>
  <size from="257" to="257" total="257" count="1"/>
  <size from="529" to="529" total="529" count="1"/>
  <size from="2321" to="2321" total="2321" count="1"/>
  <size from="4113" to="4113" total="8226" count="2"/>
  <size from="7793" to="7793" total="7793" count="1"/>
  <size from="30945" to="30945" total="30945" count="1"/>
  <unsorted from="33" to="99889" total="100134" count="6"/>
</sizes>
<total type="fast" count="0" size="0"/>
<total type="rest" count="35" size="4648850"/>
<system type="current" size="5242880"/>
<system type="max" size="5242880"/>
<aspace type="total" size="5242880"/>
<aspace type="mprotect" size="5242880"/>
<aspace type="subheaps" size="1"/>
</heap>
<heap nr="3">
<sizes>
  <unsorted from="881" to="4161" total="5042" count="2"/>
</sizes>
<total type="fast" count="0" size="0"/>
<total type="rest" count="3" size="128434"/>
<system type="current" size="135168"/>
<system type="max" size="135168"/>
<aspace type="total" size="135168"/>
<aspace type="mprotect" size="135168"/>
<aspace type="subheaps" size="1"/>
</heap>
<heap nr="4">
<sizes>
  <size from="65" to="65" total="65" count="1"/>
  <size from="145" to="145" total="145" count="1"/>
  <size from="177" to="177" total="177" count="1"/>
  <size from="369" to="369" total="369" count="1"/>
  <size from="977" to="977" total="977" count="1"/>
  <size from="1153" to="1153" total="1153" count="1"/>
  <size from="1249" to="1249" total="1249" count="1"/>
  <size from="2353" to="2353" total="2353" count="1"/>
  <size from="5489" to="5489" total="5489" count="1"/>
  <unsorted from="2001" to="3201" total="5202" count="2"/>
</sizes>
<total type="fast" count="0" size="0"/>
<total type="rest" count="12" size="128923"/>
<system type="current" size="135168"/>
<system type="max" size="135168"/>
<aspace type="total" size="135168"/>
<aspace type="mprotect" size="135168"/>
<aspace type="subheaps" size="1"/>
</heap>
<heap nr="5">
<sizes>
  <size from="33" to="33" total="825" count="25"/>
  <size from="49" to="49" total="147" count="3"/>
  <size from="65" to="65" total="650" count="10"/>
  <size from="81" to="81" total="243" count="3"/>
  <size from="97" to="97" total="485" count="5"/>
  <size from="113" to="113" total="678" count="6"/>
  <size from="129" to="129" total="258" count="2"/>
  <size from="145" to="145" total="435" count="3"/>
  <size from="177" to="177" total="354" count="2"/>
  <size from="209" to="209" total="209" count="1"/>
  <size from="305" to="305" total="305" count="1"/>
  <size from="321" to="321" total="642" count="2"/>
  <size from="417" to="417" total="417" count="1"/>
  <size from="481" to="481" total="481" count="1"/>
  <size from="513" to="513" total="513" count="1"/>
  <size from="529" to="529" total="1587" count="3"/>
  <size from="545" to="545" total="545" count="1"/>
  <size from="561" to="561" total="561" count="1"/>
  <size from="593" to="593" total="593" count="1"/>
  <size from="753" to="753" total="753" count="1"/>
  <size from="785" to="785" total="785" count="1"/>
  <size from="913" to="913" total="913" count="1"/>
  <size from="1361" to="1361" total="1361" count="1"/>
  <size from="2257" to="2257" total="2257" count="1"/>
  <size from="3073" to="3073" total="3073" count="1"/>
  <size from="3905" to="3905" total="3905" count="1"/>
  <size from="11425" to="11425" total="11425" count="1"/>
  <size from="169201" to="169201" total="169201" count="1"/>
  <unsorted from="81" to="81" total="81" count="1"/>
</sizes>
<total type="fast" count="0" size="0"/>
<total type="rest" count="83" size="265186"/>
<system type="current" size="475136"/>
<system type="max" size="475136"/>
<aspace type="total" size="475136"/>
<aspace type="mprotect" size="475136"/>
<aspace type="subheaps" size="1"/>
</heap>
<heap nr="6">
<sizes>
  <size from="17" to="32" total="160" count="5"/>
  <size from="33" to="48" total="192" count="4"/>
  <size from="49" to="64" total="256" count="4"/>
  <size from="65" to="80" total="480" count="6"/>
  <size from="81" to="96" total="288" count="3"/>
  <size from="33" to="33" total="198" count="6"/>
  <size from="81" to="81" total="81" count="1"/>
  <size from="113" to="113" total="1469" count="13"/>
  <size from="129" to="129" total="258" count="2"/>
  <size from="145" to="145" total="1160" count="8"/>
  <size from="177" to="177" total="177" count="1"/>
  <size from="193" to="193" total="193" count="1"/>
  <size from="209" to="209" total="418" count="2"/>
  <size from="225" to="225" total="1125" count="5"/>
  <size from="257" to="257" total="257" count="1"/>
  <size from="273" to="273" total="273" count="1"/>
  <size from="289" to="289" total="578" count="2"/>
  <size from="321" to="321" total="321" count="1"/>
  <size from="481" to="481" total="481" count="1"/>
  <size from="513" to="513" total="513" count="1"/>
  <size from="529" to="529" total="529" count="1"/>
  <size from="561" to="561" total="561" count="1"/>
  <size from="593" to="593" total="593" count="1"/>
  <size from="641" to="641" total="641" count="1"/>
  <size from="673" to="673" total="673" count="1"/>
  <size from="737" to="737" total="737" count="1"/>
  <size from="897" to="897" total="897" count="1"/>
  <size from="913" to="913" total="913" count="1"/>
  <size from="1009" to="1009" total="1009" count="1"/>
  <size from="1041" to="1057" total="2098" count="2"/>
  <size from="1153" to="1153" total="1153" count="1"/>
  <size from="1313" to="1313" total="1313" count="1"/>
  <size from="1409" to="1409" total="1409" count="1"/>
  <size from="1537" to="1537" total="1537" count="1"/>
  <size from="3009" to="3009" total="3009" count="1"/>
  <size from="3153" to="3153" total="3153" count="1"/>
  <size from="44129" to="44129" total="44129" count="1"/>
  <size from="133777" to="133777" total="133777" count="1"/>
</sizes>
<total type="fast" count="22" size="1376"/>
<total type="rest" count="66" size="206097"/>
<system type="current" size="430080"/>
<system type="max" size="430080"/>
<aspace type="total" size="430080"/>
<aspace type="mprotect" size="430080"/>
<aspace type="subheaps" size="1"/>
</heap>
<heap nr="7">
<sizes>
  <size from="33" to="33" total="33" count="1"/>
  <size from="145" to="145" total="290" count="2"/>
  <size from="177" to="177" total="177" count="1"/>
  <size from="225" to="225" total="225" count="1"/>
  <size from="289" to="289" total="289" count="1"/>
  <size from="337" to="337" total="337" count="1"/>
  <size from="417" to="417" total="417" count="1"/>
  <size from="449" to="449" total="449" count="1"/>
  <size from="529" to="529" total="529" count="1"/>
  <size from="561" to="561" total="561" count="1"/>
  <size from="657" to="657" total="657" count="1"/>
  <size from="133777" to="133777" total="133777" count="1"/>
  <unsorted from="33" to="44161" total="61425" count="65"/>
</sizes>
<total type="fast" count="0" size="0"/>
<total type="rest" count="79" size="200622"/>
<system type="current" size="405504"/>
<system type="max" size="405504"/>
<aspace type="total" size="405504"/>
<aspace type="mprotect" size="405504"/>
<aspace type="subheaps" size="1"/>
</heap>
<heap nr="8">
<sizes>
  <size from="33" to="33" total="33" count="1"/>
  <size from="49" to="49" total="147" count="3"/>
  <size from="65" to="65" total="130" count="2"/>
  <size from="81" to="81" total="162" count="2"/>
  <size from="97" to="97" total="194" count="2"/>
  <size from="113" to="113" total="1356" count="12"/>
  <size from="129" to="129" total="129" count="1"/>
  <size from="145" to="145" total="290" count="2"/>
  <size from="273" to="273" total="819" count="3"/>
  <size from="3633" to="3633" total="3633" count="1"/>
  <size from="5265" to="5265" total="5265" count="1"/>
  <unsorted from="49" to="385937" total="503431" count="7"/>
</sizes>
<total type="fast" count="0" size="0"/>
<total type="rest" count="38" size="4856437"/>
<system type="current" size="5545984"/>
<system type="max" size="5545984"/>
<aspace type="total" size="5545984"/>
<aspace type="mprotect" size="5545984"/>
<aspace type="subheaps" size="1"/>
</heap>
<heap nr="9">
<sizes>
  <size from="33" to="33" total="66" count="2"/>
</sizes>
<total type="fast" count="0" size="0"/>
<total type="rest" count="3" size="3794"/>
<system type="current" size="274432"/>
<system type="max" size="274432"/>
<aspace type="total" size="274432"/>
<aspace type="mprotect" size="274432"/>
<aspace type="subheaps" size="1"/>
</heap>
<heap nr="10">
<sizes>
</sizes>
<total type="fast" count="0" size="0"/>
<total type="rest" count="1" size="132256"/>
<system type="current" size="135168"/>
<system type="max" size="135168"/>
<aspace type="total" size="135168"/>
<aspace type="mprotect" size="135168"/>
<aspace type="subheaps" size="1"/>
</heap>
<heap nr="11">
<sizes>
</sizes>
<total type="fast" count="0" size="0"/>
<total type="rest" count="1" size="132256"/>
<system type="current" size="135168"/>
<system type="max" size="135168"/>
<aspace type="total" size="135168"/>
<aspace type="mprotect" size="135168"/>
<aspace type="subheaps" size="1"/>
</heap>
<heap nr="12">
<sizes>
</sizes>
<total type="fast" count="0" size="0"/>
<total type="rest" count="1" size="132256"/>
<system type="current" size="135168"/>
<system type="max" size="135168"/>
<aspace type="total" size="135168"/>
<aspace type="mprotect" size="135168"/>
<aspace type="subheaps" size="1"/>
</heap>
<heap nr="13">
<sizes>
</sizes>
<total type="fast" count="0" size="0"/>
<total type="rest" count="1" size="259232"/>
<system type="current" size="262144"/>
<system type="max" size="262144"/>
<aspace type="total" size="262144"/>
<aspace type="mprotect" size="262144"/>
<aspace type="subheaps" size="1"/>
</heap>
<heap nr="14">
<sizes>
</sizes>
<total type="fast" count="0" size="0"/>
<total type="rest" count="1" size="132256"/>
<system type="current" size="135168"/>
<system type="max" size="135168"/>
<aspace type="total" size="135168"/>
<aspace type="mprotect" size="135168"/>
<aspace type="subheaps" size="1"/>
</heap>
<heap nr="15">
<sizes>
</sizes>
<total type="fast" count="0" size="0"/>
<total type="rest" count="1" size="132256"/>
<system type="current" size="135168"/>
<system type="max" size="135168"/>
<aspace type="total" size="135168"/>
<aspace type="mprotect" size="135168"/>
<aspace type="subheaps" size="1"/>
</heap>
<heap nr="16">
<sizes>
</sizes>
<total type="fast" count="0" size="0"/>
<total type="rest" count="1" size="132256"/>
<system type="current" size="135168"/>
<system type="max" size="135168"/>
<aspace type="total" size="135168"/>
<aspace type="mprotect" size="135168"/>
<aspace type="subheaps" size="1"/>
</heap>
<heap nr="17">
<sizes>
</sizes>
<total type="fast" count="0" size="0"/>
<total type="rest" count="1" size="132256"/>
<system type="current" size="135168"/>
<system type="max" size="135168"/>
<aspace type="total" size="135168"/>
<aspace type="mprotect" size="135168"/>
<aspace type="subheaps" size="1"/>
</heap>
<heap nr="18">
<sizes>
</sizes>
<total type="fast" count="0" size="0"/>
<total type="rest" count="1" size="132256"/>
<system type="current" size="135168"/>
<system type="max" size="135168"/>
<aspace type="total" size="135168"/>
<aspace type="mprotect" size="135168"/>
<aspace type="subheaps" size="1"/>
</heap>
<heap nr="19">
<sizes>
  <size from="49" to="49" total="49" count="1"/>
  <size from="163921" to="163921" total="163921" count="1"/>
  <unsorted from="33" to="15841" total="23586" count="50"/>
</sizes>
<total type="fast" count="0" size="0"/>
<total type="rest" count="53" size="188084"/>
<system type="current" size="430080"/>
<system type="max" size="430080"/>
<aspace type="total" size="430080"/>
<aspace type="mprotect" size="430080"/>
<aspace type="subheaps" size="1"/>
</heap>
<heap nr="20">
<sizes>
  <size from="33" to="33" total="495" count="15"/>
  <size from="49" to="49" total="10829" count="221"/>
  <size from="65" to="65" total="195" count="3"/>
  <size from="113" to="113" total="13447" count="119"/>
  <size from="129" to="129" total="645" count="5"/>
  <size from="145" to="145" total="435" count="3"/>
  <size from="161" to="161" total="3542" count="22"/>
  <size from="177" to="177" total="354" count="2"/>
  <size from="193" to="193" total="193" count="1"/>
  <size from="209" to="209" total="209" count="1"/>
  <size from="225" to="225" total="450" count="2"/>
  <size from="289" to="289" total="578" count="2"/>
  <size from="337" to="337" total="674" count="2"/>
  <size from="353" to="353" total="1765" count="5"/>
  <size from="433" to="433" total="433" count="1"/>
  <size from="465" to="465" total="7440" count="16"/>
  <size from="529" to="529" total="1587" count="3"/>
  <size from="577" to="577" total="577" count="1"/>
  <size from="641" to="641" total="4487" count="7"/>
  <size from="785" to="785" total="785" count="1"/>
  <size from="817" to="817" total="6536" count="8"/>
  <size from="865" to="865" total="865" count="1"/>
  <size from="993" to="993" total="3972" count="4"/>
  <size from="1057" to="1057" total="2114" count="2"/>
  <size from="1169" to="1169" total="8183" count="7"/>
  <size from="1217" to="1233" total="3683" count="3"/>
  <size from="1345" to="1345" total="5380" count="4"/>
  <size from="1409" to="1409" total="2818" count="2"/>
  <size from="1521" to="1521" total="6084" count="4"/>
  <size from="1585" to="1585" total="1585" count="1"/>
  <size from="1793" to="1793" total="1793" count="1"/>
  <size from="1857" to="1873" total="11222" count="6"/>
  <size from="1937" to="1937" total="3874" count="2"/>
  <size from="2049" to="2049" total="4098" count="2"/>
  <size from="2225" to="2225" total="2225" count="1"/>
  <size from="2401" to="2401" total="2401" count="1"/>
  <size from="2577" to="2577" total="7731" count="3"/>
  <size from="2625" to="2625" total="2625" count="1"/>
  <size from="2705" to="2705" total="2705" count="1"/>
  <size from="2753" to="2753" total="8259" count="3"/>
  <size from="2929" to="2929" total="2929" count="1"/>
  <size from="2945" to="2945" total="2945" count="1"/>
  <size from="3105" to="3105" total="6210" count="2"/>
  <size from="3169" to="3537" total="13476" count="4"/>
  <size from="3633" to="3985" total="19093" count="5"/>
  <size from="4129" to="4337" total="8466" count="2"/>
  <size from="4625" to="4913" total="19156" count="4"/>
  <size from="5281" to="5281" total="5281" count="1"/>
  <size from="6097" to="6097" total="6097" count="1"/>
  <size from="7281" to="7281" total="7281" count="1"/>
  <size from="8097" to="8097" total="8097" count="1"/>
  <size from="9281" to="9281" total="9281" count="1"/>
  <size from="205601" to="205601" total="205601" count="1"/>
  <size from="623697" to="6589777" total="7213474" count="2"/>
</sizes>
<total type="fast" count="0" size="0"/>
<total type="rest" count="517" size="7666484"/>
<system type="current" size="16089088"/>
<system type="max" size="16089088"/>
<aspace type="total" size="16089088"/>
<aspace type="mprotect" size="16089088"/>
<aspace type="subheaps" size="1"/>
</heap>
<heap nr="21">
<sizes>
  <size from="33" to="33" total="33" count="1"/>
  <size from="65" to="65" total="130" count="2"/>
  <size from="81" to="81" total="243" count="3"/>
  <size from="161" to="161" total="161" count="1"/>
  <size from="545" to="545" total="545" count="1"/>
  <size from="3089" to="3089" total="3089" count="1"/>
  <size from="4081" to="4081" total="4081" count="1"/>
  <size from="26657" to="26657" total="26657" count="1"/>
  <size from="69249" to="69249" total="69249" count="1"/>
  <unsorted from="33" to="113" total="146" count="2"/>
</sizes>
<total type="fast" count="0" size="0"/>
<total type="rest" count="15" size="106238"/>
<system type="current" size="1806336"/>
<system type="max" size="1806336"/>
<aspace type="total" size="1806336"/>
<aspace type="mprotect" size="1806336"/>
<aspace type="subheaps" size="1"/>
</heap>
<heap nr="22">
<sizes>
</sizes>
<total type="fast" count="0" size="0"/>
<total type="rest" count="1" size="132256"/>
<system type="current" size="135168"/>
<system type="max" size="135168"/>
<aspace type="total" size="135168"/>
<aspace type="mprotect" size="135168"/>
<aspace type="subheaps" size="1"/>
</heap>
<heap nr="23">
<sizes>
  <unsorted from="33" to="3505" total="10902" count="54"/>
</sizes>
<total type="fast" count="0" size="0"/>
<total type="rest" count="55" size="13974"/>
<system type="current" size="225280"/>
<system type="max" size="225280"/>
<aspace type="total" size="225280"/>
<aspace type="mprotect" size="225280"/>
<aspace type="subheaps" size="1"/>
</heap>
<total type="fast" count="22" size="1376"/>
<total type="rest" count="1358" size="24031526"/>
<total type="mmap" count="1" size="339968"/>
<system type="current" size="105664512"/>
<system type="max" size="122232832"/>
<aspace type="total" size="105664512"/>
<aspace type="mprotect" size="105664512"/>
</malloc>
