VmSize:	 2204240 kB
VmRSS:	  189420 kB
Threads:	21
[New LWP 232560]
[New LWP 232559]
[New LWP 232558]
[New LWP 232557]
[New LWP 232556]
[New LWP 232555]
[New LWP 232554]
[New LWP 232553]
[New LWP 232552]
[New LWP 232551]
[New LWP 232550]
[New LWP 232549]
[New LWP 98511]
[New LWP 98510]
[New LWP 98509]
[New LWP 98499]
[New LWP 98486]
[New LWP 98485]
[New LWP 98484]
[New LWP 98483]
[Thread debugging using libthread_db enabled]
Using host libthread_db library "/usr/lib/libthread_db.so.1".
0x00007fc345d4191e in ?? () from /usr/lib/libc.so.6
$1 = 0
$2 = 0
$3 = 1
[Inferior 1 (process 98482) detached]
VmSize:	 2204240 kB
VmRSS:	  184304 kB
Threads:	21
<malloc version="1">
<heap nr="0">
<sizes>
  <size from="33" to="33" total="396" count="12"/>
  <size from="49" to="49" total="637" count="13"/>
  <size from="65" to="65" total="325" count="5"/>
  <size from="81" to="81" total="486" count="6"/>
  <size from="97" to="97" total="582" count="6"/>
  <size from="113" to="113" total="791" count="7"/>
  <size from="129" to="129" total="774" count="6"/>
  <size from="145" to="145" total="1305" count="9"/>
  <size from="161" to="161" total="1127" count="7"/>
  <size from="177" to="177" total="531" count="3"/>
  <size from="193" to="193" total="4053" count="21"/>
  <size from="225" to="225" total="2025" count="9"/>
  <size from="241" to="241" total="3615" count="15"/>
  <size from="257" to="257" total="4369" count="17"/>
  <size from="273" to="273" total="1911" count="7"/>
  <size from="289" to="289" total="1734" count="6"/>
  <size from="305" to="305" total="915" count="3"/>
  <size from="321" to="321" total="1926" count="6"/>
  <size from="337" to="337" total="3033" count="9"/>
  <size from="353" to="353" total="1765" count="5"/>
  <size from="369" to="369" total="4428" count="12"/>
  <size from="385" to="385" total="5390" count="14"/>
  <size from="401" to="401" total="1604" count="4"/>
  <size from="417" to="417" total="2502" count="6"/>
  <size from="433" to="433" total="1732" count="4"/>
  <size from="449" to="449" total="1796" count="4"/>
  <size from="465" to="465" total="1395" count="3"/>
  <size from="481" to="481" total="1443" count="3"/>
  <size from="497" to="497" total="2982" count="6"/>
  <size from="513" to="513" total="2565" count="5"/>
  <size from="529" to="529" total="1587" count="3"/>
  <size from="545" to="545" total="545" count="1"/>
  <size from="561" to="561" total="561" count="1"/>
  <size from="577" to="577" total="577" count="1"/>
  <size from="593" to="593" total="2372" count="4"/>
  <size from="769" to="769" total="1538" count="2"/>
  <size from="801" to="801" total="8811" count="11"/>
  <size from="817" to="817" total="817" count="1"/>
  <size from="849" to="849" total="849" count="1"/>
  <size from="865" to="865" total="2595" count="3"/>
  <size from="897" to="897" total="897" count="1"/>
  <size from="945" to="945" total="945" count="1"/>
  <size from="993" to="993" total="993" count="1"/>
  <size from="1009" to="1009" total="1009" count="1"/>
  <size from="1025" to="1073" total="5221" count="5"/>
  <size from="1089" to="1137" total="7815" count="7"/>
  <size from="1153" to="1185" total="3507" count="3"/>
  <size from="1377" to="1377" total="1377" count="1"/>
  <size from="1473" to="1505" total="2978" count="2"/>
  <size from="1537" to="1569" total="6212" count="4"/>
  <size from="1665" to="1713" total="6724" count="4"/>
  <size from="1761" to="1761" total="1761" count="1"/>
  <size from="1793" to="1793" total="1793" count="1"/>
  <size from="1921" to="1953" total="3874" count="2"/>
  <size from="2097" to="2097" total="2097" count="1"/>
  <size from="2161" to="2161" total="2161" count="1"/>
  <size from="2225" to="2225" total="2225" count="1"/>
  <size from="2241" to="2289" total="6787" count="3"/>
  <size from="2305" to="2305" total="2305" count="1"/>
  <size from="2481" to="2481" total="2481" count="1"/>
  <size from="2529" to="2529" total="2529" count="1"/>
  <size from="2577" to="2609" total="5186" count="2"/>
  <size from="2673" to="2673" total="2673" count="1"/>
  <size from="3505" to="3505" total="3505" count="1"/>
  <size from="4017" to="4033" total="8050" count="2"/>
  <size from="4113" to="4113" total="4113" count="1"/>
  <size from="7473" to="7473" total="7473" count="1"/>
  <size from="8065" to="8065" total="8065" count="1"/>
  <size from="8225" to="8625" total="82954" count="10"/>
  <size from="8865" to="8865" total="8865" count="1"/>
  <size from="9217" to="9601" total="46629" count="5"/>
  <size from="10001" to="10017" total="20018" count="2"/>
  <size from="10273" to="10529" total="20802" count="2"/>
  <size from="11569" to="11569" total="11569" count="1"/>
  <size from="12337" to="15665" total="82486" count="6"/>
  <size from="16513" to="18145" total="51907" count="3"/>
  <size from="21025" to="24417" total="45442" count="2"/>
  <size from="25169" to="27153" total="104052" count="4"/>
  <size from="32065" to="32641" total="423437" count="13"/>
  <size from="41617" to="49553" total="91170" count="2"/>
  <size from="65569" to="65569" total="65569" count="1"/>
  <size from="1048641" to="3400737" total="4449378" count="2"/>
</sizes>
<total type="fast" count="0" size="0"/>
<total type="rest" count="368" size="5688879"/>
<system type="current" size="72855552"/>
<system type="max" size="89423872"/>
<aspace type="total" size="72855552"/>
<aspace type="mprotect" size="72855552"/>
</heap>
<heap nr="1">
<sizes>
  <size from="33" to="33" total="99" count="3"/>
  <size from="65" to="65" total="195" count="3"/>
  <size from="97" to="97" total="97" count="1"/>
  <unsorted from="113" to="113" total="113" count="1"/>
</sizes>
<total type="fast" count="0" size="0"/>
<total type="rest" count="9" size="126296"/>
<system type="current" size="135168"/>
<system type="max" size="135168"/>
<aspace type="total" size="135168"/>
<aspace type="mprotect" size="135168"/>
<aspace type="subheaps" size="1"/>
</heap>
<heap nr="2">
<sizes>
  <size from="33" to="33" total="165" count="5"/>
  <size from="49" to="49" total="49" count="1"/>
  <size from="65" to="65" total="130" count="2"/>
  <size from="81" to="81" total="81" count="1"/>
  <size from="97" to="97" total="388" count="4"/>
  <size from="113" to="113" total="113" count="1"/>
  <size from="129" to="129" total="129" count="1"/>
  <size from="145" to="145" total="145" count="1"/>
  <size from="177" to="177" total="177" count="1"/>
  <size from="209" to="209" total="209" count="1"/>
  <size from="241" to="241" total="723" count="3"/>
  <size from="257" to="257" total="257" count="1"/>
  <size from="529" to="529" total="529" count="1"/>
  <size from="1569" to="1569" total="1569" count="1"/>
  <size from="2705" to="2705" total="2705" count="1"/>
  <size from="4113" to="4113" total="8226" count="2"/>
  <size from="7793" to="7793" total="7793" count="1"/>
  <size from="30945" to="30945" total="30945" count="1"/>
  <unsorted from="33" to="385937" total="484536" count="8"/>
</sizes>
<total type="fast" count="0" size="0"/>
<total type="rest" count="38" size="4885381"/>
<system type="current" size="5242880"/>
<system type="max" size="5242880"/>
<aspace type="total" size="5242880"/>
<aspace type="mprotect" size="5242880"/>
<aspace type="subheaps" size="1"/>
</heap>
<heap nr="3">
<sizes>
  <unsorted from="881" to="4161" total="5042" count="2"/>
</sizes>
<total type="fast" count="0" size="0"/>
<total type="rest" count="3" size="128434"/>
<system type="current" size="135168"/>
<system type="max" size="135168"/>
<aspace type="total" size="135168"/>
<aspace type="mprotect" size="135168"/>
<aspace type="subheaps" size="1"/>
</heap>
<heap nr="4">
<sizes>
  <size from="65" to="65" total="65" count="1"/>
  <size from="145" to="145" total="145" count="1"/>
  <size from="177" to="177" total="177" count="1"/>
  <size from="369" to="369" total="369" count="1"/>
  <size from="977" to="977" total="977" count="1"/>
  <size from="1153" to="1153" total="1153" count="1"/>
  <size from="1249" to="1249" total="1249" count="1"/>
  <size from="2353" to="2353" total="2353" count="1"/>
  <size from="5489" to="5489" total="5489" count="1"/>
  <unsorted from="2001" to="3201" total="5202" count="2"/>
</sizes>
<total type="fast" count="0" size="0"/>
<total type="rest" count="12" size="128923"/>
<system type="current" size="135168"/>
<system type="max" size="135168"/>
<aspace type="total" size="135168"/>
<aspace type="mprotect" size="135168"/>
<aspace type="subheaps" size="1"/>
</heap>
<heap nr="5">
<sizes>
  <size from="33" to="33" total="825" count="25"/>
  <size from="49" to="49" total="147" count="3"/>
  <size from="65" to="65" total="650" count="10"/>
  <size from="81" to="81" total="243" count="3"/>
  <size from="97" to="97" total="485" count="5"/>
  <size from="113" to="113" total="678" count="6"/>
  <size from="129" to="129" total="258" count="2"/>
  <size from="145" to="145" total="435" count="3"/>
  <size from="177" to="177" total="354" count="2"/>
  <size from="209" to="209" total="209" count="1"/>
  <size from="305" to="305" total="305" count="1"/>
  <size from="321" to="321" total="642" count="2"/>
  <size from="417" to="417" total="417" count="1"/>
  <size from="481" to="481" total="481" count="1"/>
  <size from="513" to="513" total="513" count="1"/>
  <size from="529" to="529" total="1587" count="3"/>
  <size from="545" to="545" total="545" count="1"/>
  <size from="561" to="561" total="561" count="1"/>
  <size from="593" to="593" total="593" count="1"/>
  <size from="753" to="753" total="753" count="1"/>
  <size from="785" to="785" total="785" count="1"/>
  <size from="913" to="913" total="913" count="1"/>
  <size from="1361" to="1361" total="1361" count="1"/>
  <size from="2257" to="2257" total="2257" count="1"/>
  <size from="3073" to="3073" total="3073" count="1"/>
  <size from="3905" to="3905" total="3905" count="1"/>
  <size from="11425" to="11425" total="11425" count="1"/>
  <size from="169201" to="169201" total="169201" count="1"/>
  <unsorted from="81" to="81" total="81" count="1"/>
</sizes>
<total type="fast" count="0" size="0"/>
<total type="rest" count="83" size="265186"/>
<system type="current" size="475136"/>
<system type="max" size="475136"/>
<aspace type="total" size="475136"/>
<aspace type="mprotect" size="475136"/>
<aspace type="subheaps" size="1"/>
</heap>
<heap nr="6">
<sizes>
  <size from="17" to="32" total="160" count="5"/>
  <size from="33" to="48" total="192" count="4"/>
  <size from="49" to="64" total="256" count="4"/>
  <size from="65" to="80" total="560" count="7"/>
  <size from="81" to="96" total="288" count="3"/>
  <size from="33" to="33" total="198" count="6"/>
  <size from="81" to="81" total="81" count="1"/>
  <size from="113" to="113" total="1469" count="13"/>
  <size from="129" to="129" total="258" count="2"/>
  <size from="145" to="145" total="1160" count="8"/>
  <size from="177" to="177" total="177" count="1"/>
  <size from="193" to="193" total="193" count="1"/>
  <size from="209" to="209" total="418" count="2"/>
  <size from="225" to="225" total="1125" count="5"/>
  <size from="257" to="257" total="257" count="1"/>
  <size from="273" to="273" total="273" count="1"/>
  <size from="289" to="289" total="578" count="2"/>
  <size from="321" to="321" total="321" count="1"/>
  <size from="481" to="481" total="481" count="1"/>
  <size from="513" to="513" total="513" count="1"/>
  <size from="529" to="529" total="529" count="1"/>
  <size from="561" to="561" total="561" count="1"/>
  <size from="593" to="593" total="593" count="1"/>
  <size from="641" to="641" total="641" count="1"/>
  <size from="673" to="673" total="673" count="1"/>
  <size from="737" to="737" total="737" count="1"/>
  <size from="897" to="897" total="897" count="1"/>
  <size from="913" to="913" total="913" count="1"/>
  <size from="1009" to="1009" total="1009" count="1"/>
  <size from="1041" to="1057" total="2098" count="2"/>
  <size from="1153" to="1153" total="1153" count="1"/>
  <size from="1313" to="1313" total="1313" count="1"/>
  <size from="1409" to="1409" total="1409" count="1"/>
  <size from="1537" to="1537" total="1537" count="1"/>
  <size from="3009" to="3009" total="3009" count="1"/>
  <size from="3153" to="3153" total="3153" count="1"/>
  <size from="44129" to="44129" total="44129" count="1"/>
  <size from="133777" to="133777" total="133777" count="1"/>
</sizes>
<total type="fast" count="23" size="1456"/>
<total type="rest" count="66" size="206097"/>
<system type="current" size="430080"/>
<system type="max" size="430080"/>
<aspace type="total" size="430080"/>
<aspace type="mprotect" size="430080"/>
<aspace type="subheaps" size="1"/>
</heap>
<heap nr="7">
<sizes>
  <size from="33" to="33" total="33" count="1"/>
  <size from="145" to="145" total="290" count="2"/>
  <size from="177" to="177" total="177" count="1"/>
  <size from="225" to="225" total="225" count="1"/>
  <size from="289" to="289" total="289" count="1"/>
  <size from="337" to="337" total="337" count="1"/>
  <size from="417" to="417" total="417" count="1"/>
  <size from="449" to="449" total="449" count="1"/>
  <size from="529" to="529" total="529" count="1"/>
  <size from="561" to="561" total="561" count="1"/>
  <size from="657" to="657" total="657" count="1"/>
  <size from="133777" to="133777" total="133777" count="1"/>
  <unsorted from="33" to="44161" total="61425" count="65"/>
</sizes>
<total type="fast" count="0" size="0"/>
<total type="rest" count="79" size="200622"/>
<system type="current" size="405504"/>
<system type="max" size="405504"/>
<aspace type="total" size="405504"/>
<aspace type="mprotect" size="405504"/>
<aspace type="subheaps" size="1"/>
</heap>
<heap nr="8">
<sizes>
  <size from="49" to="49" total="147" count="3"/>
  <size from="65" to="65" total="130" count="2"/>
  <size from="81" to="81" total="405" count="5"/>
  <size from="97" to="97" total="97" count="1"/>
  <size from="113" to="113" total="1356" count="12"/>
  <size from="129" to="129" total="258" count="2"/>
  <size from="145" to="145" total="435" count="3"/>
  <size from="273" to="273" total="273" count="1"/>
  <size from="2113" to="2113" total="2113" count="1"/>
  <unsorted from="49" to="428753" total="554025" count="9"/>
</sizes>
<total type="fast" count="0" size="0"/>
<total type="rest" count="40" size="4620695"/>
<system type="current" size="5545984"/>
<system type="max" size="5545984"/>
<aspace type="total" size="5545984"/>
<aspace type="mprotect" size="5545984"/>
<aspace type="subheaps" size="1"/>
</heap>
<heap nr="9">
<sizes>
  <size from="49" to="64" total="64" count="1"/>
  <size from="33" to="33" total="66" count="2"/>
</sizes>
<total type="fast" count="1" size="64"/>
<total type="rest" count="3" size="3730"/>
<system type="current" size="274432"/>
<system type="max" size="274432"/>
<aspace type="total" size="274432"/>
<aspace type="mprotect" size="274432"/>
<aspace type="subheaps" size="1"/>
</heap>
<heap nr="10">
<sizes>
</sizes>
<total type="fast" count="0" size="0"/>
<total type="rest" count="1" size="132256"/>
<system type="current" size="135168"/>
<system type="max" size="135168"/>
<aspace type="total" size="135168"/>
<aspace type="mprotect" size="135168"/>
<aspace type="subheaps" size="1"/>
</heap>
<heap nr="11">
<sizes>
</sizes>
<total type="fast" count="0" size="0"/>
<total type="rest" count="1" size="132256"/>
<system type="current" size="135168"/>
<system type="max" size="135168"/>
<aspace type="total" size="135168"/>
<aspace type="mprotect" size="135168"/>
<aspace type="subheaps" size="1"/>
</heap>
<heap nr="12">
<sizes>
</sizes>
<total type="fast" count="0" size="0"/>
<total type="rest" count="1" size="132256"/>
<system type="current" size="135168"/>
<system type="max" size="135168"/>
<aspace type="total" size="135168"/>
<aspace type="mprotect" size="135168"/>
<aspace type="subheaps" size="1"/>
</heap>
<heap nr="13">
<sizes>
</sizes>
<total type="fast" count="0" size="0"/>
<total type="rest" count="1" size="259232"/>
<system type="current" size="262144"/>
<system type="max" size="262144"/>
<aspace type="total" size="262144"/>
<aspace type="mprotect" size="262144"/>
<aspace type="subheaps" size="1"/>
</heap>
<heap nr="14">
<sizes>
</sizes>
<total type="fast" count="0" size="0"/>
<total type="rest" count="1" size="132256"/>
<system type="current" size="135168"/>
<system type="max" size="135168"/>
<aspace type="total" size="135168"/>
<aspace type="mprotect" size="135168"/>
<aspace type="subheaps" size="1"/>
</heap>
<heap nr="15">
<sizes>
</sizes>
<total type="fast" count="0" size="0"/>
<total type="rest" count="1" size="132256"/>
<system type="current" size="135168"/>
<system type="max" size="135168"/>
<aspace type="total" size="135168"/>
<aspace type="mprotect" size="135168"/>
<aspace type="subheaps" size="1"/>
</heap>
<heap nr="16">
<sizes>
</sizes>
<total type="fast" count="0" size="0"/>
<total type="rest" count="1" size="132256"/>
<system type="current" size="135168"/>
<system type="max" size="135168"/>
<aspace type="total" size="135168"/>
<aspace type="mprotect" size="135168"/>
<aspace type="subheaps" size="1"/>
</heap>
<heap nr="17">
<sizes>
</sizes>
<total type="fast" count="0" size="0"/>
<total type="rest" count="1" size="132256"/>
<system type="current" size="135168"/>
<system type="max" size="135168"/>
<aspace type="total" size="135168"/>
<aspace type="mprotect" size="135168"/>
<aspace type="subheaps" size="1"/>
</heap>
<heap nr="18">
<sizes>
</sizes>
<total type="fast" count="0" size="0"/>
<total type="rest" count="1" size="132256"/>
<system type="current" size="135168"/>
<system type="max" size="135168"/>
<aspace type="total" size="135168"/>
<aspace type="mprotect" size="135168"/>
<aspace type="subheaps" size="1"/>
</heap>
<heap nr="19">
<sizes>
  <size from="49" to="49" total="49" count="1"/>
  <size from="163921" to="163921" total="163921" count="1"/>
  <unsorted from="33" to="15841" total="23586" count="50"/>
</sizes>
<total type="fast" count="0" size="0"/>
<total type="rest" count="53" size="188084"/>
<system type="current" size="430080"/>
<system type="max" size="430080"/>
<aspace type="total" size="430080"/>
<aspace type="mprotect" size="430080"/>
<aspace type="subheaps" size="1"/>
</heap>
<heap nr="20">
<sizes>
  <size from="33" to="33" total="495" count="15"/>
  <size from="49" to="49" total="10829" count="221"/>
  <size from="65" to="65" total="195" count="3"/>
  <size from="113" to="113" total="13447" count="119"/>
  <size from="129" to="129" total="645" count="5"/>
  <size from="145" to="145" total="435" count="3"/>
  <size from="161" to="161" total="3542" count="22"/>
  <size from="177" to="177" total="354" count="2"/>
  <size from="193" to="193" total="193" count="1"/>
  <size from="209" to="209" total="209" count="1"/>
  <size from="225" to="225" total="450" count="2"/>
  <size from="289" to="289" total="578" count="2"/>
  <size from="337" to="337" total="674" count="2"/>
  <size from="353" to="353" total="1765" count="5"/>
  <size from="433" to="433" total="433" count="1"/>
  <size from="465" to="465" total="7440" count="16"/>
  <size from="529" to="529" total="1587" count="3"/>
  <size from="577" to="577" total="577" count="1"/>
  <size from="641" to="641" total="4487" count="7"/>
  <size from="785" to="785" total="785" count="1"/>
  <size from="817" to="817" total="6536" count="8"/>
  <size from="865" to="865" total="865" count="1"/>
  <size from="993" to="993" total="3972" count="4"/>
  <size from="1057" to="1057" total="2114" count="2"/>
  <size from="1169" to="1169" total="8183" count="7"/>
  <size from="1217" to="1233" total="3683" count="3"/>
  <size from="1345" to="1345" total="5380" count="4"/>
  <size from="1409" to="1409" total="2818" count="2"/>
  <size from="1521" to="1521" total="6084" count="4"/>
  <size from="1585" to="1585" total="1585" count="1"/>
  <size from="1793" to="1793" total="1793" count="1"/>
  <size from="1857" to="1873" total="11222" count="6"/>
  <size from="1937" to="1937" total="3874" count="2"/>
  <size from="2049" to="2049" total="4098" count="2"/>
  <size from="2225" to="2225" total="2225" count="1"/>
  <size from="2401" to="2401" total="2401" count="1"/>
  <size from="2577" to="2577" total="7731" count="3"/>
  <size from="2625" to="2625" total="2625" count="1"/>
  <size from="2705" to="2705" total="2705" count="1"/>
  <size from="2753" to="2753" total="8259" count="3"/>
  <size from="2929" to="2929" total="2929" count="1"/>
  <size from="2945" to="2945" total="2945" count="1"/>
  <size from="3105" to="3105" total="6210" count="2"/>
  <size from="3169" to="3537" total="13476" count="4"/>
  <size from="3633" to="3985" total="19093" count="5"/>
  <size from="4129" to="4337" total="8466" count="2"/>
  <size from="4625" to="4913" total="19156" count="4"/>
  <size from="5281" to="5281" total="5281" count="1"/>
  <size from="6097" to="6097" total="6097" count="1"/>
  <size from="7281" to="7281" total="7281" count="1"/>
  <size from="8097" to="8097" total="8097" count="1"/>
  <size from="9281" to="9281" total="9281" count="1"/>
  <size from="205601" to="205601" total="205601" count="1"/>
  <size from="623697" to="6589777" total="7213474" count="2"/>
</sizes>
<total type="fast" count="0" size="0"/>
<total type="rest" count="517" size="7666484"/>
<system type="current" size="16089088"/>
<system type="max" size="16089088"/>
<aspace type="total" size="16089088"/>
<aspace type="mprotect" size="16089088"/>
<aspace type="subheaps" size="1"/>
</heap>
<heap nr="21">
<sizes>
  <size from="97" to="112" total="112" count="1"/>
  <size from="33" to="33" total="66" count="2"/>
  <size from="65" to="65" total="130" count="2"/>
  <size from="81" to="81" total="243" count="3"/>
  <size from="161" to="161" total="161" count="1"/>
  <size from="545" to="545" total="545" count="1"/>
  <size from="4081" to="4081" total="4081" count="1"/>
  <size from="26657" to="26657" total="26657" count="1"/>
  <size from="69249" to="69249" total="69249" count="1"/>
  <unsorted from="3089" to="3089" total="3089" count="1"/>
</sizes>
<total type="fast" count="1" size="112"/>
<total type="rest" count="14" size="106125"/>
<system type="current" size="1806336"/>
<system type="max" size="1806336"/>
<aspace type="total" size="1806336"/>
<aspace type="mprotect" size="1806336"/>
<aspace type="subheaps" size="1"/>
</heap>
<heap nr="22">
<sizes>
</sizes>
<total type="fast" count="0" size="0"/>
<total type="rest" count="1" size="132256"/>
<system type="current" size="135168"/>
<system type="max" size="135168"/>
<aspace type="total" size="135168"/>
<aspace type="mprotect" size="135168"/>
<aspace type="subheaps" size="1"/>
</heap>
<heap nr="23">
<sizes>
  <unsorted from="33" to="3473" total="10977" count="49"/>
</sizes>
<total type="fast" count="0" size="0"/>
<total type="rest" count="50" size="14289"/>
<system type="current" size="225280"/>
<system type="max" size="225280"/>
<aspace type="total" size="225280"/>
<aspace type="mprotect" size="225280"/>
<aspace type="subheaps" size="1"/>
</heap>
<total type="fast" count="25" size="1632"/>
<total type="rest" count="1345" size="25678761"/>
<total type="mmap" count="1" size="339968"/>
<system type="current" size="105664512"/>
<system type="max" size="122232832"/>
<aspace type="total" size="105664512"/>
<aspace type="mprotect" size="105664512"/>
</malloc>
