ninja: Entering directory `/workspace/repos/rocknix.worktrees/generic-x64/build.ROCKNIX-GENERIC_X64.x86_64/build/mesa-26.2.2/.x86_64-rocknix-linux-gnu'
[1/1060] Generating src/git_sha1.h with a custom command
[2/1060] Compiling C object src/util/libmesa_util.a.p/bitscan.c.o
[3/1060] Compiling C object src/util/libmesa_util_clflushopt.a.p/cache_ops_x86_clflushopt.c.o
[4/1060] Compiling C object src/util/libmesa_util_clflush.a.p/cache_ops_x86.c.o
[5/1060] Compiling C object src/util/libmesa_util.a.p/cnd_monotonic.c.o
[6/1060] Compiling C object src/c11/impl/libmesa_util_c11.a.p/threads_posix.c.o
[7/1060] Compiling C object src/util/libmesa_util.a.p/anon_file.c.o
[8/1060] Compiling C object src/util/libmesa_util_simd.a.p/streaming-load-memcpy.c.o
[9/1060] Compiling C object src/util/libmesa_util.a.p/compress.c.o
[10/1060] Compiling C object src/util/libmesa_util.a.p/crc32.c.o
[11/1060] Compiling C object src/util/libmesa_util.a.p/blob.c.o
[12/1060] Compiling C object src/util/libmesa_util.a.p/double.c.o
[13/1060] Compiling C object src/util/libmesa_util.a.p/thread_sched.c.o
[14/1060] Compiling C object src/util/libmesa_util.a.p/dag.c.o
[15/1060] Compiling C object src/util/libmesa_util.a.p/futex.c.o
[16/1060] Compiling C object src/util/libmesa_util.a.p/fast_idiv_by_const.c.o
[17/1060] Compiling C object src/util/libmesa_util.a.p/disk_cache.c.o
[18/1060] Compiling C object src/util/libmesa_util.a.p/float8.c.o
[19/1060] Compiling C object src/util/libmesa_util.a.p/memstream.c.o
[20/1060] Compiling C object src/util/libmesa_util.a.p/disk_cache_os.c.o
[21/1060] Compiling C object src/util/libmesa_util.a.p/half_float.c.o
[22/1060] Compiling C object src/util/libmesa_util.a.p/fossilize_db.c.o
[23/1060] Compiling C object src/util/libmesa_util.a.p/os_time.c.o
[24/1060] Compiling C object src/util/libmesa_util.a.p/u_idalloc.c.o
[25/1060] Compiling C object src/util/libmesa_util.a.p/os_file.c.o
[26/1060] Compiling C object src/util/libmesa_util.a.p/log.c.o
[27/1060] Compiling C object src/util/libmesa_util.a.p/os_file_notify.c.o
[28/1060] Compiling C object src/util/libmesa_util.a.p/os_socket.c.o
[29/1060] Compiling C object src/util/libmesa_util.a.p/os_memory_fd.c.o
[30/1060] Compiling C object src/util/libmesa_util.a.p/os_misc.c.o
[31/1060] Compiling C object src/util/libmesa_util.a.p/rwlock.c.o
[32/1060] Compiling C object src/util/libmesa_util.a.p/u_process.c.o
[33/1060] Compiling C object src/util/libmesa_util.a.p/pb_slab.c.o
[34/1060] Compiling C object src/util/libmesa_util.a.p/rand_xor.c.o
[35/1060] Compiling C object src/util/libmesa_util.a.p/simple_mtx.c.o
[36/1060] Compiling C++ object src/util/libmesa_util.a.p/u_qsort.cpp.o
[37/1060] Compiling C object src/util/libmesa_util.a.p/range_minimum_query.c.o
[38/1060] Compiling C object src/util/libmesa_util.a.p/perf_u_trace.c.o
[39/1060] Compiling C object src/util/libmesa_util.a.p/slab.c.o
[40/1060] Compiling C object src/util/libmesa_util.a.p/string_buffer.c.o
[41/1060] Compiling C object src/util/libmesa_util.a.p/strtod.c.o
[42/1060] Compiling C object src/util/libmesa_util.a.p/sparse_array.c.o
[43/1060] Compiling C object src/util/libmesa_util.a.p/ralloc.c.o
[44/1060] Compiling C object src/util/libmesa_util.a.p/register_allocate.c.o
[45/1060] Compiling C object src/util/libmesa_util.a.p/hash_table.c.o
[46/1060] Compiling C object src/util/libmesa_util.a.p/u_call_once.c.o
[47/1060] Compiling C object src/util/libmesa_util.a.p/u_dynarray.c.o
[48/1060] Compiling C object src/util/libmesa_util.a.p/u_dl.c.o
[49/1060] Compiling C object src/util/libmesa_util.a.p/u_hash_table.c.o
[50/1060] Compiling C object src/util/libmesa_util.a.p/softfloat.c.o
[51/1060] Compiling C object src/util/libmesa_util.a.p/u_string.c.o
[52/1060] Compiling C++ object src/util/libmesa_util.a.p/texcompress_astc_luts_wrap.cpp.o
[53/1060] Compiling C object src/util/libmesa_util.a.p/u_thread.c.o
[54/1060] Compiling C object src/util/libmesa_util.a.p/u_shader_variant_cache.c.o
[55/1060] Compiling C object src/util/libmesa_util.a.p/u_queue.c.o
[56/1060] Compiling C object src/util/libmesa_util.a.p/u_vector.c.o
[57/1060] Compiling C object src/util/libmesa_util.a.p/u_math.c.o
[58/1060] Compiling C object src/util/libmesa_util.a.p/u_mm.c.o
[59/1060] Compiling C object src/util/libmesa_util.a.p/u_debug_memory.c.o
[60/1060] Compiling C object src/util/libmesa_util.a.p/u_debug.c.o
[61/1060] Compiling C object src/util/libmesa_util.a.p/u_worklist.c.o
[62/1060] Compiling C object src/util/libmesa_util.a.p/u_cpu_detect.c.o
[63/1060] Compiling C++ object src/util/libmesa_util.a.p/texcompress_astc_luts.cpp.o
[64/1060] Compiling C object src/util/libmesa_util.a.p/vma.c.o
[65/1060] Compiling C object src/util/libmesa_util.a.p/mesa_cache_db_multipart.c.o
[66/1060] Compiling C object src/util/libmesa_util.a.p/format_u_format_etc.c.o
[67/1060] Compiling C object src/util/libmesa_util.a.p/mesa_cache_db.c.o
[68/1060] Compiling C++ object src/util/libmesa_util.a.p/texcompress_astc.cpp.o
[69/1060] Compiling C object src/util/libmesa_util.a.p/format_u_format.c.o
[70/1060] Compiling C object src/util/libmesa_util.a.p/format_u_format_latc.c.o
[71/1060] Compiling C object src/util/libmesa_util.a.p/u_printf.c.o
[72/1060] Compiling C object src/util/libmesa_util.a.p/format_u_format_fxt1.c.o
[73/1060] Compiling C object src/util/libmesa_util.a.p/format_u_format_unpack_neon.c.o
[74/1060] Compiling C object src/util/libmesa_util.a.p/format_u_format_rgtc.c.o
[75/1060] Compiling C object src/util/libmesa_util.a.p/format_u_format_tests.c.o
[76/1060] Compiling C object src/util/libmesa_util.a.p/format_u_format_bptc.c.o
[77/1060] Compiling C object src/util/libmesa_util.a.p/u_sync_provider.c.o
[78/1060] Compiling C object src/util/libmesa_util.a.p/u_debug_stack.c.o
[79/1060] Compiling C object src/util/libmesa_util.a.p/format_u_format_other.c.o
[80/1060] Compiling C object src/util/libmesa_util.a.p/u_debug_symbol.c.o
[81/1060] Compiling C object src/loader/libloader.a.p/loader_dri_helper.c.o
[82/1060] Compiling C object src/compiler/libcompiler.a.p/meson-generated_.._builtin_types.c.o
[83/1060] Compiling C object src/loader/libloader.a.p/loader.c.o
[84/1060] Compiling C object src/util/libxmlconfig.a.p/xmlconfig.c.o
[85/1060] Compiling C object src/compiler/libcompiler.a.p/shader_enums.c.o
[86/1060] Compiling C object src/util/libmesa_util.a.p/format_u_format_zs.c.o
[87/1060] Compiling C object src/compiler/nir/libnir.a.p/meson-generated_.._nir_opcodes.c.o
[88/1060] Compiling C object src/util/libmesa_util.a.p/format_u_format_s3tc.c.o
[89/1060] Compiling C object src/compiler/nir/libnir.a.p/meson-generated_.._nir_intrinsics.c.o
[90/1060] Compiling C object src/util/libmesa_util.a.p/format_u_format_yuv.c.o
[91/1060] Compiling C object src/compiler/nir/libnir.a.p/nir_builtin_builder.c.o
[92/1060] Compiling C object src/compiler/libcompiler.a.p/glsl_types.c.o
[93/1060] Compiling C object src/compiler/nir/libnir.a.p/nir_builder.c.o
[94/1060] Compiling C object src/compiler/nir/libnir.a.p/nir_convert_address_format.c.o
[95/1060] Compiling C object src/compiler/nir/libnir.a.p/nir_clone.c.o
[96/1060] Compiling C object src/compiler/nir/libnir.a.p/nir_control_flow.c.o
[97/1060] Compiling C object src/compiler/nir/libnir.a.p/nir_clip_cull_distance_io_utils.c.o
[98/1060] Compiling C object src/compiler/nir/libnir.a.p/nir_dominance_lca.c.o
[99/1060] Compiling C object src/compiler/nir/libnir.a.p/nir_dominance.c.o
[100/1060] Compiling C object src/compiler/nir/libnir.a.p/nir.c.o
[101/1060] Compiling C object src/compiler/nir/libnir.a.p/nir_divergence_analysis.c.o
[102/1060] Compiling C object src/compiler/nir/libnir.a.p/nir_fixup_is_exported.c.o
[103/1060] Compiling C object src/compiler/nir/libnir.a.p/nir_downgrade_pls_vars.c.o
[104/1060] Compiling C object src/compiler/nir/libnir.a.p/nir_deref.c.o
[105/1060] Compiling C object src/compiler/nir/libnir.a.p/nir_functions.c.o
[106/1060] Compiling C object src/compiler/nir/libnir.a.p/nir_format_convert.c.o
[107/1060] Compiling C object src/compiler/nir/libnir.a.p/nir_gather_info.c.o
[108/1060] Compiling C object src/compiler/nir/libnir.a.p/nir_gather_output_deps.c.o
[109/1060] Compiling C object src/compiler/nir/libnir.a.p/nir_from_ssa.c.o
[110/1060] Compiling C object src/compiler/nir/libnir.a.p/nir_gather_types.c.o
[111/1060] Compiling C object src/compiler/nir/libnir.a.p/nir_gather_tcs_info.c.o
[112/1060] Compiling C object src/compiler/nir/libnir.a.p/nir_opt_group_loads.c.o
[113/1060] Compiling C object src/compiler/nir/libnir.a.p/nir_gather_xfb_info.c.o
[114/1060] Compiling C object src/compiler/nir/libnir.a.p/nir_gs_count_vertices.c.o
[115/1060] Compiling C object src/compiler/nir/libnir.a.p/nir_inline_sysval.c.o
[116/1060] Compiling C object src/compiler/nir/libnir.a.p/nir_io_add_xfb_info.c.o
[117/1060] Compiling C object src/compiler/nir/libnir.a.p/nir_inline_uniforms.c.o
[118/1060] Compiling C object src/compiler/nir/libnir.a.p/nir_legacy.c.o
[119/1060] Compiling C object src/compiler/nir/libnir.a.p/nir_liveness.c.o
[120/1060] Compiling C object src/compiler/nir/libnir.a.p/nir_lower_abort.c.o
[121/1060] Compiling C object src/compiler/nir/libnir.a.p/nir_linking_helpers.c.o
[122/1060] Compiling C object src/compiler/nir/libnir.a.p/nir_instr_set.c.o
[123/1060] Compiling C object src/compiler/nir/libnir.a.p/nir_loop_analyze.c.o
[124/1060] Compiling C object src/compiler/nir/libnir.a.p/nir_lower_alu.c.o
[125/1060] Compiling C object src/compiler/nir/libnir.a.p/nir_lower_amul.c.o
[126/1060] Compiling C object src/compiler/nir/libnir.a.p/nir_lower_alpha.c.o
[127/1060] Compiling C object src/compiler/nir/libnir.a.p/nir_lower_alu_width.c.o
[128/1060] Compiling C object src/compiler/nir/libnir.a.p/nir_lower_bitmap.c.o
[129/1060] Compiling C object src/compiler/nir/libnir.a.p/nir_lower_atomics_to_ssbo.c.o
[130/1060] Compiling C object src/compiler/nir/libnir.a.p/nir_lower_array_deref_of_vec.c.o
[131/1060] Compiling C object src/compiler/nir/libnir.a.p/nir_lower_bool_to_float.c.o
[132/1060] Compiling C object src/compiler/nir/libnir.a.p/nir_lower_bool_to_int32.c.o
[133/1060] Compiling C object src/compiler/nir/libnir.a.p/nir_lower_calls_to_builtins.c.o
[134/1060] Compiling C object src/compiler/nir/libnir.a.p/nir_lower_clamp_color_outputs.c.o
[135/1060] Compiling C object src/compiler/nir/libnir.a.p/nir_lower_blend.c.o
[136/1060] Compiling C object src/compiler/nir/libnir.a.p/nir_lower_cl_images.c.o
[137/1060] Compiling C object src/compiler/nir/libnir.a.p/nir_lower_clip_disable.c.o
[138/1060] Compiling C object src/compiler/nir/libnir.a.p/nir_lower_clip_halfz.c.o
[139/1060] Compiling C object src/compiler/nir/libnir.a.p/nir_lower_const_arrays_to_uniforms.c.o
[140/1060] Compiling C object src/compiler/nir/libnir.a.p/nir_lower_continue_constructs.c.o
[141/1060] Compiling C object src/compiler/nir/libnir.a.p/nir_lower_clip.c.o
[142/1060] Compiling C object src/compiler/nir/libnir.a.p/nir_lower_convert_alu_types.c.o
[143/1060] Compiling C object src/compiler/nir/libnir.a.p/nir_lower_discard_if.c.o
[144/1060] Compiling C object src/compiler/nir/libnir.a.p/nir_lower_variable_initializers.c.o
[145/1060] Compiling C object src/compiler/nir/libnir.a.p/nir_lower_cooperative_matrix.c.o
[146/1060] Compiling C object src/compiler/nir/libnir.a.p/nir_lower_double_ops.c.o
[147/1060] Compiling C object src/compiler/nir/libnir.a.p/nir_lower_fb_read.c.o
[148/1060] Compiling C object src/compiler/nir/libnir.a.p/nir_lower_flatshade.c.o
[149/1060] Compiling C object src/compiler/nir/libnir.a.p/nir_lower_floats.c.o
[150/1060] Compiling C object src/compiler/nir/libnir.a.p/nir_lower_flrp.c.o
[151/1060] Compiling C object src/compiler/nir/libnir.a.p/nir_lower_fragcoord_wtrans.c.o
[152/1060] Compiling C object src/compiler/nir/libnir.a.p/nir_lower_fp16_conv.c.o
[153/1060] Compiling C object src/compiler/nir/libnir.a.p/nir_lower_frag_coord_to_pixel_coord.c.o
[154/1060] Compiling C object src/compiler/nir/libnir.a.p/nir_lower_explicit_io.c.o
[155/1060] Compiling C object src/compiler/nir/libnir.a.p/nir_lower_fragcolor.c.o
[156/1060] Compiling C object src/compiler/nir/libnir.a.p/nir_lower_global_vars_to_local.c.o
[157/1060] Compiling C object src/compiler/nir/libnir.a.p/nir_lower_frexp.c.o
[158/1060] Compiling C object src/compiler/nir/libnir.a.p/nir_lower_halt_to_return.c.o
[159/1060] Compiling C object src/compiler/nir/libnir.a.p/nir_lower_helper_writes.c.o
[160/1060] Compiling C object src/compiler/nir/libnir.a.p/nir_lower_goto_ifs.c.o
[161/1060] Compiling C object src/compiler/nir/libnir.a.p/nir_lower_load_const_to_scalar.c.o
[162/1060] Compiling C object src/compiler/nir/libnir.a.p/nir_lower_gs_intrinsics.c.o
[163/1060] Compiling C object src/compiler/nir/libnir.a.p/nir_lower_idiv.c.o
[164/1060] Compiling C object src/compiler/nir/libnir.a.p/nir_lower_image_atomics_to_global.c.o
[165/1060] Compiling C object src/compiler/nir/libnir.a.p/nir_lower_image.c.o
[166/1060] Compiling C object src/compiler/nir/libnir.a.p/meson-generated_.._nir_opt_algebraic.c.o
[167/1060] Compiling C object src/compiler/nir/libnir.a.p/nir_lower_indirect_derefs_to_if_else_trees.c.o
[168/1060] Compiling C object src/compiler/nir/libnir.a.p/nir_lower_interpolation.c.o
[169/1060] Compiling C object src/compiler/nir/libnir.a.p/nir_lower_input_attachments.c.o
[170/1060] Compiling C object src/compiler/nir/libnir.a.p/nir_lower_locals_to_regs.c.o
[171/1060] Compiling C object src/compiler/nir/libnir.a.p/nir_lower_int_to_float.c.o
[172/1060] Compiling C object src/compiler/nir/libnir.a.p/nir_lower_int64.c.o
[173/1060] Compiling C object src/compiler/nir/libnir.a.p/nir_lower_io_array_vars_to_elements.c.o
[174/1060] Compiling C object src/compiler/nir/libnir.a.p/nir_lower_io_indirect_loads.c.o
[175/1060] Compiling C object src/compiler/nir/libnir.a.p/nir_lower_io_vars_to_temporaries.c.o
[176/1060] Compiling C object src/compiler/nir/libnir.a.p/nir_lower_io.c.o
[177/1060] Compiling C object src/compiler/nir/libnir.a.p/nir_lower_io_to_scalar.c.o
[178/1060] Compiling C object src/compiler/nir/libnir.a.p/nir_lower_io_vars_to_scalar.c.o
[179/1060] Compiling C object src/compiler/nir/libnir.a.p/nir_lower_is_helper_invocation.c.o
[180/1060] Compiling C object src/compiler/nir/libnir.a.p/nir_lower_multiview.c.o
[181/1060] Compiling C object src/compiler/nir/libnir.a.p/nir_lower_memcpy.c.o
[182/1060] Compiling C object src/compiler/nir/libnir.a.p/nir_lower_mediump.c.o
[183/1060] Compiling C object src/compiler/nir/libnir.a.p/nir_lower_mem_access_bit_sizes.c.o
[184/1060] Compiling C object src/compiler/nir/libnir.a.p/nir_lower_non_uniform_access.c.o
[185/1060] Compiling C object src/compiler/nir/libnir.a.p/nir_lower_memory_model.c.o
[186/1060] Compiling C object src/compiler/nir/libnir.a.p/nir_lower_passthrough_edgeflags.c.o
[187/1060] Compiling C object src/compiler/nir/libnir.a.p/nir_lower_packing.c.o
[188/1060] Compiling C object src/compiler/nir/libnir.a.p/nir_lower_patch_vertices.c.o
[189/1060] Compiling C object src/compiler/nir/libnir.a.p/meson-generated_.._nir_constant_expressions.c.o
[190/1060] Compiling C object src/compiler/nir/libnir.a.p/nir_lower_phis_to_scalar.c.o
[191/1060] Compiling C object src/compiler/nir/libnir.a.p/nir_lower_pntc_ytransform.c.o
[192/1060] Compiling C object src/compiler/nir/libnir.a.p/nir_lower_point_size.c.o
[193/1060] Compiling C object src/compiler/nir/libnir.a.p/nir_lower_poly_line_smooth.c.o
[194/1060] Compiling C object src/compiler/nir/libnir.a.p/nir_lower_point_smooth.c.o
[195/1060] Compiling C object src/compiler/nir/libnir.a.p/nir_lower_reg_intrinsics_to_ssa.c.o
[196/1060] Compiling C object src/compiler/nir/libnir.a.p/nir_lower_printf.c.o
[197/1060] Compiling C object src/compiler/nir/libnir.a.p/nir_lower_sample_shading.c.o
[198/1060] Compiling C object src/compiler/nir/libnir.a.p/nir_lower_readonly_images_to_tex.c.o
[199/1060] Compiling C object src/compiler/nir/libnir.a.p/nir_lower_returns.c.o
[200/1060] Compiling C object src/compiler/nir/libnir.a.p/nir_lower_samplers.c.o
[201/1060] Compiling C object src/compiler/nir/libnir.a.p/nir_lower_robust_access.c.o
[202/1060] Compiling C object src/compiler/nir/libnir.a.p/nir_lower_scratch_to_var.c.o
[203/1060] Compiling C object src/compiler/nir/libnir.a.p/nir_lower_single_sampled.c.o
[204/1060] Compiling C object src/compiler/nir/libnir.a.p/nir_lower_scratch.c.o
[205/1060] Compiling C object src/compiler/nir/libnir.a.p/nir_lower_ssbo.c.o
[206/1060] Compiling C object src/compiler/nir/libnir.a.p/nir_lower_system_values.c.o
[207/1060] Compiling C object src/compiler/nir/libnir.a.p/nir_lower_terminate_to_demote.c.o
[208/1060] Compiling C object src/compiler/nir/libnir.a.p/nir_lower_tess_coord_z.c.o
[209/1060] Compiling C object src/compiler/nir/libnir.a.p/nir_lower_tex_shadow.c.o
[210/1060] Compiling C object src/compiler/nir/libnir.a.p/nir_lower_task_shader.c.o
[211/1060] Compiling C object src/compiler/nir/libnir.a.p/nir_lower_texcoord_replace_late.c.o
[212/1060] Compiling C object src/compiler/nir/libnir.a.p/nir_lower_subgroups.c.o
[213/1060] Compiling C object src/compiler/nir/libnir.a.p/nir_lower_texcoord_replace.c.o
[214/1060] Compiling C object src/compiler/nir/libnir.a.p/nir_lower_two_sided_color.c.o
[215/1060] Compiling C object src/compiler/nir/libnir.a.p/nir_lower_undef_to_zero.c.o
[216/1060] Compiling C object src/compiler/nir/libnir.a.p/nir_lower_view_index_to_device_index.c.o
[217/1060] Compiling C object src/compiler/nir/libnir.a.p/nir_lower_shader_calls.c.o
[218/1060] Compiling C object src/compiler/nir/libnir.a.p/nir_lower_var_copies.c.o
[219/1060] Compiling C object src/compiler/nir/libnir.a.p/nir_lower_vec3_to_vec4.c.o
[220/1060] Compiling C object src/compiler/nir/libnir.a.p/nir_lower_vec_to_regs.c.o
[221/1060] Compiling C object src/compiler/nir/libnir.a.p/nir_lower_vars_to_ssa.c.o
[222/1060] Compiling C object src/compiler/nir/libnir.a.p/nir_lower_wpos_center.c.o
[223/1060] Compiling C object src/compiler/nir/libnir.a.p/nir_lower_viewport_transform.c.o
[224/1060] Compiling C object src/compiler/nir/libnir.a.p/nir_lower_wpos_ytransform.c.o
[225/1060] Compiling C object src/compiler/nir/libnir.a.p/nir_lower_wrmasks.c.o
[226/1060] Compiling C object src/compiler/nir/libnir.a.p/nir_lower_tex.c.o
[227/1060] Compiling C object src/compiler/nir/libnir.a.p/nir_lower_bit_size.c.o
[228/1060] Compiling C object src/compiler/nir/libnir.a.p/nir_lower_uniforms_to_ubo.c.o
[229/1060] Compiling C object src/compiler/nir/libnir.a.p/nir_metadata.c.o
[230/1060] Compiling C object src/compiler/nir/libnir.a.p/nir_mod_analysis.c.o
[231/1060] Compiling C object src/compiler/nir/libnir.a.p/nir_lower_ubo_vec4.c.o
[232/1060] Compiling C object src/compiler/nir/libnir.a.p/nir_lower_sysvals_to_varyings.c.o
[233/1060] Compiling C object src/util/libmesa_util.a.p/meson-generated_.._format_u_format_table.c.o
[234/1060] Compiling C object src/compiler/nir/libnir.a.p/nir_move_output_stores_to_end.c.o
[235/1060] Compiling C object src/compiler/nir/libnir.a.p/nir_move_vec_src_uses_to_dest.c.o
[236/1060] Compiling C object src/compiler/nir/libnir.a.p/nir_lower_workgroup_size.c.o
[237/1060] Compiling C object src/compiler/nir/libnir.a.p/nir_normalize_sin_cos.c.o
[238/1060] Compiling C object src/compiler/nir/libnir.a.p/nir_normalize_cubemap_coords.c.o
[239/1060] Compiling C object src/compiler/nir/libnir.a.p/nir_opt_barriers.c.o
[240/1060] Compiling C object src/compiler/nir/libnir.a.p/nir_opt_access.c.o
[241/1060] Compiling C object src/compiler/nir/libnir.a.p/nir_opt_barycentric.c.o
[242/1060] Compiling C object src/compiler/nir/libnir.a.p/nir_opt_clip_cull_const.c.o
[243/1060] Compiling C object src/compiler/nir/libnir.a.p/nir_opt_combine_stores.c.o
[244/1060] Compiling C object src/compiler/nir/libnir.a.p/nir_opt_comparison_pre.c.o
[245/1060] Compiling C object src/compiler/nir/libnir.a.p/nir_opt_call.c.o
[246/1060] Compiling C object src/compiler/nir/libnir.a.p/nir_opt_cse.c.o
[247/1060] Compiling C object src/compiler/nir/libnir.a.p/nir_opt_copy_propagate.c.o
[248/1060] Compiling C object src/compiler/nir/libnir.a.p/nir_opt_constant_folding.c.o
[249/1060] Compiling C object src/compiler/nir/libnir.a.p/nir_opt_dce.c.o
[250/1060] Compiling C object src/compiler/nir/libnir.a.p/nir_opt_dead_cf.c.o
[251/1060] Compiling C object src/compiler/nir/libnir.a.p/nir_opt_dead_write_vars.c.o
[252/1060] Compiling C object src/compiler/nir/libnir.a.p/nir_opt_frag_coord_to_pixel_coord.c.o
[253/1060] Compiling C object src/compiler/nir/libnir.a.p/nir_opt_fp_math_ctrl.c.o
[254/1060] Compiling C object src/compiler/nir/libnir.a.p/nir_opt_copy_prop_vars.c.o
[255/1060] Compiling C object src/compiler/nir/libnir.a.p/nir_opt_fragdepth.c.o
[256/1060] Compiling C object src/compiler/nir/libnir.a.p/nir_opt_find_array_copies.c.o
[257/1060] Compiling C object src/compiler/nir/libnir.a.p/nir_opt_gcm.c.o
[258/1060] Compiling C object src/compiler/nir/libnir.a.p/nir_opt_generate_bfi.c.o
[259/1060] Compiling C object src/compiler/nir/libnir.a.p/nir_opt_licm.c.o
[260/1060] Compiling C object src/compiler/nir/libnir.a.p/nir_opt_load_skip_helpers.c.o
[261/1060] Compiling C object src/compiler/nir/libnir.a.p/nir_opt_idiv_const.c.o
[262/1060] Compiling C object src/compiler/nir/libnir.a.p/nir_opt_large_constants.c.o
[263/1060] Compiling C object src/compiler/nir/libnir.a.p/nir_opt_move.c.o
[264/1060] Compiling C object src/compiler/nir/libnir.a.p/nir_opt_if.c.o
[265/1060] Compiling C object src/compiler/nir/libnir.a.p/nir_opt_intrinsics.c.o
[266/1060] Compiling C object src/compiler/nir/libnir.a.p/nir_opt_loop.c.o
[267/1060] Compiling C object src/compiler/nir/libnir.a.p/nir_opt_memcpy.c.o
[268/1060] Compiling C object src/compiler/nir/libnir.a.p/nir_opt_loop_unroll.c.o
[269/1060] Compiling C object src/compiler/nir/libnir.a.p/nir_opt_move_discards_to_top.c.o
[270/1060] Compiling C object src/compiler/nir/libnir.a.p/nir_opt_move_to_top.c.o
[271/1060] Compiling C object src/compiler/nir/libnir.a.p/nir_opt_mqsad.c.o
[272/1060] Compiling C object src/compiler/nir/libnir.a.p/nir_opt_non_uniform_access.c.o
[273/1060] Compiling C object src/compiler/nir/libnir.a.p/nir_opt_phi_precision.c.o
[274/1060] Compiling C object src/compiler/nir/libnir.a.p/nir_opt_offsets.c.o
[275/1060] Compiling C object src/compiler/nir/libnir.a.p/nir_opt_peephole_select.c.o
[276/1060] Compiling C object src/compiler/nir/libnir.a.p/nir_opt_phi_to_bool.c.o
[277/1060] Compiling C object src/compiler/nir/libnir.a.p/nir_opt_ray_queries.c.o
[278/1060] Compiling C object src/compiler/nir/libnir.a.p/nir_opt_reassociate_bfi.c.o
[279/1060] Compiling C object src/compiler/nir/libnir.a.p/nir_opt_reassociate.c.o
[280/1060] Compiling C object src/compiler/nir/libnir.a.p/nir_opt_preamble.c.o
[281/1060] Compiling C object src/compiler/nir/libnir.a.p/nir_opt_rematerialize_compares.c.o
[282/1060] Compiling C object src/compiler/nir/libnir.a.p/nir_opt_remove_phis.c.o
[283/1060] Compiling C object src/compiler/nir/libnir.a.p/nir_opt_load_store_vectorize.c.o
[284/1060] Compiling C object src/compiler/nir/libnir.a.p/nir_opt_shrink_stores.c.o
[285/1060] Compiling C object src/compiler/nir/libnir.a.p/nir_opt_sink.c.o
[286/1060] Compiling C object src/compiler/nir/libnir.a.p/nir_opt_undef.c.o
[287/1060] Compiling C object src/compiler/nir/libnir.a.p/nir_opt_uniform_atomics.c.o
[288/1060] Compiling C object src/compiler/nir/libnir.a.p/nir_opt_shrink_vectors.c.o
[289/1060] Compiling C object src/compiler/nir/libnir.a.p/nir_opt_uniform_subgroup.c.o
[290/1060] Compiling C object src/compiler/nir/libnir.a.p/nir_opt_shared_vars_to_subgroup.c.o
[291/1060] Compiling C object src/compiler/nir/libnir.a.p/nir_opt_uub.c.o
[292/1060] Compiling C object src/compiler/nir/libnir.a.p/nir_phi_builder.c.o
[293/1060] Compiling C object src/compiler/nir/libnir.a.p/nir_passthrough_tcs.c.o
[294/1060] Compiling C object src/compiler/nir/libnir.a.p/nir_passthrough_gs.c.o
[295/1060] Compiling C object src/compiler/nir/libnir.a.p/nir_opt_vectorize_io.c.o
[296/1060] Compiling C object src/compiler/nir/libnir.a.p/nir_opt_vectorize_io_vars.c.o
[297/1060] Compiling C object src/compiler/nir/libnir.a.p/nir_propagate_invariant.c.o
[298/1060] Compiling C object src/compiler/nir/libnir.a.p/nir_recompute_io_bases.c.o
[299/1060] Compiling C object src/compiler/nir/libnir.a.p/nir_remove_outputs.c.o
[300/1060] Compiling C object src/compiler/nir/libnir.a.p/nir_opt_vectorize.c.o
[301/1060] Compiling C object src/compiler/nir/libnir.a.p/nir_remove_dead_variables.c.o
[302/1060] Compiling C object src/compiler/nir/libnir.a.p/nir_repair_ssa.c.o
[303/1060] Compiling C object src/compiler/nir/libnir.a.p/nir_remove_tex_shadow.c.o
[304/1060] Compiling C object src/compiler/nir/libnir.a.p/nir_scale_fdiv.c.o
[305/1060] Compiling C object src/compiler/nir/libnir.a.p/nir_print.c.o
[306/1060] Compiling C object src/compiler/nir/libnir.a.p/nir_schedule.c.o
[307/1060] Compiling C object src/compiler/nir/libnir.a.p/nir_range_analysis.c.o
[308/1060] Compiling C object src/compiler/nir/libnir.a.p/nir_separate_merged_clip_cull_io.c.o
[309/1060] Compiling C object src/compiler/nir/libnir.a.p/nir_shader_bisect.c.o
[310/1060] Compiling C object src/compiler/nir/libnir.a.p/nir_search.c.o
[311/1060] Compiling C object src/compiler/nir/libnir.a.p/nir_sweep.c.o
[312/1060] Compiling C object src/compiler/nir/libnir.a.p/nir_split_conversions.c.o
[313/1060] Compiling C object src/compiler/nir/libnir.a.p/nir_split_var_copies.c.o
[314/1060] Compiling C object src/compiler/nir/libnir.a.p/nir_split_64bit_vec3_and_vec4.c.o
[315/1060] Compiling C object src/compiler/nir/libnir.a.p/nir_split_per_member_structs.c.o
[316/1060] Compiling C object src/compiler/nir/libnir.a.p/nir_serialize.c.o
[317/1060] Compiling C object src/compiler/nir/libnir.a.p/nir_validate.c.o
[318/1060] Compiling C object src/compiler/nir/libnir.a.p/nir_use_dominance.c.o
[319/1060] Compiling C object src/compiler/nir/libnir.a.p/nir_to_lcssa.c.o
[320/1060] Compiling C object src/compiler/nir/libnir.a.p/nir_opt_varyings.c.o
[321/1060] Compiling C object src/compiler/nir/libnir.a.p/nir_worklist.c.o
[322/1060] Compiling C object src/compiler/nir/libnir.a.p/nir_trivialize_registers.c.o
[323/1060] Compiling C object src/compiler/nir/libnir.a.p/nir_split_vars.c.o
[324/1060] Compiling C object src/compiler/nir/libnir.a.p/nir_lower_atomics.c.o
[325/1060] Compiling C object src/compiler/spirv/libvtn.a.p/meson-generated_.._vtn_gather_types.c.o
[326/1060] Compiling C object src/compiler/spirv/libvtn.a.p/gl_spirv.c.o
[327/1060] Compiling C object src/compiler/nir/libnir.a.p/nir_unlower_io_to_vars.c.o
[328/1060] Compiling C object src/compiler/spirv/libvtn.a.p/vtn_amd.c.o
[329/1060] Compiling C object src/compiler/spirv/libvtn.a.p/vtn_debug.c.o
[330/1060] Compiling C object src/compiler/spirv/libvtn.a.p/vtn_cmat.c.o
[331/1060] Compiling C object src/compiler/spirv/libvtn.a.p/vtn_cfg.c.o
[332/1060] Compiling C object src/compiler/spirv/libvtn.a.p/vtn_alu.c.o
[333/1060] Compiling C object src/compiler/spirv/libvtn.a.p/vtn_glsl450.c.o
[334/1060] Compiling C object src/compiler/spirv/libvtn.a.p/vtn_subgroup.c.o
[335/1060] Compiling C object src/compiler/glsl/glcpp/libglcpp.a.p/pp.c.o
[336/1060] Compiling C object src/compiler/glsl/glcpp/libglcpp.a.p/meson-generated_.._glcpp-lex.c.o
[337/1060] Compiling C object src/compiler/spirv/libvtn.a.p/vtn_structured_cfg.c.o
[338/1060] Compiling C object src/compiler/spirv/libvtn.a.p/vtn_opencl.c.o
[339/1060] Compiling C object src/compiler/glsl/glcpp/libglcpp.a.p/meson-generated_.._glcpp-parse.c.o
[340/1060] Compiling C++ object src/compiler/glsl/libglsl.a.p/ast_array_index.cpp.o
[341/1060] Compiling C++ object src/compiler/glsl/libglsl.a.p/ast_expr.cpp.o
[342/1060] Compiling C object src/compiler/spirv/libvtn.a.p/vtn_variables.c.o
[343/1060] Compiling C++ object src/compiler/glsl/libglsl.a.p/ast_function.cpp.o
[344/1060] Compiling C++ object src/compiler/glsl/libglsl.a.p/ast_type.cpp.o
[345/1060] Compiling C object src/compiler/spirv/libvtn.a.p/spirv_to_nir.c.o
[346/1060] Compiling C++ object src/compiler/glsl/libglsl.a.p/builtin_types.cpp.o
[347/1060] Compiling C++ object src/compiler/glsl/libglsl.a.p/meson-generated_.._glsl_parser.cpp.o
[348/1060] Compiling C object src/compiler/glsl/libglsl.a.p/gl_nir_detect_function_recursion.c.o
[349/1060] Compiling C object src/compiler/glsl/libglsl.a.p/gl_nir_lower_atomics.c.o
[350/1060] Compiling C object src/compiler/glsl/libglsl.a.p/gl_nir_lower_images.c.o
[351/1060] Compiling C++ object src/compiler/glsl/libglsl.a.p/builtin_variables.cpp.o
[352/1060] Compiling C object src/compiler/glsl/libglsl.a.p/gl_nir_lower_discard_flow.c.o
[353/1060] Compiling C object src/compiler/glsl/libglsl.a.p/gl_nir_lower_buffers.c.o
[354/1060] Compiling C object src/compiler/glsl/libglsl.a.p/gl_nir_lower_named_interface_blocks.c.o
[355/1060] Compiling C object src/compiler/glsl/libglsl.a.p/gl_nir_lower_samplers.c.o
[356/1060] Compiling C object src/compiler/glsl/libglsl.a.p/gl_nir_lower_blend_equation_advanced.c.o
[357/1060] Compiling C object src/compiler/glsl/libglsl.a.p/gl_nir_lower_samplers_as_deref.c.o
[358/1060] Compiling C object src/compiler/glsl/libglsl.a.p/gl_nir_link_atomics.c.o
[359/1060] Compiling C object src/compiler/glsl/libglsl.a.p/gl_nir_lower_xfb_varying.c.o
[360/1060] Compiling C object src/compiler/glsl/libglsl.a.p/gl_nir_lower_packed_varyings.c.o
[361/1060] Compiling C++ object src/compiler/glsl/libglsl.a.p/ast_to_hir.cpp.o
[362/1060] Compiling C object src/compiler/glsl/libglsl.a.p/gl_nir_link_functions.c.o
[363/1060] Compiling C++ object src/compiler/glsl/libglsl.a.p/meson-generated_.._glsl_lexer.cpp.o
[364/1060] Compiling C object src/compiler/glsl/libglsl.a.p/gl_nir_link_uniform_initializers.c.o
[365/1060] Compiling C object src/compiler/glsl/libglsl.a.p/gl_nir_link_xfb.c.o
[366/1060] Compiling C object src/compiler/glsl/libglsl.a.p/gl_nir_link_interface_blocks.c.o
[367/1060] Compiling C object src/compiler/glsl/libglsl.a.p/gl_nir_link_uniform_blocks.c.o
[368/1060] Compiling C object src/compiler/glsl/libglsl.a.p/gl_nir_link_uniforms.c.o
[369/1060] Compiling C++ object src/compiler/glsl/libglsl.a.p/glsl_symbol_table.cpp.o
[370/1060] Compiling C++ object src/compiler/glsl/libglsl.a.p/hir_field_selection.cpp.o
[371/1060] Compiling C++ object src/compiler/glsl/libglsl.a.p/ir_basic_block.cpp.o
[372/1060] Compiling C object src/compiler/glsl/libglsl.a.p/gl_nir_link_varyings.c.o
[373/1060] Compiling C object src/compiler/glsl/libglsl.a.p/gl_nir_linker.c.o
[374/1060] Compiling C++ object src/compiler/glsl/libglsl.a.p/ir_builder.cpp.o
[375/1060] Compiling C++ object src/compiler/glsl/libglsl.a.p/ir_clone.cpp.o
[376/1060] Compiling C++ object src/compiler/glsl/libglsl.a.p/glsl_parser_extras.cpp.o
[377/1060] Compiling C++ object src/compiler/glsl/libglsl.a.p/ir_expression_flattening.cpp.o
[378/1060] Compiling C++ object src/compiler/glsl/libglsl.a.p/ir_function_detect_recursion.cpp.o
[379/1060] Compiling C++ object src/compiler/glsl/libglsl.a.p/glsl_to_nir.cpp.o
[380/1060] Compiling C++ object src/compiler/glsl/libglsl.a.p/ir_hierarchical_visitor.cpp.o
[381/1060] Compiling C++ object src/compiler/glsl/libglsl.a.p/ir_function.cpp.o
[382/1060] Compiling C++ object src/compiler/glsl/libglsl.a.p/ir.cpp.o
[383/1060] Compiling C++ object src/compiler/glsl/libglsl.a.p/ir_rvalue_visitor.cpp.o
[384/1060] Compiling C++ object src/compiler/glsl/libglsl.a.p/ir_hv_accept.cpp.o
[385/1060] Compiling C++ object src/compiler/glsl/libglsl.a.p/ir_variable_refcount.cpp.o
[386/1060] Compiling C++ object src/compiler/glsl/libglsl.a.p/ir_constant_expression.cpp.o
[387/1060] Compiling C++ object src/compiler/glsl/libglsl.a.p/ir_validate.cpp.o
[388/1060] Compiling C++ object src/compiler/glsl/libglsl.a.p/ir_print_visitor.cpp.o
[389/1060] Compiling C++ object src/compiler/glsl/libglsl.a.p/linker_util.cpp.o
[390/1060] Compiling C++ object src/compiler/glsl/libglsl.a.p/lower_builtins.cpp.o
[391/1060] Compiling C++ object src/compiler/glsl/libglsl.a.p/lower_instructions.cpp.o
[392/1060] Compiling C++ object src/compiler/glsl/libglsl.a.p/lower_jumps.cpp.o
[393/1060] Compiling C++ object src/compiler/glsl/libglsl.a.p/lower_mat_op_to_vec.cpp.o
[394/1060] Compiling C++ object src/compiler/glsl/libglsl.a.p/lower_subroutine.cpp.o
[395/1060] Compiling C++ object src/compiler/glsl/libglsl.a.p/lower_packing_builtins.cpp.o
[396/1060] Compiling C++ object src/compiler/glsl/libglsl.a.p/lower_vec_index_to_cond_assign.cpp.o
[397/1060] Compiling C++ object src/compiler/glsl/libglsl.a.p/lower_precision.cpp.o
[398/1060] Compiling C++ object src/compiler/glsl/libglsl.a.p/lower_vector_derefs.cpp.o
[399/1060] Compiling C++ object src/compiler/glsl/libglsl.a.p/opt_algebraic.cpp.o
[400/1060] Compiling C++ object src/compiler/glsl/libglsl.a.p/opt_dead_code.cpp.o
[401/1060] Compiling C++ object src/compiler/glsl/libglsl.a.p/opt_dead_builtin_variables.cpp.o
[402/1060] Compiling C++ object src/compiler/glsl/libglsl.a.p/opt_flatten_nested_if_blocks.cpp.o
[403/1060] Compiling C++ object src/compiler/glsl/libglsl.a.p/string_to_uint_map.cpp.o
[404/1060] Compiling C++ object src/compiler/glsl/libglsl.a.p/opt_function_inlining.cpp.o
[405/1060] Compiling C++ object src/compiler/glsl/libglsl.a.p/opt_if_simplification.cpp.o
[406/1060] Compiling C++ object src/compiler/glsl/libglsl.a.p/opt_rebalance_tree.cpp.o
[407/1060] Compiling C++ object src/compiler/glsl/libglsl.a.p/propagate_invariance.cpp.o
[408/1060] Compiling C++ object src/compiler/glsl/libglsl.a.p/opt_minmax.cpp.o
[409/1060] Compiling C++ object src/compiler/glsl/libglsl.a.p/opt_tree_grafting.cpp.o
[410/1060] Compiling C++ object src/compiler/glsl/libglsl.a.p/builtin_functions.cpp.o
[411/1060] Compiling C++ object src/compiler/glsl/libglsl.a.p/shader_cache.cpp.o
[412/1060] Compiling C++ object src/compiler/glsl/libglsl.a.p/serialize.cpp.o
[413/1060] Compiling C object src/mesa/libmesa.a.p/meson-generated_.._glapi_glapi_gen_enums.c.o
[414/1060] Compiling C object src/mesa/libmesa.a.p/meson-generated_.._format_fallback.c.o
[415/1060] Compiling C object src/mesa/libmesa.a.p/meson-generated_.._program_program_parse.tab.c.o
[416/1060] Compiling C object src/mesa/libmesa.a.p/meson-generated_.._program_lex.yy.c.o
[417/1060] Compiling C object src/mesa/libmesa.a.p/meson-generated_.._glapi_glapi_gen_unmarshal_table.c.o
[418/1060] Compiling C object src/mesa/libmesa.a.p/meson-generated_.._glapi_glapi_gen_api_exec_init.c.o
[419/1060] Compiling C object src/mesa/glapi/shared-glapi/libglapi.a.p/core.c.o
[420/1060] Compiling C object src/mesa/libmesa.a.p/meson-generated_.._glapi_glapi_gen_marshal_generated0.c.o
[421/1060] Compiling C object src/mesa/libmesa.a.p/meson-generated_.._glapi_glapi_gen_marshal_generated1.c.o
[422/1060] Compiling C object src/mesa/libmesa.a.p/meson-generated_.._glapi_glapi_gen_marshal_generated2.c.o
[423/1060] Compiling C object src/mesa/libmesa.a.p/meson-generated_.._glapi_glapi_gen_marshal_generated4.c.o
[424/1060] Compiling C object src/mesa/libmesa.a.p/meson-generated_.._glapi_glapi_gen_marshal_generated3.c.o
[425/1060] Compiling C object src/mesa/libmesa.a.p/main_accum.c.o
[426/1060] Compiling C object src/mesa/libmesa.a.p/meson-generated_.._glapi_glapi_gen_marshal_generated5.c.o
[427/1060] Compiling C object src/mesa/libmesa.a.p/main_api_arrayelt.c.o
[428/1060] Compiling C object src/mesa/libmesa.a.p/main_arbprogram.c.o
[429/1060] Compiling C object src/mesa/libmesa.a.p/meson-generated_.._glapi_glapi_gen_marshal_generated6.c.o
[430/1060] Compiling C object src/mesa/libmesa.a.p/main_arrayobj.c.o
[431/1060] Compiling C object src/mesa/libmesa.a.p/main_atifragshader.c.o
[432/1060] Compiling C object src/mesa/libmesa.a.p/main_barrier.c.o
[433/1060] Compiling C object src/mesa/libmesa.a.p/main_bbox.c.o
[434/1060] Compiling C object src/mesa/libmesa.a.p/main_attrib.c.o
[435/1060] Compiling C object src/mesa/libmesa.a.p/main_blit.c.o
[436/1060] Compiling C object src/mesa/libmesa.a.p/meson-generated_.._glapi_glapi_gen_marshal_generated7.c.o
[437/1060] Compiling C object src/mesa/libmesa.a.p/main_blend.c.o
[438/1060] Compiling C object src/mesa/libmesa.a.p/main_clip.c.o
[439/1060] Compiling C object src/mesa/libmesa.a.p/main_clear.c.o
[440/1060] Compiling C object src/mesa/libmesa.a.p/main_buffers.c.o
[441/1060] Compiling C object src/mesa/libmesa.a.p/main_condrender.c.o
[442/1060] Compiling C object src/mesa/libmesa.a.p/main_conservativeraster.c.o
[443/1060] Compiling C object src/mesa/libmesa.a.p/main_compute.c.o
[444/1060] Compiling C object src/mesa/libmesa.a.p/main_debug.c.o
[445/1060] Compiling C object src/mesa/libmesa.a.p/main_copyimage.c.o
[446/1060] Compiling C object src/mesa/libmesa.a.p/main_depth.c.o
[447/1060] Compiling C object src/mesa/libmesa.a.p/main_context.c.o
[448/1060] Compiling C object src/mesa/libmesa.a.p/main_debug_output.c.o
[449/1060] Compiling C object src/mesa/libmesa.a.p/main_draw_validate.c.o
[450/1060] Compiling C object src/mesa/libmesa.a.p/main_drawtex.c.o
[451/1060] Compiling C object src/mesa/libmesa.a.p/main_drawpix.c.o
[452/1060] Compiling C object src/mesa/libmesa.a.p/main_bufferobj.c.o
[453/1060] Compiling C object src/mesa/libmesa.a.p/main_errors.c.o
[454/1060] Compiling C object src/mesa/libmesa.a.p/main_draw.c.o
[455/1060] Compiling C object src/mesa/libmesa.a.p/meson-generated_.._glapi_glapi_gen_api_trace.c.o
[456/1060] Compiling C object src/mesa/libmesa.a.p/main_es1_conversion.c.o
[457/1060] Compiling C object src/mesa/libmesa.a.p/main_extensions_table.c.o
[458/1060] Compiling C object src/mesa/libmesa.a.p/main_extensions.c.o
[459/1060] Compiling C object src/mesa/libmesa.a.p/main_eval.c.o
[460/1060] Compiling C object src/mesa/libmesa.a.p/main_enable.c.o
[461/1060] Compiling C object src/mesa/libmesa.a.p/main_externalobjects.c.o
[462/1060] Compiling C object src/mesa/libmesa.a.p/main_fog.c.o
[463/1060] Compiling C object src/mesa/libmesa.a.p/main_feedback.c.o
[464/1060] Compiling C object src/mesa/libmesa.a.p/main_ff_fragment_shader.c.o
[465/1060] Compiling C object src/mesa/libmesa.a.p/main_formats.c.o
[466/1060] Compiling C object src/mesa/libmesa.a.p/main_framebuffer.c.o
[467/1060] Compiling C object src/mesa/libmesa.a.p/main_ffvertex_prog.c.o
[468/1060] Compiling C object src/mesa/libmesa.a.p/main_formatquery.c.o
[469/1060] Compiling C object src/mesa/libmesa.a.p/main_genmipmap.c.o
[470/1060] Compiling C object src/mesa/libmesa.a.p/main_getstring.c.o
[471/1060] Compiling C object src/mesa/libmesa.a.p/main_glspirv.c.o
[472/1060] Compiling C object src/mesa/libmesa.a.p/main_fbobject.c.o
[473/1060] Compiling C object src/mesa/libmesa.a.p/main_glthread.c.o
[474/1060] Compiling C object src/mesa/libmesa.a.p/main_glthread_bufferobj.c.o
[475/1060] Compiling C object src/mesa/libmesa.a.p/main_get.c.o
[476/1060] Compiling C object src/mesa/libmesa.a.p/main_glformats.c.o
[477/1060] Compiling C object src/mesa/libmesa.a.p/main_glthread_get.c.o
[478/1060] Compiling C object src/mesa/libmesa.a.p/main_glthread_list.c.o
[479/1060] Compiling C object src/mesa/libmesa.a.p/main_glthread_draw_unroll.c.o
[480/1060] Compiling C object src/mesa/libmesa.a.p/main_glthread_pixels.c.o
[481/1060] Compiling C object src/mesa/libmesa.a.p/main_glthread_shaderobj.c.o
[482/1060] Compiling C object src/mesa/libmesa.a.p/main_hash.c.o
[483/1060] Compiling C object src/mesa/libmesa.a.p/main_hint.c.o
[484/1060] Compiling C object src/mesa/libmesa.a.p/main_glthread_varray.c.o
[485/1060] Compiling C object src/mesa/libmesa.a.p/main_image.c.o
[486/1060] Compiling C object src/mesa/libmesa.a.p/main_lines.c.o
[487/1060] Compiling C object src/mesa/libmesa.a.p/main_light.c.o
[488/1060] Compiling C object src/mesa/libmesa.a.p/main_mesh_shader.c.o
[489/1060] Compiling C object src/mesa/libmesa.a.p/main_matrix.c.o
[490/1060] Compiling C object src/mesa/libmesa.a.p/main_mipmap.c.o
[491/1060] Compiling C object src/mesa/libmesa.a.p/main_multisample.c.o
[492/1060] Compiling C object src/mesa/libmesa.a.p/main_objectlabel.c.o
[493/1060] Compiling C object src/mesa/libmesa.a.p/main_pbo.c.o
[494/1060] Compiling C object src/mesa/libmesa.a.p/main_performance_query.c.o
[495/1060] Compiling C object src/mesa/libmesa.a.p/main_performance_monitor.c.o
[496/1060] Compiling C object src/mesa/libmesa.a.p/main_pack.c.o
[497/1060] Compiling C object src/mesa/libmesa.a.p/main_pipelineobj.c.o
[498/1060] Compiling C object src/mesa/libmesa.a.p/main_pixelstore.c.o
[499/1060] Compiling C object src/mesa/libmesa.a.p/main_pixel.c.o
[500/1060] Compiling C object src/mesa/libmesa.a.p/main_points.c.o
[501/1060] Compiling C object src/mesa/libmesa.a.p/main_pixeltransfer.c.o
[502/1060] Compiling C object src/mesa/libmesa.a.p/main_polygon.c.o
[503/1060] Compiling C object src/mesa/libmesa.a.p/main_glthread_draw.c.o
[504/1060] Compiling C object src/mesa/libmesa.a.p/main_program_binary.c.o
[505/1060] Compiling C object src/mesa/libmesa.a.p/main_program_resource.c.o
[506/1060] Compiling C object src/mesa/libmesa.a.p/main_rastpos.c.o
[507/1060] Compiling C object src/mesa/libmesa.a.p/main_queryobj.c.o
[508/1060] Compiling C object src/mesa/libmesa.a.p/main_robustness.c.o
[509/1060] Compiling C object src/mesa/libmesa.a.p/main_renderbuffer.c.o
[510/1060] Compiling C object src/mesa/libmesa.a.p/main_readpix.c.o
[511/1060] Compiling C object src/mesa/libmesa.a.p/main_scissor.c.o
[512/1060] Compiling C object src/mesa/libmesa.a.p/main_samplerobj.c.o
[513/1060] Compiling C object src/mesa/libmesa.a.p/main_shaderobj.c.o
[514/1060] Compiling C object src/mesa/libmesa.a.p/main_shaderimage.c.o
[515/1060] Compiling C object src/mesa/libmesa.a.p/main_shared.c.o
[516/1060] Compiling C object src/mesa/libmesa.a.p/main_spirv_capabilities.c.o
[517/1060] Compiling C object src/mesa/libmesa.a.p/main_spirv_extensions.c.o
[518/1060] Compiling C++ object src/mesa/libmesa.a.p/main_shader_query.cpp.o
[519/1060] Compiling C object src/mesa/libmesa.a.p/main_state.c.o
[520/1060] Compiling C object src/mesa/libmesa.a.p/main_stencil.c.o
[521/1060] Compiling C object src/mesa/libmesa.a.p/main_shaderapi.c.o
[522/1060] Compiling C object src/mesa/libmesa.a.p/main_syncobj.c.o
[523/1060] Compiling C object src/mesa/libmesa.a.p/main_texcompress.c.o
[524/1060] Compiling C object src/mesa/libmesa.a.p/main_texcompress_cpal.c.o
[525/1060] Compiling C object src/mesa/libmesa.a.p/main_texcompress_fxt1.c.o
[526/1060] Compiling C object src/mesa/libmesa.a.p/main_texcompress_rgtc.c.o
[527/1060] Compiling C object src/mesa/libmesa.a.p/main_texcompress_etc.c.o
[528/1060] Compiling C object src/mesa/libmesa.a.p/main_texcompress_bptc.c.o
[529/1060] Compiling C object src/mesa/libmesa.a.p/main_texenv.c.o
[530/1060] Compiling C object src/mesa/libmesa.a.p/main_texgen.c.o
[531/1060] Compiling C object src/mesa/libmesa.a.p/main_texcompress_s3tc.c.o
[532/1060] Compiling C object src/mesa/libmesa.a.p/main_texgetimage.c.o
[533/1060] Compiling C object src/mesa/libmesa.a.p/main_dlist.c.o
[534/1060] Compiling C object src/mesa/libmesa.a.p/main_texstorage.c.o
[535/1060] Compiling C object src/mesa/libmesa.a.p/main_texstate.c.o
[536/1060] Compiling C object src/mesa/libmesa.a.p/main_texobj.c.o
[537/1060] Compiling C object src/mesa/libmesa.a.p/main_texstore.c.o
[538/1060] Compiling C object src/mesa/libmesa.a.p/main_texparam.c.o
[539/1060] Compiling C object src/mesa/libmesa.a.p/main_textureview.c.o
[540/1060] Compiling C object src/mesa/libmesa.a.p/main_texturebindless.c.o
[541/1060] Compiling C object src/mesa/libmesa.a.p/main_transformfeedback.c.o
[542/1060] Compiling C object src/mesa/libmesa.a.p/main_version.c.o
[543/1060] Compiling C object src/mesa/libmesa.a.p/main_uniforms.c.o
[544/1060] Compiling C object src/mesa/libmesa.a.p/main_viewport.c.o
[545/1060] Compiling C object src/mesa/libmesa.a.p/math_m_eval.c.o
[546/1060] Compiling C++ object src/mesa/libmesa.a.p/main_uniform_query.cpp.o
[547/1060] Compiling C object src/mesa/libmesa.a.p/program_arbprogparse.c.o
[548/1060] Compiling C object src/mesa/libmesa.a.p/program_prog_instruction.c.o
[549/1060] Compiling C object src/mesa/libmesa.a.p/math_m_matrix.c.o
[550/1060] Compiling C object src/mesa/libmesa.a.p/program_prog_cache.c.o
[551/1060] Compiling C object src/mesa/libmesa.a.p/main_teximage.c.o
[552/1060] Compiling C object src/mesa/libmesa.a.p/main_varray.c.o
[553/1060] Compiling C object src/mesa/libmesa.a.p/program_prog_parameter.c.o
[554/1060] Compiling C object src/mesa/libmesa.a.p/program_prog_parameter_layout.c.o
[555/1060] Compiling C object src/mesa/libmesa.a.p/program_program_parse_extra.c.o
[556/1060] Compiling C object src/mesa/libmesa.a.p/program_symbol_table.c.o
[557/1060] Compiling C object src/mesa/libmesa.a.p/program_prog_print.c.o
[558/1060] Compiling C object src/mesa/libmesa.a.p/program_program.c.o
[559/1060] Compiling C object src/mesa/libmesa.a.p/state_tracker_st_atom_atomicbuf.c.o
[560/1060] Compiling C object src/mesa/libmesa.a.p/state_tracker_st_atom_clip.c.o
[561/1060] Compiling C object src/mesa/libmesa.a.p/program_prog_to_nir.c.o
[562/1060] Compiling C object src/mesa/libmesa.a.p/program_prog_statevars.c.o
[563/1060] Compiling C object src/mesa/libmesa.a.p/state_tracker_st_atom_blend.c.o
[564/1060] Compiling C object src/mesa/libmesa.a.p/state_tracker_st_atifs_to_nir.c.o
[565/1060] Compiling C object src/mesa/libmesa.a.p/state_tracker_st_atom_depth.c.o
[566/1060] Compiling C object src/mesa/libmesa.a.p/state_tracker_st_atom_constbuf.c.o
[567/1060] Compiling C object src/mesa/libmesa.a.p/state_tracker_st_atom_image.c.o
[568/1060] Compiling C object src/mesa/libmesa.a.p/state_tracker_st_atom_framebuffer.c.o
[569/1060] Compiling C object src/mesa/libmesa.a.p/state_tracker_st_atom_msaa.c.o
[570/1060] Compiling C object src/mesa/libmesa.a.p/state_tracker_st_atom_pixeltransfer.c.o
[571/1060] Compiling C object src/mesa/libmesa.a.p/state_tracker_st_atom_stipple.c.o
[572/1060] Compiling C object src/mesa/libmesa.a.p/state_tracker_st_atom_sampler.c.o
[573/1060] Compiling C object src/mesa/libmesa.a.p/state_tracker_st_atom_scissor.c.o
[574/1060] Compiling C object src/mesa/libmesa.a.p/state_tracker_st_atom_rasterizer.c.o
[575/1060] Compiling C object src/mesa/libmesa.a.p/state_tracker_st_atom_storagebuf.c.o
[576/1060] Compiling C object src/mesa/libmesa.a.p/state_tracker_st_atom_shader.c.o
[577/1060] Compiling C object src/mesa/libmesa.a.p/state_tracker_st_atom_tess.c.o
[578/1060] Compiling C object src/mesa/libmesa.a.p/state_tracker_st_atom_viewport.c.o
[579/1060] Compiling C object src/mesa/libmesa.a.p/state_tracker_st_atom_texture.c.o
[580/1060] Compiling C object src/mesa/libmesa.a.p/state_tracker_st_cb_bitmap.c.o
[581/1060] Compiling C++ object src/mesa/libmesa.a.p/state_tracker_st_atom_array.cpp.o
[582/1060] Compiling C object src/mesa/libmesa.a.p/state_tracker_st_cb_clear.c.o
[583/1060] Compiling C object src/mesa/libmesa.a.p/state_tracker_st_cb_copyimage.c.o
[584/1060] Compiling C object src/mesa/libmesa.a.p/state_tracker_st_cb_drawtex.c.o
[585/1060] Compiling C object src/mesa/libmesa.a.p/state_tracker_st_cb_eglimage.c.o
[586/1060] Compiling C object src/mesa/libmesa.a.p/state_tracker_st_cb_flush.c.o
[587/1060] Compiling C object src/mesa/libmesa.a.p/state_tracker_st_cb_feedback.c.o
[588/1060] Compiling C object src/mesa/libmesa.a.p/state_tracker_st_cb_rasterpos.c.o
[589/1060] Compiling C object src/mesa/libmesa.a.p/state_tracker_st_cb_readpixels.c.o
[590/1060] Compiling C object src/mesa/libmesa.a.p/state_tracker_st_copytex.c.o
[591/1060] Compiling C object src/mesa/libmesa.a.p/state_tracker_st_debug.c.o
[592/1060] Compiling C object src/mesa/libmesa.a.p/state_tracker_st_cb_drawpixels.c.o
[593/1060] Compiling C object src/mesa/libmesa.a.p/state_tracker_st_context.c.o
[594/1060] Compiling C object src/mesa/libmesa.a.p/state_tracker_st_draw.c.o
[595/1060] Compiling C object src/mesa/libmesa.a.p/state_tracker_st_draw_feedback.c.o
[596/1060] Compiling C object src/mesa/libmesa.a.p/main_format_utils.c.o
[597/1060] Compiling C object src/mesa/libmesa.a.p/state_tracker_st_format.c.o
[598/1060] Compiling C object src/mesa/libmesa.a.p/state_tracker_st_gen_mipmap.c.o
[599/1060] Compiling C object src/mesa/libmesa.a.p/state_tracker_st_extensions.c.o
[600/1060] Compiling C object src/mesa/libmesa.a.p/state_tracker_st_cb_texture.c.o
[601/1060] Compiling C object src/mesa/libmesa.a.p/state_tracker_st_interop.c.o
[602/1060] Compiling C object src/mesa/libmesa.a.p/state_tracker_st_draw_hw_select.c.o
[603/1060] Compiling C object src/mesa/libmesa.a.p/state_tracker_st_nir_lower_alpha_test.c.o
[604/1060] Compiling C object src/mesa/libmesa.a.p/state_tracker_st_nir_builtins.c.o
[605/1060] Compiling C object src/mesa/libmesa.a.p/state_tracker_st_manager.c.o
[606/1060] Compiling C object src/mesa/libmesa.a.p/state_tracker_st_nir_lower_builtin.c.o
[607/1060] Compiling C object src/mesa/libmesa.a.p/state_tracker_st_nir_lower_drawpixels.c.o
[608/1060] Compiling C++ object src/mesa/libmesa.a.p/state_tracker_st_glsl_to_nir.cpp.o
[609/1060] Compiling C object src/mesa/libmesa.a.p/state_tracker_st_nir_lower_fog.c.o
[610/1060] Compiling C object src/mesa/libmesa.a.p/state_tracker_st_nir_lower_point_size_mov.c.o
[611/1060] Compiling C object src/mesa/libmesa.a.p/state_tracker_st_nir_lower_position_invariant.c.o
[612/1060] Compiling C object src/mesa/libmesa.a.p/state_tracker_st_nir_lower_tex_src_plane.c.o
[613/1060] Compiling C object src/mesa/libmesa.a.p/state_tracker_st_scissor.c.o
[614/1060] Compiling C object src/mesa/libmesa.a.p/state_tracker_st_sampler_view.c.o
[615/1060] Compiling C object src/mesa/libmesa.a.p/state_tracker_st_shader_cache.c.o
[616/1060] Compiling C object src/mesa/libmesa.a.p/state_tracker_st_pbo.c.o
[617/1060] Compiling C object src/mesa/libmesa.a.p/state_tracker_st_texture.c.o
[618/1060] Compiling C object src/mesa/libmesa.a.p/vbo_vbo_context.c.o
[619/1060] Compiling C object src/mesa/libmesa.a.p/state_tracker_st_texcompress_compute.c.o
[620/1060] Compiling C object src/mesa/libmesa.a.p/state_tracker_st_program.c.o
[621/1060] Compiling C object src/mesa/libmesa.a.p/vbo_vbo_exec.c.o
[622/1060] Compiling C object src/mesa/libmesa.a.p/vbo_vbo_exec_draw.c.o
[623/1060] Compiling C object src/mesa/libmesa.a.p/state_tracker_st_pbo_compute.c.o
[624/1060] Compiling C object src/mesa/libmesa.a.p/vbo_vbo_save.c.o
[625/1060] Compiling C object src/mesa/libmesa.a.p/vbo_vbo_exec_eval.c.o
[626/1060] Compiling C object src/mesa/libmesa.a.p/vbo_vbo_minmax_index.c.o
[627/1060] Compiling C object src/gallium/auxiliary/libgallium.a.p/meson-generated_.._tr_util.c.o
[628/1060] Compiling C object src/gallium/auxiliary/libgallium.a.p/meson-generated_.._draw_nir_lower_opcodes.c.o
[629/1060] Compiling C object src/mesa/libmesa.a.p/vbo_vbo_save_draw.c.o
[630/1060] Compiling C object src/gallium/auxiliary/libgallium.a.p/meson-generated_.._lp_bld_nir_no_integer_algebraic.c.o
[631/1060] Compiling C object src/mesa/libmesa.a.p/vbo_vbo_save_loopback.c.o
[632/1060] Compiling C object src/gallium/auxiliary/libgallium.a.p/meson-generated_.._u_tracepoints.c.o
[633/1060] Compiling C object src/gallium/auxiliary/libgallium.a.p/pipebuffer_pb_buffer_fenced.c.o
[634/1060] Compiling C object src/gallium/auxiliary/libgallium.a.p/pipebuffer_pb_bufmgr_cache.c.o
[635/1060] Compiling C object src/gallium/auxiliary/libgallium.a.p/pipebuffer_pb_bufmgr_debug.c.o
[636/1060] Compiling C object src/mesa/libmesa.a.p/vbo_vbo_noop.c.o
[637/1060] Compiling C object src/gallium/auxiliary/libgallium.a.p/pipebuffer_pb_bufmgr_mm.c.o
[638/1060] Compiling C object src/gallium/auxiliary/libgallium.a.p/driver_ddebug_dd_draw.c.o
[639/1060] Compiling C object src/gallium/auxiliary/libgallium.a.p/pipebuffer_pb_bufmgr_slab.c.o
[640/1060] Compiling C object src/gallium/auxiliary/libgallium.a.p/pipebuffer_pb_validate.c.o
[641/1060] Compiling C object src/gallium/auxiliary/libgallium.a.p/pipebuffer_pb_cache.c.o
[642/1060] Compiling C object src/gallium/auxiliary/libgallium.a.p/util_u_async_debug.c.o
[643/1060] Compiling C object src/gallium/auxiliary/libgallium.a.p/meson-generated_.._u_unfilled_gen.c.o
[644/1060] Compiling C object src/gallium/auxiliary/libgallium.a.p/util_u_bitmask.c.o
[645/1060] Compiling C object src/gallium/auxiliary/libgallium.a.p/util_u_debug_describe.c.o
[646/1060] Compiling C object src/gallium/auxiliary/libgallium.a.p/util_u_debug_image.c.o
[647/1060] Compiling C object src/gallium/auxiliary/libgallium.a.p/util_u_driconf.c.o
[648/1060] Compiling C object src/gallium/auxiliary/libgallium.a.p/util_u_draw_quad.c.o
[649/1060] Compiling C object src/gallium/auxiliary/libgallium.a.p/util_u_draw.c.o
[650/1060] Compiling C object src/gallium/auxiliary/libgallium.a.p/util_u_dump_defines.c.o
[651/1060] Compiling C object src/gallium/auxiliary/libgallium.a.p/util_u_gen_mipmap.c.o
[652/1060] Compiling C object src/gallium/auxiliary/libgallium.a.p/util_u_framebuffer.c.o
[653/1060] Compiling C object src/gallium/auxiliary/libgallium.a.p/util_u_handle_table.c.o
[654/1060] Compiling C object src/gallium/auxiliary/libgallium.a.p/util_u_index_modify.c.o
[655/1060] Compiling C object src/gallium/auxiliary/libgallium.a.p/util_u_dump_state.c.o
[656/1060] Compiling C object src/gallium/auxiliary/libgallium.a.p/util_u_helpers.c.o
[657/1060] Compiling C object src/gallium/auxiliary/libgallium.a.p/util_u_blitter.c.o
[658/1060] Compiling C object src/gallium/auxiliary/libgallium.a.p/util_u_live_shader_cache.c.o
[659/1060] Compiling C object src/gallium/auxiliary/libgallium.a.p/util_u_log.c.o
[660/1060] Compiling C object src/gallium/auxiliary/libgallium.a.p/util_u_prim.c.o
[661/1060] Compiling C object src/gallium/auxiliary/libgallium.a.p/util_u_sample_positions.c.o
[662/1060] Compiling C object src/gallium/auxiliary/libgallium.a.p/util_u_resource.c.o
[663/1060] Compiling C object src/gallium/auxiliary/libgallium.a.p/util_u_prim_restart.c.o
[664/1060] Compiling C object src/gallium/auxiliary/libgallium.a.p/util_u_sampler.c.o
[665/1060] Compiling C object src/gallium/auxiliary/libgallium.a.p/util_u_pstipple.c.o
[666/1060] Compiling C object src/gallium/auxiliary/libgallium.a.p/util_u_split_draw.c.o
[667/1060] Compiling C object src/gallium/auxiliary/libgallium.a.p/util_u_screen.c.o
[668/1060] Compiling C object src/gallium/auxiliary/libgallium.a.p/util_u_texture.c.o
[669/1060] Compiling C object src/gallium/auxiliary/libgallium.a.p/util_u_suballoc.c.o
[670/1060] Compiling C object src/gallium/auxiliary/libgallium.a.p/util_u_transfer.c.o
[671/1060] Compiling C object src/gallium/auxiliary/libgallium.a.p/util_u_surface.c.o
[672/1060] Compiling C object src/gallium/auxiliary/libgallium.a.p/util_u_tile.c.o
[673/1060] Compiling C object src/gallium/auxiliary/libgallium.a.p/util_u_transfer_helper.c.o
[674/1060] Compiling C object src/gallium/auxiliary/libgallium.a.p/util_u_trace_gallium.c.o
[675/1060] Compiling C object src/gallium/auxiliary/libgallium.a.p/util_u_upload_mgr.c.o
[676/1060] Compiling C object src/gallium/auxiliary/libgallium.a.p/util_u_vertex_state_cache.c.o
[677/1060] Compiling C object src/gallium/auxiliary/libgallium.a.p/cso_cache_cso_cache.c.o
[678/1060] Compiling C object src/gallium/auxiliary/libgallium.a.p/cso_cache_cso_hash.c.o
[679/1060] Compiling C object src/gallium/auxiliary/libgallium.a.p/util_u_vbuf.c.o
[680/1060] Compiling C object src/gallium/auxiliary/libgallium.a.p/draw_draw_fs.c.o
[681/1060] Compiling C object src/gallium/auxiliary/libgallium.a.p/cso_cache_cso_context.c.o
[682/1060] Compiling C object src/gallium/auxiliary/libgallium.a.p/draw_draw_context.c.o
[683/1060] Compiling C object src/gallium/auxiliary/libgallium.a.p/draw_draw_mesh.c.o
[684/1060] Compiling C object src/gallium/auxiliary/libgallium.a.p/draw_draw_mesh_prim.c.o
[685/1060] Compiling C object src/gallium/auxiliary/libgallium.a.p/draw_draw_pipe_aaline.c.o
[686/1060] Compiling C object src/gallium/auxiliary/libgallium.a.p/draw_draw_gs.c.o
[687/1060] Compiling C object src/gallium/auxiliary/libgallium.a.p/draw_draw_pipe_aapoint.c.o
[688/1060] Compiling C object src/gallium/auxiliary/libgallium.a.p/draw_draw_pipe_cull.c.o
[689/1060] Compiling C object src/gallium/auxiliary/libgallium.a.p/draw_draw_pipe_clip.c.o
[690/1060] Compiling C object src/gallium/auxiliary/libgallium.a.p/draw_draw_pipe.c.o
[691/1060] Compiling C object src/gallium/auxiliary/libgallium.a.p/draw_draw_pipe_flatshade.c.o
[692/1060] Compiling C object src/gallium/auxiliary/libgallium.a.p/draw_draw_pipe_offset.c.o
[693/1060] Compiling C object src/gallium/auxiliary/libgallium.a.p/util_u_threaded_context.c.o
[694/1060] Compiling C object src/gallium/auxiliary/libgallium.a.p/draw_draw_pipe_stipple.c.o
[695/1060] Compiling C object src/gallium/auxiliary/libgallium.a.p/draw_draw_pipe_pstipple.c.o
[696/1060] Compiling C object src/gallium/auxiliary/libgallium.a.p/draw_draw_pipe_twoside.c.o
[697/1060] Compiling C object src/gallium/auxiliary/libgallium.a.p/draw_draw_pipe_unfilled.c.o
[698/1060] Compiling C object src/gallium/auxiliary/libgallium.a.p/draw_draw_pipe_user_cull.c.o
[699/1060] Compiling C object src/gallium/auxiliary/libgallium.a.p/draw_draw_pipe_util.c.o
[700/1060] Compiling C object src/gallium/auxiliary/libgallium.a.p/draw_draw_pipe_validate.c.o
[701/1060] Compiling C object src/gallium/auxiliary/libgallium.a.p/draw_draw_pipe_wide_line.c.o
[702/1060] Compiling C object src/gallium/auxiliary/libgallium.a.p/draw_draw_pipe_vbuf.c.o
[703/1060] Compiling C object src/gallium/auxiliary/libgallium.a.p/draw_draw_pipe_wide_point.c.o
[704/1060] Compiling C object src/gallium/auxiliary/libgallium.a.p/draw_draw_pt.c.o
[705/1060] Compiling C object src/gallium/auxiliary/libgallium.a.p/draw_draw_pt_fetch.c.o
[706/1060] Compiling C object src/gallium/auxiliary/libgallium.a.p/draw_draw_pt_emit.c.o
[707/1060] Compiling C object src/gallium/auxiliary/libgallium.a.p/draw_draw_prim_assembler.c.o
[708/1060] Compiling C object src/gallium/auxiliary/libgallium.a.p/draw_draw_pt_fetch_shade_emit.c.o
[709/1060] Compiling C object src/gallium/auxiliary/libgallium.a.p/draw_draw_pt_mesh_pipeline.c.o
[710/1060] Compiling C object src/gallium/auxiliary/libgallium.a.p/draw_draw_pt_fetch_shade_pipeline.c.o
[711/1060] Compiling C object src/gallium/auxiliary/libgallium.a.p/draw_draw_pt_util.c.o
[712/1060] Compiling C object src/gallium/auxiliary/libgallium.a.p/draw_draw_vertex.c.o
[713/1060] Compiling C object src/gallium/auxiliary/libgallium.a.p/draw_draw_pt_so_emit.c.o
[714/1060] Compiling C object src/gallium/auxiliary/libgallium.a.p/draw_draw_tess.c.o
[715/1060] Compiling C object src/gallium/auxiliary/libgallium.a.p/draw_draw_pt_vsplit.c.o
[716/1060] Compiling C object src/gallium/auxiliary/libgallium.a.p/draw_draw_pt_post_vs.c.o
[717/1060] Compiling C object src/gallium/auxiliary/libgallium.a.p/draw_draw_vs_exec.c.o
[718/1060] Compiling C object src/gallium/auxiliary/libgallium.a.p/draw_draw_vs.c.o
[719/1060] Compiling C object src/gallium/auxiliary/libgallium.a.p/draw_draw_vs_variant.c.o
[720/1060] Compiling C object src/gallium/auxiliary/libgallium.a.p/driver_ddebug_dd_screen.c.o
[721/1060] Compiling C object src/gallium/auxiliary/libgallium.a.p/driver_noop_noop_state.c.o
[722/1060] Compiling C object src/gallium/auxiliary/libgallium.a.p/driver_noop_noop_pipe.c.o
[723/1060] Compiling C object src/gallium/auxiliary/libgallium.a.p/driver_ddebug_dd_context.c.o
[724/1060] Compiling C object src/gallium/auxiliary/libgallium.a.p/driver_trace_tr_texture.c.o
[725/1060] Compiling C object src/gallium/auxiliary/libgallium.a.p/driver_trace_tr_dump.c.o
[726/1060] Compiling C object src/gallium/auxiliary/libgallium.a.p/driver_trace_tr_dump_state.c.o
[727/1060] Compiling C object src/gallium/auxiliary/libgallium.a.p/driver_trace_tr_screen.c.o
[728/1060] Compiling C object src/gallium/auxiliary/libgallium.a.p/hud_font.c.o
[729/1060] Compiling C object src/gallium/auxiliary/libgallium.a.p/driver_trace_tr_context.c.o
[730/1060] Compiling C object src/gallium/auxiliary/libgallium.a.p/driver_trace_tr_video.c.o
[731/1060] Compiling C object src/gallium/auxiliary/libgallium.a.p/hud_hud_cpu.c.o
[732/1060] Compiling C object src/gallium/auxiliary/libgallium.a.p/hud_hud_driver_query.c.o
[733/1060] Compiling C object src/gallium/auxiliary/libgallium.a.p/hud_hud_fps.c.o
[734/1060] Compiling C object src/gallium/auxiliary/libgallium.a.p/rtasm_rtasm_execmem.c.o
[735/1060] Compiling C object src/gallium/auxiliary/libgallium.a.p/indices_u_primconvert.c.o
[736/1060] Compiling C object src/gallium/auxiliary/libgallium.a.p/tgsi_tgsi_aa_point.c.o
[737/1060] Compiling C object src/gallium/auxiliary/libgallium.a.p/hud_hud_context.c.o
[738/1060] Compiling C object src/gallium/auxiliary/libgallium.a.p/tgsi_tgsi_build.c.o
[739/1060] Compiling C object src/gallium/auxiliary/libgallium.a.p/tgsi_tgsi_dynamic_indexing.c.o
[740/1060] Compiling C object src/gallium/auxiliary/libgallium.a.p/tgsi_tgsi_dump.c.o
[741/1060] Compiling C object src/gallium/auxiliary/libgallium.a.p/tgsi_tgsi_from_mesa.c.o
[742/1060] Compiling C object src/gallium/auxiliary/libgallium.a.p/tgsi_tgsi_info.c.o
[743/1060] Compiling C object src/gallium/auxiliary/libgallium.a.p/rtasm_rtasm_x86sse.c.o
[744/1060] Compiling C object src/gallium/auxiliary/libgallium.a.p/tgsi_tgsi_iterate.c.o
[745/1060] Compiling C object src/gallium/auxiliary/libgallium.a.p/tgsi_tgsi_parse.c.o
[746/1060] Compiling C object src/gallium/auxiliary/libgallium.a.p/tgsi_tgsi_strings.c.o
[747/1060] Compiling C object src/gallium/auxiliary/libgallium.a.p/tgsi_tgsi_sanity.c.o
[748/1060] Compiling C object src/gallium/auxiliary/libgallium.a.p/tgsi_tgsi_point_sprite.c.o
[749/1060] Compiling C object src/gallium/auxiliary/libgallium.a.p/meson-generated_.._u_indices_gen.c.o
[750/1060] Compiling C object src/gallium/auxiliary/libgallium.a.p/tgsi_tgsi_scan.c.o
[751/1060] Compiling C object src/gallium/auxiliary/libgallium.a.p/tgsi_tgsi_transform.c.o
[752/1060] Compiling C object src/mesa/libmesa.a.p/vbo_vbo_save_api.c.o
[753/1060] Compiling C object src/gallium/auxiliary/libgallium.a.p/tgsi_tgsi_two_side.c.o
[754/1060] Compiling C object src/gallium/auxiliary/libgallium.a.p/tgsi_tgsi_util.c.o
[755/1060] Compiling C object src/gallium/auxiliary/libgallium.a.p/translate_translate.c.o
[756/1060] Compiling C object src/gallium/auxiliary/libgallium.a.p/tgsi_tgsi_vpos.c.o
[757/1060] Compiling C object src/gallium/auxiliary/libgallium.a.p/translate_translate_cache.c.o
[758/1060] Compiling C object src/gallium/auxiliary/libgallium.a.p/tgsi_tgsi_text.c.o
[759/1060] Compiling C object src/gallium/auxiliary/libgallium.a.p/translate_translate_sse.c.o
[760/1060] Compiling C object src/gallium/auxiliary/libgallium.a.p/translate_translate_generic.c.o
[761/1060] Compiling C object src/gallium/auxiliary/libgallium.a.p/tgsi_tgsi_ureg.c.o
[762/1060] Compiling C object src/gallium/auxiliary/libgallium.a.p/tgsi_tgsi_exec.c.o
[763/1060] Compiling C object src/gallium/auxiliary/libgallium.a.p/renderonly_renderonly.c.o
[764/1060] Compiling C object src/gallium/auxiliary/libgallium.a.p/gallivm_lp_bld_arit_overflow.c.o
[765/1060] Compiling C object src/gallium/auxiliary/libgallium.a.p/nir_nir_draw_helpers.c.o
[766/1060] Compiling C object src/mesa/libmesa.a.p/vbo_vbo_exec_api.c.o
[767/1060] Compiling C object src/gallium/auxiliary/libgallium.a.p/util_u_tests.c.o
[768/1060] Compiling C object src/gallium/auxiliary/libgallium.a.p/gallivm_lp_bld_assert.c.o
[769/1060] Compiling C object src/gallium/auxiliary/libgallium.a.p/gallivm_lp_bld_bitarit.c.o
[770/1060] Compiling C object src/gallium/auxiliary/libgallium.a.p/gallivm_lp_bld_coro.c.o
[771/1060] Compiling C object src/gallium/auxiliary/libgallium.a.p/gallivm_lp_bld_const.c.o
[772/1060] Compiling C object src/gallium/auxiliary/libgallium.a.p/nir_tgsi_to_nir.c.o
[773/1060] Compiling C object src/gallium/auxiliary/libgallium.a.p/gallivm_lp_bld_conv.c.o
[774/1060] Compiling C object src/gallium/auxiliary/libgallium.a.p/gallivm_lp_bld_flow.c.o
[775/1060] Compiling C object src/gallium/auxiliary/libgallium.a.p/gallivm_lp_bld_arit.c.o
[776/1060] Compiling C object src/gallium/auxiliary/libgallium.a.p/gallivm_lp_bld_format_aos_array.c.o
[777/1060] Compiling C object src/gallium/auxiliary/libgallium.a.p/gallivm_lp_bld_format.c.o
[778/1060] Compiling C object src/gallium/auxiliary/libgallium.a.p/gallivm_lp_bld_format_float.c.o
[779/1060] Compiling C object src/gallium/auxiliary/libgallium.a.p/gallivm_lp_bld_format_aos.c.o
[780/1060] Compiling C object src/gallium/auxiliary/libgallium.a.p/gallivm_lp_bld_format_srgb.c.o
[781/1060] Compiling C object src/gallium/auxiliary/libgallium.a.p/gallivm_lp_bld_format_soa.c.o
[782/1060] Compiling C object src/gallium/auxiliary/libgallium.a.p/gallivm_lp_bld_format_yuv.c.o
[783/1060] Compiling C object src/gallium/auxiliary/libgallium.a.p/gallivm_lp_bld_init_common.c.o
[784/1060] Compiling C object src/gallium/auxiliary/libgallium.a.p/util_u_simple_shaders.c.o
[785/1060] Compiling C object src/gallium/auxiliary/libgallium.a.p/gallivm_lp_bld_gather.c.o
[786/1060] Compiling C object src/gallium/auxiliary/libgallium.a.p/gallivm_lp_bld_format_s3tc.c.o
[787/1060] Compiling C object src/gallium/auxiliary/libgallium.a.p/gallivm_lp_bld_ir_common.c.o
[788/1060] Compiling C object src/gallium/auxiliary/libgallium.a.p/gallivm_lp_bld_intr.c.o
[789/1060] Compiling C object src/gallium/auxiliary/libgallium.a.p/gallivm_lp_bld_logic.c.o
[790/1060] Compiling C object src/gallium/auxiliary/libgallium.a.p/gallivm_lp_bld_jit_types.c.o
[791/1060] Compiling C object src/gallium/auxiliary/libgallium.a.p/gallivm_lp_bld_jit_sample.c.o
[792/1060] Compiling C object src/gallium/auxiliary/libgallium.a.p/gallivm_lp_bld_nir.c.o
[793/1060] Compiling C object src/gallium/auxiliary/libgallium.a.p/nir_nir_to_tgsi.c.o
[794/1060] Compiling C object src/gallium/auxiliary/libgallium.a.p/gallivm_lp_bld_passmgr.c.o
[795/1060] Compiling C++ object src/gallium/auxiliary/libgallium.a.p/gallivm_lp_bld_debug.cpp.o
[796/1060] Compiling C object src/gallium/auxiliary/libgallium.a.p/gallivm_lp_bld_nir_aos.c.o
[797/1060] Compiling C object src/gallium/auxiliary/libgallium.a.p/gallivm_lp_bld_printf.c.o
[798/1060] Compiling C object src/gallium/auxiliary/libgallium.a.p/gallivm_lp_bld_quad.c.o
[799/1060] Compiling C object src/gallium/auxiliary/libgallium.a.p/gallivm_lp_bld_nir_lower.c.o
[800/1060] Compiling C object src/gallium/auxiliary/libgallium.a.p/gallivm_lp_bld_pack.c.o
[801/1060] Compiling C object src/gallium/auxiliary/libgallium.a.p/gallivm_lp_bld_struct.c.o
[802/1060] Compiling C object src/gallium/auxiliary/libgallium.a.p/gallivm_lp_bld_sample_aos.c.o
[803/1060] Compiling C object src/gallium/auxiliary/libgallium.a.p/gallivm_lp_bld_swizzle.c.o
[804/1060] Compiling C object src/gallium/auxiliary/libgallium.a.p/gallivm_lp_bld_tgsi.c.o
[805/1060] Compiling C object src/gallium/auxiliary/libgallium.a.p/gallivm_lp_bld_sample.c.o
[806/1060] Compiling C object src/gallium/auxiliary/libgallium.a.p/gallivm_lp_bld_tgsi_info.c.o
[807/1060] Compiling C object src/gallium/auxiliary/libgallium.a.p/gallivm_lp_bld_tgsi_action.c.o
[808/1060] Compiling C object src/gallium/auxiliary/libgallium.a.p/gallivm_lp_bld_type.c.o
[809/1060] Compiling C object src/gallium/auxiliary/libgallium.a.p/draw_draw_vs_llvm.c.o
[810/1060] Compiling C object src/gallium/auxiliary/libgallium.a.p/draw_draw_pt_fetch_shade_pipeline_llvm.c.o
[811/1060] Compiling C++ object src/gallium/auxiliary/libgallium.a.p/tessellator_p_tessellator.cpp.o
[812/1060] Compiling C object src/gallium/auxiliary/libgallium.a.p/gallivm_lp_bld_sample_soa.c.o
[813/1060] Compiling C object src/gallium/auxiliary/libgalliumvl.a.p/vl_vl_codec.c.o
[814/1060] Compiling C object src/gallium/auxiliary/libgallium.a.p/gallivm_lp_bld_init.c.o
[815/1060] Compiling C object src/gallium/auxiliary/libgallium.a.p/nir_nir_to_tgsi_info.c.o
[816/1060] Compiling C object src/gallium/auxiliary/libgallium.a.p/gallivm_lp_bld_tgsi_soa.c.o
[817/1060] Compiling C object src/gallium/auxiliary/libgalliumvl.a.p/vl_vl_compositor.c.o
[818/1060] Compiling C object src/gallium/auxiliary/libgalliumvl.a.p/vl_vl_csc.c.o
[819/1060] Compiling C object src/gallium/auxiliary/libgalliumvl.a.p/vl_vl_compositor_proc.c.o
[820/1060] Compiling C object src/gallium/auxiliary/libgallium.a.p/draw_draw_llvm.c.o
[821/1060] Compiling C object src/gallium/auxiliary/libgallium.a.p/gallivm_lp_bld_nir_soa.c.o
[822/1060] Compiling C object src/gallium/auxiliary/libgalliumvl.a.p/vl_vl_proc.c.o
[823/1060] Compiling C object src/gallium/auxiliary/libgalliumvl.a.p/vl_vl_compositor_gfx.c.o
[824/1060] Compiling C object src/gallium/auxiliary/libgalliumvl.a.p/vl_vl_vertex_buffers.c.o
[825/1060] Compiling C object src/gallium/auxiliary/libgalliumvl.a.p/vl_vl_deint_filter_cs.c.o
[826/1060] Compiling C object src/gallium/auxiliary/pipe-loader/libpipe_loader_static.a.p/pipe_loader.c.o
[827/1060] Compiling C object src/gallium/auxiliary/libgalliumvl.a.p/vl_vl_video_buffer.c.o
[828/1060] Compiling C object src/gallium/auxiliary/libgalliumvl.a.p/vl_vl_compositor_cs.c.o
[829/1060] Compiling C object src/gallium/auxiliary/libgalliumvl.a.p/vl_vl_mpeg12_bitstream.c.o
[830/1060] Compiling C object src/gallium/auxiliary/pipe-loader/libpipe_loader_static.a.p/pipe_loader_sw.c.o
[831/1060] Compiling C object src/gallium/winsys/sw/null/libws_null.a.p/null_sw_winsys.c.o
[832/1060] Compiling C object src/gallium/auxiliary/pipe-loader/libpipe_loader_static.a.p/pipe_loader_drm.c.o
[833/1060] Compiling C object src/gallium/drivers/softpipe/libsoftpipe.a.p/sp_buffer.c.o
[834/1060] Compiling C object src/gallium/winsys/sw/dri/libswdri.a.p/dri_sw_winsys.c.o
[835/1060] Compiling C object src/gallium/winsys/sw/wrapper/libwsw.a.p/wrapper_sw_winsys.c.o
[836/1060] Compiling C object src/gallium/winsys/sw/kms-dri/libswkmsdri.a.p/kms_dri_sw_winsys.c.o
[837/1060] Compiling C object src/gallium/drivers/softpipe/libsoftpipe.a.p/sp_clear.c.o
[838/1060] Compiling C object src/gallium/auxiliary/libgalliumvl.a.p/vl_vl_deint_filter.c.o
[839/1060] Compiling C object src/gallium/drivers/softpipe/libsoftpipe.a.p/sp_context.c.o
[840/1060] Compiling C object src/gallium/drivers/softpipe/libsoftpipe.a.p/sp_fence.c.o
[841/1060] Compiling C object src/gallium/drivers/softpipe/libsoftpipe.a.p/sp_draw_arrays.c.o
[842/1060] Compiling C object src/gallium/drivers/softpipe/libsoftpipe.a.p/sp_fs_exec.c.o
[843/1060] Compiling C++ object src/gallium/auxiliary/libgallium.a.p/gallivm_lp_bld_misc.cpp.o
[844/1060] Compiling C object src/gallium/drivers/softpipe/libsoftpipe.a.p/sp_compute.c.o
[845/1060] Compiling C object src/gallium/drivers/softpipe/libsoftpipe.a.p/sp_flush.c.o
[846/1060] Compiling C object src/gallium/drivers/softpipe/libsoftpipe.a.p/sp_quad_fs.c.o
[847/1060] Compiling C object src/gallium/drivers/softpipe/libsoftpipe.a.p/sp_quad_pipe.c.o
[848/1060] Compiling C object src/gallium/drivers/softpipe/libsoftpipe.a.p/sp_image.c.o
[849/1060] Compiling C object src/gallium/drivers/softpipe/libsoftpipe.a.p/sp_query.c.o
[850/1060] Compiling C object src/gallium/drivers/softpipe/libsoftpipe.a.p/sp_prim_vbuf.c.o
[851/1060] Compiling C object src/gallium/drivers/softpipe/libsoftpipe.a.p/sp_screen.c.o
[852/1060] Compiling C object src/gallium/drivers/softpipe/libsoftpipe.a.p/sp_quad_blend.c.o
[853/1060] Compiling C object src/gallium/drivers/softpipe/libsoftpipe.a.p/sp_state_blend.c.o
[854/1060] Compiling C object src/gallium/drivers/softpipe/libsoftpipe.a.p/sp_state_clip.c.o
[855/1060] Compiling C object src/gallium/drivers/softpipe/libsoftpipe.a.p/sp_state_image.c.o
[856/1060] Compiling C object src/gallium/drivers/softpipe/libsoftpipe.a.p/sp_state_rasterizer.c.o
[857/1060] Compiling C object src/gallium/drivers/softpipe/libsoftpipe.a.p/sp_state_derived.c.o
[858/1060] Compiling C object src/gallium/drivers/softpipe/libsoftpipe.a.p/sp_quad_depth_test.c.o
[859/1060] Compiling C object src/gallium/drivers/softpipe/libsoftpipe.a.p/sp_setup.c.o
[860/1060] Compiling C object src/gallium/drivers/softpipe/libsoftpipe.a.p/sp_state_sampler.c.o
[861/1060] Compiling C object src/gallium/drivers/softpipe/libsoftpipe.a.p/sp_state_so.c.o
[862/1060] Compiling C object src/gallium/drivers/softpipe/libsoftpipe.a.p/sp_state_shader.c.o
[863/1060] Compiling C object src/gallium/drivers/softpipe/libsoftpipe.a.p/sp_state_surface.c.o
[864/1060] Compiling C object src/gallium/drivers/softpipe/libsoftpipe.a.p/sp_surface.c.o
[865/1060] Compiling C object src/gallium/drivers/softpipe/libsoftpipe.a.p/sp_state_vertex.c.o
[866/1060] Compiling C object src/gallium/drivers/softpipe/libsoftpipe.a.p/sp_tex_tile_cache.c.o
[867/1060] Compiling C object src/gallium/drivers/llvmpipe/libllvmpipe.a.p/lp_bld_alpha.c.o
[868/1060] Compiling C object src/gallium/drivers/softpipe/libsoftpipe.a.p/sp_texture.c.o
[869/1060] Compiling C object src/gallium/drivers/llvmpipe/libllvmpipe.a.p/lp_bld_blend_logicop.c.o
[870/1060] Compiling C object src/gallium/drivers/llvmpipe/libllvmpipe.a.p/lp_bld_blend_aos.c.o
[871/1060] Compiling C object src/gallium/drivers/llvmpipe/libllvmpipe.a.p/lp_bld_blend.c.o
[872/1060] Compiling C object src/gallium/drivers/softpipe/libsoftpipe.a.p/sp_tile_cache.c.o
[873/1060] Compiling C object src/gallium/drivers/llvmpipe/libllvmpipe.a.p/lp_clear.c.o
[874/1060] Compiling C object src/gallium/drivers/llvmpipe/libllvmpipe.a.p/lp_cs_tpool.c.o
[875/1060] Compiling C object src/gallium/drivers/llvmpipe/libllvmpipe.a.p/lp_bld_depth.c.o
[876/1060] Compiling C object src/gallium/drivers/llvmpipe/libllvmpipe.a.p/lp_draw_arrays.c.o
[877/1060] Compiling C object src/gallium/drivers/llvmpipe/libllvmpipe.a.p/lp_bld_interp.c.o
[878/1060] Compiling C object src/gallium/drivers/llvmpipe/libllvmpipe.a.p/lp_fence.c.o
[879/1060] Compiling C object src/gallium/drivers/llvmpipe/libllvmpipe.a.p/lp_context.c.o
[880/1060] Compiling C object src/gallium/drivers/llvmpipe/libllvmpipe.a.p/lp_flush.c.o
[881/1060] Compiling C object src/gallium/drivers/llvmpipe/libllvmpipe.a.p/lp_memory.c.o
[882/1060] Compiling C object src/gallium/drivers/llvmpipe/libllvmpipe.a.p/lp_linear_fastpath.c.o
[883/1060] Compiling C object src/gallium/drivers/llvmpipe/libllvmpipe.a.p/lp_linear_interp.c.o
[884/1060] Compiling C object src/gallium/drivers/llvmpipe/libllvmpipe.a.p/lp_linear.c.o
[885/1060] Compiling C object src/gallium/drivers/llvmpipe/libllvmpipe.a.p/lp_jit.c.o
[886/1060] Compiling C object src/gallium/drivers/llvmpipe/libllvmpipe.a.p/lp_perf.c.o
[887/1060] Compiling C object src/gallium/drivers/softpipe/libsoftpipe.a.p/sp_tex_sample.c.o
[888/1060] Compiling C object src/gallium/drivers/llvmpipe/libllvmpipe.a.p/lp_rast_linear_fallback.c.o
[889/1060] Compiling C object src/gallium/drivers/llvmpipe/libllvmpipe.a.p/lp_rast_linear.c.o
[890/1060] Compiling C object src/gallium/drivers/llvmpipe/libllvmpipe.a.p/lp_query.c.o
[891/1060] Compiling C object src/gallium/drivers/llvmpipe/libllvmpipe.a.p/lp_rast_rect.c.o
[892/1060] Compiling C object src/gallium/drivers/llvmpipe/libllvmpipe.a.p/lp_rast_debug.c.o
[893/1060] Compiling C object src/gallium/drivers/llvmpipe/libllvmpipe.a.p/lp_linear_sampler.c.o
[894/1060] Compiling C object src/gallium/drivers/llvmpipe/libllvmpipe.a.p/lp_scene_queue.c.o
[895/1060] Compiling C object src/gallium/drivers/llvmpipe/libllvmpipe.a.p/lp_rast.c.o
[896/1060] Compiling C object src/gallium/drivers/llvmpipe/libllvmpipe.a.p/lp_setup_analysis.c.o
[897/1060] Compiling C object src/gallium/drivers/llvmpipe/libllvmpipe.a.p/lp_scene.c.o
[898/1060] Compiling C object src/gallium/drivers/llvmpipe/libllvmpipe.a.p/lp_screen.c.o
[899/1060] Compiling C object src/gallium/drivers/llvmpipe/libllvmpipe.a.p/lp_setup_line.c.o
[900/1060] Compiling C object src/gallium/drivers/llvmpipe/libllvmpipe.a.p/lp_setup_point.c.o
[901/1060] Compiling C object src/gallium/drivers/llvmpipe/libllvmpipe.a.p/lp_setup_rect.c.o
[902/1060] Compiling C object src/gallium/drivers/llvmpipe/libllvmpipe.a.p/lp_state_blend.c.o
[903/1060] Compiling C object src/gallium/drivers/llvmpipe/libllvmpipe.a.p/lp_setup_vbuf.c.o
[904/1060] Compiling C object src/gallium/drivers/llvmpipe/libllvmpipe.a.p/lp_state_clip.c.o
[905/1060] Compiling C object src/gallium/drivers/llvmpipe/libllvmpipe.a.p/lp_setup.c.o
[906/1060] Compiling C object src/gallium/drivers/llvmpipe/libllvmpipe.a.p/lp_setup_tri.c.o
[907/1060] Compiling C object src/gallium/drivers/llvmpipe/libllvmpipe.a.p/lp_state_derived.c.o
[908/1060] Compiling C object src/gallium/drivers/llvmpipe/libllvmpipe.a.p/lp_state_fs_fastpath.c.o
[909/1060] Compiling C object src/gallium/drivers/llvmpipe/libllvmpipe.a.p/lp_state_fs_analysis.c.o
[910/1060] Compiling C object src/gallium/drivers/llvmpipe/libllvmpipe.a.p/lp_state_fs_linear_llvm.c.o
[911/1060] Compiling C object src/gallium/drivers/llvmpipe/libllvmpipe.a.p/lp_state_fs_linear.c.o
[912/1060] Compiling C object src/gallium/drivers/llvmpipe/libllvmpipe.a.p/lp_state_gs.c.o
[913/1060] Compiling C object src/gallium/drivers/llvmpipe/libllvmpipe.a.p/lp_state_rasterizer.c.o
[914/1060] Compiling C object src/gallium/drivers/llvmpipe/libllvmpipe.a.p/lp_state_so.c.o
[915/1060] Compiling C object src/gallium/drivers/llvmpipe/libllvmpipe.a.p/lp_state_surface.c.o
[916/1060] Compiling C object src/gallium/drivers/llvmpipe/libllvmpipe.a.p/lp_state_sampler.c.o
[917/1060] Compiling C object src/gallium/drivers/llvmpipe/libllvmpipe.a.p/lp_state_tess.c.o
[918/1060] Compiling C object src/gallium/drivers/llvmpipe/libllvmpipe.a.p/lp_state_setup.c.o
[919/1060] Compiling C object src/gallium/drivers/llvmpipe/libllvmpipe.a.p/lp_state_cs.c.o
[920/1060] Compiling C object src/gallium/drivers/llvmpipe/libllvmpipe.a.p/lp_state_vertex.c.o
[921/1060] Compiling C object src/gallium/drivers/llvmpipe/libllvmpipe.a.p/lp_state_vs.c.o
[922/1060] Compiling C object src/gallium/drivers/llvmpipe/libllvmpipe.a.p/lp_tex_sample.c.o
[923/1060] Compiling C object src/gallium/drivers/llvmpipe/libllvmpipe.a.p/lp_surface.c.o
[924/1060] Compiling C object src/gallium/drivers/llvmpipe/libllvmpipe.a.p/lp_rast_tri.c.o
[925/1060] Compiling C object src/gallium/winsys/svga/drm/libsvgadrm.a.p/vmw_buffer.c.o
[926/1060] Compiling C object src/gallium/winsys/svga/drm/libsvgadrm.a.p/pb_buffer_simple_fenced.c.o
[927/1060] Compiling C object src/gallium/winsys/svga/drm/libsvgadrm.a.p/vmw_msg.c.o
[928/1060] Compiling C object src/gallium/winsys/svga/drm/libsvgadrm.a.p/vmw_context.c.o
[929/1060] Compiling C object src/gallium/winsys/svga/drm/libsvgadrm.a.p/vmw_fence.c.o
[930/1060] Compiling C object src/gallium/drivers/llvmpipe/libllvmpipe.a.p/lp_texture.c.o
[931/1060] Compiling C object src/gallium/winsys/svga/drm/libsvgadrm.a.p/vmw_screen.c.o
[932/1060] Compiling C object src/gallium/winsys/svga/drm/libsvgadrm.a.p/vmw_screen_dri.c.o
[933/1060] Compiling C object src/gallium/winsys/svga/drm/libsvgadrm.a.p/vmw_screen_pools.c.o
[934/1060] Compiling C object src/gallium/winsys/svga/drm/libsvgadrm.a.p/vmw_surface.c.o
[935/1060] Compiling C object src/gallium/winsys/svga/drm/libsvgadrm.a.p/vmw_shader.c.o
[936/1060] Compiling C object src/gallium/winsys/svga/drm/libsvgadrm.a.p/vmw_screen_svga.c.o
[937/1060] Compiling C object src/gallium/drivers/llvmpipe/libllvmpipe.a.p/lp_texture_handle.c.o
[938/1060] Compiling C object src/gallium/drivers/llvmpipe/libllvmpipe.a.p/lp_state_fs.c.o
[939/1060] Compiling C object src/gallium/winsys/svga/drm/libsvgadrm.a.p/vmw_query.c.o
[940/1060] Compiling C object src/gallium/winsys/svga/drm/libsvgadrm.a.p/vmw_screen_ioctl.c.o
[941/1060] Compiling C object src/gallium/drivers/svga/libsvga.a.p/svga_cmd.c.o
[942/1060] Compiling C object src/gallium/drivers/svga/libsvga.a.p/svga_draw_arrays.c.o
[943/1060] Compiling C object src/gallium/drivers/svga/libsvga.a.p/svga_context.c.o
[944/1060] Compiling C object src/gallium/drivers/svga/libsvga.a.p/svga_draw_elements.c.o
[945/1060] Compiling C object src/gallium/drivers/svga/libsvga.a.p/svga_image_view.c.o
[946/1060] Compiling C object src/gallium/drivers/svga/libsvga.a.p/svga_format.c.o
[947/1060] Compiling C object src/gallium/drivers/svga/libsvga.a.p/svga_link.c.o
[948/1060] Compiling C object src/gallium/drivers/svga/libsvga.a.p/svga_cmd_vgpu10.c.o
[949/1060] Compiling C object src/gallium/drivers/svga/libsvga.a.p/svga_draw.c.o
[950/1060] Compiling C object src/gallium/drivers/svga/libsvga.a.p/svga_pipe_blend.c.o
[951/1060] Compiling C object src/gallium/drivers/svga/libsvga.a.p/svga_pipe_constants.c.o
[952/1060] Compiling C object src/gallium/drivers/svga/libsvga.a.p/svga_pipe_cs.c.o
[953/1060] Compiling C object src/gallium/drivers/svga/libsvga.a.p/svga_pipe_blit.c.o
[954/1060] Compiling C object src/gallium/drivers/svga/libsvga.a.p/svga_pipe_flush.c.o
[955/1060] Compiling C object src/gallium/drivers/svga/libsvga.a.p/svga_pipe_clear.c.o
[956/1060] Compiling C object src/gallium/drivers/svga/libsvga.a.p/svga_pipe_depthstencil.c.o
[957/1060] Compiling C object src/gallium/drivers/svga/libsvga.a.p/svga_pipe_draw.c.o
[958/1060] Compiling C object src/gallium/drivers/svga/libsvga.a.p/svga_pipe_fs.c.o
[959/1060] Compiling C object src/gallium/drivers/svga/libsvga.a.p/svga_pipe_gs.c.o
[960/1060] Compiling C object src/gallium/drivers/svga/libsvga.a.p/svga_pipe_ts.c.o
[961/1060] Compiling C object src/gallium/drivers/svga/libsvga.a.p/svga_pipe_misc.c.o
[962/1060] Compiling C object src/gallium/drivers/svga/libsvga.a.p/svga_pipe_query.c.o
[963/1060] Compiling C object src/gallium/drivers/svga/libsvga.a.p/svga_pipe_rasterizer.c.o
[964/1060] Compiling C object src/gallium/drivers/svga/libsvga.a.p/svga_pipe_sampler.c.o
[965/1060] Compiling C object src/gallium/drivers/svga/libsvga.a.p/svga_pipe_streamout.c.o
[966/1060] Compiling C object src/gallium/drivers/svga/libsvga.a.p/svga_pipe_vertex.c.o
[967/1060] Compiling C object src/gallium/drivers/svga/libsvga.a.p/svga_pipe_vs.c.o
[968/1060] Compiling C object src/gallium/drivers/svga/libsvga.a.p/svga_resource_buffer.c.o
[969/1060] Compiling C object src/gallium/drivers/svga/libsvga.a.p/svga_resource.c.o
[970/1060] Compiling C object src/gallium/drivers/svga/libsvga.a.p/svga_sampler_view.c.o
[971/1060] Compiling C object src/gallium/drivers/svga/libsvga.a.p/svga_resource_buffer_upload.c.o
[972/1060] Compiling C object src/gallium/drivers/svga/libsvga.a.p/svga_screen_cache.c.o
[973/1060] Compiling C object src/gallium/drivers/svga/libsvga.a.p/svga_screen.c.o
[974/1060] Compiling C object src/gallium/drivers/svga/libsvga.a.p/svga_shader_buffer.c.o
[975/1060] Compiling C object src/gallium/drivers/svga/libsvga.a.p/svga_state_cs.c.o
[976/1060] Compiling C object src/gallium/drivers/svga/libsvga.a.p/svga_state.c.o
[977/1060] Compiling C object src/gallium/drivers/svga/libsvga.a.p/svga_shader.c.o
[978/1060] Compiling C object src/gallium/drivers/svga/libsvga.a.p/svga_resource_texture.c.o
[979/1060] Compiling C object src/gallium/drivers/svga/libsvga.a.p/svga_state_gs.c.o
[980/1060] Compiling C object src/gallium/drivers/svga/libsvga.a.p/svga_state_constants.c.o
[981/1060] Compiling C object src/gallium/drivers/svga/libsvga.a.p/svga_state_fs.c.o
[982/1060] Compiling C object src/gallium/drivers/svga/libsvga.a.p/svga_state_framebuffer.c.o
[983/1060] Compiling C object src/gallium/drivers/svga/libsvga.a.p/svga_state_need_swtnl.c.o
[984/1060] Compiling C object src/gallium/drivers/svga/libsvga.a.p/svga_state_ts.c.o
[985/1060] Compiling C object src/gallium/drivers/svga/libsvga.a.p/svga_state_rss.c.o
[986/1060] Compiling C object src/gallium/drivers/svga/libsvga.a.p/svga_state_sampler.c.o
[987/1060] Compiling C object src/gallium/drivers/svga/libsvga.a.p/svga_state_tgsi_transform.c.o
[988/1060] Compiling C object src/gallium/drivers/svga/libsvga.a.p/svga_state_vdecl.c.o
[989/1060] Compiling C object src/gallium/drivers/svga/libsvga.a.p/svga_state_vs.c.o
[990/1060] Compiling C object src/gallium/drivers/svga/libsvga.a.p/svga_state_tss.c.o
[991/1060] Compiling C object src/gallium/drivers/svga/libsvga.a.p/svga_state_uav.c.o
[992/1060] Compiling C object src/gallium/drivers/svga/libsvga.a.p/svga_swtnl_draw.c.o
[993/1060] Compiling C object src/gallium/drivers/svga/libsvga.a.p/svga_swtnl_backend.c.o
[994/1060] Compiling C object src/gallium/drivers/svga/libsvga.a.p/svga_surface.c.o
[995/1060] Compiling C object src/gallium/drivers/svga/libsvga.a.p/svga_swtnl_state.c.o
[996/1060] Compiling C object src/gallium/drivers/svga/libsvga.a.p/svga_tgsi.c.o
[997/1060] Compiling C object src/gallium/drivers/svga/libsvga.a.p/svga_tgsi_decl_sm30.c.o
[998/1060] Compiling C object src/gallium/drivers/svga/libsvga.a.p/svgadump_svga_shader_op.c.o
[999/1060] Compiling C object src/gallium/winsys/virgl/common/libvirglcommon.a.p/virgl_resource_cache.c.o
[1000/1060] Compiling C object src/gallium/drivers/svga/libsvga.a.p/svgadump_svga_shader_dump.c.o
[1001/1060] Compiling C object src/gallium/winsys/virgl/vtest/libvirglvtest.a.p/virgl_vtest_socket.c.o
[1002/1060] Compiling C object src/gallium/drivers/virgl/libvirgl.a.p/virgl_buffer.c.o
[1003/1060] Compiling C object src/gallium/winsys/virgl/vtest/libvirglvtest.a.p/virgl_vtest_winsys.c.o
[1004/1060] Compiling C object src/gallium/drivers/svga/libsvga.a.p/svgadump_svga_dump.c.o
[1005/1060] Compiling C object src/gallium/winsys/virgl/drm/libvirgldrm.a.p/virgl_drm_winsys.c.o
[1006/1060] Compiling C object src/gallium/drivers/virgl/libvirgl.a.p/virgl_query.c.o
[1007/1060] Compiling C object src/gallium/drivers/virgl/libvirgl.a.p/virgl_staging_mgr.c.o
[1008/1060] Compiling C object src/gallium/drivers/svga/libsvga.a.p/svga_tgsi_insn.c.o
[1009/1060] Compiling C object src/gallium/drivers/virgl/libvirgl.a.p/virgl_context.c.o
[1010/1060] Compiling C object src/gallium/drivers/virgl/libvirgl.a.p/virgl_resource.c.o
[1011/1060] Compiling C object src/gallium/drivers/virgl/libvirgl.a.p/virgl_screen.c.o
[1012/1060] Compiling C object src/gallium/drivers/virgl/libvirgl.a.p/virgl_streamout.c.o
[1013/1060] Compiling C object src/gallium/drivers/virgl/libvirgl.a.p/virgl_transfer_queue.c.o
[1014/1060] Compiling C object src/gallium/drivers/virgl/libvirgl.a.p/virgl_encode.c.o
[1015/1060] Compiling C object src/gallium/drivers/virgl/libvirgl.a.p/virgl_texture.c.o
[1016/1060] Compiling C object src/gallium/drivers/virgl/libvirgl.a.p/virgl_tgsi.c.o
[1017/1060] Compiling C object src/gallium/frontends/dri/libdri.a.p/dri_context.c.o
[1018/1060] Compiling C object src/gallium/frontends/dri/libdri.a.p/dri_drawable.c.o
[1019/1060] Compiling C object src/gallium/frontends/dri/libdri.a.p/dri_query_renderer.c.o
[1020/1060] Compiling C object src/gallium/drivers/virgl/libvirgl.a.p/virgl_video.c.o
[1021/1060] Compiling C object src/gallium/frontends/dri/libdri.a.p/dri_helpers.c.o
[1022/1060] Linking static target src/c11/impl/libmesa_util_c11.a
[1023/1060] Linking static target src/util/libmesa_util_clflush.a
[1024/1060] Linking static target src/util/libmesa_util_clflushopt.a
[1025/1060] Linking static target src/util/libmesa_util_simd.a
[1026/1060] Linking static target src/util/libmesa_util.a
[1027/1060] Linking static target src/util/libxmlconfig.a
[1028/1060] Linking static target src/loader/libloader.a
[1029/1060] Linking static target src/compiler/libcompiler.a
[1030/1060] Linking static target src/compiler/nir/libnir.a
[1031/1060] Compiling C object src/gallium/frontends/dri/libdri.a.p/dri_screen.c.o
[1032/1060] Linking static target src/compiler/spirv/libvtn.a
[1033/1060] Linking static target src/compiler/glsl/glcpp/libglcpp.a
[1034/1060] Linking static target src/mesa/glapi/shared-glapi/libglapi.a
[1035/1060] Linking static target src/compiler/glsl/libglsl.a
[1036/1060] Compiling C object src/gallium/frontends/dri/libdri.a.p/dri_util.c.o
[1037/1060] Linking static target src/gallium/auxiliary/libgalliumvl.a
[1038/1060] Linking static target src/gallium/auxiliary/pipe-loader/libpipe_loader_static.a
[1039/1060] Linking static target src/gallium/winsys/sw/null/libws_null.a
[1040/1060] Linking static target src/gallium/winsys/sw/dri/libswdri.a
[1041/1060] Linking static target src/gallium/winsys/sw/kms-dri/libswkmsdri.a
[1042/1060] Linking static target src/gallium/winsys/sw/wrapper/libwsw.a
[1043/1060] Linking static target src/gallium/auxiliary/libgallium.a
[1044/1060] Linking static target src/gallium/drivers/softpipe/libsoftpipe.a
[1045/1060] Linking static target src/gallium/winsys/svga/drm/libsvgadrm.a
[1046/1060] Linking static target src/mesa/libmesa.a
[1047/1060] Linking static target src/gallium/winsys/virgl/common/libvirglcommon.a
[1048/1060] Linking static target src/gallium/winsys/virgl/drm/libvirgldrm.a
[1049/1060] Linking static target src/gallium/winsys/virgl/vtest/libvirglvtest.a
[1050/1060] Linking static target src/gallium/drivers/llvmpipe/libllvmpipe.a
[1051/1060] Linking static target src/gallium/drivers/virgl/libvirgl.a
[1052/1060] Compiling C object src/gallium/frontends/dri/libdri.a.p/kopper_stubs.c.o
[1053/1060] Compiling C object src/gallium/frontends/dri/libdri.a.p/drisw.c.o
[1054/1060] Compiling C object src/gallium/targets/dri/libgallium-26.2.2.so.p/dri_target.c.o
[1055/1060] Compiling C object src/gallium/frontends/dri/libdri.a.p/loader_dri3_helper.c.o
[1056/1060] Compiling C object src/gallium/frontends/dri/libdri.a.p/dri2.c.o
[1057/1060] Linking static target src/gallium/frontends/dri/libdri.a
[1058/1060] Compiling C object src/gallium/drivers/svga/libsvga.a.p/svga_tgsi_vgpu10.c.o
[1059/1060] Linking static target src/gallium/drivers/svga/libsvga.a
[1060/1060] Linking target src/gallium/targets/dri/libgallium-26.2.2.so
