0,10323,1791004614,2202616,208540,21
exit-helper return=1
1,10323,1791004622,2201912,217900,21
exit-helper return=1
2,10323,1791004630,2201912,218636,21
exit-helper return=1
3,10323,1791004637,2201912,221944,21
exit-helper return=1
4,10323,1791004645,2201912,223032,21
exit-helper return=1
5,10323,1791004652,2201912,222964,21
exit-helper return=1
6,10323,1791004660,2201912,223300,21
exit-helper return=1
7,10323,1791004667,2201912,223656,21
exit-helper return=1
8,10323,1791004675,2201912,224568,21
exit-helper return=1
9,10323,1791004683,2201912,224852,21
exit-helper return=1
10,10323,1791004690,2201912,224956,21
exit-helper return=1
11,10323,1791004698,2201912,224960,21
{"pid": 10323, "cycles": 10, "warmup": 1, "vmsize_growth_kib": 0, "rss_growth_kib": 7060, "passed": false}
