0,10323,1791004706,2201912,224960,21
exit-helper return=1
1,10323,1791004713,2204132,227216,21
exit-helper return=1
2,10323,1791004721,2204132,227220,21
exit-helper return=1
3,10323,1791004728,2204132,227432,21
exit-helper return=1
4,10323,1791004736,2204132,227444,21
exit-helper return=1
5,10323,1791004744,2204132,227444,21
exit-helper return=1
6,10323,1791004751,2204132,227568,21
exit-helper return=1
7,10323,1791004759,2204132,227568,21
exit-helper return=1
8,10323,1791004767,2204132,227584,21
exit-helper return=1
9,10323,1791004774,2204132,227604,21
exit-helper return=1
10,10323,1791004782,2204132,227628,21
exit-helper return=1
11,10323,1791004789,2204132,227628,21
exit-helper return=1
12,10323,1791004797,2204132,227628,21
exit-helper return=1
13,10323,1791004804,2204132,227628,21
exit-helper return=1
14,10323,1791004812,2204132,227628,21
exit-helper return=1
15,10323,1791004820,2204132,227628,21
exit-helper return=1
16,10323,1791004827,2204132,227628,21
exit-helper return=1
17,10323,1791004835,2204132,227728,21
exit-helper return=1
18,10323,1791004842,2204132,227752,21
exit-helper return=1
19,10323,1791004850,2204132,227752,21
exit-helper return=1
20,10323,1791004857,2204132,227760,21
exit-helper return=1
21,10323,1791004865,2204132,227764,21
exit-helper return=1
22,10323,1791004873,2204132,227764,21
exit-helper return=1
23,10323,1791004880,2204132,227852,21
exit-helper return=1
24,10323,1791004888,2204132,227856,21
exit-helper return=1
25,10323,1791004895,2204132,227908,21
exit-helper return=1
26,10323,1791004903,2204132,227920,21
exit-helper return=1
27,10323,1791004910,2204132,227932,21
exit-helper return=1
28,10323,1791004918,2204132,227932,21
exit-helper return=1
29,10323,1791004925,2204132,227944,21
exit-helper return=1
30,10323,1791004933,2204132,227972,21
exit-helper return=1
31,10323,1791004940,2204132,228084,21
exit-helper return=1
32,10323,1791004948,2204132,228192,21
exit-helper return=1
33,10323,1791004956,2204132,228376,21
exit-helper return=1
34,10323,1791004963,2204132,228428,21
exit-helper return=1
35,10323,1791004971,2204132,228432,21
exit-helper return=1
36,10323,1791004978,2204132,228432,21
exit-helper return=1
37,10323,1791004986,2204132,228440,21
exit-helper return=1
38,10323,1791004993,2204132,228440,21
exit-helper return=1
39,10323,1791005001,2204132,228440,21
exit-helper return=1
40,10323,1791005009,2204132,228440,21
exit-helper return=1
41,10323,1791005016,2204132,228440,21
exit-helper return=1
42,10323,1791005024,2204132,228456,21
exit-helper return=1
43,10323,1791005032,2204132,228456,21
exit-helper return=1
44,10323,1791005039,2204132,228456,21
exit-helper return=1
45,10323,1791005047,2204132,228456,21
exit-helper return=1
46,10323,1791005055,2216408,240732,21
exit-helper return=1
47,10323,1791005062,2216408,240740,21
exit-helper return=1
48,10323,1791005070,2216408,240740,21
exit-helper return=1
49,10323,1791005077,2216408,240740,21
exit-helper return=1
50,10323,1791005085,2216408,240740,21
{"pid": 10323, "cycles": 50, "warmup": 0, "vmsize_growth_kib": 14496, "rss_growth_kib": 15780, "passed": false}
