ninja: Entering directory `/workspace/repos/rocknix.worktrees/generic-x64/build.ROCKNIX-GENERIC_X64.x86_64/build/SDL2-2.32.10/.x86_64-rocknix-linux-gnu'
[1/221] Building C object CMakeFiles/SDL2.dir/src/events/SDL_clipboardevents.c.o
[2/221] Building C object CMakeFiles/SDL2.dir/src/events/SDL_displayevents.c.o
[3/221] Building C object CMakeFiles/SDL2.dir/src/audio/SDL_wave.c.o
[4/221] Building C object CMakeFiles/SDL2.dir/src/events/SDL_dropevents.c.o
[5/221] Building C object CMakeFiles/SDL2.dir/src/audio/SDL_audiodev.c.o
[6/221] Building C object CMakeFiles/SDL2.dir/src/cpuinfo/SDL_cpuinfo.c.o
[7/221] Building C object CMakeFiles/SDL2.dir/src/SDL_assert.c.o
[8/221] Building C object CMakeFiles/SDL2.dir/src/SDL.c.o
[9/221] Building C object CMakeFiles/SDL2.dir/src/events/SDL_gesture.c.o
[10/221] Building C object CMakeFiles/SDL2.dir/src/events/SDL_keyboard.c.o
[11/221] Building C object CMakeFiles/SDL2.dir/src/audio/SDL_audio.c.o
[12/221] Building C object CMakeFiles/SDL2.dir/src/events/SDL_quit.c.o
[13/221] Building C object CMakeFiles/SDL2.dir/src/events/SDL_windowevents.c.o
[14/221] Building C object CMakeFiles/SDL2.dir/src/events/SDL_touch.c.o
[15/221] Building C object CMakeFiles/SDL2.dir/src/file/SDL_rwops.c.o
[16/221] Building C object CMakeFiles/SDL2.dir/src/events/SDL_mouse.c.o
[17/221] Building C object CMakeFiles/SDL2.dir/src/libm/s_scalbn.c.o
[18/221] Building C object CMakeFiles/SDL2.dir/src/joystick/SDL_steam_virtual_gamepad.c.o
[19/221] Building C object CMakeFiles/SDL2.dir/src/hidapi/SDL_hidapi.c.o
[20/221] Building C object CMakeFiles/SDL2.dir/src/events/SDL_events.c.o
[21/221] Building C object CMakeFiles/SDL2.dir/src/stdlib/SDL_iconv.c.o
[22/221] Building C object CMakeFiles/SDL2.dir/src/render/opengles/SDL_render_gles.c.o
[23/221] Building C object CMakeFiles/SDL2.dir/src/thread/SDL_thread.c.o
[24/221] Building C object CMakeFiles/SDL2.dir/src/joystick/SDL_gamecontroller.c.o
[25/221] Building C object CMakeFiles/SDL2.dir/src/render/opengl/SDL_render_gl.c.o
[26/221] Building C object CMakeFiles/SDL2.dir/src/sensor/SDL_sensor.c.o
[27/221] Building C object CMakeFiles/SDL2.dir/src/timer/SDL_timer.c.o
[28/221] Building C object CMakeFiles/SDL2.dir/src/joystick/SDL_joystick.c.o
[29/221] Building C object CMakeFiles/SDL2.dir/src/video/SDL_clipboard.c.o
[30/221] Building C object CMakeFiles/SDL2.dir/src/render/software/SDL_triangle.c.o
[31/221] Building C object CMakeFiles/SDL2.dir/src/render/opengles2/SDL_render_gles2.c.o
[32/221] Building C object CMakeFiles/SDL2.dir/src/video/SDL_blit.c.o
[33/221] Building C object CMakeFiles/SDL2.dir/src/video/SDL_vulkan_utils.c.o
[34/221] Building C object CMakeFiles/SDL2.dir/src/video/SDL_egl.c.o
[35/221] Building C object CMakeFiles/SDL2.dir/src/video/dummy/SDL_nullframebuffer.c.o
[36/221] Building C object CMakeFiles/SDL2.dir/src/video/SDL_blit_1.c.o
[37/221] Building C object CMakeFiles/SDL2.dir/src/video/dummy/SDL_nullevents.c.o
[38/221] Building C object CMakeFiles/SDL2.dir/src/video/SDL_RLEaccel.c.o
[39/221] Building C object CMakeFiles/SDL2.dir/src/video/SDL_shape.c.o
[40/221] Building C object CMakeFiles/SDL2.dir/src/video/SDL_pixels.c.o
[41/221] Building C object CMakeFiles/SDL2.dir/src/video/offscreen/SDL_offscreenevents.c.o
[42/221] Building C object CMakeFiles/SDL2.dir/src/video/offscreen/SDL_offscreenframebuffer.c.o
[43/221] Building C object CMakeFiles/SDL2.dir/src/video/offscreen/SDL_offscreenopengles.c.o
[44/221] Building C object CMakeFiles/SDL2.dir/src/video/SDL_surface.c.o
[45/221] Building C object CMakeFiles/SDL2.dir/src/video/offscreen/SDL_offscreenvideo.c.o
[46/221] Building C object CMakeFiles/SDL2.dir/src/video/offscreen/SDL_offscreenwindow.c.o
[47/221] Building C object CMakeFiles/SDL2.dir/src/audio/sndio/SDL_sndioaudio.c.o
[48/221] Building C object CMakeFiles/SDL2.dir/src/audio/alsa/SDL_alsa_audio.c.o
[49/221] Building C object CMakeFiles/SDL2.dir/src/audio/pulseaudio/SDL_pulseaudio.c.o
[50/221] Building C object CMakeFiles/SDL2.dir/src/video/dummy/SDL_nullvideo.c.o
[51/221] Building C object CMakeFiles/SDL2.dir/src/video/x11/SDL_x11clipboard.c.o
[52/221] Building C object CMakeFiles/SDL2.dir/src/audio/dsp/SDL_dspaudio.c.o
[53/221] Building C object CMakeFiles/SDL2.dir/src/video/x11/SDL_x11framebuffer.c.o
[54/221] Building C object CMakeFiles/SDL2.dir/src/video/x11/SDL_x11dyn.c.o
[55/221] Building C object CMakeFiles/SDL2.dir/src/video/SDL_video.c.o
[56/221] Building C object CMakeFiles/SDL2.dir/src/video/x11/SDL_x11keyboard.c.o
[57/221] Building C object CMakeFiles/SDL2.dir/src/video/x11/SDL_x11events.c.o
[58/221] Building C object CMakeFiles/SDL2.dir/src/audio/pipewire/SDL_pipewire.c.o
[59/221] Building C object CMakeFiles/SDL2.dir/src/video/x11/SDL_x11mouse.c.o
[60/221] Building C object CMakeFiles/SDL2.dir/src/video/x11/SDL_x11modes.c.o
[61/221] Building C object CMakeFiles/SDL2.dir/src/video/x11/SDL_x11opengles.c.o
[62/221] Building C object CMakeFiles/SDL2.dir/src/video/x11/SDL_x11shape.c.o
[63/221] Building C object CMakeFiles/SDL2.dir/src/video/x11/SDL_x11opengl.c.o
[64/221] Building C object CMakeFiles/SDL2.dir/src/video/x11/SDL_x11touch.c.o
[65/221] Building C object CMakeFiles/SDL2.dir/src/video/kmsdrm/SDL_kmsdrmdyn.c.o
[66/221] Building C object CMakeFiles/SDL2.dir/src/video/x11/SDL_x11vulkan.c.o
[67/221] Building C object CMakeFiles/SDL2.dir/src/video/kmsdrm/SDL_kmsdrmevents.c.o
[68/221] Building C object CMakeFiles/SDL2.dir/src/video/x11/SDL_x11xfixes.c.o
[69/221] Building C object CMakeFiles/SDL2.dir/src/video/x11/SDL_x11messagebox.c.o
[70/221] Building C object CMakeFiles/SDL2.dir/src/video/x11/SDL_x11xinput2.c.o
[71/221] Building C object CMakeFiles/SDL2.dir/src/video/kmsdrm/SDL_kmsdrmopengles.c.o
[72/221] Building C object CMakeFiles/SDL2.dir/src/video/wayland/SDL_waylandclipboard.c.o
[73/221] Building C object CMakeFiles/SDL2.dir/src/video/kmsdrm/SDL_kmsdrmvulkan.c.o
[74/221] Building C object CMakeFiles/SDL2.dir/src/video/x11/SDL_x11video.c.o
[75/221] Building C object CMakeFiles/SDL2.dir/src/video/wayland/SDL_waylanddatamanager.c.o
[76/221] Building C object CMakeFiles/SDL2.dir/src/video/kmsdrm/SDL_kmsdrmvideo.c.o
[77/221] Building C object CMakeFiles/SDL2.dir/src/video/wayland/SDL_waylandkeyboard.c.o
[78/221] Building C object CMakeFiles/SDL2.dir/src/video/wayland/SDL_waylandopengles.c.o
[79/221] Building C object CMakeFiles/SDL2.dir/src/video/kmsdrm/SDL_kmsdrmmouse.c.o
[80/221] Building C object CMakeFiles/SDL2.dir/src/video/x11/SDL_x11window.c.o
[81/221] Building C object CMakeFiles/SDL2.dir/src/video/wayland/SDL_waylandtouch.c.o
[82/221] Building C object CMakeFiles/SDL2.dir/src/video/wayland/SDL_waylandshmbuffer.c.o
[83/221] Building C object CMakeFiles/SDL2.dir/src/core/unix/SDL_poll.c.o
[84/221] Building C object CMakeFiles/SDL2.dir/src/video/wayland/SDL_waylandmessagebox.c.o
[85/221] Building C object CMakeFiles/SDL2.dir/src/video/wayland/SDL_waylandvulkan.c.o
[86/221] Building C object CMakeFiles/SDL2.dir/src/video/wayland/SDL_waylandevents.c.o
[87/221] Building C object CMakeFiles/SDL2.dir/src/haptic/linux/SDL_syshaptic.c.o
[88/221] Building C object CMakeFiles/SDL2.dir/src/video/wayland/SDL_waylandvideo.c.o
[89/221] Building C object CMakeFiles/SDL2.dir/src/core/linux/SDL_udev.c.o
[90/221] Building C object CMakeFiles/SDL2.dir/src/video/wayland/SDL_waylandmouse.c.o
[91/221] Building C object CMakeFiles/SDL2.dir/src/core/linux/SDL_evdev_capabilities.c.o
[92/221] Building C object CMakeFiles/SDL2.dir/src/core/linux/SDL_fcitx.c.o
[93/221] Building C object CMakeFiles/SDL2.dir/src/core/linux/SDL_sandbox.c.o
[94/221] Building C object CMakeFiles/SDL2.dir/src/core/linux/SDL_threadprio.c.o
[95/221] Building C object CMakeFiles/SDL2.dir/src/video/wayland/SDL_waylandwindow.c.o
[96/221] Building C object CMakeFiles/SDL2.dir/src/core/linux/SDL_evdev_kbd.c.o
[97/221] Building C object CMakeFiles/SDL2.dir/src/joystick/hidapi/SDL_hidapi_rumble.c.o
[98/221] Building C object CMakeFiles/SDL2.dir/src/thread/pthread/SDL_sysmutex.c.o
[99/221] Building C object CMakeFiles/SDL2.dir/src/thread/pthread/SDL_systhread.c.o
[100/221] Building C object CMakeFiles/SDL2.dir/src/thread/pthread/SDL_systls.c.o
[101/221] Building C object CMakeFiles/SDL2.dir/src/misc/unix/SDL_sysurl.c.o
[102/221] Building C object CMakeFiles/SDL2.dir/src/thread/pthread/SDL_syssem.c.o
[103/221] Building C object CMakeFiles/SDL2.dir/src/thread/pthread/SDL_syscond.c.o
[104/221] Building C object CMakeFiles/SDL2.dir/src/timer/unix/SDL_systimer.c.o
[105/221] Building C object CMakeFiles/SDL2.dir/src/filesystem/unix/SDL_sysfilesystem.c.o
[106/221] Building C object CMakeFiles/SDL2.dir/src/power/linux/SDL_syspower.c.o
[107/221] Building C object CMakeFiles/SDL2.dir/src/core/linux/SDL_evdev.c.o
[108/221] Building C object CMakeFiles/SDL2.dir/src/joystick/linux/SDL_sysjoystick.c.o
[109/221] Building C object CMakeFiles/SDL2-static.dir/src/events/SDL_clipboardevents.c.o
[110/221] Linking C shared library libSDL2-2.0.so.0.3200.10
[111/221] Building C object CMakeFiles/SDL2-static.dir/src/audio/SDL_wave.c.o
[112/221] Building C object CMakeFiles/SDL2-static.dir/src/audio/SDL_audiodev.c.o
[113/221] Building C object CMakeFiles/SDL2-static.dir/src/events/SDL_displayevents.c.o
[114/221] Building C object CMakeFiles/SDL2-static.dir/src/SDL.c.o
[115/221] Building C object CMakeFiles/SDL2-static.dir/src/SDL_assert.c.o
[116/221] Building C object CMakeFiles/SDL2-static.dir/src/events/SDL_dropevents.c.o
[117/221] Building C object CMakeFiles/SDL2-static.dir/src/cpuinfo/SDL_cpuinfo.c.o
[118/221] Building C object CMakeFiles/SDL2-static.dir/src/audio/SDL_audio.c.o
[119/221] Building C object CMakeFiles/SDL2-static.dir/src/events/SDL_quit.c.o
[120/221] Building C object CMakeFiles/SDL2-static.dir/src/events/SDL_gesture.c.o
[121/221] Building C object CMakeFiles/SDL2-static.dir/src/events/SDL_keyboard.c.o
[122/221] Building C object CMakeFiles/SDL2-static.dir/src/events/SDL_touch.c.o
[123/221] Building C object CMakeFiles/SDL2-static.dir/src/events/SDL_windowevents.c.o
[124/221] Building C object CMakeFiles/SDL2-static.dir/src/file/SDL_rwops.c.o
[125/221] Building C object CMakeFiles/SDL2-static.dir/src/libm/s_scalbn.c.o
[126/221] Building C object CMakeFiles/SDL2-static.dir/src/events/SDL_mouse.c.o
[127/221] Building C object CMakeFiles/SDL2-static.dir/src/joystick/SDL_steam_virtual_gamepad.c.o
[128/221] Building C object CMakeFiles/SDL2-static.dir/src/hidapi/SDL_hidapi.c.o
[129/221] Building C object CMakeFiles/SDL2-static.dir/src/events/SDL_events.c.o
[130/221] Building C object CMakeFiles/SDL2-static.dir/src/stdlib/SDL_iconv.c.o
[131/221] Building C object CMakeFiles/SDL2-static.dir/src/render/opengles/SDL_render_gles.c.o
[132/221] Building C object CMakeFiles/SDL2-static.dir/src/thread/SDL_thread.c.o
[133/221] Building C object CMakeFiles/SDL2-static.dir/src/joystick/SDL_gamecontroller.c.o
[134/221] Building C object CMakeFiles/SDL2-static.dir/src/render/opengl/SDL_render_gl.c.o
[135/221] Building C object CMakeFiles/SDL2-static.dir/src/sensor/SDL_sensor.c.o
[136/221] Building C object CMakeFiles/SDL2-static.dir/src/render/software/SDL_triangle.c.o
[137/221] Building C object CMakeFiles/SDL2-static.dir/src/timer/SDL_timer.c.o
[138/221] Building C object CMakeFiles/SDL2-static.dir/src/video/SDL_clipboard.c.o
[139/221] Building C object CMakeFiles/SDL2-static.dir/src/joystick/SDL_joystick.c.o
[140/221] Building C object CMakeFiles/SDL2-static.dir/src/render/opengles2/SDL_render_gles2.c.o
[141/221] Building C object CMakeFiles/SDL2-static.dir/src/video/SDL_blit.c.o
[142/221] Building C object CMakeFiles/SDL2-static.dir/src/video/SDL_egl.c.o
[143/221] Building C object CMakeFiles/SDL2-static.dir/src/video/SDL_vulkan_utils.c.o
[144/221] Building C object CMakeFiles/SDL2-static.dir/src/video/dummy/SDL_nullevents.c.o
[145/221] Building C object CMakeFiles/SDL2-static.dir/src/video/SDL_blit_1.c.o
[146/221] Building C object CMakeFiles/SDL2-static.dir/src/video/dummy/SDL_nullframebuffer.c.o
[147/221] Building C object CMakeFiles/SDL2-static.dir/src/video/SDL_shape.c.o
[148/221] Building C object CMakeFiles/SDL2-static.dir/src/video/SDL_RLEaccel.c.o
[149/221] Building C object CMakeFiles/SDL2-static.dir/src/video/offscreen/SDL_offscreenevents.c.o
[150/221] Building C object CMakeFiles/SDL2-static.dir/src/video/SDL_pixels.c.o
[151/221] Building C object CMakeFiles/SDL2-static.dir/src/video/offscreen/SDL_offscreenframebuffer.c.o
[152/221] Building C object CMakeFiles/SDL2-static.dir/src/video/offscreen/SDL_offscreenopengles.c.o
[153/221] Building C object CMakeFiles/SDL2-static.dir/src/video/offscreen/SDL_offscreenvideo.c.o
[154/221] Building C object CMakeFiles/SDL2-static.dir/src/video/SDL_surface.c.o
[155/221] Building C object CMakeFiles/SDL2-static.dir/src/video/offscreen/SDL_offscreenwindow.c.o
[156/221] Building C object CMakeFiles/SDL2-static.dir/src/audio/sndio/SDL_sndioaudio.c.o
[157/221] Building C object CMakeFiles/SDL2-static.dir/src/audio/alsa/SDL_alsa_audio.c.o
[158/221] Building C object CMakeFiles/SDL2-static.dir/src/video/dummy/SDL_nullvideo.c.o
[159/221] Building C object CMakeFiles/SDL2-static.dir/src/audio/pulseaudio/SDL_pulseaudio.c.o
[160/221] Building C object CMakeFiles/SDL2-static.dir/src/video/x11/SDL_x11clipboard.c.o
[161/221] Building C object CMakeFiles/SDL2-static.dir/src/audio/dsp/SDL_dspaudio.c.o
[162/221] Building C object CMakeFiles/SDL2-static.dir/src/video/x11/SDL_x11framebuffer.c.o
[163/221] Building C object CMakeFiles/SDL2-static.dir/src/video/x11/SDL_x11dyn.c.o
[164/221] Building C object CMakeFiles/SDL2-static.dir/src/video/SDL_video.c.o
[165/221] Building C object CMakeFiles/SDL2-static.dir/src/video/x11/SDL_x11keyboard.c.o
[166/221] Building C object CMakeFiles/SDL2-static.dir/src/video/x11/SDL_x11events.c.o
[167/221] Building C object CMakeFiles/SDL2-static.dir/src/video/x11/SDL_x11modes.c.o
[168/221] Building C object CMakeFiles/SDL2-static.dir/src/audio/pipewire/SDL_pipewire.c.o
[169/221] Building C object CMakeFiles/SDL2-static.dir/src/video/x11/SDL_x11opengles.c.o
[170/221] Building C object CMakeFiles/SDL2-static.dir/src/video/x11/SDL_x11shape.c.o
[171/221] Building C object CMakeFiles/SDL2-static.dir/src/video/x11/SDL_x11mouse.c.o
[172/221] Building C object CMakeFiles/SDL2-static.dir/src/video/x11/SDL_x11opengl.c.o
[173/221] Building C object CMakeFiles/SDL2-static.dir/src/video/x11/SDL_x11touch.c.o
[174/221] Building C object CMakeFiles/SDL2-static.dir/src/video/x11/SDL_x11messagebox.c.o
[175/221] Building C object CMakeFiles/SDL2-static.dir/src/video/x11/SDL_x11vulkan.c.o
[176/221] Building C object CMakeFiles/SDL2-static.dir/src/video/kmsdrm/SDL_kmsdrmdyn.c.o
[177/221] Building C object CMakeFiles/SDL2-static.dir/src/video/x11/SDL_x11xfixes.c.o
[178/221] Building C object CMakeFiles/SDL2-static.dir/src/video/kmsdrm/SDL_kmsdrmevents.c.o
[179/221] Building C object CMakeFiles/SDL2-static.dir/src/video/x11/SDL_x11xinput2.c.o
[180/221] Building C object CMakeFiles/SDL2-static.dir/src/video/kmsdrm/SDL_kmsdrmopengles.c.o
[181/221] Building C object CMakeFiles/SDL2-static.dir/src/video/wayland/SDL_waylandclipboard.c.o
[182/221] Building C object CMakeFiles/SDL2-static.dir/src/video/kmsdrm/SDL_kmsdrmvulkan.c.o
[183/221] Building C object CMakeFiles/SDL2-static.dir/src/video/x11/SDL_x11video.c.o
[184/221] Building C object CMakeFiles/SDL2-static.dir/src/video/wayland/SDL_waylanddatamanager.c.o
[185/221] Building C object CMakeFiles/SDL2-static.dir/src/video/kmsdrm/SDL_kmsdrmvideo.c.o
[186/221] Building C object CMakeFiles/SDL2-static.dir/src/video/wayland/SDL_waylandkeyboard.c.o
[187/221] Building C object CMakeFiles/SDL2-static.dir/src/video/kmsdrm/SDL_kmsdrmmouse.c.o
[188/221] Building C object CMakeFiles/SDL2-static.dir/src/video/wayland/SDL_waylandopengles.c.o
[189/221] Building C object CMakeFiles/SDL2-static.dir/src/video/x11/SDL_x11window.c.o
[190/221] Building C object CMakeFiles/SDL2-static.dir/src/video/wayland/SDL_waylandtouch.c.o
[191/221] Building C object CMakeFiles/SDL2-static.dir/src/video/wayland/SDL_waylandshmbuffer.c.o
[192/221] Building C object CMakeFiles/SDL2-static.dir/src/core/unix/SDL_poll.c.o
[193/221] Building C object CMakeFiles/SDL2-static.dir/src/video/wayland/SDL_waylandmessagebox.c.o
[194/221] Building C object CMakeFiles/SDL2-static.dir/src/video/wayland/SDL_waylandevents.c.o
[195/221] Building C object CMakeFiles/SDL2-static.dir/src/video/wayland/SDL_waylandvulkan.c.o
[196/221] Building C object CMakeFiles/SDL2-static.dir/src/haptic/linux/SDL_syshaptic.c.o
[197/221] Building C object CMakeFiles/SDL2-static.dir/src/video/wayland/SDL_waylandvideo.c.o
[198/221] Building C object CMakeFiles/SDL2-static.dir/src/core/linux/SDL_udev.c.o
[199/221] Building C object CMakeFiles/SDL2-static.dir/src/core/linux/SDL_evdev_capabilities.c.o
[200/221] Building C object CMakeFiles/SDL2-static.dir/src/video/wayland/SDL_waylandmouse.c.o
[201/221] Building C object CMakeFiles/SDL2-static.dir/src/core/linux/SDL_fcitx.c.o
[202/221] Building C object CMakeFiles/SDL2-static.dir/src/core/linux/SDL_sandbox.c.o
[203/221] Building C object CMakeFiles/SDL2-static.dir/src/core/linux/SDL_threadprio.c.o
[204/221] Building C object CMakeFiles/SDL2-static.dir/src/video/wayland/SDL_waylandwindow.c.o
[205/221] Building C object CMakeFiles/SDL2-static.dir/src/joystick/hidapi/SDL_hidapi_rumble.c.o
[206/221] Building C object CMakeFiles/SDL2-static.dir/src/core/linux/SDL_evdev_kbd.c.o
[207/221] Building C object CMakeFiles/SDL2-static.dir/src/thread/pthread/SDL_sysmutex.c.o
[208/221] Building C object CMakeFiles/SDL2-static.dir/src/thread/pthread/SDL_systhread.c.o
[209/221] Building C object CMakeFiles/SDL2-static.dir/src/thread/pthread/SDL_syscond.c.o
[210/221] Building C object CMakeFiles/SDL2-static.dir/src/thread/pthread/SDL_systls.c.o
[211/221] Building C object CMakeFiles/SDL2-static.dir/src/misc/unix/SDL_sysurl.c.o
[212/221] Creating library symlink libSDL2-2.0.so.0 libSDL2-2.0.so
[213/221] Building C object CMakeFiles/SDL2-static.dir/src/thread/pthread/SDL_syssem.c.o
[214/221] Building C object CMakeFiles/SDL2-static.dir/src/timer/unix/SDL_systimer.c.o
[215/221] Building C object CMakeFiles/SDL2-static.dir/src/filesystem/unix/SDL_sysfilesystem.c.o
[216/221] Building C object CMakeFiles/SDL2-static.dir/src/power/linux/SDL_syspower.c.o
[217/221] Building C object CMakeFiles/SDL2-static.dir/src/core/linux/SDL_evdev.c.o
[218/221] Building C object CMakeFiles/SDL2-static.dir/src/joystick/linux/SDL_sysjoystick.c.o
[219/221] Linking C static library libSDL2.a
[220/221] Building C object CMakeFiles/SDL2_test.dir/src/test/SDL_test_fuzzer.c.o
[221/221] Linking C static library libSDL2_test.a
