0,70143,1791005276,2202020,200788,21
exit-helper return=1
1,70143,1791005284,2196584,186300,21
exit-helper return=1
2,70143,1791005291,2196044,186928,21
exit-helper return=1
3,70143,1791005299,2196044,187968,21
exit-helper return=1
4,70143,1791005307,2196044,188020,21
exit-helper return=1
5,70143,1791005314,2199952,192348,21
exit-helper return=1
6,70143,1791005322,2196044,188456,21
exit-helper return=1
7,70143,1791005329,2196044,188684,21
exit-helper return=1
8,70143,1791005337,2199952,191576,21
exit-helper return=1
9,70143,1791005344,2199952,191848,21
exit-helper return=1
10,70143,1791005352,2199952,191712,21
exit-helper return=1
11,70143,1791005359,2199952,192000,21
{"pid": 70143, "cycles": 10, "warmup": 1, "vmsize_growth_kib": 3368, "rss_growth_kib": 5700, "passed": false}
