0,81743,1791005481,2199076,198232,21
exit-helper return=1
1,81743,1791005488,2197168,169584,21
exit-helper return=1
2,81743,1791005496,2196036,170228,21
exit-helper return=1
3,81743,1791005503,2196036,170724,21
exit-helper return=1
4,81743,1791005511,2196036,170784,21
exit-helper return=1
5,81743,1791005518,2196036,170772,21
exit-helper return=1
6,81743,1791005526,2196036,170996,21
exit-helper return=1
7,81743,1791005533,2196036,171324,21
exit-helper return=1
8,81743,1791005541,2196036,171696,21
exit-helper return=1
9,81743,1791005548,2196036,172104,21
exit-helper return=1
10,81743,1791005556,2196036,172376,21
exit-helper return=1
11,81743,1791005563,2196036,172144,21
exit-helper return=1
12,81743,1791005571,2196036,172160,21
exit-helper return=1
13,81743,1791005579,2196036,172484,21
exit-helper return=1
14,81743,1791005586,2196036,172352,21
exit-helper return=1
15,81743,1791005594,2196036,172688,21
{"pid": 81743, "cycles": 10, "warmup": 5, "vmsize_growth_kib": 0, "rss_growth_kib": 1916, "passed": true}
