0,98482,1791007057,2204240,185332,21
exit-helper return=1
1,98482,1791007066,2204240,185632,21
exit-helper return=1
2,98482,1791007075,2204240,185948,21
exit-helper return=1
3,98482,1791007084,2204240,185828,21
exit-helper return=1
4,98482,1791007093,2204240,186108,21
exit-helper return=1
5,98482,1791007102,2204240,186580,21
exit-helper return=1
6,98482,1791007111,2204240,186520,21
exit-helper return=1
7,98482,1791007120,2204240,186496,21
exit-helper return=1
8,98482,1791007129,2204240,186700,21
exit-helper return=1
9,98482,1791007138,2204240,186660,21
exit-helper return=1
10,98482,1791007147,2204240,186968,21
{"pid": 98482, "cycles": 10, "warmup": 0, "vmsize_growth_kib": 0, "rss_growth_kib": 1636}
