0,98482,1791006437,2204240,181504,21
exit-helper return=1
1,98482,1791006446,2204240,179028,21
exit-helper return=1
2,98482,1791006455,2204240,179412,21
exit-helper return=1
3,98482,1791006464,2204240,179672,21
exit-helper return=1
4,98482,1791006473,2204240,179404,21
exit-helper return=1
5,98482,1791006482,2204240,179620,21
exit-helper return=1
6,98482,1791006491,2204240,179744,21
exit-helper return=1
7,98482,1791006500,2204240,180032,21
exit-helper return=1
8,98482,1791006509,2204240,180092,21
exit-helper return=1
9,98482,1791006518,2204240,180264,21
exit-helper return=1
10,98482,1791006527,2204240,180452,21
exit-helper return=1
11,98482,1791006536,2204240,180436,21
exit-helper return=1
12,98482,1791006545,2204240,180276,21
exit-helper return=1
13,98482,1791006554,2204240,180604,21
exit-helper return=1
14,98482,1791006563,2204240,180948,21
exit-helper return=1
15,98482,1791006572,2204240,181052,21
exit-helper return=1
16,98482,1791006581,2204240,180920,21
exit-helper return=1
17,98482,1791006590,2204240,181172,21
exit-helper return=1
18,98482,1791006599,2204240,181036,21
exit-helper return=1
19,98482,1791006608,2204240,181496,21
exit-helper return=1
20,98482,1791006617,2204240,181592,21
exit-helper return=1
21,98482,1791006626,2204240,181684,21
exit-helper return=1
22,98482,1791006635,2204240,181800,21
exit-helper return=1
23,98482,1791006644,2204240,182180,21
exit-helper return=1
24,98482,1791006653,2204240,182308,21
exit-helper return=1
25,98482,1791006661,2204240,182316,21
exit-helper return=1
26,98482,1791006670,2204240,182412,21
exit-helper return=1
27,98482,1791006679,2204240,182588,21
exit-helper return=1
28,98482,1791006688,2204240,182732,21
exit-helper return=1
29,98482,1791006697,2204240,183168,21
exit-helper return=1
30,98482,1791006706,2204240,182920,21
exit-helper return=1
31,98482,1791006715,2204240,183244,21
exit-helper return=1
32,98482,1791006724,2204240,183248,21
exit-helper return=1
33,98482,1791006733,2204240,183336,21
exit-helper return=1
34,98482,1791006742,2204240,183348,21
exit-helper return=1
35,98482,1791006751,2204240,183444,21
exit-helper return=1
36,98482,1791006760,2204240,183732,21
exit-helper return=1
37,98482,1791006769,2204240,183756,21
exit-helper return=1
38,98482,1791006778,2204240,183732,21
exit-helper return=1
39,98482,1791006787,2204240,183900,21
exit-helper return=1
40,98482,1791006796,2204240,184196,21
exit-helper return=1
41,98482,1791006805,2204240,184456,21
exit-helper return=1
42,98482,1791006814,2204240,184608,21
exit-helper return=1
43,98482,1791006823,2204240,184880,21
exit-helper return=1
44,98482,1791006832,2204240,184560,21
exit-helper return=1
45,98482,1791006840,2204240,184840,21
exit-helper return=1
46,98482,1791006849,2204240,185068,21
exit-helper return=1
47,98482,1791006858,2204240,185180,21
exit-helper return=1
48,98482,1791006867,2204240,185400,21
exit-helper return=1
49,98482,1791006876,2204240,185504,21
exit-helper return=1
50,98482,1791006885,2204240,185588,21
{"pid": 98482, "cycles": 50, "warmup": 0, "vmsize_growth_kib": 0, "rss_growth_kib": 4084}
