0,98482,1791005847,2199008,198892,21
exit-helper return=1
1,98482,1791005856,2204240,173068,21
exit-helper return=1
2,98482,1791005865,2204240,171664,21
exit-helper return=1
3,98482,1791005874,2204240,172200,21
exit-helper return=1
4,98482,1791005883,2204240,172216,21
exit-helper return=1
5,98482,1791005892,2204240,172460,21
exit-helper return=1
6,98482,1791005901,2204240,172496,21
exit-helper return=1
7,98482,1791005910,2204240,172860,21
exit-helper return=1
8,98482,1791005919,2204240,172500,21
exit-helper return=1
9,98482,1791005928,2204240,172828,21
exit-helper return=1
10,98482,1791005937,2204240,172928,21
exit-helper return=1
11,98482,1791005946,2204240,173440,21
exit-helper return=1
12,98482,1791005955,2204240,174012,21
exit-helper return=1
13,98482,1791005964,2204240,173860,21
exit-helper return=1
14,98482,1791005973,2204240,174344,21
exit-helper return=1
15,98482,1791005982,2204240,174556,21
exit-helper return=1
16,98482,1791005991,2204240,173808,21
exit-helper return=1
17,98482,1791006000,2204240,174336,21
exit-helper return=1
18,98482,1791006009,2204240,174444,21
exit-helper return=1
19,98482,1791006018,2204240,174460,21
exit-helper return=1
20,98482,1791006027,2204240,174676,21
exit-helper return=1
21,98482,1791006036,2204240,174748,21
exit-helper return=1
22,98482,1791006045,2204240,174904,21
exit-helper return=1
23,98482,1791006054,2204240,175112,21
exit-helper return=1
24,98482,1791006063,2204240,175104,21
exit-helper return=1
25,98482,1791006071,2204240,175340,21
exit-helper return=1
26,98482,1791006080,2204240,175540,21
exit-helper return=1
27,98482,1791006089,2204240,175808,21
exit-helper return=1
28,98482,1791006098,2204240,175972,21
exit-helper return=1
29,98482,1791006107,2204240,176172,21
exit-helper return=1
30,98482,1791006116,2204240,176100,21
exit-helper return=1
31,98482,1791006125,2204240,176188,21
exit-helper return=1
32,98482,1791006134,2204240,176500,21
exit-helper return=1
33,98482,1791006143,2204240,176436,21
exit-helper return=1
34,98482,1791006152,2204240,176544,21
exit-helper return=1
35,98482,1791006161,2204240,176840,21
exit-helper return=1
36,98482,1791006170,2204240,176728,21
exit-helper return=1
37,98482,1791006179,2204240,176856,21
exit-helper return=1
38,98482,1791006188,2204240,177036,21
exit-helper return=1
39,98482,1791006197,2204240,176892,21
exit-helper return=1
40,98482,1791006206,2204240,177212,21
exit-helper return=1
41,98482,1791006215,2204240,177712,21
exit-helper return=1
42,98482,1791006224,2204240,177576,21
exit-helper return=1
43,98482,1791006233,2204240,177804,21
exit-helper return=1
44,98482,1791006242,2204240,177736,21
exit-helper return=1
45,98482,1791006250,2204240,178212,21
exit-helper return=1
46,98482,1791006259,2204240,177712,21
exit-helper return=1
47,98482,1791006268,2204240,178140,21
exit-helper return=1
48,98482,1791006277,2204240,178100,21
exit-helper return=1
49,98482,1791006286,2204240,178520,21
exit-helper return=1
50,98482,1791006295,2204240,178428,21
exit-helper return=1
51,98482,1791006304,2204240,178496,21
exit-helper return=1
52,98482,1791006313,2204240,178928,21
exit-helper return=1
53,98482,1791006322,2204240,179164,21
exit-helper return=1
54,98482,1791006331,2204240,178924,21
exit-helper return=1
55,98482,1791006340,2204240,179268,21
{"pid": 98482, "cycles": 50, "warmup": 5, "vmsize_growth_kib": 0, "rss_growth_kib": 6808, "passed": false}
