0,269673,1791007877,2198656,198268,21
exit-helper return=1
1,269673,1791007885,2195896,170612,21
exit-helper return=1
2,269673,1791007892,2195896,170116,21
exit-helper return=1
3,269673,1791007900,2195896,168660,21
exit-helper return=1
4,269673,1791007907,2195896,170324,21
exit-helper return=1
5,269673,1791007915,2195896,170560,21
exit-helper return=1
6,269673,1791007922,2195896,170272,21
exit-helper return=1
7,269673,1791007930,2195896,170384,21
exit-helper return=1
8,269673,1791007938,2195896,170732,21
exit-helper return=1
9,269673,1791007946,2195896,170648,21
exit-helper return=1
10,269673,1791007953,2195896,171340,21
exit-helper return=1
11,269673,1791007961,2195896,171620,21
exit-helper return=1
12,269673,1791007969,2195896,171488,21
exit-helper return=1
13,269673,1791007976,2195896,171704,21
exit-helper return=1
14,269673,1791007984,2195896,171292,21
exit-helper return=1
15,269673,1791007991,2195896,171508,21
{"pid": 269673, "cycles": 10, "warmup": 5, "vmsize_growth_kib": 0, "rss_growth_kib": 948, "passed": true}
