[New LWP 7343]
[New LWP 7342]
[New LWP 7341]
[New LWP 7338]
[New LWP 7337]
[New LWP 7336]
[New LWP 7335]
[New LWP 7334]
[New LWP 7333]
[New LWP 7332]
[New LWP 7331]
[New LWP 7330]
[New LWP 1466]
[New LWP 1465]
[New LWP 1464]
[New LWP 1454]
[New LWP 1440]
[New LWP 1439]
[New LWP 1438]
[New LWP 1437]
[Thread debugging using libthread_db enabled]
Using host libthread_db library "/usr/lib/libthread_db.so.1".
0x00007f28431a891e in ?? () from /usr/lib/libc.so.6
Catchpoint 1 (unload)
[Thread 0x7f27e3fff6c0 (LWP 7343) exited]
[Thread 0x7f27ff6006c0 (LWP 7342) exited]
[Thread 0x7f27fffff6c0 (LWP 7341) exited]
[Thread 0x7f2815b006c0 (LWP 7337) exited]
[Thread 0x7f2817b046c0 (LWP 7336) exited]
[Thread 0x7f281ec2d6c0 (LWP 7335) exited]
[Thread 0x7f281f42e6c0 (LWP 7334) exited]
[Thread 0x7f2816b026c0 (LWP 7332) exited]
[Thread 0x7f28173036c0 (LWP 7333) exited]
[Thread 0x7f28163016c0 (LWP 7331) exited]
[Thread 0x7f2814afe6c0 (LWP 7330) exited]
[Thread 0x7f28152ff6c0 (LWP 7338) exited]
Mesa DSO unload at game launch
#0  0x00007f28441fa730 in _dl_debug_state () from /lib64/ld-linux-x86-64.so.2
#1  0x00007f28441fa08d in ?? () from /lib64/ld-linux-x86-64.so.2
#2  0x00007f28441fa6cc in ?? () from /lib64/ld-linux-x86-64.so.2
#3  0x00007f28441f94bc in _dl_catch_exception () from /lib64/ld-linux-x86-64.so.2
#4  0x00007f28441f95ef in ?? () from /lib64/ld-linux-x86-64.so.2
#5  0x00007f284319ce84 in ?? () from /usr/lib/libc.so.6
#6  0x00007f284319cc13 in dlclose () from /usr/lib/libc.so.6
#7  0x00007f28439ce744 in ?? () from /usr/lib/libSDL2-2.0.so.0
#8  0x00007f28439e0585 in ?? () from /usr/lib/libSDL2-2.0.so.0
#9  0x0000000000c0c391 in ?? ()
#10 0x0000000000514ba4 in ?? ()
#11 0x0000000000a17d0f in ?? ()
#12 0x0000000000a186ee in ?? ()
#13 0x0000000000b34cd9 in ?? ()
#14 0x0000000000aa422e in ?? ()
#15 0x0000000000a16aeb in ?? ()
[Inferior 1 (process 1435) detached]
