test_policy_is_digest_bound_exact_action_and_valid_sudoers (__main__.Installation.test_policy_is_digest_bound_exact_action_and_valid_sudoers) ... FAIL
test_policy_validation_failure_rolls_back_both_files (__main__.Installation.test_policy_validation_failure_rolls_back_both_files) ... ok
test_unprivileged_installation_cannot_write (__main__.Installation.test_unprivileged_installation_cannot_write) ... ok
test_active_jobs_and_container_namespace_refused (__main__.Observations.test_active_jobs_and_container_namespace_refused) ... ok
test_args_nonroot_and_source_copy_cannot_mutate (__main__.Observations.test_args_nonroot_and_source_copy_cannot_mutate) ... ok
test_available_ram_missing_or_invalid_refused (__main__.Observations.test_available_ram_missing_or_invalid_refused) ... ok
test_command_uses_fixed_environment_no_shell_and_failure_propagates (__main__.Observations.test_command_uses_fixed_environment_no_shell_and_failure_propagates) ... ok
test_idle_process_exit_and_unreadable_process (__main__.Observations.test_idle_process_exit_and_unreadable_process) ... ok
test_swap_exact_and_empty (__main__.Observations.test_swap_exact_and_empty) ... ok
test_swap_malformed_or_other_target_refused (__main__.Observations.test_swap_malformed_or_other_target_refused) ... ok
test_unsafe_ownership_mode_links_and_type_refused (__main__.Observations.test_unsafe_ownership_mode_links_and_type_refused) ... ok
test_active_job_and_changed_file_refuse_before_mutation (__main__.Reclamation.test_active_job_and_changed_file_refuse_before_mutation) ... ok
test_failed_swapoff_still_active_is_not_success (__main__.Reclamation.test_failed_swapoff_still_active_is_not_success) ... Reclaiming /swap.img with 16 GiB RAM reserve
ok
test_failed_swapon_never_reports_success (__main__.Reclamation.test_failed_swapon_never_reports_success) ... Reclaiming /swap.img with 16 GiB RAM reserve
ok
test_false_swapon_success_and_priority_drift_refused (__main__.Reclamation.test_false_swapon_success_and_priority_drift_refused) ... Reclaiming /swap.img with 16 GiB RAM reserve
Reclaiming /swap.img with 16 GiB RAM reserve
ok
test_healthy_noop_and_inactive_refusal (__main__.Reclamation.test_healthy_noop_and_inactive_refusal) ... ok
test_insufficient_memory_and_boundary (__main__.Reclamation.test_insufficient_memory_and_boundary) ... READY: swap has at least 20% free; no change
Reclaiming /swap.img with 16 GiB RAM reserve
ok
test_partial_swapoff_failure_and_interruption_reactivate (__main__.Reclamation.test_partial_swapoff_failure_and_interruption_reactivate) ... READY: /swap.img active, priority -1, 8388608 KiB free
Reclaiming /swap.img with 16 GiB RAM reserve
Reclaiming /swap.img with 16 GiB RAM reserve
ok
test_reclaims_only_one_file_and_restores_priority (__main__.Reclamation.test_reclaims_only_one_file_and_restores_priority) ... Reclaiming /swap.img with 16 GiB RAM reserve
READY: /swap.img active, priority -1, 8388608 KiB free
Reclaiming /swap.img with 16 GiB RAM reserve
ok
test_second_memory_read_refuses_new_pressure (__main__.Reclamation.test_second_memory_read_refuses_new_pressure) ... ok
test_signal_acknowledged_only_after_reactivation (__main__.Reclamation.test_signal_acknowledged_only_after_reactivation) ... READY: /swap.img active, priority 17, 8388608 KiB free
Reclaiming /swap.img with 16 GiB RAM reserve
ok

======================================================================
FAIL: test_policy_is_digest_bound_exact_action_and_valid_sudoers (__main__.Installation.test_policy_is_digest_bound_exact_action_and_valid_sudoers)
----------------------------------------------------------------------
Traceback (most recent call last):
  File "/workspace/repos/rocknix.worktrees/conflict-resolution/tools/host-maintenance/test-swap-reclaim", line 245, in test_policy_is_digest_bound_exact_action_and_valid_sudoers
    self.assertEqual(result.returncode, 0, result.stdout + result.stderr)
    ~~~~~~~~~~~~~~~~^^^^^^^^^^^^^^^^^^^^^^^^^^^^^^^^^^^^^^^^^^^^^^^^^^^^^
AssertionError: 1 != 0 : /tmp/tmp3e3416gu/policy:3:36: syntax error: digest specifications are not supported
max ALL=(root) NOPASSWD: NOSETENV: sha256:98de1079421657946196e17d43ada3b1b7c20028353fb64660f0329cb38c20fd /usr/local/sbin/pixelelated-reclaim-swap --reclaim
                                   ^~~~~~
visudo: invalid sudoers file


----------------------------------------------------------------------
Ran 21 tests in 0.016s

FAILED (failures=1)
