23:10:51 === A-pl020 on guest d, BUILD_ID="320d2b2bea0c35d77d627d14b3a43ea52aba9109"
23:10:51   PASS  guest d's SAVES tier is its own folder (/QA307d/Saves)
23:10:51 -- 1 the live allowlist cut before its catch-all
sh: line 1: /storage/.config/cloud_sync-rules.txt.bak: No such file or directory
    cut: 0
    cut: + /psx/memcards/*.mcr
    helper rc=0
23:10:52   PASS  the helper rebuilt the allowlist whole (its catch-all is back: - /**)
sh: line 1: /storage/.config/cloud_sync-rules.txt.bak: No such file or directory
23:10:52   PASS  no .bak was taken from the cut file (.bak: absent ( -> ); the helper's 'not taking a .bak from it' lines: 1)
    log: [2026-09-28 19:10:52] [INFO] [cloud_sync_helper] Updated cloud_sync-rules.txt with new defaults while preserving custom rules
    log: [2026-09-28 19:10:52] [INFO] [cloud_sync_helper] Checking cloud sync configuration...
    log: [2026-09-28 19:10:52] [INFO] [cloud_sync_helper] Updating configuration with new defaults
    backup: Settings backup: SKIPPED - SAVES ONLY
    backup: Completed.
    backup: ====================================
    backup: rc=0
23:10:53   PASS  the saves backup after the rebuild ran (rc 0)
23:10:54   PASS  no ROM went to the cloud (0 of 3 files are ROMs)
23:10:54 -- 2 a cut file the helper cannot replace
    bound: + /psx/memcards/*.mcr
    bound: 0
    backup: The list of what to sync is damaged, so nothing was sent. Try again.
    backup: >>> why YOUR CLOUD SYNC SETTINGS COULDN'T BE READ
    backup: rc=1
23:10:55   PASS  cloud_backup refused (rc not 0)
23:10:55   PASS  its why is YOUR CLOUD SYNC SETTINGS COULDN'T BE READ
23:10:55   PASS  nothing was sent (cloud files 4 -> 4; QA307-A.gb not in the cloud)
    restore: The list of what to sync is damaged, so nothing was restored. Try again.
    restore: >>> why YOUR CLOUD SYNC SETTINGS COULDN'T BE READ
    restore: rc=1
23:10:56   PASS  cloud_restore refused (rc not 0)
23:10:56   PASS  nothing was restored (QA307-B.gb, a file outside the allowlist, is not on the device)
    log: [2026-09-28 19:10:55] [WARN] [cloud_sync_helper] rules file has no catch-all line; not taking a .bak from it
    log: [2026-09-28 19:10:56] [ERROR] [cloud_restore] the rules file /storage/.config/cloud_sync-rules.txt has no catch-all line (- /**); refusing the saves restore
    cleanup: - /**
    cleanup: 0
23:10:56 === done: 10 PASS, 0 FAIL
