19:39:03 === B-holdback on guest d, BUILD_ID="8196071ff52b59eaea0058f35faf6b9db4b5a43d"
    planted: /storage/.config/system/configs/system.cfg.backup: 1
    planted: /storage/.config/system/configs/system.cfg.tmp: 1
    planted: /storage/.config/emulationstation/es_settings.cfg.backup: 1
    planted: 0
    backuptool: [32mBACKING UP SETTINGS...[0m
    backuptool: [32mSETTINGS BACKED UP TO THIS DEVICE.[0m
    backuptool: [32mCOPY IT SOMEWHERE SAFE, OR BACK UP SETTINGS TO THE CLOUD UNDER GAME SETTINGS > MANAGE CLOUD STORAGE.[0m
    backuptool: rc=0
19:39:04 the archive: /storage/roms/backup/2026_09_28-153904-GENERIC-X64-ROCKNIX_SETTINGS.tar.gz (2026-09-28 15:39:04)
19:39:04 members: 4; under system/configs and emulationstation: cookies.txt es_settings.cfg system.cfg 
    journal: Sep 28 15:39:04 GENERIC-X64-474c backuptool[6305]: held back 3 last-good record(s) or temporaries beside files that are stripped or held back
19:39:04   PASS  the backup of the custom list completed (rc 0)
19:39:04   PASS  system.cfg.backup is not in the archive
19:39:04   PASS  system.cfg.tmp is not in the archive
19:39:04   PASS  es_settings.cfg.backup is not in the archive
19:39:04   PASS  the live system.cfg is (the selection did cover the folder)
19:39:04   PASS  the planted value is in no member (0 lines)
    put back (marker counts, archives): /storage/.config/system/configs/system.cfg.backup:0 /storage/.config/emulationstation/es_settings.cfg.backup:0 0
19:39:05 === done: 6 PASS, 0 FAIL
