23:10:56 === B-holdback on guest d, BUILD_ID="320d2b2bea0c35d77d627d14b3a43ea52aba9109"
    planted: /storage/.config/system/configs/system.cfg.backup: 1
    planted: /storage/.config/system/configs/system.cfg.tmp: 1
    planted: /storage/.config/emulationstation/es_settings.cfg.backup: 1
    planted: 0
    backuptool: [32mBACKING UP SETTINGS...[0m
    backuptool: [32mSETTINGS BACKED UP TO THIS DEVICE.[0m
    backuptool: [32mCOPY IT SOMEWHERE SAFE, OR BACK UP SETTINGS TO THE CLOUD UNDER GAME SETTINGS > MANAGE CLOUD STORAGE.[0m
    backuptool: rc=0
23:10:57 the archive: /storage/roms/backup/2026_09_28-191056-GENERIC-X64-ROCKNIX_SETTINGS.tar.gz (2026-09-28 19:10:57)
23:10:57 members: 9; under system/configs and emulationstation: shared.xml deviceonly.xml Bobl.xml Tobu Tobu Girl Deluxe.xml Ninoid-1790636813-e.xml cookies.txt es_settings.cfg system.cfg 
    journal: Sep 28 19:10:57 GENERIC-X64-474c backuptool[4373]: held back 3 last-good record(s) or temporaries beside files that are stripped or held back
23:10:57   PASS  the backup of the custom list completed (rc 0)
23:10:57   PASS  system.cfg.backup is not in the archive
23:10:57   PASS  system.cfg.tmp is not in the archive
23:10:57   PASS  es_settings.cfg.backup is not in the archive
23:10:57   PASS  the live system.cfg is (the selection did cover the folder)
23:10:57   PASS  the planted value is in no member (0 lines)
    put back (marker counts, archives): /storage/.config/system/configs/system.cfg.backup:0 /storage/.config/emulationstation/es_settings.cfg.backup:0 0
23:10:57 === done: 6 PASS, 0 FAIL
