23:10:57 === B-kill18-reboot on guest d, BUILD_ID="320d2b2bea0c35d77d627d14b3a43ea52aba9109"
23:10:58 settings backups folder before:  archive/: none; backuptool.conf existed: no
    /storage/roms is not a mountpoint
    /games-internal/roms /storage/roms ext4 /dev/vda2
    -rw-r--r--    1 root     root        201124 Sep 28 19:10 /storage/roms/backup/2098_01_01-000000-GENERIC-X64-ROCKNIX_SETTINGS.tar.gz
/tmp/k18-run: line 12:  4632 Killed                     backuptool restore > /tmp/k18.out 2>&1 < /dev/null
23:11:00 the watcher: landed 552 small files in
23:11:02   PASS  the kill landed mid-extract (landed 552 small files in; a=ARCHIVE b=LIVE c=absent many=552)
23:11:02 the mark: line 1 '/storage/roms/backup/archive/2026_09_28-191059-PRE_RESTORE-GENERIC-X64-ROCKNIX_SETTINGS.tar.gz'; 20001 '+' line(s); c.cfg among them: 1
23:11:02   PASS  the restore mark names a pre-restore copy that exists (/storage/roms/backup/archive/2026_09_28-191059-PRE_RESTORE-GENERIC-X64-ROCKNIX_SETTINGS.tar.gz)
23:11:02   PASS  the mark carries c.cfg as a file the restore creates (+/storage/qa307-k18/live/c.cfg; PL-007 marker v2)
    k18.out: [32mCHECKING YOUR SETTINGS BACKUP...[0m
    k18.out: [32mKEEPING A COPY OF YOUR CURRENT SETTINGS...[0m
    k18.out: [32mRESTORING SETTINGS...[0m
23:11:02 reboot (the kill left the tree half restored and the mark in place)
    [    2.253583] ROCKNIX chksysconfig[521]: a settings restore was cut off; the copy taken before it (/storage/roms/backup/archive/2026_09_28-191059-PRE_RESTORE-GENERIC-X64-ROCKNIX_SETTINGS.tar.gz) or the files it made are on a folder not mounted yet, so it goes back at the next check this boot
    [   16.390018] GENERIC-X64-474c chksysconfig[20886]: a settings restore was cut off; the copy taken before it was put back (/storage/roms/backup/archive/2026_09_28-191059-PRE_RESTORE-GENERIC-X64-ROCKNIX_SETTINGS.tar.gz) and the 20001 file(s) it created removed
    [    3.832813] GENERIC-X64-474c automount[759]: Executing bind mount of /storage/games-internal to /storage/roms
23:11:47 after the boot: a=LIVE b=LIVE c=absent many=0; .restore-reverted 'reverted'; mark gone
23:11:47   PASS  PL-045: a pass kept the mark while the folder read as not mounted (1 line(s) 'not mounted yet')
23:11:47   PASS  PL-045: a later pass this boot put the copy back (1 'was put back' line)
23:11:47   PASS  PL-007: the tree is as it was (a, b LIVE) and every file the restore created is gone (c.cfg, many/): a=LIVE b=LIVE c=absent many=0
23:11:47   PASS  EmulationStation is left 'reverted' and the mark is gone (said 'reverted', mark gone)
    cleanup: /storage/roms/backup: archive  /storage/roms/backup/archive: 23:11:48 === done: 7 PASS, 0 FAIL
