19:43:03 === C-signin on guest d, BUILD_ID="8196071ff52b59eaea0058f35faf6b9db4b5a43d"
    setup: 1
    setup: rclone v1.75.1
19:43:40 -- 1 F-RS-18: the serve beside the offline proxy on port 8080
19:43:40   PASS  the offline proxy runs (toggle on)
    ADDRESS=http://10.0.2.15:8080
    NAME=Dropbox
    PROVIDER=http://127.0.0.1:53690/signin?state=QA307STATE
19:43:43    listening (hex): 3500007F:0035 0100007F:D1B2 0100007F:D1BA 0100007F:1269 0100007F:04D2 00000000:0E76 00000000:01BD 3600007F:0035 00000000:008B 00000000:0016 00000000:006F 00000000:14EB 0100007F:1F90 0F02000A:1F90 
19:43:43   PASS  the proxy listens on 127.0.0.1:8080 (0100007F:1F90)
19:43:43   PASS  the serve listens on the LAN address 10.0.2.15:8080 (0F02000A:1F90) at the same time
19:43:43   PASS  status waiting, no 'already in use'
19:43:43 -- 2 PL-017 / PL-016: the phone page by curl
19:43:43   PASS  a type before the window opened is refused (409): the page's script keeps its box for the window (PL-016's script half is C4's node case)
19:43:47   PASS  the window is up on the stand-in's page
19:43:51    POSTs: type=abc 204, key=backspace 204, type=d 204
    page: 15:43:48 field u=a
    page: 15:43:48 field u=ab
    page: 15:43:48 field u=abc
    page: 15:43:49 field u=ab
    page: 15:43:49 field u=abd
19:43:51   PASS  PL-017: abc, Back, d -> the page's field holds 'abd' (want abd)
    cloud_sync.log: [2026-09-28 15:43:48] [INFO] [cloud_oauth] typed 3 characters
    cloud_sync.log: [2026-09-28 15:43:49] [INFO] [cloud_oauth] typed 0 characters + backspace
    cloud_sync.log: [2026-09-28 15:43:50] [INFO] [cloud_oauth] typed 1 characters
19:43:52 -- 3 gpt F-RS-12: the on-screen keyboard's layouts
19:44:17    frames: /workspace/tmp/rocknix-session/proofs-307/frames/C-signin-osk-letters.png /workspace/tmp/rocknix-session/proofs-307/frames/C-signin-osk-shift.png /workspace/tmp/rocknix-session/proofs-307/frames/C-signin-osk-symbols.png (read by eye: every key inside the panel)
19:44:17   PASS  the window stayed up through the keyboard walk
19:44:17 -- 4 PL-049: cloud_oauth cancel with the page up
19:44:18   PASS  the window went 1.3 s after cancel
19:44:19   PASS  the serve is gone too (status idle)
19:44:19 -- 5 PL-018: the pad after an on-device sign-in
    pad: free /dev/input/event5
19:44:26    the interface's pid 1558; its log on the pad: 
19:44:46   PASS  before any sign-in the pad moves the menu (frame difference 6.92)
    ADDRESS=http://10.0.2.15:8080
    NAME=Dropbox
    PROVIDER=http://127.0.0.1:53690/signin?state=QA307STATE
19:44:53   PASS  while the window is up the bridge holds the pad (grabbed /dev/input/event5)
19:44:53    type=qa307go 204: the stand-in page signs in and redirects back
19:44:56   PASS  the sign-in landed (status signed-in; remote 1 qa307x section)
19:44:56   PASS  at the sign-in the pad is let go while the window is still up (free /dev/input/event5, window up) -- PL-018
    wait: rc=0
19:44:57    cloud_oauth wait returned after 0.2 s
19:45:02   PASS  after the sign-in, window closed, the pad moves the menu (frame difference 6.90)
19:45:02   PASS  without a restart (the interface's pid still 1558)
19:45:11 -- 6 E1 (this build): unmasked credentials in the interface's logs
    shapes:       2 pass ran
19:45:11   PASS  no credential value in /var/log/es_log*.txt after the sign-in flows (0 shape(s) other than the hasher's 'pass ran'); no call site in the pinned tree builds sh -c '... --password "..."' (git grep), so dcf7fa8c7's regression has no line to leak on this build
    teardown: qa-cloud:
    teardown: 0
19:45:13 === done: 17 PASS, 0 FAIL
