19:45:13 === D-boot on guest d, BUILD_ID="8196071ff52b59eaea0058f35faf6b9db4b5a43d"
19:45:13 toggle: enabled=1 marker=1 service=active hardcore=0 
19:45:13   PASS  the toggle is on and the service active before the boots
19:45:13   PASS  essway.service is After=raofflineproxy.service (the gate)
19:45:13   PASS  the unit waits for the listener (ExecStartPost ... listening --wait)
19:45:28 -- boot 1: boot id a9ccded3, the interface's API first answered at uptime 5.05 s
    Startup finished in 1.563s (kernel) + 2.772s (userspace) = 4.335s 
    rocknix.target reached after 2.734s in userspace.
    1.109s rocknix-autostart.service
    1.017s raofflineproxy.service
    [    2.156344] GENERIC-X64-474c systemd[1]: Starting raofflineproxy.service...
    [    3.174208] GENERIC-X64-474c systemd[1]: Started raofflineproxy.service.
    [    4.305093] GENERIC-X64-474c systemd[1]: Started essway.service.
19:45:29    proxy unit: 2.156344 -> 3.174208 s (1.02 s to listening); essway started 4.305093 s; API 5.05 s
19:45:29   PASS  boot 1: the interface started after the proxy was listening (proxy 3.174208 s, essway 4.305093 s), carousel's API at 5.05 s
19:46:03 -- boot 2: boot id 7d2c0c4e, the interface's API first answered at uptime 4.86 s
    Startup finished in 1.472s (kernel) + 2.803s (userspace) = 4.276s 
    rocknix.target reached after 2.784s in userspace.
    1.168s rocknix-autostart.service
    1.015s raofflineproxy.service
    [    2.056312] GENERIC-X64-474c systemd[1]: Starting raofflineproxy.service...
    [    3.072061] GENERIC-X64-474c systemd[1]: Started raofflineproxy.service.
    [    4.262420] GENERIC-X64-474c systemd[1]: Started essway.service.
19:46:04    proxy unit: 2.056312 -> 3.072061 s (1.02 s to listening); essway started 4.262420 s; API 4.86 s
19:46:04   PASS  boot 2: the interface started after the proxy was listening (proxy 3.072061 s, essway 4.262420 s), carousel's API at 4.86 s
19:46:24 === done: 5 PASS, 0 FAIL
