23:17:05 === D-boot on guest d, BUILD_ID="320d2b2bea0c35d77d627d14b3a43ea52aba9109"
23:17:06 toggle: enabled=1 marker=1 service=active hardcore=0 
23:17:06   PASS  the toggle is on and the service active before the boots
23:17:06   PASS  essway.service is After=raofflineproxy.service (the gate)
23:17:06   PASS  the unit waits for the listener (ExecStartPost ... listening --wait)
23:17:21 -- boot 1: boot id a6188676, the interface's API first answered at uptime 5.20 s
    Startup finished in 1.581s (kernel) + 2.747s (userspace) = 4.329s 
    rocknix.target reached after 2.730s in userspace.
    1.106s rocknix-autostart.service
    1.018s raofflineproxy.service
    [    2.160373] GENERIC-X64-474c systemd[1]: Starting raofflineproxy.service...
    [    3.179412] GENERIC-X64-474c systemd[1]: Started raofflineproxy.service.
    [    4.319200] GENERIC-X64-474c systemd[1]: Started essway.service.
23:17:21    proxy unit: 2.160373 -> 3.179412 s (1.02 s to listening); essway started 4.319200 s; API 5.20 s
23:17:21   PASS  boot 1: the interface started after the proxy was listening (proxy 3.179412 s, essway 4.319200 s), carousel's API at 5.20 s
23:17:57 -- boot 2: boot id 3a5c2e7d, the interface's API first answered at uptime 5.16 s
    Startup finished in 1.564s (kernel) + 2.813s (userspace) = 4.378s 
    rocknix.target reached after 2.804s in userspace.
    1.163s rocknix-autostart.service
    1.020s raofflineproxy.service
    [    2.156658] GENERIC-X64-474c systemd[1]: Starting raofflineproxy.service...
    [    3.177051] GENERIC-X64-474c systemd[1]: Started raofflineproxy.service.
    [    4.372794] GENERIC-X64-474c systemd[1]: Started essway.service.
23:17:58    proxy unit: 2.156658 -> 3.177051 s (1.02 s to listening); essway started 4.372794 s; API 5.16 s
23:17:58   PASS  boot 2: the interface started after the proxy was listening (proxy 3.177051 s, essway 4.372794 s), carousel's API at 5.16 s
23:18:18 === done: 5 PASS, 0 FAIL
