23:21:31 === D-pl059 on guest d, BUILD_ID="320d2b2bea0c35d77d627d14b3a43ea52aba9109"
23:22:07   PASS  the interface runs with the lowered cap in its environment (PYTHONPATH=/storage/.qa307-py QA307_SCAN_CAP=10 )
23:22:08   PASS  a from-import sees the lowered cap (10)
    snes files: 13
23:23:16 YES: the scan runs
23:23:26 the page after the run: /workspace/tmp/rocknix-session/proofs-307/frames/D-pl059-page.png
23:23:26 stamp: 1790637800 0 scan cached=0 skipped=10 ready=2 limit=0 indexed=0 errors=0 added=0 truncated=1
    scan.log: 2026-09-28 23:23:15 scan start: found=12 new=10 cached=2 indexed=0 hashing=10 truncated=1 cursor_saved=1
    scan.log: 2026-09-28 23:23:15 scan: the walk stopped at the client's cap of files per run; the next scan walks on from /storage/.config/raofflineproxy/scan-cursor
    scan.log: >>> done 74|0
    scan.log: 2026-09-28 23:23:20 scan done: rc=0 cached=0 indexed=0 skipped=10 errors=0 ready=2 limit=0
23:23:26   PASS  the stamp says truncated=1
23:23:27   PASS  scan.log's scan start line says truncated=1
23:23:27   PASS  the run kept its cursor (qa307-g10.sfc)
23:23:27   PASS  no proposal left behind (scan-cursor.next gone)
23:23:27 why/note words in the stamp and log: stamp 'no why';       1 cursor_saved=1 
23:23:27   (the page's note is graded from the frame; the interface writes no log line for it)
    cleanup: snes files left 0
23:23:32 the page's note is read from /workspace/tmp/rocknix-session/proofs-307/frames/D-pl059-page.png (NOT EVERY FOLDER WAS LOOKED AT. SCAN AGAIN TO CONTINUE.)
23:23:32 === done: 6 PASS, 0 FAIL
