19:50:19 === D-pl059 on guest d, BUILD_ID="8196071ff52b59eaea0058f35faf6b9db4b5a43d"
19:50:55   PASS  the interface runs with the lowered cap in its environment (PYTHONPATH=/storage/.qa307-py QA307_SCAN_CAP=10 )
19:50:55   PASS  a from-import sees the lowered cap (10)
    snes files: 13
19:52:04 YES: the scan runs
19:52:13 the page after the run: /workspace/tmp/rocknix-session/proofs-307/frames/D-pl059-page.png
19:52:13 stamp: 1790625126 0 scan cached=0 skipped=10 ready=1 limit=0 indexed=0 errors=0 added=0 truncated=1
    scan.log: 2026-09-28 19:52:03 scan start: found=10 new=10 cached=0 indexed=0 hashing=10 truncated=1 cursor_saved=1
    scan.log: 2026-09-28 19:52:03 scan: the walk stopped at the client's cap of files per run; the next scan walks on from /storage/.config/raofflineproxy/scan-cursor
    scan.log: >>> note NOTHING_MISSING
    scan.log: >>> done 0|0
    scan.log: 2026-09-28 19:52:06 scan done: rc=0 cached=0 indexed=0 skipped=10 errors=0 ready=1 limit=0
19:52:13   PASS  the stamp says truncated=1
19:52:14   PASS  scan.log's scan start line says truncated=1
19:52:14   PASS  the run kept its cursor (qa307-g10.sfc)
19:52:14   PASS  no proposal left behind (scan-cursor.next gone)
19:52:14 why/note words in the stamp and log: stamp 'no why';       1 cursor_saved=1       1 note NOTHING_MISSING 
19:52:14   (the page's note is graded from the frame; the interface writes no log line for it)
    cleanup: snes files left 0
19:52:19 the page's note is read from /workspace/tmp/rocknix-session/proofs-307/frames/D-pl059-page.png (NOT EVERY FOLDER WAS LOOKED AT. SCAN AGAIN TO CONTINUE.)
19:52:19 === done: 6 PASS, 0 FAIL
