23:23:32 === D-scan on guest d, BUILD_ID="320d2b2bea0c35d77d627d14b3a43ea52aba9109"
    57b46220d280a9fb225abacc9e1a592f  /storage/roms/gb/NinoidRA.gb
    7fa88d27169175b80fd330e16e9787db  /storage/roms/gbc/ComboFishing.gb
    c48f26f5079ad1b411c78fbcb2738d67  /storage/roms/gbc/Tobu Tobu Girl Deluxe.gb
    c1311d48fac302dbc2fa0ae234590f28  /storage/roms/nes/cookieclicker.nes
23:23:33 UPDATE GAMELISTS through the API (/reloadgames), online: the index hashes the new games and looks their ids up
23:23:38   PASS  the index wrote a cheevosId for 5 game(s) (gamelists and recovery files)
      1 		<cheevosId>13393</cheevosId>
      1 		<cheevosId>15738</cheevosId>
      1 		<cheevosId>31199</cheevosId>
      1 		<cheevosId>31934</cheevosId>
      1 		<cheevosId>4902</cheevosId>
    >>> doing listing
    >>> total 0
    >>> note NOTHING_NEW
    >>> done 0|0|5|0
    rc=0
    scan.log: >>> note NOTHING_MISSING
    scan.log: >>> done 0|0
    scan.log: 2026-09-28 23:23:59 scan: image pass rc=0
    scan.log: 2026-09-28 23:23:59 scan done: nothing new, ready=5
23:23:59    scan 1: 0.9 s wall; 2026-09-28 23:23:59 scan start: found=5 new=0 cached=5 indexed=0 hashing=0 truncated=0 cursor_saved=1; stamp '1790637839 0 scan cached=0 skipped=0 ready=5 limit=0 indexed=0 errors=0 added=0'
23:23:59    (scan 1 may cache what the index just identified; scans 2 and 3 are the nothing-new runs)
    >>> doing listing
    >>> total 0
    >>> note NOTHING_NEW
    >>> done 0|0|5|0
    rc=0
    scan.log: >>> note NOTHING_MISSING
    scan.log: >>> done 0|0
    scan.log: 2026-09-28 23:24:00 scan: image pass rc=0
    scan.log: 2026-09-28 23:24:00 scan done: nothing new, ready=5
23:24:00    scan 2: 0.8 s wall; 2026-09-28 23:24:00 scan start: found=5 new=0 cached=5 indexed=0 hashing=0 truncated=0 cursor_saved=1; stamp '1790637840 0 scan cached=0 skipped=0 ready=5 limit=0 indexed=0 errors=0 added=0'
23:24:00   PASS  scan 2 had nothing new (new=0), ended rc 0, in 0.8 s
    >>> doing listing
    >>> total 0
    >>> note NOTHING_NEW
    >>> done 0|0|5|0
    rc=0
    scan.log: >>> note NOTHING_MISSING
    scan.log: >>> done 0|0
    scan.log: 2026-09-28 23:24:01 scan: image pass rc=0
    scan.log: 2026-09-28 23:24:01 scan done: nothing new, ready=5
23:24:01    scan 3: 0.8 s wall; 2026-09-28 23:24:01 scan start: found=5 new=0 cached=5 indexed=0 hashing=0 truncated=0 cursor_saved=1; stamp '1790637841 0 scan cached=0 skipped=0 ready=5 limit=0 indexed=0 errors=0 added=0'
23:24:01   PASS  scan 3 had nothing new (new=0), ended rc 0, in 0.8 s
23:24:01 === done: 3 PASS, 0 FAIL
