19:52:19 === D-scan on guest d, BUILD_ID="8196071ff52b59eaea0058f35faf6b9db4b5a43d"
    57b46220d280a9fb225abacc9e1a592f  /storage/roms/gb/NinoidRA.gb
    7fa88d27169175b80fd330e16e9787db  /storage/roms/gbc/ComboFishing.gb
    c48f26f5079ad1b411c78fbcb2738d67  /storage/roms/gbc/TobuTobuGirlDeluxe.gb
    c1311d48fac302dbc2fa0ae234590f28  /storage/roms/nes/cookieclicker.nes
19:52:20 UPDATE GAMELISTS through the API (/reloadgames), online: the index hashes the new games and looks their ids up
19:52:25   PASS  the index wrote a cheevosId for 4 game(s) (gamelists and recovery files)
      1 		<cheevosId>13393</cheevosId>
      1 		<cheevosId>15738</cheevosId>
      1 		<cheevosId>31199</cheevosId>
      1 		<cheevosId>31934</cheevosId>
    >>> doing listing
    >>> total 0
    >>> note NOTHING_NEW
    >>> done 0|0|4|0
    rc=0
    scan.log: >>> note NOTHING_MISSING
    scan.log: >>> done 0|0
    scan.log: 2026-09-28 19:52:46 scan: image pass rc=0
    scan.log: 2026-09-28 19:52:46 scan done: nothing new, ready=4
19:52:46    scan 1: 1.2 s wall; 2026-09-28 19:52:46 scan start: found=4 new=0 cached=4 indexed=0 hashing=0 truncated=0 cursor_saved=1; stamp '1790625166 0 scan cached=0 skipped=0 ready=4 limit=0 indexed=0 errors=0 added=0'
19:52:46    (scan 1 may cache what the index just identified; scans 2 and 3 are the nothing-new runs)
    >>> doing listing
    >>> total 0
    >>> note NOTHING_NEW
    >>> done 0|0|4|0
    rc=0
    scan.log: >>> note NOTHING_MISSING
    scan.log: >>> done 0|0
    scan.log: 2026-09-28 19:52:47 scan: image pass rc=0
    scan.log: 2026-09-28 19:52:47 scan done: nothing new, ready=4
19:52:47    scan 2: 0.8 s wall; 2026-09-28 19:52:47 scan start: found=4 new=0 cached=4 indexed=0 hashing=0 truncated=0 cursor_saved=1; stamp '1790625167 0 scan cached=0 skipped=0 ready=4 limit=0 indexed=0 errors=0 added=0'
19:52:47   PASS  scan 2 had nothing new (new=0), ended rc 0, in 0.8 s
    >>> doing listing
    >>> total 0
    >>> note NOTHING_NEW
    >>> done 0|0|4|0
    rc=0
    scan.log: >>> note NOTHING_MISSING
    scan.log: >>> done 0|0
    scan.log: 2026-09-28 19:52:48 scan: image pass rc=0
    scan.log: 2026-09-28 19:52:48 scan done: nothing new, ready=4
19:52:49    scan 3: 0.9 s wall; 2026-09-28 19:52:48 scan start: found=4 new=0 cached=4 indexed=0 hashing=0 truncated=0 cursor_saved=1; stamp '1790625168 0 scan cached=0 skipped=0 ready=4 limit=0 indexed=0 errors=0 added=0'
19:52:49   PASS  scan 3 had nothing new (new=0), ended rc 0, in 0.9 s
19:52:49 === done: 3 PASS, 0 FAIL
