23:24:01 === E1-fcs14 on guest d, BUILD_ID="320d2b2bea0c35d77d627d14b3a43ea52aba9109"
23:24:01 es_savestates.cfg -> /usr/config/emulationstation/es_savestates.cfg
              3748 2026-09-28 19:24:01 -0400 Ninoid.state.auto
               483 2026-09-28 19:24:01 -0400 Ninoid.state.auto.png
              3748 2026-01-01 00:00:00 -0500 Ninoid.state3
    0
23:24:53    the manager with the last tile selected: /workspace/tmp/rocknix-session/proofs-307/frames/E1-fcs14-slot3.png (read: SLOT 3 is selected)
23:24:54 states before the launch: Ninoid.state.auto Ninoid.state.auto.png Ninoid.state3 
23:24:55   PASS  the slot's A launched the game
23:25:00 states with the game running: Ninoid.state.auto Ninoid.state.auto.bak Ninoid.state.auto.png.bak Ninoid.state3 
    exec.log: runemu.sh: /usr/bin/runemu.sh Execute setsettings (gb /storage/roms/gb/Ninoid.gb gambatte --state_file= --controllers= --autosave=1 --snapshot=3)
    exec.log: Mon 28 Sep 2026 07:24:54 PM EDT: setsettings: Remove setting [assets_directory]
    exec.log: Mon 28 Sep 2026 07:24:54 PM EDT: setsettings: Remove setting [cache_directory]
    exec.log: Mon 28 Sep 2026 07:24:54 PM EDT: setsettings: Remove setting [cheat_database_path]
    es_log: 2026-09-28 19:24:45	[1586]	DEBUG	GuiSaveState: help row 0.164167 of a 264 px sheet (constructor)
    es_log: 2026-09-28 19:24:45	[1586]	DEBUG	GuiSaveState: help row 0.164167 of a 264 px sheet (onSizeChanged)
    es_log: 2026-09-28 19:24:45	[1589]	DEBUG	TextureData::load /storage/roms/savestates/gb/Ninoid.state.auto.png
23:25:00   PASS  the launch was slot 3's, on the racommands path (setsettings --autosave=1 --snapshot=3)
23:25:00   PASS  Ninoid.state3 is still there as the game runs (before the fix it was gone as the game started)
23:25:06 states after the exit: Ninoid.state.auto Ninoid.state.auto.png Ninoid.state3 
23:25:06   PASS  and after the game ended
    restored: lrwxrwxrwx    1 root     root            46 Sep 28 19:25 /storage/.config/emulationstation/es_savestates.cfg -> /usr/con
23:25:42 === done: 4 PASS, 0 FAIL
