19:52:49 === E1-fcs14 on guest d, BUILD_ID="8196071ff52b59eaea0058f35faf6b9db4b5a43d"
19:52:49 es_savestates.cfg -> /usr/config/emulationstation/es_savestates.cfg
              3748 2026-09-28 15:52:49 -0400 Ninoid.state.auto
               483 2026-09-28 15:52:49 -0400 Ninoid.state.auto.png
              3748 2026-01-01 00:00:00 -0500 Ninoid.state3
    0
19:53:41    the manager with the last tile selected: /workspace/tmp/rocknix-session/proofs-307/frames/E1-fcs14-slot3.png (read: SLOT 3 is selected)
19:53:41 states before the launch: Ninoid.state.auto Ninoid.state.auto.png Ninoid.state3 
19:53:43   PASS  the slot's A launched the game
19:53:47 states with the game running: Ninoid.state.auto Ninoid.state.auto.bak Ninoid.state.auto.png.bak Ninoid.state3 
    exec.log: runemu.sh: /usr/bin/runemu.sh Execute setsettings (gb /storage/roms/gb/Ninoid.gb gambatte --state_file= --controllers= --autosave=1 --snapshot=3)
    exec.log: Mon 28 Sep 2026 03:53:41 PM EDT: setsettings: Remove setting [assets_directory]
    exec.log: Mon 28 Sep 2026 03:53:41 PM EDT: setsettings: Remove setting [cache_directory]
    exec.log: Mon 28 Sep 2026 03:53:41 PM EDT: setsettings: Remove setting [cheat_database_path]
    es_log: 2026-09-28 15:53:32	[1584]	DEBUG	GuiSaveState: help row 0.164167 of a 264 px sheet (constructor)
    es_log: 2026-09-28 15:53:32	[1584]	DEBUG	GuiSaveState: help row 0.164167 of a 264 px sheet (onSizeChanged)
    es_log: 2026-09-28 15:53:32	[1588]	DEBUG	TextureData::load /storage/roms/savestates/gb/Ninoid.state.auto.png
19:53:47   PASS  the launch was slot 3's, on the racommands path (setsettings --autosave=1 --snapshot=3)
19:53:47   PASS  Ninoid.state3 is still there as the game runs (before the fix it was gone as the game started)
19:53:54 states after the exit: Ninoid.state.auto Ninoid.state.auto.png Ninoid.state3 
19:53:54   PASS  and after the game ended
    restored: lrwxrwxrwx    1 root     root            46 Sep 28 15:53 /storage/.config/emulationstation/es_savestates.cfg -> /usr/con
19:54:30 === done: 4 PASS, 0 FAIL
