23:50:03 === E1-pl072 on guest d, BUILD_ID="320d2b2bea0c35d77d627d14b3a43ea52aba9109"
23:50:03   PASS  guest d's SAVES tier is its own folder (/QA307d/Saves)
23:50:03   PASS  the exit sync is on
23:50:41   PASS  Ninoid running (POST 200)
    -rw-r--r--    1 root     root        514940 Sep 28 19:50 Ninoid.state1
    -rw-r--r--    1 root     root        522595 Sep 28 19:50 Ninoid.state2
    -rw-r--r--    1 root     root        519317 Sep 28 19:50 Ninoid.state3
    -rw-r--r--    1 root     root        526736 Sep 28 19:50 Ninoid.state4
    -rw-r--r--    1 root     root        528253 Sep 28 19:50 Ninoid.state5
23:50:45 the exit hotkey
23:50:46 link cut after the first Copied line (50 -> 57): yes
23:51:13 last-sync-exit with the link down (serial): '1790639446 0 completed'
23:51:18 link back, ssh answers
    log: 2026/09/28 19:50:46 INFO  : savestates/gb/Ninoid.state1: Copied (new)
    log: 2026/09/28 19:50:46 INFO  : savestates/gb/Ninoid.state2: Copied (new)
    log: 2026/09/28 19:50:46 INFO  : savestates/gb/Ninoid.state3: Copied (new)
    log: 2026/09/28 19:50:46 INFO  : savestates/gb/Ninoid.state4: Copied (new)
    log: 2026/09/28 19:50:46 INFO  : savestates/gb/Ninoid.state5: Copied (new)
    log: 2026/09/28 19:50:46 INFO  : savestates/gb/Ninoid.state6: Copied (new)
    log: 2026/09/28 19:50:46 INFO  : savestates/gb/Ninoid.state.auto: Copied (new)
    log: [2026-09-28 19:50:46] [INFO] [cloud_backup] Script completed in 1 seconds with exit code 0
23:51:19   PASS  the link was cut after bytes moved (a Copied line first)
23:51:19   FAIL  the exit sync ended 69 with the link gone ('1790639446 0 completed')
23:51:19 the card's frames are under /workspace/tmp/rocknix-session/proofs-307/frames/E1-pl072/ -- the grade is the frame that reads THE SAVES THAT MADE IT ARE ON BOTH SIDES
    cleanup, the cloud folder: Ninoid.state.auto Ninoid.state.auto.png 23:51:19 === done: 4 PASS, 1 FAIL
