21:01:09 === E1-pl072 on guest d, BUILD_ID="8196071ff52b59eaea0058f35faf6b9db4b5a43d"
21:01:09   PASS  guest d's SAVES tier is its own folder (/QA307d/Saves)
21:01:09   PASS  the exit sync is on
21:01:47   PASS  Ninoid running (POST 200)
    -rw-r--r--    1 root     root        512919 Sep 28 17:01 Ninoid.state1
    -rw-r--r--    1 root     root        502783 Sep 28 17:01 Ninoid.state2
    -rw-r--r--    1 root     root        525458 Sep 28 17:01 Ninoid.state3
    -rw-r--r--    1 root     root        508750 Sep 28 17:01 Ninoid.state4
    -rw-r--r--    1 root     root        524974 Sep 28 17:01 Ninoid.state5
21:01:50 the exit hotkey
21:01:51 link cut after the first Copied line (60 -> 62): yes
21:02:18 last-sync-exit with the link down (serial): '1790629321 69 gaps YOU WENT OFFLINE PART-WAY THROUGH'
21:02:24 link back, ssh answers
    log: [2026-09-28 17:02:01] [ERROR] [cloud_backup] the network went away during the saves backup (rclone exit 1): no default route now
    log: [2026-09-28 17:02:01] [ERROR] [cloud_backup] Couldn't finish: lost the network during the saves backup. Try again when you're online.
    log: [2026-09-28 17:02:01] [INFO] [cloud_backup] Script completed in 10 seconds with exit code 69
    log: 2026/09/28 17:02:21 INFO  : savestates/gb/Ninoid.state3: Copied (new)
    log: 2026/09/28 17:02:21 INFO  : savestates/gb/Ninoid.state4: Copied (new)
    log: 2026/09/28 17:02:21 INFO  : savestates/gb/Ninoid.state5: Copied (new)
    log: 2026/09/28 17:02:21 INFO  : savestates/gb/Ninoid.state6: Copied (new)
    log: [2026-09-28 17:02:21] [INFO] [cloud_backup] Script completed in 1 seconds with exit code 0
21:02:24   PASS  the link was cut after bytes moved (a Copied line first)
21:02:24   PASS  the exit sync ended 69 with the link gone ('1790629321 69 gaps YOU WENT OFFLINE PART-WAY THROUGH')
21:02:24 the card's frames are under /workspace/tmp/rocknix-session/proofs-307/frames/E1-pl072/ -- the grade is the frame that reads THE SAVES THAT MADE IT ARE ON BOTH SIDES
    cleanup, the cloud folder: Ninoid.state.auto Ninoid.state.auto.png 21:02:25 === done: 5 PASS, 0 FAIL
