19:59:49 === E2-frames-en_US on guest d, BUILD_ID="8196071ff52b59eaea0058f35faf6b9db4b5a43d"
    system.language: en_US
20:00:25 -- 1 the scan page on SOME_IMAGES_NOT_SAVED
    taken out: 109296.png 109296_lock.png 109297.png 109297_lock.png 20:01:58 stamp: 1790625713 1 scan cached=0 skipped=0 ready=4 limit=0 indexed=0 errors=0 added=0 why=SOME_IMAGES_NOT_SAVED
20:01:58    frame: /workspace/tmp/rocknix-session/proofs-307/frames/E2-frames-en_US-scan-images-not-saved.png
20:01:58   PASS  the scan ended on SOME_IMAGES_NOT_SAVED (the stamp's why)
    hosts lines left: 0
20:02:11 -- 2 the offline summary with an unreadable unlocks row
unlocks rows removed for 31199: 1
20:02:11 summary for 31199: {"id":31199,"title":"~Homebrew~ Niñoid","icon":"http://127.0.0.1:8080/Images/103677.png","achievements":6,"points":21,"unlocked":null,"unlockedPoints":null,"pending":0}
20:02:11   PASS  the summary reads the missing unlocks as null (PL-057), not 0
20:02:11 the link cut; waiting for the interface to see it
/workspace/tmp/rocknix-session/proofs-307/frames/E2-frames-en_US-offline-summary.png: 640x480, 640x30 at (0,0) painted out
20:03:42    the title band (0,0 640x30) painted out: the account's name
20:03:42    frame: /workspace/tmp/rocknix-session/proofs-307/frames/E2-frames-en_US-offline-summary.png (read: Niñoid's row says YOUR PROGRESS COULDN'T BE READ, no bar)
20:04:07 the link back
    after a scan online, 31199: "unlocked":0
20:04:09 -- 3 the cloud rows
20:04:52    frames: /workspace/tmp/rocknix-session/proofs-307/frames/E2-frames-en_US-cloud-rows.png /workspace/tmp/rocknix-session/proofs-307/frames/E2-frames-en_US-cloud-hub.png
20:05:00 === done: 2 PASS, 0 FAIL
