23:53:41 === E2-frames-en_US on guest d, BUILD_ID="320d2b2bea0c35d77d627d14b3a43ea52aba9109"
    system.language: en_US
23:54:17 -- 1 the scan page on SOME_IMAGES_NOT_SAVED
    taken out: 109296.png 109296_lock.png 109297.png 109297_lock.png 23:55:51 stamp: 1790639745 1 scan cached=0 skipped=0 ready=5 limit=0 indexed=0 errors=0 added=0 why=SOME_IMAGES_NOT_SAVED
23:55:51    frame: /workspace/tmp/rocknix-session/proofs-307/frames/E2-frames-en_US-scan-images-not-saved.png
23:55:51   PASS  the scan ended on SOME_IMAGES_NOT_SAVED (the stamp's why)
    hosts lines left: 0
23:56:04 -- 2 the offline summary with an unreadable unlocks row
unlocks rows removed for 31199: 1
23:56:04 summary for 31199: {"id":31199,"title":"~Homebrew~ Niñoid","icon":"http://127.0.0.1:8080/Images/103677.png","achievements":6,"points":21,"unlocked":null,"unlockedPoints":null,"pending":0}
23:56:04   PASS  the summary reads the missing unlocks as null (PL-057), not 0
23:56:04 the link cut; waiting for the interface to see it
/workspace/tmp/rocknix-session/proofs-307/frames/E2-frames-en_US-offline-summary.png: 640x480, 640x30 at (0,0) painted out
23:57:35    the title band (0,0 640x30) painted out: the account's name
23:57:35    frame: /workspace/tmp/rocknix-session/proofs-307/frames/E2-frames-en_US-offline-summary.png (read: Niñoid's row says YOUR PROGRESS COULDN'T BE READ, no bar)
23:58:00 the link back
    after a scan online, 31199: "unlocked":0
23:58:02 -- 3 the cloud rows
23:58:45    frames: /workspace/tmp/rocknix-session/proofs-307/frames/E2-frames-en_US-cloud-rows.png /workspace/tmp/rocknix-session/proofs-307/frames/E2-frames-en_US-cloud-hub.png
23:58:53 === done: 2 PASS, 0 FAIL
