23:58:53 === E2-pl014 on guest d, BUILD_ID="320d2b2bea0c35d77d627d14b3a43ea52aba9109"
      <string name="CollectionSystemsAuto" value="all" />
      <string name="StartupSystem" value="all" />
23:59:30 the interface's pid 1452; crash backtraces this boot: 0
23:59:35   PASS  ALL GAMES opened as a list, no game started (frame /workspace/tmp/rocknix-session/proofs-307/frames/E2-pl014-list-open.png)
00:01:33   iteration 25: rescans so far 50 lines
00:03:31   iteration 50: rescans so far 100 lines
00:05:29   iteration 75: rescans so far 150 lines
00:07:27   iteration 100: rescans so far 200 lines
00:09:24   iteration 125: rescans so far 250 lines
00:11:22   iteration 150: rescans so far 300 lines
00:13:20   iteration 175: rescans so far 350 lines
00:15:17   iteration 200: rescans so far 400 lines
    es_log: 2026-09-28 20:15:14	[1452]	INFO	SystemData::rescanIfFolderChanged: snes changed on disk, re-reading /storage/roms/snes
    es_log: 2026-09-28 20:15:14	[1452]	INFO	SystemData::rescanIfFolderChanged: snes 1 gone, 1 new
00:15:18   PASS  200 of 200 iterations with the same interface (pid 1452): no crash, no restart
00:15:18   PASS  no crash backtrace in the journal (0 -> 0)
00:15:18   PASS  the rescans ran: 200 'snes ... gone, ... new' lines (0 launches lost)
00:15:18   PASS  launches that did not start: 0
    restored gameexit: 1
00:15:54 === done: 5 PASS, 0 FAIL
