20:05:00 === E2-pl014 on guest d, BUILD_ID="8196071ff52b59eaea0058f35faf6b9db4b5a43d"
      <string name="CollectionSystemsAuto" value="all" />
      <string name="StartupSystem" value="all" />
20:05:36 the interface's pid 1460; crash backtraces this boot: 0
20:05:42   PASS  ALL GAMES opened as a list, no game started (frame /workspace/tmp/rocknix-session/proofs-307/frames/E2-pl014-list-open.png)
20:07:41   iteration 25: rescans so far 50 lines
20:09:39   iteration 50: rescans so far 100 lines
20:11:38   iteration 75: rescans so far 150 lines
20:13:37   iteration 100: rescans so far 200 lines
20:15:35   iteration 125: rescans so far 250 lines
20:17:33   iteration 150: rescans so far 300 lines
20:19:32   iteration 175: rescans so far 350 lines
20:21:30   iteration 200: rescans so far 400 lines
    es_log: 2026-09-28 16:21:28	[1460]	INFO	SystemData::rescanIfFolderChanged: snes changed on disk, re-reading /storage/roms/snes
    es_log: 2026-09-28 16:21:28	[1460]	INFO	SystemData::rescanIfFolderChanged: snes 1 gone, 1 new
20:21:31   PASS  200 of 200 iterations with the same interface (pid 1460): no crash, no restart
20:21:31   PASS  no crash backtrace in the journal (0 -> 0)
20:21:31   PASS  the rescans ran: 200 'snes ... gone, ... new' lines (0 launches lost)
20:21:31   PASS  launches that did not start: 0
    restored gameexit: 1
20:22:07 === done: 5 PASS, 0 FAIL
