20:22:07 === E2-pl061 on guest d, BUILD_ID="8196071ff52b59eaea0058f35faf6b9db4b5a43d"
20:22:43 -- the fast path: the image's capture
20:22:45   PASS  Ninoid running (POST 200)
20:22:50 exit hotkey, then POST /launch 0.2 s later -> 200
    es_log: 2026-09-28 16:22:50	[1555]	DEBUG	fireEvent: game-end   
    es_log: 2026-09-28 16:22:50	[2991]	INFO	ApiSystem::executeScriptLegacy -> /usr/bin/cloud_capture --system 'gb' --rom '/storage/roms/gb/Ninoid.gb' --emulator 'retroarch' --core 'gambatte' --started 1
    es_log: 2026-09-28 16:22:50	[1555]	INFO	Attempting to launch game...
    es_log: 2026-09-28 16:22:50	[1555]	INFO	launch: the last game's saves were recorded first
    es_log: 2026-09-28 16:22:51	[1555]	INFO		/usr/bin/runemu.sh /storage/roms/gb/Ninoid.gb -Pgb --core=gambatte --emulator=retroarch --controllers="" -autosave 1 -state_file "/storage/roms/savestates/gb
20:22:55   PASS  fast: the second launch started a game
20:22:55   PASS  fast: the capture gate spoke (line 4 of the window)
20:22:55   PASS  fast: the gate's line (#4) is before the second start's runemu line (#5)
20:23:03 -- the bound: a capture held 25 s (stand-in: sleep 25 on --exit, then the image's cloud_capture)
    case " $* " in *" --exit "*) sleep 25 ;; esac
20:23:29 the frame at 18.0 s after the exit: /workspace/tmp/rocknix-session/proofs-307/frames/E2-pl061-refused.png
20:23:29 RetroArch processes seen through the bound: max 0; the stand-in capture still running at the frame: 2 process(es)
20:23:29   PASS  bound: no game started while the capture held (RetroArch count 0 through the bound)
20:23:29   PASS  bound: the capture was still recording when the launch was refused
    es_log: 2026-09-28 16:23:10	[1555]	DEBUG	fireEvent: game-end   
    es_log: 2026-09-28 16:23:10	[5586]	INFO	ApiSystem::executeScriptLegacy -> /usr/bin/cloud_capture --system 'gb' --rom '/storage/roms/gb/Ninoid.gb' --emulator 'retroarch' --core 'gambatte' --started 1
    es_log: 2026-09-28 16:23:10	[1555]	INFO	Attempting to launch game...
    es_log: 2026-09-28 16:23:10	[1555]	INFO	launch: waiting for the last game's saves to be recorded
    es_log: 2026-09-28 16:23:20	[1555]	WARNING	launch: the last game's capture did not finish within 10 s; the game was not started
20:23:30   PASS  bound: the gate waited first (its spinner line, 16:23:10)
20:23:30   PASS  bound: then refused at the bound: 'the game was not started' (16:23:20)
20:23:30   PASS  bound: no runemu line in the window (the launch never reached the emulator)
20:23:30    read /workspace/tmp/rocknix-session/proofs-307/frames/E2-pl061-refused.png for: YOUR LAST GAME'S SAVES ARE STILL BEING RECORDED. TRY AGAIN IN A MOMENT.
    cloud_sync.log: [2026-09-28 16:22:56] [INFO] [cloud_backup] Script completed in 1 seconds with exit code 0
    cloud_sync.log: [2026-09-28 16:23:35] [INFO] [cloud_capture] recorded 1 new, 0 moved, 0 metadata, 0 retired for gb:Ninoid (core gambatte, build d9d6cd06382d1ced30de34d56d3609452323dab1, 
    cloud_sync.log: [2026-09-28 16:23:35] [INFO] [cloud_backup] Starting backup from /storage/roms to qa-cloud:/ROCKNIX/Saves
    cloud_sync.log: [2026-09-28 16:23:36] [INFO] [cloud_backup] Script completed in 1 seconds with exit code 0
20:24:52 last-sync-exit before '1790626976 0 completed', after '1790627016 0 completed'
20:24:52   PASS  bound: the exit sync ran after the capture ended (the capture's post; last-sync-exit moved)
20:24:54   PASS  bound: the next press, the capture done, starts the game (POST 200)
    es_log (next press): 2026-09-28 16:24:52	[1555]	INFO	Attempting to launch game...
    es_log (next press): 2026-09-28 16:24:52	[1555]	INFO		/usr/bin/runemu.sh /storage/roms/gb/Ninoid.gb -Pgb --core=gambatte --emulator=retroarch --controllers="" -autosave 1 -state_file "/storage/roms/savestates/gb
    stand-in mounts left: 0
20:25:03    the series: /workspace/tmp/rocknix-session/proofs-307/frames/E2-pl061-bound/ (0.5 s; read: the spinner, then the refusal)
20:25:03 === done: 11 PASS, 0 FAIL
