20:26:58 === F1-res on guest d, BUILD_ID="8196071ff52b59eaea0058f35faf6b9db4b5a43d"
20:26:58 the guest's mode: 640x480
20:26:58 before: x=640 y=480 | record: surface=640x480 
20:26:58 -- 1 the quirk's own 1280x800, the record's first form
20:26:59    seeded: x=1280 y=800 | record: video_fullscreen_x=1280 video_fullscreen_y=800 
20:27:34    after the boot: x=640 y=480 | record: surface=640x480 
20:27:34   PASS  1 the quirk's own 1280x800, the record's first form: video_fullscreen_x/y = 640x480 after the boot
20:27:34   PASS  1 the quirk's own 1280x800, the record's first form: the record reads 'surface=640x480 '
20:27:34 -- 1b the quirk's own 1280x800, the record's surface= form
20:27:35    seeded: x=1280 y=800 | record: surface=1280x800 
20:28:10    after the boot: x=640 y=480 | record: surface=640x480 
20:28:10   PASS  1b the quirk's own 1280x800, the record's surface= form: video_fullscreen_x/y = 640x480 after the boot
20:28:10   PASS  1b the quirk's own 1280x800, the record's surface= form: the record reads 'surface=640x480 '
20:28:10 -- 1c a boot cut between the record's write and the cfg's
20:28:11    seeded: x=1280 y=800 | record: surface=1280x800 surface=640x480 
20:28:46    after the boot: x=640 y=480 | record: surface=640x480 
20:28:46   PASS  1c a boot cut between the record's write and the cfg's: video_fullscreen_x/y = 640x480 after the boot
20:28:46   PASS  1c a boot cut between the record's write and the cfg's: the record reads 'surface=640x480 '
20:28:46 -- 2 an unrecorded 1280x800
20:28:47    seeded: x=1280 y=800 | record: none
20:29:22    after the boot: x=1280 y=800 | record: none
20:29:22   PASS  2 an unrecorded 1280x800: video_fullscreen_x/y = 1280x800 after the boot
20:29:22   PASS  2 an unrecorded 1280x800: the record reads 'none'
20:29:22 -- 3 a hand-set 1024x768 beside a 640x480 record
20:29:23    seeded: x=1024 y=768 | record: surface=640x480 
20:29:59    after the boot: x=1024 y=768 | record: surface=640x480 
20:29:59   PASS  3 a hand-set 1024x768 beside a 640x480 record: video_fullscreen_x/y = 1024x768 after the boot
20:29:59   PASS  3 a hand-set 1024x768 beside a 640x480 record: the record reads 'surface=640x480 '
20:29:59 -- 4 RESET's 0x0 beside a 1280x800 record
20:29:59    seeded: x=0 y=0 | record: surface=1280x800 
20:30:35    after the boot: x=640 y=480 | record: surface=640x480 
20:30:35   PASS  4 RESET's 0x0 beside a 1280x800 record: video_fullscreen_x/y = 640x480 after the boot
20:30:35   PASS  4 RESET's 0x0 beside a 1280x800 record: the record reads 'surface=640x480 '
cp: can't stat '/storage/.qa307-found/.fullscreen-surface': No such file or directory
20:30:35 put back (the found record): x=640 y=480 | record: surface=640x480 
20:30:35 === done: 12 PASS, 0 FAIL
