20:30:35 === F2-autoslot on guest d, BUILD_ID="8196071ff52b59eaea0058f35faf6b9db4b5a43d"
20:30:35   PASS  Probe.nes on the guest
20:30:35 the load-state key: f4
20:30:35 -- 1 the AUTO SAVE tile's launch keeps Auto
20:30:48   PASS  run 1 left an auto state (500 bytes)
20:30:58 run 2: the launcher wrote: state_slot = "-1"
    exec.log: [INFO] [State] Keeping the Auto slot this launch's configuration asks for.
    exec.log: [INFO] [State] Found auto save state in "/storage/roms/savestates/nes/Probe.state.auto".
    exec.log: [INFO] [State] Auto-loading save state from "/storage/roms/savestates/nes/Probe.state.auto" succeeded.
    exec.log: [INFO] [State] Loading state "/storage/roms/savestates/nes/Probe.state.auto", 5400 bytes.
    exec.log: [INFO] [State] Saving state "RAM", 5400 bytes.
    exec.log: [INFO] [State] Loading state "/storage/roms/savestates/nes/Probe.state.auto", 5400 bytes.
    exec.log: [INFO] [State] Saving state "RAM", 5400 bytes.
20:31:05 run 2: key pressed 1 time(s); Loading-state 1 -> 2, of the .auto 2, failed 0, found_last_state_slot 0, Keeping-the-Auto-slot 1
20:31:05   PASS  1: exec.log says [State] Keeping the Auto slot this launch's configuration asks for.
20:31:05   PASS  1: no found_last_state_slot
20:31:05   PASS  1: no failed state load
20:31:05   PASS  1: the key reloaded the .auto (the launch's load and the key's)
20:31:13 -- 2 a -1 saved into retroarch.cfg, then START NEW GAME
    retroarch.cfg: state_slot = "-1"
20:32:00    the manager: /workspace/tmp/rocknix-session/proofs-307/frames/F2-autoslot-manager.png (the first tile: START NEW GAME)
20:32:02   PASS  2: START NEW GAME started the game
20:32:08 2: the launch's append config: no state_slot line; runemu:  /storage/roms/gb/Ninoid.gb -Pgb --core=gambatte --emulator=retroarch --controllers="" -autosave 0
    exec.log: 
20:32:08   PASS  2: no 'Keeping the Auto slot' line
    the key: Failed to load plugin 'libdecor-gtk.so': failed to init
    the key: [INFO] [State] Loading state "/storage/roms/savestates/gb/Ninoid.state", 0 bytes.
    the key: [ERROR] [State] Failed to load state from "/storage/roms/savestates/gb/Ninoid.state".
20:32:12   PASS  2: the load-state key used the slot-0 file (Ninoid.state), not the .auto: the cfg's -1 did not stick
    put back (state_slot lines): 0
20:32:48 === done: 9 PASS, 0 FAIL
