00:27:36 === F2-autoslot on guest d, BUILD_ID="320d2b2bea0c35d77d627d14b3a43ea52aba9109"
00:27:36   PASS  Probe.nes on the guest
00:27:36 the load-state key: f4
00:27:36 -- 1 the AUTO SAVE tile's launch keeps Auto
00:27:49   PASS  run 1 left an auto state (499 bytes)
00:27:59 run 2: the launcher wrote: state_slot = "-1"
    exec.log: [INFO] [State] Keeping the Auto slot this launch's configuration asks for.
    exec.log: [INFO] [State] Found auto save state in "/storage/roms/savestates/nes/Probe.state.auto".
    exec.log: [INFO] [State] Auto-loading save state from "/storage/roms/savestates/nes/Probe.state.auto" succeeded.
    exec.log: [INFO] [State] Loading state "/storage/roms/savestates/nes/Probe.state.auto", 5400 bytes.
    exec.log: [INFO] [State] Saving state "RAM", 5400 bytes.
    exec.log: [INFO] [State] Loading state "/storage/roms/savestates/nes/Probe.state.auto", 5400 bytes.
    exec.log: [INFO] [State] Saving state "RAM", 5400 bytes.
00:28:06 run 2: key pressed 1 time(s); Loading-state 1 -> 2, of the .auto 2, failed 0, found_last_state_slot 0, Keeping-the-Auto-slot 1
00:28:06   PASS  1: exec.log says [State] Keeping the Auto slot this launch's configuration asks for.
00:28:06   PASS  1: no found_last_state_slot
00:28:06   PASS  1: no failed state load
00:28:06   PASS  1: the key reloaded the .auto (the launch's load and the key's)
00:28:14 -- 2 a -1 saved into retroarch.cfg, then START NEW GAME
    retroarch.cfg: state_slot = "-1"
00:29:00    the manager: /workspace/tmp/rocknix-session/proofs-307/frames/F2-autoslot-manager.png (the first tile: START NEW GAME)
00:30:05   FAIL  2: START NEW GAME started the game
grep: /tmp/.retroarch.cfg: No such file or directory
00:30:11 2: the launch's append config: no state_slot line; runemu: 
    exec.log: [INFO] [State] Keeping the Auto slot this launch's configuration asks for.
    exec.log: [INFO] [State] Found auto save state in "/storage/roms/savestates/nes/Probe.state.auto".
    exec.log: [INFO] [State] Auto-loading save state from "/storage/roms/savestates/nes/Probe.state.auto" succeeded.
    exec.log: [INFO] [State] Loading state "/storage/roms/savestates/nes/Probe.state.auto", 5400 bytes.
    exec.log: [INFO] [State] Saving state "RAM", 5400 bytes.
    exec.log: [INFO] [State] Loading state "/storage/roms/savestates/nes/Probe.state.auto", 5400 bytes.
    exec.log: [INFO] [State] Saving state "RAM", 5400 bytes.
    exec.log: [INFO] [State] Auto save state to "/storage/roms/savestates/nes/Probe.state.auto" succeeded.
00:30:11   FAIL  2: no 'Keeping the Auto slot' line
    the key: Failed to load plugin 'libdecor-gtk.so': failed to init
    the key: [INFO] [State] Loading state "/storage/roms/savestates/nes/Probe.state.auto", 5400 bytes.
    the key: [INFO] [State] Loading state "/storage/roms/savestates/nes/Probe.state.auto", 5400 bytes.
00:30:22   FAIL  2: the load-state key used the slot-0 file (Ninoid.state), not the .auto: the cfg's -1 did not stick
    put back (state_slot lines): 0
00:30:58 === done: 6 PASS, 3 FAIL
