20:32:48 === F2-widgets on guest d, BUILD_ID="8196071ff52b59eaea0058f35faf6b9db4b5a43d"
20:32:48 reboot to the carousel (the interface was restarted at 05:16 by the harness's own execute_kill with no game up)
20:33:24   PASS  the kill helper is on the rebooted guest
20:33:24 the guest's menu_widget_scale_factor: 0.400000 (the image ships 0.400000)
20:33:24 -- scale 0.400000
20:33:27   PASS  scale 0.400000 try 1: RetroArch up after POST /launch (200)
    [INFO] [GL] Detecting screen resolution: 640x480.
    [INFO] [GL] Using resolution 240x256.
    [INFO] [Widgets] font regular: /usr/share/retroarch-assets/xmb/monochrome/font.ttf, computed 3.06 px, floor 9, no sharp-size table for this face, drawn 9 px
    [INFO] [Widgets] font bold: /usr/share/retroarch-assets/xmb/monochrome/font.ttf, computed 3.06 px, floor 9, no sharp-size table for this face, drawn 9 px
    [INFO] [Widgets] font msg_queue: /usr/share/retroarch-assets/xmb/monochrome/font.ttf, computed 1.91 px, floor 13, no sharp-size step, drawn 13 px
    [INFO] [Widgets] msg_queue place: line height 19.00, small box 36 px (pitch 37), full box 72 px (pitch 73), left 13, under the bottom box 13
    [INFO] [Widgets] font regular: /usr/share/retroarch-assets/xmb/monochrome/font.ttf, computed 6.97 px, floor 9, no sharp-size table for this face, drawn 9 px
    [INFO] [Widgets] font bold: /usr/share/retroarch-assets/xmb/monochrome/font.ttf, computed 6.97 px, floor 9, no sharp-size table for this face, drawn 9 px
    [INFO] [Widgets] font msg_queue: /usr/share/retroarch-assets/xmb/monochrome/font.ttf, computed 4.36 px, floor 13, no sharp-size step, drawn 13 px
    [INFO] [Widgets] msg_queue place: line height 19.00, small box 36 px (pitch 37), full box 72 px (pitch 73), left 13, under the bottom box 13
20:33:46   PASS  scale 0.400000 try 1: RetroArch gone after execute_kill
20:33:46   NOTE the #263 race on try 1: '[INFO] [GL] Using resolution 240x256.' -- repeated, not graded
20:33:48   PASS  scale 0.400000 try 2: RetroArch up after POST /launch (200)
    [INFO] [GL] Detecting screen resolution: 640x480.
    [INFO] [GL] Using resolution 240x256.
    [INFO] [Widgets] font regular: /usr/share/retroarch-assets/xmb/monochrome/font.ttf, computed 3.06 px, floor 9, no sharp-size table for this face, drawn 9 px
    [INFO] [Widgets] font bold: /usr/share/retroarch-assets/xmb/monochrome/font.ttf, computed 3.06 px, floor 9, no sharp-size table for this face, drawn 9 px
    [INFO] [Widgets] font msg_queue: /usr/share/retroarch-assets/xmb/monochrome/font.ttf, computed 1.91 px, floor 13, no sharp-size step, drawn 13 px
    [INFO] [Widgets] msg_queue place: line height 19.00, small box 36 px (pitch 37), full box 72 px (pitch 73), left 13, under the bottom box 13
    [INFO] [Widgets] font regular: /usr/share/retroarch-assets/xmb/monochrome/font.ttf, computed 6.97 px, floor 9, no sharp-size table for this face, drawn 9 px
    [INFO] [Widgets] font bold: /usr/share/retroarch-assets/xmb/monochrome/font.ttf, computed 6.97 px, floor 9, no sharp-size table for this face, drawn 9 px
    [INFO] [Widgets] font msg_queue: /usr/share/retroarch-assets/xmb/monochrome/font.ttf, computed 4.36 px, floor 13, no sharp-size step, drawn 13 px
    [INFO] [Widgets] msg_queue place: line height 19.00, small box 36 px (pitch 37), full box 72 px (pitch 73), left 13, under the bottom box 13
20:34:08   PASS  scale 0.400000 try 2: RetroArch gone after execute_kill
20:34:08   NOTE the #263 race on try 2: '[INFO] [GL] Using resolution 240x256.' -- repeated, not graded
20:34:10   PASS  scale 0.400000 try 3: RetroArch up after POST /launch (200)
    [INFO] [GL] Detecting screen resolution: 640x480.
    [INFO] [GL] Using resolution 640x480.
    [INFO] [Widgets] font regular: /usr/share/retroarch-assets/xmb/monochrome/font.ttf, computed 6.97 px, floor 9, no sharp-size table for this face, drawn 9 px
    [INFO] [Widgets] font bold: /usr/share/retroarch-assets/xmb/monochrome/font.ttf, computed 6.97 px, floor 9, no sharp-size table for this face, drawn 9 px
    [INFO] [Widgets] font msg_queue: /usr/share/retroarch-assets/xmb/monochrome/font.ttf, computed 4.36 px, floor 13, no sharp-size step, drawn 13 px
    [INFO] [Widgets] msg_queue place: line height 19.00, small box 36 px (pitch 37), full box 72 px (pitch 73), left 13, under the bottom box 13
    [INFO] [Widgets] font regular: /usr/share/retroarch-assets/xmb/monochrome/font.ttf, computed 3.06 px, floor 9, no sharp-size table for this face, drawn 9 px
    [INFO] [Widgets] font bold: /usr/share/retroarch-assets/xmb/monochrome/font.ttf, computed 3.06 px, floor 9, no sharp-size table for this face, drawn 9 px
    [INFO] [Widgets] font msg_queue: /usr/share/retroarch-assets/xmb/monochrome/font.ttf, computed 1.91 px, floor 13, no sharp-size step, drawn 13 px
    [INFO] [Widgets] msg_queue place: line height 19.00, small box 36 px (pitch 37), full box 72 px (pitch 73), left 13, under the bottom box 13
    [INFO] [Widgets] font regular: /usr/share/retroarch-assets/xmb/monochrome/font.ttf, computed 6.97 px, floor 9, no sharp-size table for this face, drawn 9 px
    [INFO] [Widgets] font bold: /usr/share/retroarch-assets/xmb/monochrome/font.ttf, computed 6.97 px, floor 9, no sharp-size table for this face, drawn 9 px
    [INFO] [Widgets] font msg_queue: /usr/share/retroarch-assets/xmb/monochrome/font.ttf, computed 4.36 px, floor 13, no sharp-size step, drawn 13 px
    [INFO] [Widgets] msg_queue place: line height 19.00, small box 36 px (pitch 37), full box 72 px (pitch 73), left 13, under the bottom box 13
20:34:30   PASS  scale 0.400000 try 3: RetroArch gone after execute_kill
20:34:30   PASS  scale 0.400000: the surface was the panel (Using resolution 640x480)
20:34:30   PASS  scale 0.400000: font regular names xmb/monochrome/font.ttf
20:34:30   PASS  scale 0.400000: font regular took no sharp-size table
20:34:30   PASS  scale 0.400000: font bold names xmb/monochrome/font.ttf
20:34:30   PASS  scale 0.400000: font bold took no sharp-size table
20:34:30   PASS  scale 0.400000: font msg_queue names xmb/monochrome/font.ttf
20:34:30   widget setups in this launch: 3
20:34:30   PASS  scale 0.400000: drawn regular 9, bold 9, msg_queue 13 (expected 9/9/13)
20:34:30   PASS  scale 0.400000: a msg_queue place line with the small and full boxes and the pitch
20:34:30 -- scale 1.000000
20:34:32   PASS  scale 1.000000 try 1: RetroArch up after POST /launch (200)
    [INFO] [GL] Detecting screen resolution: 640x480.
    [INFO] [GL] Using resolution 640x480.
    [INFO] [Widgets] font regular: /usr/share/retroarch-assets/xmb/monochrome/font.ttf, computed 17.43 px, floor 9, no sharp-size table for this face, drawn 17 px
    [INFO] [Widgets] font bold: /usr/share/retroarch-assets/xmb/monochrome/font.ttf, computed 17.43 px, floor 9, no sharp-size table for this face, drawn 17 px
    [INFO] [Widgets] font msg_queue: /usr/share/retroarch-assets/xmb/monochrome/font.ttf, computed 10.89 px, floor 13, no sharp-size step, drawn 13 px
    [INFO] [Widgets] msg_queue place: line height 19.00, small box 36 px (pitch 37), full box 72 px (pitch 73), left 12, under the bottom box 12
20:34:52   PASS  scale 1.000000 try 1: RetroArch gone after execute_kill
20:34:52   PASS  scale 1.000000: the surface was the panel (Using resolution 640x480)
20:34:52   PASS  scale 1.000000: font regular names xmb/monochrome/font.ttf
20:34:52   PASS  scale 1.000000: font regular took no sharp-size table
20:34:52   PASS  scale 1.000000: font bold names xmb/monochrome/font.ttf
20:34:52   PASS  scale 1.000000: font bold took no sharp-size table
20:34:52   PASS  scale 1.000000: font msg_queue names xmb/monochrome/font.ttf
20:34:52   widget setups in this launch: 1
20:34:52   PASS  scale 1.000000: drawn regular 17, bold 17, msg_queue 13 (expected 17/17/13)
20:34:52   PASS  scale 1.000000: a msg_queue place line with the small and full boxes and the pitch
menu_widget_scale_factor = "0.400000"
menu_widget_scale_factor_windowed = "1.000000"
20:34:52 === done: 25 PASS, 0 FAIL
