22:17:52 === X-bios-alone on guest d, BUILD_ID="8196071ff52b59eaea0058f35faf6b9db4b5a43d"
22:17:52   PASS  guest d's CONTENT tier is its own folder (/QA307d/Content)
22:17:52 -- fixture: every ROM file aside, one BIOS file
files left under roms (not bios): 2
    list: bios
22:17:53 -- the page's remembered ticks: ROMS AND BIOS on, the rest off (cloudsync.pick.backup.*, SystemConf)
    ticks: cloudsync.pick.backup.saves=0
    ticks: cloudsync.pick.backup.content=1
    ticks: cloudsync.pick.backup.media=0
    ticks: cloudsync.pick.backup.settings=0
    files left under roms (not bios) after the reboot: 2
    bios 
22:18:59 -- the walk: START > GAME SETTINGS > MANAGE CLOUD STORAGE (keys) > BACK UP TO THE CLOUD > CONTINUE (the recorded walks)
22:18:59     signed in to RetroAchievements (MAIN MENU opens on its row): 1
22:19:18     hub: /workspace/tmp/rocknix-session/proofs-307/frames/X-bios-alone-hub.png (read it: the CLOUD hub, BACK UP TO THE CLOUD focused)
22:19:22     back-up-page: captured /workspace/tmp/rocknix-session/proofs-307/frames/X-bios-alone-walk/01-back-up-page.png
22:19:40     continue-to-systems: captured /workspace/tmp/rocknix-session/proofs-307/frames/X-bios-alone-walk/02-systems-page.png
22:19:40   PASS  the systems page frame taken (/workspace/tmp/rocknix-session/proofs-307/frames/X-bios-alone-systems-page.png; read it: SYSTEMS ON THIS DEVICE reads NONE, a BIOS FILES group, BACK and BACK UP)
22:19:40 -- the verb: BACK UP (up from the rows to the button bar's BACK, right to the verb, x; the page has BACK and the verb only)
    es_log: 2026-09-28 18:19:45	[1518]	INFO	ApiSystem::executeScriptLegacy -> /usr/bin/cloud_content_restore --set-systems 'bios'
22:19:55   PASS  the press wrote the selection (--set-systems) before the run
22:20:06     cloud_sync.log: [2026-09-28 18:19:46] [INFO] [cloud_content_backup] Content backup: /storage/roms/bios -> qa-cloud:/QA307d/Content/BIOS
22:20:07     selection file (content-systems): bios 
22:20:07   PASS  the run followed the selection: the selection file names bios alone and the BIOS backup's log line came after the press
22:20:09 -- fixture back
    roms back: Ninoid-1790624160-d.gb
    roms back: Ninoid-1790624222-e.gb
    roms back: Ninoid.gb
22:20:10 === done: 4 PASS, 0 FAIL
