21:06:59 === X-bios-alone on guest d, BUILD_ID="8196071ff52b59eaea0058f35faf6b9db4b5a43d"
21:06:59   PASS  guest d's CONTENT tier is its own folder (/QA307d/Content)
21:06:59 -- fixture: every ROM file aside, one BIOS file
files left under roms (not bios): 2
    list: bios
21:07:40 -- the walk: MANAGE CLOUD STORAGE > BACK UP TO THE CLOUD > tick ROMS AND BIOS > CONTINUE
21:08:16     to-manage-cloud-storage: captured /workspace/tmp/rocknix-session/proofs-307/frames/X-bios-alone-walk/01-stuck-after-up.png
21:08:23     back-up-page: captured /workspace/tmp/rocknix-session/proofs-307/frames/X-bios-alone-walk/01-back-up-page.png
21:08:51     tick-roms: captured /workspace/tmp/rocknix-session/proofs-307/frames/X-bios-alone-walk/01-stuck-after-down.png
21:09:19     continue-to-systems: captured /workspace/tmp/rocknix-session/proofs-307/frames/X-bios-alone-walk/01-stuck-after-down.png
21:09:19   FAIL  no systems-page frame from the walk
21:09:19 -- the verb: BACK UP (four down to the button bar, right to the verb, x)
    es_log: 
21:09:40   FAIL  no --set-systems line after the press
21:09:40   FAIL  the order set-systems -> --selected not seen
21:09:51 -- fixture back
    roms back: Ninoid-1790624160-d.gb
    roms back: Ninoid-1790624222-e.gb
    roms back: Ninoid.gb
21:09:52 === done: 1 PASS, 3 FAIL
