21:22:33 === X-legacy-zip on guest d, BUILD_ID="8196071ff52b59eaea0058f35faf6b9db4b5a43d"
    backup: [32mBACKING UP SETTINGS...[0m
    backup: [32mSETTINGS BACKED UP TO THIS DEVICE.[0m
    backup: [32mCOPY IT SOMEWHERE SAFE, OR BACK UP SETTINGS TO THE CLOUD UNDER GAME SETTINGS > MANAGE CLOUD STORAGE.[0m
    backup: rc=0
21:22:34   PASS  the guest wrote its own archive: 2026_09_28-172233-GENERIC-X64-ROCKNIX_SETTINGS.tar.gz
members 8 stored; damaged member: storage/.config/retroarch/retroarch.cfg at 73
21:22:34     OS_NAME as the archive names it: GENERIC-X64-ROCKNIX (newest_backup sorts *-GENERIC-X64-ROCKNIX_BACKUP.zip by name)
21:22:34 -- the damaged stored archive, newest under /storage/roms/backup
    newest by name: archive
    restore: [32mCHECKING YOUR SETTINGS BACKUP...[0m
    restore: >>> why THIS DEVICE'S SETTINGS BACKUP IS DAMAGED
    restore: [31mTHIS DEVICE'S SETTINGS BACKUP IS DAMAGED. NOTHING WAS CHANGED. RESTORE SETTINGS FROM THE CLOUD AGAIN, OR BACK UP SETTINGS TO REPLACE IT.[0m
    restore: rc=1
21:22:34   PASS  the damaged stored archive was refused (rc=1)
21:22:34   PASS  with a why: >>> why THIS DEVICE'S SETTINGS BACKUP IS DAMAGED
21:22:34   PASS  system.cfg untouched (sha 4916eb6357e4097e)
21:22:34 -- the whole stored archive, newest
    newest by name: archive
    restore: [32mCHECKING YOUR SETTINGS BACKUP...[0m
    restore: [32mKEEPING A COPY OF YOUR CURRENT SETTINGS...[0m
    restore: [32mRESTORING SETTINGS...[0m
    restore: [32mSETTINGS RESTORED. WI-FI AND ACCOUNT PASSWORDS ARE NOT PART OF A BACKUP AND MUST BE ENTERED AGAIN.[0m
    restore: [32mRESTARTING IN 5 SECONDS SO THE RESTORED SETTINGS TAKE EFFECT...[0m
    restore: rc=0
21:22:41   PASS  the whole stored archive restored (rc 0)
21:22:41 -- a restore restarts the interface: waiting for the guest
    cleanup, 2099_ left: 0
21:23:16 === done: 5 PASS, 0 FAIL
