21:11:41 === X-migrate on guest d, BUILD_ID="8196071ff52b59eaea0058f35faf6b9db4b5a43d"
21:11:42 -- the isolated root: a second remote [aa-migrate], the same backend with /QA307m appended, listed first
    first remote: aa-migrate:
2026/09/28 17:11:42 ERROR : game.srm: Failed to copy: Update mkParentDir failed: Conflict: 409 Conflict
2026/09/28 17:11:42 ERROR : backup/settings-old.zip: Failed to copy: Update mkParentDir failed: Conflict: 409 Conflict
2026/09/28 17:11:42 ERROR : Attempt 1/3 failed with 2 errors and: Update mkParentDir failed: Conflict: 409 Conflict
2026/09/28 17:11:42 ERROR : game.srm: Failed to copy: Update mkParentDir failed: Conflict: 409 Conflict
2026/09/28 17:11:42 ERROR : backup/settings-old.zip: Failed to copy: Update mkParentDir failed: Conflict: 409 Conflict
2026/09/28 17:11:42 ERROR : Attempt 2/3 failed with 2 errors and: Update mkParentDir failed: Conflict: 409 Conflict
2026/09/28 17:11:43 ERROR : game.srm: Failed to copy: Update mkParentDir failed: Conflict: 409 Conflict
2026/09/28 17:11:43 ERROR : backup/settings-old.zip: Failed to copy: Update mkParentDir failed: Conflict: 409 Conflict
2026/09/28 17:11:43 ERROR : Attempt 3/3 failed with 2 errors and: Update mkParentDir failed: Conflict: 409 Conflict
2026/09/28 17:11:43 NOTICE: Failed to copy with 2 errors: last error was: Update mkParentDir failed: Conflict: 409 Conflict
    old layout conf: SAVES_REMOTE="/GAMES"
    old layout conf: SETTINGS_REMOTE="/GAMES/backup"
    old layout conf: CONTENT_REMOTE="/GAMES/Content"
21:11:43 -- before, from the host
21:11:43 -- --check
    check: Couldn't read your cloud, so nothing more was changed. Try again when you're online.
    check: rc=3
21:11:43   FAIL  --check rc: rc=3
21:11:43 -- --apply
    apply: Couldn't read your cloud, so nothing more was changed. Try again when you're online.
    apply: >>> why YOUR CLOUD STOPPED ANSWERING
    apply: rc=3
21:11:43   FAIL  --apply rc: rc=3
21:11:43 -- after, from the host
    host sees: 
21:11:43   FAIL  the save is not under /ROCKNIX/Saves
21:11:43   FAIL  the archive is not under /ROCKNIX/Backups
21:11:43   PASS  nothing of ours left under /GAMES
    pointers: SAVES_REMOTE="/GAMES"
    pointers: SETTINGS_REMOTE="/GAMES/backup"
21:11:43   FAIL  the pointers did not follow
21:11:43   PASS  a second --check finds nothing to move
21:11:43 -- the guest's conf and remote back
    remotes: qa-cloud:     conf: SAVES_REMOTE="/QA307d/Saves"
21:11:43 === done: 2 PASS, 5 FAIL
