=>  CLOUD BACKUP

Skipped game saves this time - settings only.

====================================
SENDING YOUR SETTINGS BACKUP
>>> unit SETTINGS||
====================================
Sending your settings backup to the cloud...
Transferred:   	   12.013 MiB / 12.013 MiB, 100%, 0 B/s, ETA -
Transferred:            0 / 1, 0%
Elapsed time:         0.9s
Transferring:
 * 2026_10_03-153014-GENE…OCKNIX_SETTINGS.tar.gz:100% / 12.013 MiB, 0 B/s, -Transferred:   	   12.013 MiB / 12.013 MiB, 100%, 12.012 MiB/s, ETA 0s
Transferred:            0 / 1, 0%
Elapsed time:         1.9s
Transferring:
 * 2026_10_03-153014-GENE…OCKNIX_SETTINGS.tar.gz:100% / 12.013 MiB, 12.013 MiBTransferred:   	   12.013 MiB / 12.013 MiB, 100%, 6.006 MiB/s, ETA 0s
Transferred:            0 / 1, 0%
Elapsed time:         2.9s
Transferring:
 * 2026_10_03-153014-GENE…OCKNIX_SETTINGS.tar.gz:100% / 12.013 MiB, 6.006 MiB/Transferred:   	   12.013 MiB / 12.013 MiB, 100%, 4.004 MiB/s, ETA 0s
Transferred:            0 / 1, 0%
Elapsed time:         3.9s
Transferring:
 * 2026_10_03-153014-GENE…OCKNIX_SETTINGS.tar.gz:100% / 12.013 MiB, 4.004 MiB/Transferred:   	   12.013 MiB / 12.013 MiB, 100%, 3.003 MiB/s, ETA 0s
Transferred:            0 / 1, 0%
Elapsed time:         4.9s
Transferring:
 * 2026_10_03-153014-GENE…OCKNIX_SETTINGS.tar.gz:100% / 12.013 MiB, 3.003 MiB/Transferred:   	   12.013 MiB / 12.013 MiB, 100%, 2.402 MiB/s, ETA 0s
Transferred:            0 / 1, 0%
Elapsed time:         5.9s
Transferring:
 * 2026_10_03-153014-GENE…OCKNIX_SETTINGS.tar.gz:100% / 12.013 MiB, 2.403 MiB/Transferred:   	   12.013 MiB / 12.013 MiB, 100%, 2.002 MiB/s, ETA 0s
Transferred:            0 / 1, 0%
Elapsed time:         6.9s
Transferring:
 * 2026_10_03-153014-GENE…OCKNIX_SETTINGS.tar.gz:100% / 12.013 MiB, 2.002 MiB/Transferred:   	   12.013 MiB / 12.013 MiB, 100%, 1.716 MiB/s, ETA 0s
Transferred:            0 / 1, 0%
Elapsed time:         7.9s
Transferring:
 * 2026_10_03-153014-GENE…OCKNIX_SETTINGS.tar.gz:100% / 12.013 MiB, 1.716 MiB/Transferred:   	   12.013 MiB / 12.013 MiB, 100%, 1.502 MiB/s, ETA 0s
Transferred:            0 / 1, 0%
Elapsed time:         8.9s
Transferring:
 * 2026_10_03-153014-GENE…OCKNIX_SETTINGS.tar.gz:100% / 12.013 MiB, 1.502 MiB/Transferred:   	   12.013 MiB / 12.013 MiB, 100%, 1.335 MiB/s, ETA 0s
Transferred:            0 / 1, 0%
Elapsed time:         9.9s
Transferring:
 * 2026_10_03-153014-GENE…OCKNIX_SETTINGS.tar.gz:100% / 12.013 MiB, 1.335 MiB/Transferred:   	   12.013 MiB / 12.013 MiB, 100%, 1.201 MiB/s, ETA 0s
Transferred:            0 / 1, 0%
Elapsed time:        10.9s
Transferring:
 * 2026_10_03-153014-GENE…OCKNIX_SETTINGS.tar.gz:100% / 12.013 MiB, 1.201 MiB/Transferred:   	   12.013 MiB / 12.013 MiB, 100%, 1.092 MiB/s, ETA 0s
Transferred:            0 / 1, 0%
Elapsed time:        11.9s
Transferring:
 * 2026_10_03-153014-GENE…OCKNIX_SETTINGS.tar.gz:100% / 12.013 MiB, 1.092 MiB/Transferred:   	   12.013 MiB / 12.013 MiB, 100%, 1.001 MiB/s, ETA 0s
Transferred:            0 / 1, 0%
Elapsed time:        12.9s
Transferring:
 * 2026_10_03-153014-GENE…OCKNIX_SETTINGS.tar.gz:100% / 12.013 MiB, 1.001 MiB/Transferred:   	   12.013 MiB / 12.013 MiB, 100%, 946.212 KiB/s, ETA 0s
Transferred:            0 / 1, 0%
Elapsed time:        13.9s
Transferring:
 * 2026_10_03-153014-GENE…OCKNIX_SETTINGS.tar.gz:100% / 12.013 MiB, 946.224 KiTransferred:   	   12.013 MiB / 12.013 MiB, 100%, 878.625 KiB/s, ETA 0s
Transferred:            0 / 1, 0%
Elapsed time:        14.9s
Transferring:
 * 2026_10_03-153014-GENE…OCKNIX_SETTINGS.tar.gz:100% / 12.013 MiB, 878.636 KiTransferred:   	   12.013 MiB / 12.013 MiB, 100%, 820.050 KiB/s, ETA 0s
Transferred:            0 / 1, 0%
Elapsed time:        15.9s
Transferring:
 * 2026_10_03-153014-GENE…OCKNIX_SETTINGS.tar.gz:100% / 12.013 MiB, 820.061 KiTransferred:   	   12.013 MiB / 12.013 MiB, 100%, 768.797 KiB/s, ETA 0s
Transferred:            0 / 1, 0%
Elapsed time:        16.9s
Transferring:
 * 2026_10_03-153014-GENE…OCKNIX_SETTINGS.tar.gz:100% / 12.013 MiB, 768.807 KiTransferred:   	   12.013 MiB / 12.013 MiB, 100%, 720.747 KiB/s, ETA 0s
Transferred:            0 / 1, 0%
Elapsed time:        17.9s
Transferring:
 * 2026_10_03-153014-GENE…OCKNIX_SETTINGS.tar.gz:100% / 12.013 MiB, 720.756 KiTransferred:   	   12.013 MiB / 12.013 MiB, 100%, 675.700 KiB/s, ETA 0s
Transferred:            0 / 1, 0%
Elapsed time:        18.9s
Transferring:
 * 2026_10_03-153014-GENE…OCKNIX_SETTINGS.tar.gz:100% / 12.013 MiB, 675.709 KiTransferred:   	   12.013 MiB / 12.013 MiB, 100%, 633.469 KiB/s, ETA 0s
Transferred:            0 / 1, 0%
Elapsed time:        19.9s
Transferring:
 * 2026_10_03-153014-GENE…OCKNIX_SETTINGS.tar.gz:100% / 12.013 MiB, 633.477 KiTransferred:   	   12.013 MiB / 12.013 MiB, 100%, 593.877 KiB/s, ETA 0s
Transferred:            0 / 1, 0%
Elapsed time:        20.9s
Transferring:
 * 2026_10_03-153014-GENE…OCKNIX_SETTINGS.tar.gz:100% / 12.013 MiB, 593.885 KiTransferred:   	   12.013 MiB / 12.013 MiB, 100%, 556.760 KiB/s, ETA 0s
Transferred:            0 / 1, 0%
Elapsed time:        21.9s
Transferring:
 * 2026_10_03-153014-GENE…OCKNIX_SETTINGS.tar.gz:100% / 12.013 MiB, 556.767 KiTransferred:   	   12.013 MiB / 12.013 MiB, 100%, 521.962 KiB/s, ETA 0s
Transferred:            0 / 1, 0%
Elapsed time:        22.9s
Transferring:
 * 2026_10_03-153014-GENE…OCKNIX_SETTINGS.tar.gz:100% / 12.013 MiB, 521.969 KiTransferred:   	   12.013 MiB / 12.013 MiB, 100%, 489.340 KiB/s, ETA 0s
Transferred:            0 / 1, 0%
Elapsed time:        23.9s
Transferring:
 * 2026_10_03-153014-GENE…OCKNIX_SETTINGS.tar.gz:100% / 12.013 MiB, 489.346 KiTransferred:   	   12.013 MiB / 12.013 MiB, 100%, 458.756 KiB/s, ETA 0s
Transferred:            0 / 1, 0%
Elapsed time:        24.9s
Transferring:
 * 2026_10_03-153014-GENE…OCKNIX_SETTINGS.tar.gz:100% / 12.013 MiB, 458.762 KiTransferred:   	   12.013 MiB / 12.013 MiB, 100%, 430.084 KiB/s, ETA 0s
Transferred:            0 / 1, 0%
Elapsed time:        25.9s
Transferring:
 * 2026_10_03-153014-GENE…OCKNIX_SETTINGS.tar.gz:100% / 12.013 MiB, 430.089 KiTransferred:   	   12.013 MiB / 12.013 MiB, 100%, 403.203 KiB/s, ETA 0s
Transferred:            0 / 1, 0%
Elapsed time:        26.9s
Transferring:
 * 2026_10_03-153014-GENE…OCKNIX_SETTINGS.tar.gz:100% / 12.013 MiB, 403.208 KiTransferred:   	   12.013 MiB / 12.013 MiB, 100%, 378.003 KiB/s, ETA 0s
Transferred:            0 / 1, 0%
Elapsed time:        27.9s
Transferring:
 * 2026_10_03-153014-GENE…OCKNIX_SETTINGS.tar.gz:100% / 12.013 MiB, 378.008 KiTransferred:   	   12.013 MiB / 12.013 MiB, 100%, 354.378 KiB/s, ETA 0s
Transferred:            0 / 1, 0%
Elapsed time:        28.9s
Transferring:
 * 2026_10_03-153014-GENE…OCKNIX_SETTINGS.tar.gz:100% / 12.013 MiB, 354.382 KiTransferred:   	   12.013 MiB / 12.013 MiB, 100%, 332.229 KiB/s, ETA 0s
Transferred:            0 / 1, 0%
Elapsed time:        29.9s
Transferring:
 * 2026_10_03-153014-GENE…OCKNIX_SETTINGS.tar.gz:100% / 12.013 MiB, 332.233 KiTransferred:   	   12.013 MiB / 12.013 MiB, 100%, 311.465 KiB/s, ETA 0s
Transferred:            0 / 1, 0%
Elapsed time:        30.9s
Transferring:
 * 2026_10_03-153014-GENE…OCKNIX_SETTINGS.tar.gz:100% / 12.013 MiB, 311.469 KiTransferred:   	   12.013 MiB / 12.013 MiB, 100%, 291.998 KiB/s, ETA 0s
Transferred:            0 / 1, 0%
Elapsed time:        31.9s
Transferring:
 * 2026_10_03-153014-GENE…OCKNIX_SETTINGS.tar.gz:100% / 12.013 MiB, 292.002 KiTransferred:   	   12.013 MiB / 12.013 MiB, 100%, 273.748 KiB/s, ETA 0s
Transferred:            0 / 1, 0%
Elapsed time:        33.0s
Transferring:
 * 2026_10_03-153014-GENE…OCKNIX_SETTINGS.tar.gz:100% / 12.013 MiB, 273.752 KiTransferred:   	   12.013 MiB / 12.013 MiB, 100%, 256.639 KiB/s, ETA 0s
Transferred:            0 / 1, 0%
Elapsed time:        33.9s
Transferring:
 * 2026_10_03-153014-GENE…OCKNIX_SETTINGS.tar.gz:100% / 12.013 MiB, 256.643 KiTransferred:   	   12.013 MiB / 12.013 MiB, 100%, 240.599 KiB/s, ETA 0s
Transferred:            0 / 1, 0%
Elapsed time:        34.9s
Transferring:
 * 2026_10_03-153014-GENE…OCKNIX_SETTINGS.tar.gz:100% / 12.013 MiB, 240.603 KiTransferred:   	   12.013 MiB / 12.013 MiB, 100%, 225.562 KiB/s, ETA 0s
Transferred:            0 / 1, 0%
Elapsed time:        35.9s
Transferring:
 * 2026_10_03-153014-GENE…OCKNIX_SETTINGS.tar.gz:100% / 12.013 MiB, 225.564 KiTransferred:   	   12.013 MiB / 12.013 MiB, 100%, 211.464 KiB/s, ETA 0s
Transferred:            0 / 1, 0%
Elapsed time:        36.9s
Transferring:
 * 2026_10_03-153014-GENE…OCKNIX_SETTINGS.tar.gz:100% / 12.013 MiB, 211.467 KiTransferred:   	   12.013 MiB / 24.027 MiB, 50%, 198.247 KiB/s, ETA 1m2s
Transferred:            0 / 1, 0%
Elapsed time:        37.9s
Transferring:
 * 2026_10_03-153014-GENE…OCKNIX_SETTINGS.tar.gz:  0% / 12.013 MiB, 0 B/s, -
[31mSending your settings backup: your cloud stopped answering.[0m
>>> why YOUR CLOUD STOPPED ANSWERING

====================================
BACKUP SUMMARY:
Game saves: SKIPPED - SETTINGS ONLY
Settings backup: COULDN'T FINISH
[31mCouldn't finish: your cloud stopped answering. Try again.[0m
====================================
