rclone: rclone v1.75.1 (/workspace/repos/rocknix.worktrees/generic-x64/build.ROCKNIX-GENERIC_X64.x86_64/image/system/usr/bin/rclone)
PASS T01-actor-wizard 
PASS T01-actor-transfer 
PASS T01-actor-boot 
PASS T01-actor-startup-restore 
PASS T01-actor-startup-backup 
PASS T01-actor-exit 
PASS T01-actor-saves-restore 
PASS T01-actor-saves-backup 
PASS T02-actor-wizard 
PASS T02-actor-transfer 
PASS T02-actor-boot 
PASS T02-actor-startup-restore 
PASS T02-actor-startup-backup 
PASS T02-actor-exit 
PASS T02-actor-saves-restore 
PASS T02-actor-saves-backup 
PASS T03-actor-wizard 
PASS T03-actor-transfer 
PASS T03-actor-boot 
PASS T03-actor-startup-restore 
PASS T03-actor-startup-backup 
PASS T03-actor-exit 
PASS T03-actor-saves-restore 
PASS T03-actor-saves-backup 
PASS T04-actor-wizard 
PASS T04-actor-transfer 
PASS T04-actor-boot 
PASS T04-actor-startup-restore 
PASS T04-actor-startup-backup 
PASS T04-actor-exit 
PASS T04-actor-saves-restore 
PASS T04-actor-saves-backup 
PASS T05-actor-wizard 
PASS T05-actor-transfer 
PASS T05-actor-boot 
PASS T05-actor-startup-restore 
PASS T05-actor-startup-backup 
PASS T05-actor-exit 
PASS T05-actor-saves-restore 
PASS T05-actor-saves-backup 
PASS T06-actor-wizard 
PASS T06-actor-transfer 
PASS T06-actor-boot 
PASS T06-actor-startup-restore 
PASS T06-actor-startup-backup 
PASS T06-actor-exit 
PASS T06-actor-saves-restore 
PASS T06-actor-saves-backup 
PASS T07-actor-wizard 
PASS T07-actor-transfer 
PASS T07-actor-boot 
PASS T07-actor-startup-restore 
PASS T07-actor-startup-backup 
PASS T07-actor-exit 
PASS T07-actor-saves-restore 
PASS T07-actor-saves-backup 
PASS T08-actor-wizard 
PASS T08-actor-transfer 
PASS T08-actor-boot 
PASS T08-actor-startup-restore 
PASS T08-actor-startup-backup 
PASS T08-actor-exit 
PASS T08-actor-saves-restore 
PASS T08-actor-saves-backup 
PASS T09-actor-wizard 
PASS T09-actor-transfer 
PASS T09-actor-boot 
PASS T09-actor-startup-restore 
PASS T09-actor-startup-backup 
PASS T09-actor-exit 
PASS T09-actor-saves-restore 
PASS T09-actor-saves-backup 
PASS T10-actor-wizard 
PASS T10-actor-transfer 
PASS T10-actor-boot 
PASS T10-actor-startup-restore 
PASS T10-actor-startup-backup 
PASS T10-actor-exit 
PASS T10-actor-saves-restore 
PASS T10-actor-saves-backup 
PASS T11-actor-wizard 
PASS T11-actor-transfer 
PASS T11-actor-boot 
PASS T11-actor-startup-restore 
PASS T11-actor-startup-backup 
PASS T11-actor-exit 
PASS T11-actor-saves-restore 
PASS T11-actor-saves-backup 
PASS T12-actor-wizard 
PASS T12-actor-transfer 
PASS T12-actor-boot 
PASS T12-actor-startup-restore 
PASS T12-actor-startup-backup 
PASS T12-actor-exit 
PASS T12-actor-saves-restore 
PASS T12-actor-saves-backup 
PASS T13-actor-wizard 
PASS T13-actor-transfer 
PASS T13-actor-boot 
PASS T13-actor-startup-restore 
PASS T13-actor-startup-backup 
PASS T13-actor-exit 
PASS T13-actor-saves-restore 
PASS T13-actor-saves-backup 
PASS T14-actor-wizard 
PASS T14-actor-transfer 
PASS T14-actor-boot 
PASS T14-actor-startup-restore 
PASS T14-actor-startup-backup 
PASS T14-actor-exit 
PASS T14-actor-saves-restore 
PASS T14-actor-saves-backup 
PASS T15-actor-wizard 
PASS T15-actor-transfer 
PASS T15-actor-boot 
PASS T15-actor-startup-restore 
PASS T15-actor-startup-backup 
PASS T15-actor-exit 
PASS T15-actor-saves-restore 
PASS T15-actor-saves-backup 
PASS T16-actor-wizard 
PASS T16-actor-transfer 
PASS T16-actor-boot 
PASS T16-actor-startup-restore 
PASS T16-actor-startup-backup 
PASS T16-actor-exit 
PASS T16-actor-saves-restore 
PASS T16-actor-saves-backup 
PASS T22-actor-wizard 
PASS T22-actor-transfer 
PASS T22-actor-boot 
PASS T22-actor-startup-restore 
PASS T22-actor-startup-backup 
PASS T22-actor-exit 
PASS T22-actor-saves-restore 
PASS T22-actor-saves-backup 
cloud-layout-test: 136 PASS, 0 FAIL; artifacts: /tmp/rasteratops-m7-actors-20261003
