rclone: rclone v1.75.1 (/workspace/repos/rocknix.worktrees/generic-x64/build.ROCKNIX-GENERIC_X64.x86_64/image/system/usr/bin/rclone)
PASS T23-content-collision 
PASS T23-retry-Backups 
PASS T23-retry-Saves 
PASS T23-retry-Saves-replaced 
PASS T23-retry-Content 
PASS T23-retry-marker 
PASS T23-retry-delete-Backups 
PASS T23-retry-delete-Saves 
PASS T23-retry-delete-Saves-replaced 
PASS T23-retry-delete-Content 
PASS T23-predecessor-RC2-backups 
PASS T23-predecessor-RC2-saves 
PASS T23-predecessor-RC2-content 
PASS T23-predecessor-RC2-complete 
PASS T23-predecessor-run101-backups 
PASS T23-predecessor-run101-saves 
PASS T23-predecessor-run101-discarded 
PASS T23-predecessor-run101-content 
PASS T23-predecessor-run101-marker 
PASS T23-predecessor-run101-complete 
PASS T23-predecessor-reinterrupted 
PASS T23-predecessor-boundary-root 
PASS T23-predecessor-boundary-custom 
PASS T23-predecessor-boundary-foreign 
PASS T23-predecessor-boundary-fleet 
PASS T23-predecessor-content-only-populated 
PASS T23-predecessor-content-only-empty 
cloud-layout-test: 27 PASS, 0 FAIL; artifacts: /tmp/rasteratops-m7-boundary-fixed-20261003
