listremotes
lsd qa: --contimeout 15s --timeout 30s --low-level-retries 3 --retries 1
backend features qa: --contimeout 15s --timeout 30s --low-level-retries 3 --retries 1
cat qa:/Rasteratops/.layout --contimeout 15s --timeout 30s --low-level-retries 3 --retries 1
lsf --files-only qa:/Rasteratops/ --contimeout 15s --timeout 30s --low-level-retries 3 --retries 1
lsf qa:/GAMES-replaced/ --contimeout 15s --timeout 30s --low-level-retries 3 --retries 1
lsf qa:/ROCKNIX/Saves-replaced/ --contimeout 15s --timeout 30s --low-level-retries 3 --retries 1
lsf --files-only -R --exclude /backup/** --exclude /Backups/** --exclude /README.txt --exclude /saves/** qa:/Rasteratops/Saves/ --contimeout 15s --timeout 30s --low-level-retries 3 --retries 1
lsf qa:/GAMES/Content/ --contimeout 15s --timeout 30s --low-level-retries 3 --retries 1
listremotes
lsd qa: --contimeout 15s --timeout 30s --low-level-retries 3 --retries 1
backend features qa: --contimeout 15s --timeout 30s --low-level-retries 3 --retries 1
cat qa:/Rasteratops/.layout --contimeout 15s --timeout 30s --low-level-retries 3 --retries 1
lsf --files-only qa:/Rasteratops/ --contimeout 15s --timeout 30s --low-level-retries 3 --retries 1
lsf qa:/GAMES-replaced/ --contimeout 15s --timeout 30s --low-level-retries 3 --retries 1
lsf qa:/ROCKNIX/Saves-replaced/ --contimeout 15s --timeout 30s --low-level-retries 3 --retries 1
lsf --files-only -R --exclude /backup/** --exclude /Backups/** --exclude /README.txt --exclude /saves/** qa:/Rasteratops/Saves/ --contimeout 15s --timeout 30s --low-level-retries 3 --retries 1
lsf qa:/GAMES/Content/ --contimeout 15s --timeout 30s --low-level-retries 3 --retries 1
lsf qa:/GAMES/Content/ --contimeout 15s --timeout 30s --low-level-retries 3 --retries 1
lsf qa:/GAMES/Content/ --contimeout 15s --timeout 30s --low-level-retries 3 --retries 1
lsf qa:/GAMES/Content/ --contimeout 15s --timeout 30s --low-level-retries 3 --retries 1
cat qa:/Rasteratops/.layout --contimeout 15s --timeout 30s --low-level-retries 3 --retries 1
lsf --files-only qa:/Rasteratops/ --contimeout 15s --timeout 30s --low-level-retries 3 --retries 1
rcat qa:/Rasteratops/.layout --contimeout 1s --timeout 2s --low-level-retries 1 --retries 1
cat qa:/Rasteratops/.layout --contimeout 15s --timeout 30s --low-level-retries 3 --retries 1
