This device stores:
  saves    qa:/ROCKNIX/Saves
  backups  qa:/ROCKNIX/Backups

The current layout is:
  saves    qa:/Rasteratops/Saves
  backups  qa:/Rasteratops/Backups

Would move, server-side, leaving anything else where it is:
  qa:/ROCKNIX/Saves  ->  qa:/Rasteratops/Saves
  qa:/ROCKNIX/Saves-replaced  ->  qa:/Rasteratops/Saves-replaced
  qa:/ROCKNIX/Content  ->  qa:/Rasteratops/Content

Now using /Rasteratops/Backups for your settings backups.
>>> unit SAVES|1|3
Copying saves...
>>> doing copy
Transferred:   	         11 B / 11 B, 100%, 0 B/s, ETA -
Checks:                 0 / 0, -, Listed 2
Transferred:            1 / 1, 100%
Elapsed time:         0.0s
Verifying saves...
>>> doing verify
Now using /Rasteratops/Saves for your saves.
Removing the old saves folder...
>>> doing remove
>>> unit DISCARDED SAVES|2|3
Copying discarded saves...
>>> doing copy
Transferred:   	         18 B / 18 B, 100%, 0 B/s, ETA -
Checks:                 0 / 0, -, Listed 2
Transferred:            1 / 1, 100%
Elapsed time:         0.0s
Verifying discarded saves...
>>> doing verify
Removing the old discarded saves folder...
>>> doing remove
>>> unit ROMS, BIOS, AND GAME CONTENT|3|3
Would copy, verify, then remove  qa:/ROCKNIX/Content  ->  qa:/Rasteratops/Content
Copying content...
>>> doing copy
Transferred:   	         11 B / 11 B, 100%, 0 B/s, ETA -
Checks:                 0 / 0, -, Listed 3
Transferred:            1 / 1, 100%
Elapsed time:         0.0s
Verifying content...
>>> doing verify
Now using /Rasteratops/Content for your ROMs, BIOS, and game content.
Removing the old content folder...
>>> doing remove
Content is now at qa:/Rasteratops/Content.

Done. Saves are at qa:/Rasteratops/Saves, backups at qa:/Rasteratops/Backups.
Old folders were left in place if anything else was in them.
