PASS DISTRONAME = RASTERATOPS
PASS OSNAME = rocknix
PASS DISTRO_BOOTLABEL = ROCKNIX
PASS DISTRO_DISKLABEL = STORAGE
PASS semantic OS version
PASS RC2 adoption filename suffix
FAIL retained kernel hostname: packages/linux/package.mk
FAIL retained kernel hostname: projects/ROCKNIX/packages/linux/package.mk
FAIL retired endpoint absent: rocknix-update check
FAIL inert legacy entry point: rocknix-update check
FAIL retired endpoint absent: rocknix-update --help
FAIL inert legacy entry point: rocknix-update --help
FAIL retired endpoint absent: rocknix-update force
FAIL inert legacy entry point: rocknix-update force
FAIL retired endpoint absent: rocknix-update 20261001
FAIL inert legacy entry point: rocknix-update 20261001
FAIL retired endpoint absent: rocknix-report-stats 
FAIL entry point failed or timed out: rocknix-report-stats
FAIL statistics timer masked
PASS ES reads the displayed OS identity
PASS ES refuses inherited automatic/forced update queries
PASS manual update and screenshot rows
PASS old screenshot display literal removed
PASS ES wordmark selected
FAIL ES recipe pins the checked commit
FAIL ES licence matches its source
FAIL read /tmp/rasteratops-rc-delivery-20261002/identity-template-control/docs/rasteratops/art/rasteratops-wordmark.svg
FAIL read /tmp/rasteratops-rc-delivery-20261002/identity-template-control/projects/ROCKNIX/packages/ui/themes/es-theme-art-book-next/sources/rasteratops-wordmark.svg
FAIL ES and theme use the canonical wordmark bytes
FAIL read /tmp/rasteratops-rc-delivery-20261002/identity-template-control/projects/ROCKNIX/packages/ui/themes/es-theme-art-book-next/patches/001-rasteratops-splash.patch
FAIL theme selects the wordmark, retaining custom splash support
FAIL theme installs its selected wordmark
PASS identity policy present: LICENSE.md
FAIL read /tmp/rasteratops-rc-delivery-20261002/identity-template-control/TRADEMARK.md
FAIL identity policy present: TRADEMARK.md
FAIL read /tmp/rasteratops-rc-delivery-20261002/identity-template-control/NAMING.md
FAIL identity policy present: NAMING.md
identity source contracts: 25 failure(s); image qualification still required
