/tmp/qa-link-LINK3/out
>>> unit vectrex|1|1
Backing up vectrex to the cloud...
Transferred:   	        9 MiB / 9 MiB, 100%, 0 B/s, ETA -
Checks:                 0 / 0, -, Listed 3
Transferred:            0 / 3, 0%
Elapsed time:         1.0s
Transferring:
 *                                    link-1.bin:100% / 3 MiB, 0 B/s, -
 *                                    link-2.bin:100% / 3 MiB, 0 B/s, -
 *                                    link-3.bin:100% / 3 MiB, 0 B/s, -Transferred:   	        9 MiB / 9 MiB, 100%, 8.997 MiB/s, ETA 0s
Checks:                 0 / 0, -, Listed 3
Transferred:            0 / 3, 0%
Elapsed time:         2.0s
Transferring:
 *                                    link-1.bin:100% / 3 MiB, 2.999 MiB/s, 0s
 *                                    link-2.bin:100% / 3 MiB, 2.999 MiB/s, 0s
 *                                    link-3.bin:100% / 3 MiB, 2.999 MiB/s, 0sTransferred:   	        9 MiB / 9 MiB, 100%, 4.498 MiB/s, ETA 0s
Checks:                 0 / 0, -, Listed 3
Transferred:            0 / 3, 0%
Elapsed time:         3.0s
Transferring:
 *                                    link-1.bin:100% / 3 MiB, 1.499 MiB/s, 0s
 *                                    link-2.bin:100% / 3 MiB, 1.500 MiB/s, 0s
 *                                    link-3.bin:100% / 3 MiB, 1.500 MiB/s, 0sTransferred:   	        9 MiB / 9 MiB, 100%, 2.999 MiB/s, ETA 0s
Checks:                 0 / 0, -, Listed 3
Transferred:            0 / 3, 0%
Elapsed time:         4.0s
Transferring:
 *                                    link-1.bin:100% / 3 MiB, 1023.601 KiB/s, 0
 *                                    link-2.bin:100% / 3 MiB, 1023.822 KiB/s, 0
 *                                    link-3.bin:100% / 3 MiB, 1023.797 KiB/s, 0Transferred:   	        9 MiB / 9 MiB, 100%, 2.249 MiB/s, ETA 0s
Checks:                 0 / 0, -, Listed 3
Transferred:            0 / 3, 0%
Elapsed time:         5.0s
Transferring:
 *                                    link-1.bin:100% / 3 MiB, 767.700 KiB/s, 0s
 *                                    link-2.bin:100% / 3 MiB, 767.866 KiB/s, 0s
 *                                    link-3.bin:100% / 3 MiB, 767.848 KiB/s, 0sTransferred:   	        9 MiB / 9 MiB, 100%, 1.799 MiB/s, ETA 0s
Checks:                 0 / 0, -, Listed 3
Transferred:            0 / 3, 0%
Elapsed time:         6.0s
Transferring:
 *                                    link-1.bin:100% / 3 MiB, 614.160 KiB/s, 0s
 *                                    link-2.bin:100% / 3 MiB, 614.293 KiB/s, 0s
 *                                    link-3.bin:100% / 3 MiB, 614.278 KiB/s, 0sTransferred:   	        9 MiB / 9 MiB, 100%, 1.499 MiB/s, ETA 0s
Checks:                 0 / 0, -, Listed 3
Transferred:            0 / 3, 0%
Elapsed time:         7.0s
Transferring:
 *                                    link-1.bin:100% / 3 MiB, 511.800 KiB/s, 0s
 *                                    link-2.bin:100% / 3 MiB, 511.911 KiB/s, 0s
 *                                    link-3.bin:100% / 3 MiB, 511.898 KiB/s, 0sTransferred:   	        9 MiB / 9 MiB, 100%, 1.285 MiB/s, ETA 0s
Checks:                 0 / 0, -, Listed 3
Transferred:            0 / 3, 0%
Elapsed time:         8.0s
Transferring:
 *                                    link-1.bin:100% / 3 MiB, 438.686 KiB/s, 0s
 *                                    link-2.bin:100% / 3 MiB, 438.780 KiB/s, 0s
 *                                    link-3.bin:100% / 3 MiB, 438.770 KiB/s, 0sTransferred:   	        9 MiB / 9 MiB, 100%, 1.125 MiB/s, ETA 0s
Checks:                 0 / 0, -, Listed 3
Transferred:            0 / 3, 0%
Elapsed time:         9.0s
Transferring:
 *                                    link-1.bin:100% / 3 MiB, 383.850 KiB/s, 0s
 *                                    link-2.bin:100% / 3 MiB, 383.933 KiB/s, 0s
 *                                    link-3.bin:100% / 3 MiB, 383.924 KiB/s, 0sTransferred:   	        9 MiB / 9 MiB, 100%, 1023.653 KiB/s, ETA 0s
Checks:                 0 / 0, -, Listed 3
Transferred:            0 / 3, 0%
Elapsed time:        10.0s
Transferring:
 *                                    link-1.bin:100% / 3 MiB, 341.200 KiB/s, 0s
 *                                    link-2.bin:100% / 3 MiB, 341.273 KiB/s, 0s
 *                                    link-3.bin:100% / 3 MiB, 341.266 KiB/s, 0sTransferred:   	        9 MiB / 9 MiB, 100%, 921.288 KiB/s, ETA 0s
Checks:                 0 / 0, -, Listed 3
Transferred:            0 / 3, 0%
Elapsed time:        11.0s
Transferring:
 *                                    link-1.bin:100% / 3 MiB, 307.080 KiB/s, 0s
 *                                    link-2.bin:100% / 3 MiB, 307.146 KiB/s, 0s
 *                                    link-3.bin:100% / 3 MiB, 307.139 KiB/s, 0sTransferred:   	        9 MiB / 9 MiB, 100%, 837.534 KiB/s, ETA 0s
Checks:                 0 / 0, -, Listed 3
Transferred:            0 / 3, 0%
Elapsed time:        12.0s
Transferring:
 *                                    link-1.bin:100% / 3 MiB, 279.163 KiB/s, 0s
 *                                    link-2.bin:100% / 3 MiB, 279.224 KiB/s, 0s
 *                                    link-3.bin:100% / 3 MiB, 279.217 KiB/s, 0sTransferred:   	        9 MiB / 9 MiB, 100%, 767.740 KiB/s, ETA 0s
Checks:                 0 / 0, -, Listed 3
Transferred:            0 / 3, 0%
Elapsed time:        13.0s
Transferring:
 *                                    link-1.bin:100% / 3 MiB, 255.899 KiB/s, 0s
 *                                    link-2.bin:100% / 3 MiB, 255.955 KiB/s, 0s
 *                                    link-3.bin:100% / 3 MiB, 255.949 KiB/s, 0sTransferred:   	        9 MiB / 9 MiB, 100%, 708.683 KiB/s, ETA 0s
Checks:                 0 / 0, -, Listed 3
Transferred:            0 / 3, 0%
Elapsed time:        14.0s
Transferring:
 *                                    link-1.bin:100% / 3 MiB, 236.215 KiB/s, 0s
 *                                    link-2.bin:100% / 3 MiB, 236.267 KiB/s, 0s
 *                                    link-3.bin:100% / 3 MiB, 236.261 KiB/s, 0sTransferred:   	        9 MiB / 9 MiB, 100%, 658.062 KiB/s, ETA 0s
Checks:                 0 / 0, -, Listed 3
Transferred:            0 / 3, 0%
Elapsed time:        15.0s
Transferring:
 *                                    link-1.bin:100% / 3 MiB, 219.343 KiB/s, 0s
 *                                    link-2.bin:100% / 3 MiB, 219.390 KiB/s, 0s
 *                                    link-3.bin:100% / 3 MiB, 219.385 KiB/s, 0sTransferred:   	        9 MiB / 9 MiB, 100%, 614.191 KiB/s, ETA 0s
Checks:                 0 / 0, -, Listed 3
Transferred:            0 / 3, 0%
Elapsed time:        16.0s
Transferring:
 *                                    link-1.bin:100% / 3 MiB, 204.720 KiB/s, 0s
 *                                    link-2.bin:100% / 3 MiB, 204.764 KiB/s, 0s
 *                                    link-3.bin:100% / 3 MiB, 204.759 KiB/s, 0sTransferred:   	        9 MiB / 9 MiB, 100%, 575.805 KiB/s, ETA 0s
Checks:                 0 / 0, -, Listed 3
Transferred:            0 / 3, 0%
Elapsed time:        17.0s
Transferring:
 *                                    link-1.bin:100% / 3 MiB, 191.925 KiB/s, 0s
 *                                    link-2.bin:100% / 3 MiB, 191.966 KiB/s, 0s
 *                                    link-3.bin:100% / 3 MiB, 191.962 KiB/s, 0sTransferred:   	        9 MiB / 9 MiB, 100%, 539.817 KiB/s, ETA 0s
Checks:                 0 / 0, -, Listed 3
Transferred:            0 / 3, 0%
Elapsed time:        18.0s
Transferring:
 *                                    link-1.bin:100% / 3 MiB, 179.930 KiB/s, 0s
 *                                    link-2.bin:100% / 3 MiB, 179.969 KiB/s, 0s
 *                                    link-3.bin:100% / 3 MiB, 179.964 KiB/s, 0sTransferred:   	        9 MiB / 9 MiB, 100%, 506.078 KiB/s, ETA 0s
Checks:                 0 / 0, -, Listed 3
Transferred:            0 / 3, 0%
Elapsed time:        19.0s
Transferring:
 *                                    link-1.bin:100% / 3 MiB, 168.684 KiB/s, 0s
 *                                    link-2.bin:100% / 3 MiB, 168.721 KiB/s, 0s
 *                                    link-3.bin:100% / 3 MiB, 168.716 KiB/s, 0sTransferred:   	        9 MiB / 9 MiB, 100%, 474.448 KiB/s, ETA 0s
Checks:                 0 / 0, -, Listed 3
Transferred:            0 / 3, 0%
Elapsed time:        20.0s
Transferring:
 *                                    link-1.bin:100% / 3 MiB, 158.141 KiB/s, 0s
 *                                    link-2.bin:100% / 3 MiB, 158.175 KiB/s, 0s
 *                                    link-3.bin:100% / 3 MiB, 158.171 KiB/s, 0sTransferred:   	        9 MiB / 9 MiB, 100%, 444.795 KiB/s, ETA 0s
Checks:                 0 / 0, -, Listed 3
Transferred:            0 / 3, 0%
Elapsed time:        21.0s
Transferring:
 *                                    link-1.bin:100% / 3 MiB, 148.257 KiB/s, 0s
 *                                    link-2.bin:100% / 3 MiB, 148.289 KiB/s, 0s
 *                                    link-3.bin:100% / 3 MiB, 148.285 KiB/s, 0sTransferred:   	        9 MiB / 9 MiB, 100%, 416.996 KiB/s, ETA 0s
Checks:                 0 / 0, -, Listed 3
Transferred:            0 / 3, 0%
Elapsed time:        22.0s
Transferring:
 *                                    link-1.bin:100% / 3 MiB, 138.991 KiB/s, 0s
 *                                    link-2.bin:100% / 3 MiB, 139.021 KiB/s, 0s
 *                                    link-3.bin:100% / 3 MiB, 139.018 KiB/s, 0sTransferred:   	        9 MiB / 9 MiB, 100%, 390.934 KiB/s, ETA 0s
Checks:                 0 / 0, -, Listed 3
Transferred:            0 / 3, 0%
Elapsed time:        23.0s
Transferring:
 *                                    link-1.bin:100% / 3 MiB, 130.304 KiB/s, 0s
 *                                    link-2.bin:100% / 3 MiB, 130.332 KiB/s, 0s
 *                                    link-3.bin:100% / 3 MiB, 130.329 KiB/s, 0sTransferred:   	        9 MiB / 9 MiB, 100%, 366.500 KiB/s, ETA 0s
Checks:                 0 / 0, -, Listed 3
Transferred:            0 / 3, 0%
Elapsed time:        24.0s
Transferring:
 *                                    link-1.bin:100% / 3 MiB, 122.160 KiB/s, 0s
 *                                    link-2.bin:100% / 3 MiB, 122.187 KiB/s, 0s
 *                                    link-3.bin:100% / 3 MiB, 122.184 KiB/s, 0sTransferred:   	        9 MiB / 9 MiB, 100%, 343.594 KiB/s, ETA 0s
Checks:                 0 / 0, -, Listed 3
Transferred:            0 / 3, 0%
Elapsed time:        25.0s
Transferring:
 *                                    link-1.bin:100% / 3 MiB, 114.525 KiB/s, 0s
 *                                    link-2.bin:100% / 3 MiB, 114.550 KiB/s, 0s
 *                                    link-3.bin:100% / 3 MiB, 114.547 KiB/s, 0sTransferred:   	        9 MiB / 9 MiB, 100%, 322.119 KiB/s, ETA 0s
Checks:                 0 / 0, -, Listed 3
Transferred:            0 / 3, 0%
Elapsed time:        26.0s
Transferring:
 *                                    link-1.bin:100% / 3 MiB, 107.367 KiB/s, 0s
 *                                    link-2.bin:100% / 3 MiB, 107.391 KiB/s, 0s
 *                                    link-3.bin:100% / 3 MiB, 107.388 KiB/s, 0sTransferred:   	        9 MiB / 9 MiB, 100%, 301.986 KiB/s, ETA 0s
Checks:                 0 / 0, -, Listed 3
Transferred:            0 / 3, 0%
Elapsed time:        27.0s
Transferring:
 *                                    link-1.bin:100% / 3 MiB, 100.656 KiB/s, 0s
 *                                    link-2.bin:100% / 3 MiB, 100.679 KiB/s, 0s
 *                                    link-3.bin:100% / 3 MiB, 100.676 KiB/s, 0sTransferred:   	        9 MiB / 9 MiB, 100%, 283.112 KiB/s, ETA 0s
Checks:                 0 / 0, -, Listed 3
Transferred:            0 / 3, 0%
Elapsed time:        28.0s
Transferring:
 *                                    link-1.bin:100% / 3 MiB, 94.365 KiB/s, 0s
 *                                    link-2.bin:100% / 3 MiB, 94.386 KiB/s, 0s
 *                                    link-3.bin:100% / 3 MiB, 94.384 KiB/s, 0sTransferred:   	        9 MiB / 9 MiB, 100%, 265.418 KiB/s, ETA 0s
Checks:                 0 / 0, -, Listed 3
Transferred:            0 / 3, 0%
Elapsed time:        29.0s
Transferring:
 *                                    link-1.bin:100% / 3 MiB, 88.468 KiB/s, 0s
 *                                    link-2.bin:100% / 3 MiB, 88.487 KiB/s, 0s
 *                                    link-3.bin:100% / 3 MiB, 88.484 KiB/s, 0sTransferred:   	        9 MiB / 9 MiB, 100%, 248.829 KiB/s, ETA 0s
Checks:                 0 / 0, -, Listed 3
Transferred:            0 / 3, 0%
Elapsed time:        30.0s
Transferring:
 *                                    link-1.bin:100% / 3 MiB, 82.938 KiB/s, 0s
 *                                    link-2.bin:100% / 3 MiB, 82.956 KiB/s, 0s
 *                                    link-3.bin:100% / 3 MiB, 82.954 KiB/s, 0sTransferred:   	        9 MiB / 18 MiB, 50%, 233.277 KiB/s, ETA 39s
Checks:                 0 / 0, -, Listed 3
Transferred:            0 / 3, 0%
Elapsed time:        31.0s
Transferring:
 *                                    link-1.bin:  0% / 3 MiB, 0 B/s, -
 *                                    link-2.bin:  0% / 3 MiB, 0 B/s, -
 *                                    link-3.bin:  0% / 3 MiB, 0 B/s, -Transferred:   	        9 MiB / 18 MiB, 50%, 218.697 KiB/s, ETA 42s
Checks:                 0 / 0, -, Listed 3
Transferred:            0 / 3, 0%
Elapsed time:        32.0s
Transferring:
 *                                    link-1.bin:  0% / 3 MiB, 0 B/s, -
 *                                    link-2.bin:  0% / 3 MiB, 0 B/s, -
 *                                    link-3.bin:  0% / 3 MiB, 0 B/s, -Transferred:   	        9 MiB / 18 MiB, 50%, 205.029 KiB/s, ETA 44s
Checks:                 0 / 0, -, Listed 3
Transferred:            0 / 3, 0%
Elapsed time:        33.0s
Transferring:
 *                                    link-1.bin:  0% / 3 MiB, 0 B/s, -
 *                                    link-2.bin:  0% / 3 MiB, 0 B/s, -
 *                                    link-3.bin:  0% / 3 MiB, 0 B/s, -Transferred:   	        9 MiB / 18 MiB, 50%, 192.215 KiB/s, ETA 47s
Checks:                 0 / 0, -, Listed 3
Transferred:            0 / 3, 0%
Elapsed time:        34.0s
Transferring:
 *                                    link-1.bin:  0% / 3 MiB, 0 B/s, -
 *                                    link-2.bin:  0% / 3 MiB, 0 B/s, -
 *                                    link-3.bin:  0% / 3 MiB, 0 B/s, -Transferred:   	        9 MiB / 18 MiB, 50%, 180.201 KiB/s, ETA 51s
Checks:                 0 / 0, -, Listed 3
Transferred:            0 / 3, 0%
Elapsed time:        35.0s
Transferring:
 *                                    link-1.bin:  0% / 3 MiB, 0 B/s, -
 *                                    link-2.bin:  0% / 3 MiB, 0 B/s, -
 *                                    link-3.bin:  0% / 3 MiB, 0 B/s, -Transferred:   	        9 MiB / 18 MiB, 50%, 168.938 KiB/s, ETA 54s
Checks:                 0 / 0, -, Listed 3
Transferred:            0 / 3, 0%
Elapsed time:        36.0s
Transferring:
 *                                    link-1.bin:  0% / 3 MiB, 0 B/s, -
 *                                    link-2.bin:  0% / 3 MiB, 0 B/s, -
 *                                    link-3.bin:  0% / 3 MiB, 0 B/s, -Transferred:   	        9 MiB / 18 MiB, 50%, 158.380 KiB/s, ETA 58s
Checks:                 0 / 0, -, Listed 3
Transferred:            0 / 3, 0%
Elapsed time:        37.0s
Transferring:
 *                                    link-1.bin:  0% / 3 MiB, 0 B/s, -
 *                                    link-2.bin:  0% / 3 MiB, 0 B/s, -
 *                                    link-3.bin:  0% / 3 MiB, 0 B/s, -Transferred:   	        9 MiB / 18 MiB, 50%, 148.481 KiB/s, ETA 1m2s
Checks:                 0 / 0, -, Listed 3
Transferred:            0 / 3, 0%
Elapsed time:        38.0s
Transferring:
 *                                    link-1.bin:  0% / 3 MiB, 0 B/s, -
 *                                    link-2.bin:  0% / 3 MiB, 0 B/s, -
 *                                    link-3.bin:  0% / 3 MiB, 0 B/s, -Transferred:   	        9 MiB / 18 MiB, 50%, 139.201 KiB/s, ETA 1m6s
Checks:                 0 / 0, -, Listed 3
Transferred:            0 / 3, 0%
Elapsed time:        39.0s
Transferring:
 *                                    link-1.bin:  0% / 3 MiB, 0 B/s, -
 *                                    link-2.bin:  0% / 3 MiB, 0 B/s, -
 *                                    link-3.bin:  0% / 3 MiB, 0 B/s, -Transferred:   	        9 MiB / 18 MiB, 50%, 130.501 KiB/s, ETA 1m10s
Checks:                 0 / 0, -, Listed 3
Transferred:            0 / 3, 0%
Elapsed time:        40.0s
Transferring:
 *                                    link-1.bin:  0% / 3 MiB, 0 B/s, -
 *                                    link-2.bin:  0% / 3 MiB, 0 B/s, -
 *                                    link-3.bin:  0% / 3 MiB, 0 B/s, -Transferred:   	        9 MiB / 18 MiB, 50%, 122.345 KiB/s, ETA 1m15s
Checks:                 0 / 0, -, Listed 3
Transferred:            0 / 3, 0%
Elapsed time:        41.0s
Transferring:
 *                                    link-1.bin:  0% / 3 MiB, 0 B/s, -
 *                                    link-2.bin:  0% / 3 MiB, 0 B/s, -
 *                                    link-3.bin:  0% / 3 MiB, 0 B/s, -Transferred:   	        9 MiB / 18 MiB, 50%, 114.698 KiB/s, ETA 1m20s
Checks:                 0 / 0, -, Listed 3
Transferred:            0 / 3, 0%
Elapsed time:        42.0s
Transferring:
 *                                    link-1.bin:  0% / 3 MiB, 0 B/s, -
 *                                    link-2.bin:  0% / 3 MiB, 0 B/s, -
 *                                    link-3.bin:  0% / 3 MiB, 0 B/s, -Transferred:   	        9 MiB / 18 MiB, 50%, 107.529 KiB/s, ETA 1m25s
Checks:                 0 / 0, -, Listed 3
Transferred:            0 / 3, 0%
Elapsed time:        43.0s
Transferring:
 *                                    link-1.bin:  0% / 3 MiB, 0 B/s, -
 *                                    link-2.bin:  0% / 3 MiB, 0 B/s, -
 *                                    link-3.bin:  0% / 3 MiB, 0 B/s, -Transferred:   	       12 MiB / 18 MiB, 67%, 100.809 KiB/s, ETA 1m
Checks:                 0 / 0, -, Listed 3
Transferred:            1 / 3, 33%
Elapsed time:        44.0s
Transferring:
 *                                    link-2.bin:  0% / 3 MiB, 0 B/s, -
 *                                    link-3.bin:  0% / 3 MiB, 0 B/s, -Transferred:   	       12 MiB / 18 MiB, 67%, 286.508 KiB/s, ETA 21s
Checks:                 0 / 0, -, Listed 3
Transferred:            1 / 3, 33%
Elapsed time:        45.0s
Transferring:
 *                                    link-2.bin:  0% / 3 MiB, 0 B/s, -
 *                                    link-3.bin:  0% / 3 MiB, 0 B/s, -Transferred:   	       12 MiB / 18 MiB, 67%, 268.602 KiB/s, ETA 22s
Checks:                 0 / 0, -, Listed 3
Transferred:            1 / 3, 33%
Elapsed time:        46.0s
Transferring:
 *                                    link-2.bin:  0% / 3 MiB, 0 B/s, -
 *                                    link-3.bin:  0% / 3 MiB, 0 B/s, -Transferred:   	       15 MiB / 18 MiB, 83%, 251.813 KiB/s, ETA 12s
Checks:                 0 / 0, -, Listed 3
Transferred:            1 / 3, 33%
Elapsed time:        47.0s
Transferring:
 *                                    link-2.bin:  0% / 3 MiB, 0 B/s, -
 *                                    link-3.bin:100% / 3 MiB, 0 B/s, -Transferred:   	       15 MiB / 18 MiB, 83%, 428.075 KiB/s, ETA 7s
Checks:                 0 / 0, -, Listed 3
Transferred:            1 / 3, 33%
Elapsed time:        48.0s
Transferring:
 *                                    link-2.bin:  0% / 3 MiB, 0 B/s, -
 *                                    link-3.bin:100% / 3 MiB, 191.999 KiB/s, 0sTransferred:   	       15 MiB / 18 MiB, 83%, 401.320 KiB/s, ETA 7s
Checks:                 0 / 0, -, Listed 3
Transferred:            1 / 3, 33%
Elapsed time:        49.0s
Transferring:
 *                                    link-2.bin:  0% / 3 MiB, 0 B/s, -
 *                                    link-3.bin:100% / 3 MiB, 179.999 KiB/s, 0sTransferred:   	       15 MiB / 18 MiB, 83%, 376.238 KiB/s, ETA 8s
Checks:                 0 / 0, -, Listed 3
Transferred:            1 / 3, 33%
Elapsed time:        50.0s
Transferring:
 *                                    link-2.bin:  0% / 3 MiB, 0 B/s, -
 *                                    link-3.bin:100% / 3 MiB, 168.749 KiB/s, 0sTransferred:   	       15 MiB / 18 MiB, 83%, 352.723 KiB/s, ETA 8s
Checks:                 0 / 0, -, Listed 3
Transferred:            1 / 3, 33%
Elapsed time:        51.0s
Transferring:
 *                                    link-2.bin:  0% / 3 MiB, 0 B/s, -
 *                                    link-3.bin:100% / 3 MiB, 158.202 KiB/s, 0sTransferred:   	       15 MiB / 18 MiB, 83%, 330.678 KiB/s, ETA 9s
Checks:                 0 / 0, -, Listed 3
Transferred:            1 / 3, 33%
Elapsed time:        52.0s
Transferring:
 *                                    link-2.bin:  0% / 3 MiB, 0 B/s, -
 *                                    link-3.bin:100% / 3 MiB, 148.314 KiB/s, 0sTransferred:   	       15 MiB / 18 MiB, 83%, 310.011 KiB/s, ETA 9s
Checks:                 0 / 0, -, Listed 3
Transferred:            1 / 3, 33%
Elapsed time:        53.0s
Transferring:
 *                                    link-2.bin:  0% / 3 MiB, 0 B/s, -
 *                                    link-3.bin:100% / 3 MiB, 139.045 KiB/s, 0sTransferred:   	       15 MiB / 18 MiB, 83%, 290.635 KiB/s, ETA 10s
Checks:                 0 / 0, -, Listed 3
Transferred:            1 / 3, 33%
Elapsed time:        54.0s
Transferring:
 *                                    link-2.bin:  0% / 3 MiB, 0 B/s, -
 *                                    link-3.bin:100% / 3 MiB, 130.354 KiB/s, 0sTransferred:   	       15 MiB / 18 MiB, 83%, 272.470 KiB/s, ETA 11s
Checks:                 0 / 0, -, Listed 3
Transferred:            1 / 3, 33%
Elapsed time:        55.0s
Transferring:
 *                                    link-2.bin:  0% / 3 MiB, 0 B/s, -
 *                                    link-3.bin:100% / 3 MiB, 122.208 KiB/s, 0sTransferred:   	       15 MiB / 18 MiB, 83%, 255.440 KiB/s, ETA 12s
Checks:                 0 / 0, -, Listed 3
Transferred:            1 / 3, 33%
Elapsed time:        56.0s
Transferring:
 *                                    link-2.bin:  0% / 3 MiB, 0 B/s, -
 *                                    link-3.bin:100% / 3 MiB, 114.569 KiB/s, 0sTransferred:   	       18 MiB / 18 MiB, 100%, 239.476 KiB/s, ETA 0s
Checks:                 0 / 0, -, Listed 3
Transferred:            2 / 3, 67%
Elapsed time:        57.0s
Transferring:
 *                                    link-2.bin:100% / 3 MiB, 0 B/s, -Transferred:   	       18 MiB / 18 MiB, 100%, 416.508 KiB/s, ETA 0s
Checks:                 0 / 0, -, Listed 3
Transferred:            2 / 3, 67%
Elapsed time:        58.0s
Transferring:
 *                                    link-2.bin:100% / 3 MiB, 191.999 KiB/s, 0sTransferred:   	       18 MiB / 18 MiB, 100%, 390.476 KiB/s, ETA 0s
Checks:                 0 / 0, -, Listed 3
Transferred:            2 / 3, 67%
Elapsed time:        59.0s
Transferring:
 *                                    link-2.bin:100% / 3 MiB, 179.999 KiB/s, 0sTransferred:   	       18 MiB / 18 MiB, 100%, 366.071 KiB/s, ETA 0s
Checks:                 0 / 0, -, Listed 3
Transferred:            2 / 3, 67%
Elapsed time:       1m0.0s
Transferring:
 *                                    link-2.bin:100% / 3 MiB, 168.749 KiB/s, 0sTransferred:   	       18 MiB / 18 MiB, 100%, 343.191 KiB/s, ETA 0s
Checks:                 0 / 0, -, Listed 3
Transferred:            2 / 3, 67%
Elapsed time:       1m1.0s
Transferring:
 *                                    link-2.bin:100% / 3 MiB, 158.202 KiB/s, 0sTransferred:   	       18 MiB / 18 MiB, 100%, 321.742 KiB/s, ETA 0s
Checks:                 0 / 0, -, Listed 3
Transferred:            2 / 3, 67%
Elapsed time:       1m2.0s
Transferring:
 *                                    link-2.bin:100% / 3 MiB, 148.314 KiB/s, 0sTransferred:   	       18 MiB / 18 MiB, 100%, 301.634 KiB/s, ETA 0s
Checks:                 0 / 0, -, Listed 3
Transferred:            2 / 3, 67%
Elapsed time:       1m3.0s
Transferring:
 *                                    link-2.bin:100% / 3 MiB, 139.045 KiB/s, 0sTransferred:   	       18 MiB / 18 MiB, 100%, 282.781 KiB/s, ETA 0s
Checks:                 0 / 0, -, Listed 3
Transferred:            2 / 3, 67%
Elapsed time:       1m4.0s
Transferring:
 *                                    link-2.bin:100% / 3 MiB, 130.354 KiB/s, 0sTransferred:   	       18 MiB / 18 MiB, 100%, 265.107 KiB/s, ETA 0s
Checks:                 0 / 0, -, Listed 3
Transferred:            2 / 3, 67%
Elapsed time:       1m5.0s
Transferring:
 *                                    link-2.bin:100% / 3 MiB, 122.208 KiB/s, 0sTransferred:   	       18 MiB / 18 MiB, 100%, 248.538 KiB/s, ETA 0s
Checks:                 0 / 0, -, Listed 3
Transferred:            2 / 3, 67%
Elapsed time:       1m6.0s
Transferring:
 *                                    link-2.bin:100% / 3 MiB, 114.569 KiB/s, 0sTransferred:   	       18 MiB / 18 MiB, 100%, 233.005 KiB/s, ETA 0s
Checks:                 0 / 0, -, Listed 3
Transferred:            2 / 3, 67%
Elapsed time:       1m7.0s
Transferring:
 *                                    link-2.bin:100% / 3 MiB, 107.409 KiB/s, 0sTransferred:   	       18 MiB / 18 MiB, 100%, 218.441 KiB/s, ETA 0s
Checks:                 0 / 0, -, Listed 3
Transferred:            2 / 3, 67%
Elapsed time:       1m8.0s
Transferring:
 *                                    link-2.bin:100% / 3 MiB, 100.696 KiB/s, 0sTransferred:   	       18 MiB / 18 MiB, 100%, 204.789 KiB/s, ETA 0s
Checks:                 0 / 0, -, Listed 3
Transferred:            2 / 3, 67%
Elapsed time:       1m9.0s
Transferring:
 *                                    link-2.bin:100% / 3 MiB, 94.402 KiB/s, 0sTransferred:   	       18 MiB / 18 MiB, 100%, 191.989 KiB/s, ETA 0s
Checks:                 0 / 0, -, Listed 3
Transferred:            2 / 3, 67%
Elapsed time:      1m10.0s
Transferring:
 *                                    link-2.bin:100% / 3 MiB, 88.502 KiB/s, 0sTransferred:   	       18 MiB / 18 MiB, 100%, 179.990 KiB/s, ETA 0s
Checks:                 0 / 0, -, Listed 3
Transferred:            2 / 3, 67%
Elapsed time:      1m11.0s
Transferring:
 *                                    link-2.bin:100% / 3 MiB, 82.971 KiB/s, 0sTransferred:   	       18 MiB / 18 MiB, 100%, 168.741 KiB/s, ETA 0s
Checks:                 0 / 0, -, Listed 3
Transferred:            3 / 3, 100%
Elapsed time:      1m11.7s
Backed up vectrex.
/tmp/qa-link-LINK3/rc
0 237.36
/tmp/qa-link-LINK3/rerun.out
>>> unit vectrex|1|1
Backing up vectrex to the cloud...
Transferred:   	          0 B / 0 B, -, 0 B/s, ETA -
Checks:                 3 / 3, 100%, Listed 6
Elapsed time:         0.0s
Backed up vectrex.
/tmp/qa-link-LINK4/out
>>> unit vectrex|1|1
Restoring vectrex from the cloud...
Transferred:   	    2.988 MiB / 9 MiB, 33%, 0 B/s, ETA -
Checks:                 0 / 0, -, Listed 3
Transferred:            0 / 3, 0%
Elapsed time:         1.0s
Transferring:
 *                                    link-1.bin: 66% / 3 MiB, 0 B/s, -
 *                                    link-2.bin: 16% / 3 MiB, 0 B/s, -
 *                                    link-3.bin: 16% / 3 MiB, 0 B/s, -Transferred:   	    2.988 MiB / 9 MiB, 33%, 2.988 MiB/s, ETA 2s
Checks:                 0 / 0, -, Listed 3
Transferred:            0 / 3, 0%
Elapsed time:         2.0s
Transferring:
 *                                    link-1.bin: 66% / 3 MiB, 1.996 MiB/s, 0s
 *                                    link-2.bin: 16% / 3 MiB, 507.916 KiB/s, 5s
 *                                    link-3.bin: 16% / 3 MiB, 507.946 KiB/s, 5sTransferred:   	    2.988 MiB / 9 MiB, 33%, 1.494 MiB/s, ETA 4s
Checks:                 0 / 0, -, Listed 3
Transferred:            0 / 3, 0%
Elapsed time:         3.0s
Transferring:
 *                                    link-1.bin: 66% / 3 MiB, 1021.946 KiB/s, 1
 *                                    link-2.bin: 16% / 3 MiB, 253.958 KiB/s, 10
 *                                    link-3.bin: 16% / 3 MiB, 253.973 KiB/s, 10Transferred:   	    2.988 MiB / 9 MiB, 33%, 1019.981 KiB/s, ETA 6s
Checks:                 0 / 0, -, Listed 3
Transferred:            0 / 3, 0%
Elapsed time:         4.0s
Transferring:
 *                                    link-1.bin: 66% / 3 MiB, 681.298 KiB/s, 1s
 *                                    link-2.bin: 16% / 3 MiB, 169.305 KiB/s, 15
 *                                    link-3.bin: 16% / 3 MiB, 169.315 KiB/s, 15Transferred:   	    2.988 MiB / 9 MiB, 33%, 764.985 KiB/s, ETA 8s
Checks:                 0 / 0, -, Listed 3
Transferred:            0 / 3, 0%
Elapsed time:         5.0s
Transferring:
 *                                    link-1.bin: 66% / 3 MiB, 510.973 KiB/s, 2s
 *                                    link-2.bin: 16% / 3 MiB, 126.979 KiB/s, 20
 *                                    link-3.bin: 16% / 3 MiB, 126.986 KiB/s, 20Transferred:   	    2.988 MiB / 9 MiB, 33%, 611.988 KiB/s, ETA 10s
Checks:                 0 / 0, -, Listed 3
Transferred:            0 / 3, 0%
Elapsed time:         6.0s
Transferring:
 *                                    link-1.bin: 66% / 3 MiB, 408.778 KiB/s, 2s
 *                                    link-2.bin: 16% / 3 MiB, 101.583 KiB/s, 25
 *                                    link-3.bin: 16% / 3 MiB, 101.589 KiB/s, 25Transferred:   	    2.988 MiB / 9 MiB, 33%, 509.990 KiB/s, ETA 12s
Checks:                 0 / 0, -, Listed 3
Transferred:            0 / 3, 0%
Elapsed time:         7.0s
Transferring:
 *                                    link-1.bin: 66% / 3 MiB, 340.648 KiB/s, 3s
 *                                    link-2.bin: 16% / 3 MiB, 84.652 KiB/s, 30s
 *                                    link-3.bin: 16% / 3 MiB, 84.657 KiB/s, 30sTransferred:   	    2.988 MiB / 9 MiB, 33%, 437.135 KiB/s, ETA 14s
Checks:                 0 / 0, -, Listed 3
Transferred:            0 / 3, 0%
Elapsed time:         8.0s
Transferring:
 *                                    link-1.bin: 66% / 3 MiB, 291.984 KiB/s, 3s
 *                                    link-2.bin: 16% / 3 MiB, 72.559 KiB/s, 35s
 *                                    link-3.bin: 16% / 3 MiB, 72.563 KiB/s, 35sTransferred:   	    2.988 MiB / 9 MiB, 33%, 382.492 KiB/s, ETA 16s
Checks:                 0 / 0, -, Listed 3
Transferred:            0 / 3, 0%
Elapsed time:         9.0s
Transferring:
 *                                    link-1.bin: 66% / 3 MiB, 255.486 KiB/s, 4s
 *                                    link-2.bin: 16% / 3 MiB, 63.489 KiB/s, 40s
 *                                    link-3.bin: 16% / 3 MiB, 63.493 KiB/s, 40sTransferred:   	    2.988 MiB / 9 MiB, 33%, 339.993 KiB/s, ETA 18s
Checks:                 0 / 0, -, Listed 3
Transferred:            0 / 3, 0%
Elapsed time:        10.0s
Transferring:
 *                                    link-1.bin: 66% / 3 MiB, 227.099 KiB/s, 4s
 *                                    link-2.bin: 16% / 3 MiB, 56.435 KiB/s, 45s
 *                                    link-3.bin: 16% / 3 MiB, 56.438 KiB/s, 45sTransferred:   	    2.988 MiB / 9 MiB, 33%, 305.994 KiB/s, ETA 20s
Checks:                 0 / 0, -, Listed 3
Transferred:            0 / 3, 0%
Elapsed time:        11.0s
Transferring:
 *                                    link-1.bin: 66% / 3 MiB, 204.389 KiB/s, 5s
 *                                    link-2.bin: 16% / 3 MiB, 50.791 KiB/s, 50s
 *                                    link-3.bin: 16% / 3 MiB, 50.794 KiB/s, 50sTransferred:   	    2.988 MiB / 9 MiB, 33%, 278.177 KiB/s, ETA 22s
Checks:                 0 / 0, -, Listed 3
Transferred:            0 / 3, 0%
Elapsed time:        12.0s
Transferring:
 *                                    link-1.bin: 66% / 3 MiB, 185.808 KiB/s, 5s
 *                                    link-2.bin: 16% / 3 MiB, 46.174 KiB/s, 55s
 *                                    link-3.bin: 16% / 3 MiB, 46.177 KiB/s, 55sTransferred:   	    2.988 MiB / 9 MiB, 33%, 254.995 KiB/s, ETA 24s
Checks:                 0 / 0, -, Listed 3
Transferred:            0 / 3, 0%
Elapsed time:        13.0s
Transferring:
 *                                    link-1.bin: 66% / 3 MiB, 170.324 KiB/s, 6s
 *                                    link-2.bin: 16% / 3 MiB, 42.326 KiB/s, 1m0
 *                                    link-3.bin: 16% / 3 MiB, 42.328 KiB/s, 1m0Transferred:   	    2.988 MiB / 9 MiB, 33%, 235.380 KiB/s, ETA 26s
Checks:                 0 / 0, -, Listed 3
Transferred:            0 / 3, 0%
Elapsed time:        14.0s
Transferring:
 *                                    link-1.bin: 66% / 3 MiB, 157.222 KiB/s, 6s
 *                                    link-2.bin: 16% / 3 MiB, 39.070 KiB/s, 1m5
 *                                    link-3.bin: 16% / 3 MiB, 39.072 KiB/s, 1m5Transferred:   	    2.988 MiB / 9 MiB, 33%, 218.567 KiB/s, ETA 28s
Checks:                 0 / 0, -, Listed 3
Transferred:            0 / 3, 0%
Elapsed time:        15.0s
Transferring:
 *                                    link-1.bin: 66% / 3 MiB, 145.992 KiB/s, 7s
 *                                    link-2.bin: 16% / 3 MiB, 36.279 KiB/s, 1m1
 *                                    link-3.bin: 16% / 3 MiB, 36.281 KiB/s, 1m1Transferred:   	    2.988 MiB / 9 MiB, 33%, 203.996 KiB/s, ETA 30s
Checks:                 0 / 0, -, Listed 3
Transferred:            0 / 3, 0%
Elapsed time:        16.0s
Transferring:
 *                                    link-1.bin: 66% / 3 MiB, 136.259 KiB/s, 7s
 *                                    link-2.bin: 16% / 3 MiB, 33.860 KiB/s, 1m1
 *                                    link-3.bin: 16% / 3 MiB, 33.862 KiB/s, 1m1Transferred:   	    2.988 MiB / 9 MiB, 33%, 191.246 KiB/s, ETA 32s
Checks:                 0 / 0, -, Listed 3
Transferred:            0 / 3, 0%
Elapsed time:        17.0s
Transferring:
 *                                    link-1.bin: 66% / 3 MiB, 127.743 KiB/s, 8s
 *                                    link-2.bin: 16% / 3 MiB, 31.744 KiB/s, 1m2
 *                                    link-3.bin: 16% / 3 MiB, 31.746 KiB/s, 1m2Transferred:   	    2.988 MiB / 9 MiB, 33%, 179.293 KiB/s, ETA 34s
Checks:                 0 / 0, -, Listed 3
Transferred:            0 / 3, 0%
Elapsed time:        18.0s
Transferring:
 *                                    link-1.bin: 66% / 3 MiB, 119.759 KiB/s, 8s
 *                                    link-2.bin: 16% / 3 MiB, 29.761 KiB/s, 1m2
 *                                    link-3.bin: 16% / 3 MiB, 29.762 KiB/s, 1m2Transferred:   	    2.988 MiB / 9 MiB, 33%, 168.087 KiB/s, ETA 36s
Checks:                 0 / 0, -, Listed 3
Transferred:            0 / 3, 0%
Elapsed time:        19.0s
Transferring:
 *                                    link-1.bin: 66% / 3 MiB, 112.274 KiB/s, 9s
 *                                    link-2.bin: 16% / 3 MiB, 27.900 KiB/s, 1m3
 *                                    link-3.bin: 16% / 3 MiB, 27.901 KiB/s, 1m3Transferred:   	    2.988 MiB / 9 MiB, 33%, 157.582 KiB/s, ETA 39s
Checks:                 0 / 0, -, Listed 3
Transferred:            0 / 3, 0%
Elapsed time:        20.0s
Transferring:
 *                                    link-1.bin: 66% / 3 MiB, 105.257 KiB/s, 9s
 *                                    link-2.bin: 16% / 3 MiB, 26.156 KiB/s, 1m3
 *                                    link-3.bin: 16% / 3 MiB, 26.158 KiB/s, 1m3Transferred:   	    2.988 MiB / 9 MiB, 33%, 147.733 KiB/s, ETA 41s
Checks:                 0 / 0, -, Listed 3
Transferred:            0 / 3, 0%
Elapsed time:        21.0s
Transferring:
 *                                    link-1.bin: 66% / 3 MiB, 98.679 KiB/s, 10s
 *                                    link-2.bin: 16% / 3 MiB, 24.521 KiB/s, 1m4
 *                                    link-3.bin: 16% / 3 MiB, 24.523 KiB/s, 1m4Transferred:   	    2.988 MiB / 9 MiB, 33%, 138.500 KiB/s, ETA 44s
Checks:                 0 / 0, -, Listed 3
Transferred:            0 / 3, 0%
Elapsed time:        22.0s
Transferring:
 *                                    link-1.bin: 66% / 3 MiB, 92.511 KiB/s, 11s
 *                                    link-2.bin: 16% / 3 MiB, 22.989 KiB/s, 1m5
 *                                    link-3.bin: 16% / 3 MiB, 22.990 KiB/s, 1m5Transferred:   	    2.988 MiB / 9 MiB, 33%, 129.844 KiB/s, ETA 47s
Checks:                 0 / 0, -, Listed 3
Transferred:            0 / 3, 0%
Elapsed time:        23.0s
Transferring:
 *                                    link-1.bin: 66% / 3 MiB, 86.729 KiB/s, 11s
 *                                    link-2.bin: 16% / 3 MiB, 21.552 KiB/s, 1m5
 *                                    link-3.bin: 16% / 3 MiB, 21.554 KiB/s, 1m5Transferred:   	    2.988 MiB / 9 MiB, 33%, 121.729 KiB/s, ETA 50s
Checks:                 0 / 0, -, Listed 3
Transferred:            0 / 3, 0%
Elapsed time:        24.0s
Transferring:
 *                                    link-1.bin: 66% / 3 MiB, 81.309 KiB/s, 12s
 *                                    link-2.bin: 16% / 3 MiB, 20.205 KiB/s, 2m6
 *                                    link-3.bin: 16% / 3 MiB, 20.206 KiB/s, 2m6Transferred:   	    2.988 MiB / 9 MiB, 33%, 114.120 KiB/s, ETA 53s
Checks:                 0 / 0, -, Listed 3
Transferred:            0 / 3, 0%
Elapsed time:        25.0s
Transferring:
 *                                    link-1.bin: 66% / 3 MiB, 76.227 KiB/s, 13s
 *                                    link-2.bin: 16% / 3 MiB, 18.942 KiB/s, 2m1
 *                                    link-3.bin: 16% / 3 MiB, 18.943 KiB/s, 2m1Transferred:   	    2.988 MiB / 9 MiB, 33%, 106.987 KiB/s, ETA 57s
Checks:                 0 / 0, -, Listed 3
Transferred:            0 / 3, 0%
Elapsed time:        26.0s
Transferring:
 *                                    link-1.bin: 66% / 3 MiB, 71.462 KiB/s, 14s
 *                                    link-2.bin: 16% / 3 MiB, 17.759 KiB/s, 2m2
 *                                    link-3.bin: 16% / 3 MiB, 17.760 KiB/s, 2m2Transferred:   	    2.988 MiB / 9 MiB, 33%, 100.301 KiB/s, ETA 1m1s
Checks:                 0 / 0, -, Listed 3
Transferred:            0 / 3, 0%
Elapsed time:        27.0s
Transferring:
 *                                    link-1.bin: 66% / 3 MiB, 66.996 KiB/s, 15s
 *                                    link-2.bin: 16% / 3 MiB, 16.648 KiB/s, 2m3
 *                                    link-3.bin: 16% / 3 MiB, 16.649 KiB/s, 2m3Transferred:   	    2.988 MiB / 9 MiB, 33%, 94.032 KiB/s, ETA 1m5s
Checks:                 0 / 0, -, Listed 3
Transferred:            0 / 3, 0%
Elapsed time:        28.0s
Transferring:
 *                                    link-1.bin: 66% / 3 MiB, 62.809 KiB/s, 16s
 *                                    link-2.bin: 16% / 3 MiB, 15.607 KiB/s, 2m4
 *                                    link-3.bin: 16% / 3 MiB, 15.608 KiB/s, 2m4Transferred:   	    2.988 MiB / 9 MiB, 33%, 88.155 KiB/s, ETA 1m9s
Checks:                 0 / 0, -, Listed 3
Transferred:            0 / 3, 0%
Elapsed time:        29.0s
Transferring:
 *                                    link-1.bin: 66% / 3 MiB, 58.883 KiB/s, 17s
 *                                    link-2.bin: 16% / 3 MiB, 14.633 KiB/s, 2m5
 *                                    link-3.bin: 16% / 3 MiB, 14.633 KiB/s, 2m5Transferred:   	    2.988 MiB / 9 MiB, 33%, 82.646 KiB/s, ETA 1m14s
Checks:                 0 / 0, -, Listed 3
Transferred:            0 / 3, 0%
Elapsed time:        30.0s
Transferring:
 *                                    link-1.bin: 66% / 3 MiB, 55.203 KiB/s, 18s
 *                                    link-2.bin: 16% / 3 MiB, 13.718 KiB/s, 3m6
 *                                    link-3.bin: 16% / 3 MiB, 13.719 KiB/s, 3m6Transferred:   	    2.988 MiB / 9 MiB, 33%, 77.479 KiB/s, ETA 1m19s
Checks:                 0 / 0, -, Listed 3
Transferred:            0 / 3, 0%
Elapsed time:        31.0s
Transferring:
 *                                    link-1.bin: 66% / 3 MiB, 51.753 KiB/s, 19s
 *                                    link-2.bin: 16% / 3 MiB, 12.860 KiB/s, 3m1
 *                                    link-3.bin: 16% / 3 MiB, 12.861 KiB/s, 3m1Transferred:   	    2.988 MiB / 9 MiB, 33%, 72.638 KiB/s, ETA 1m24s
Checks:                 0 / 0, -, Listed 3
Transferred:            0 / 3, 0%
Elapsed time:        32.0s
Transferring:
 *                                    link-1.bin: 66% / 3 MiB, 48.518 KiB/s, 21s
 *                                    link-2.bin: 16% / 3 MiB, 12.057 KiB/s, 3m3
 *                                    link-3.bin: 16% / 3 MiB, 12.058 KiB/s, 3m3Transferred:   	    2.988 MiB / 9 MiB, 33%, 68.098 KiB/s, ETA 1m30s
Checks:                 0 / 0, -, Listed 3
Transferred:            0 / 3, 0%
Elapsed time:        33.0s
Transferring:
 *                                    link-1.bin: 66% / 3 MiB, 45.485 KiB/s, 22s
 *                                    link-2.bin: 16% / 3 MiB, 11.303 KiB/s, 3m4
 *                                    link-3.bin: 16% / 3 MiB, 11.304 KiB/s, 3m4Transferred:   	    2.988 MiB / 9 MiB, 33%, 63.842 KiB/s, ETA 1m36s
Checks:                 0 / 0, -, Listed 3
Transferred:            0 / 3, 0%
Elapsed time:        34.0s
Transferring:
 *                                    link-1.bin: 66% / 3 MiB, 42.643 KiB/s, 24s
 *                                    link-2.bin: 16% / 3 MiB, 10.597 KiB/s, 4m1
 *                                    link-3.bin: 16% / 3 MiB, 10.597 KiB/s, 4m1Transferred:   	    2.988 MiB / 9 MiB, 33%, 59.852 KiB/s, ETA 1m42s
Checks:                 0 / 0, -, Listed 3
Transferred:            0 / 3, 0%
Elapsed time:        35.0s
Transferring:
 *                                    link-1.bin: 66% / 3 MiB, 39.978 KiB/s, 25s
 *                                    link-2.bin: 16% / 3 MiB, 9.935 KiB/s, 4m18
 *                                    link-3.bin: 16% / 3 MiB, 9.935 KiB/s, 4m18Transferred:   	    2.988 MiB / 9 MiB, 33%, 56.110 KiB/s, ETA 1m49s
Checks:                 0 / 0, -, Listed 3
Transferred:            0 / 3, 0%
Elapsed time:        36.0s
Transferring:
 *                                    link-1.bin: 66% / 3 MiB, 37.479 KiB/s, 27s
 *                                    link-2.bin: 16% / 3 MiB, 9.313 KiB/s, 4m35
 *                                    link-3.bin: 16% / 3 MiB, 9.313 KiB/s, 4m35Transferred:   	    2.988 MiB / 9 MiB, 33%, 52.604 KiB/s, ETA 1m57s
Checks:                 0 / 0, -, Listed 3
Transferred:            0 / 3, 0%
Elapsed time:        37.0s
Transferring:
 *                                    link-1.bin: 66% / 3 MiB, 35.137 KiB/s, 29s
 *                                    link-2.bin: 16% / 3 MiB, 8.731 KiB/s, 4m53
 *                                    link-3.bin: 16% / 3 MiB, 8.731 KiB/s, 4m53Transferred:   	    2.988 MiB / 9 MiB, 33%, 49.315 KiB/s, ETA 2m4s
Checks:                 0 / 0, -, Listed 3
Transferred:            0 / 3, 0%
Elapsed time:        38.0s
Transferring:
 *                                    link-1.bin: 66% / 3 MiB, 32.940 KiB/s, 31s
 *                                    link-2.bin: 16% / 3 MiB, 8.186 KiB/s, 5m13
 *                                    link-3.bin: 16% / 3 MiB, 8.186 KiB/s, 5m13Transferred:   	    2.988 MiB / 9 MiB, 33%, 46.233 KiB/s, ETA 2m13s
Checks:                 0 / 0, -, Listed 3
Transferred:            0 / 3, 0%
Elapsed time:        39.0s
Transferring:
 *                                    link-1.bin: 66% / 3 MiB, 30.882 KiB/s, 33s
 *                                    link-2.bin: 16% / 3 MiB, 7.674 KiB/s, 5m34
 *                                    link-3.bin: 16% / 3 MiB, 7.674 KiB/s, 5m34Transferred:   	    2.988 MiB / 9 MiB, 33%, 43.344 KiB/s, ETA 2m22s
Checks:                 0 / 0, -, Listed 3
Transferred:            0 / 3, 0%
Elapsed time:        40.0s
Transferring:
 *                                    link-1.bin: 66% / 3 MiB, 28.951 KiB/s, 35s
 *                                    link-2.bin: 16% / 3 MiB, 7.194 KiB/s, 5m56
 *                                    link-3.bin: 16% / 3 MiB, 7.194 KiB/s, 5m56Transferred:   	    2.988 MiB / 9 MiB, 33%, 40.635 KiB/s, ETA 2m31s
Checks:                 0 / 0, -, Listed 3
Transferred:            0 / 3, 0%
Elapsed time:        41.0s
Transferring:
 *                                    link-1.bin: 66% / 3 MiB, 27.142 KiB/s, 37s
 *                                    link-2.bin: 16% / 3 MiB, 6.744 KiB/s, 6m20
 *                                    link-3.bin: 16% / 3 MiB, 6.745 KiB/s, 6m20Transferred:   	    2.988 MiB / 9 MiB, 33%, 38.095 KiB/s, ETA 2m41s
Checks:                 0 / 0, -, Listed 3
Transferred:            0 / 3, 0%
Elapsed time:        42.0s
Transferring:
 *                                    link-1.bin: 66% / 3 MiB, 25.445 KiB/s, 40s
 *                                    link-2.bin: 16% / 3 MiB, 6.323 KiB/s, 6m45
 *                                    link-3.bin: 16% / 3 MiB, 6.323 KiB/s, 6m45Transferred:   	    5.492 MiB / 9 MiB, 61%, 35.714 KiB/s, ETA 1m40s
Checks:                 0 / 0, -, Listed 3
Transferred:            1 / 3, 33%
Elapsed time:        43.0s
Transferring:
 *                                    link-1.bin: 66% / 3 MiB, 23.855 KiB/s, 43s
 *                                    link-3.bin: 16% / 3 MiB, 5.928 KiB/s, 7m12Transferred:   	    5.492 MiB / 9 MiB, 61%, 193.732 KiB/s, ETA 18s
Checks:                 0 / 0, -, Listed 3
Transferred:            1 / 3, 33%
Elapsed time:        44.0s
Transferring:
 *                                    link-1.bin: 66% / 3 MiB, 22.364 KiB/s, 45s
 *                                    link-3.bin: 16% / 3 MiB, 5.558 KiB/s, 7m41Transferred:   	    5.492 MiB / 9 MiB, 61%, 181.624 KiB/s, ETA 19s
Checks:                 0 / 0, -, Listed 3
Transferred:            1 / 3, 33%
Elapsed time:        45.0s
Transferring:
 *                                    link-1.bin: 66% / 3 MiB, 20.967 KiB/s, 49s
 *                                    link-3.bin: 16% / 3 MiB, 5.210 KiB/s, 8m12Transferred:   	    5.492 MiB / 9 MiB, 61%, 170.272 KiB/s, ETA 21s
Checks:                 0 / 0, -, Listed 3
Transferred:            1 / 3, 33%
Elapsed time:        46.0s
Transferring:
 *                                    link-1.bin: 66% / 3 MiB, 19.656 KiB/s, 52s
 *                                    link-3.bin: 16% / 3 MiB, 4.885 KiB/s, 8m44Transferred:   	    5.492 MiB / 9 MiB, 61%, 159.630 KiB/s, ETA 22s
Checks:                 0 / 0, -, Listed 3
Transferred:            1 / 3, 33%
Elapsed time:        47.0s
Transferring:
 *                                    link-1.bin: 66% / 3 MiB, 18.428 KiB/s, 55s
 *                                    link-3.bin: 16% / 3 MiB, 4.579 KiB/s, 9m19Transferred:   	    5.492 MiB / 9 MiB, 61%, 149.653 KiB/s, ETA 24s
Checks:                 0 / 0, -, Listed 3
Transferred:            1 / 3, 33%
Elapsed time:        48.0s
Transferring:
 *                                    link-1.bin: 66% / 3 MiB, 17.275 KiB/s, 59s
 *                                    link-3.bin: 16% / 3 MiB, 4.293 KiB/s, 9m57Transferred:   	    5.492 MiB / 9 MiB, 61%, 140.300 KiB/s, ETA 25s
Checks:                 0 / 0, -, Listed 3
Transferred:            1 / 3, 33%
Elapsed time:        49.0s
Transferring:
 *                                    link-1.bin: 66% / 3 MiB, 16.196 KiB/s, 1m3
 *                                    link-3.bin: 16% / 3 MiB, 4.024 KiB/s, 10m3Transferred:   	    5.492 MiB / 9 MiB, 61%, 131.531 KiB/s, ETA 27s
Checks:                 0 / 0, -, Listed 3
Transferred:            1 / 3, 33%
Elapsed time:        50.0s
Transferring:
 *                                    link-1.bin: 66% / 3 MiB, 15.184 KiB/s, 1m7
 *                                    link-3.bin: 16% / 3 MiB, 3.773 KiB/s, 11m1Transferred:   	    5.492 MiB / 9 MiB, 61%, 123.311 KiB/s, ETA 29s
Checks:                 0 / 0, -, Listed 3
Transferred:            1 / 3, 33%
Elapsed time:        51.0s
Transferring:
 *                                    link-1.bin: 66% / 3 MiB, 14.234 KiB/s, 1m1
 *                                    link-3.bin: 16% / 3 MiB, 3.537 KiB/s, 12m4Transferred:   	    5.492 MiB / 9 MiB, 61%, 115.604 KiB/s, ETA 31s
Checks:                 0 / 0, -, Listed 3
Transferred:            1 / 3, 33%
Elapsed time:        52.0s
Transferring:
 *                                    link-1.bin: 66% / 3 MiB, 13.345 KiB/s, 1m1
 *                                    link-3.bin: 16% / 3 MiB, 3.316 KiB/s, 12m5Transferred:   	    5.492 MiB / 9 MiB, 61%, 108.378 KiB/s, ETA 33s
Checks:                 0 / 0, -, Listed 3
Transferred:            1 / 3, 33%
Elapsed time:        53.0s
Transferring:
 *                                    link-1.bin: 66% / 3 MiB, 12.511 KiB/s, 1m2
 *                                    link-3.bin: 16% / 3 MiB, 3.108 KiB/s, 13m4Transferred:   	    5.492 MiB / 9 MiB, 61%, 101.604 KiB/s, ETA 35s
Checks:                 0 / 0, -, Listed 3
Transferred:            1 / 3, 33%
Elapsed time:        54.0s
Transferring:
 *                                    link-1.bin: 66% / 3 MiB, 11.729 KiB/s, 1m2
 *                                    link-3.bin: 16% / 3 MiB, 2.914 KiB/s, 14m3Transferred:   	    7.996 MiB / 9 MiB, 89%, 95.254 KiB/s, ETA 10s
Checks:                 0 / 0, -, Listed 3
Transferred:            2 / 3, 67%
Elapsed time:        55.0s
Transferring:
 *                                    link-1.bin: 66% / 3 MiB, 10.996 KiB/s, 1m3Transferred:   	    7.996 MiB / 9 MiB, 89%, 249.551 KiB/s, ETA 4s
Checks:                 0 / 0, -, Listed 3
Transferred:            2 / 3, 67%
Elapsed time:        56.0s
Transferring:
 *                                    link-1.bin: 66% / 3 MiB, 10.309 KiB/s, 1m3Transferred:   	    7.996 MiB / 9 MiB, 89%, 233.954 KiB/s, ETA 4s
Checks:                 0 / 0, -, Listed 3
Transferred:            2 / 3, 67%
Elapsed time:        57.0s
Transferring:
 *                                    link-1.bin: 66% / 3 MiB, 9.664 KiB/s, 1m46Transferred:   	    7.996 MiB / 9 MiB, 89%, 219.332 KiB/s, ETA 4s
Checks:                 0 / 0, -, Listed 3
Transferred:            2 / 3, 67%
Elapsed time:        58.0s
Transferring:
 *                                    link-1.bin: 66% / 3 MiB, 9.061 KiB/s, 1m53Transferred:   	    7.996 MiB / 9 MiB, 89%, 205.623 KiB/s, ETA 4s
Checks:                 0 / 0, -, Listed 3
Transferred:            2 / 3, 67%
Elapsed time:        59.0s
Transferring:
 *                                    link-1.bin: 66% / 3 MiB, 8.494 KiB/s, 2m1sTransferred:   	    7.996 MiB / 9 MiB, 89%, 192.771 KiB/s, ETA 5s
Checks:                 0 / 0, -, Listed 3
Transferred:            2 / 3, 67%
Elapsed time:       1m0.0s
Transferring:
 *                                    link-1.bin: 66% / 3 MiB, 7.963 KiB/s, 2m9sTransferred:   	        9 MiB / 9 MiB, 100%, 180.724 KiB/s, ETA 0s
Checks:                 0 / 0, -, Listed 3
Transferred:            3 / 3, 100%
Elapsed time:       1m0.5s
Restored vectrex.
/tmp/qa-link-LINK4/rc
0 307.04

[2026-10-03 15:37:31] [INFO] [cloud_restore] Restoring your saves: completed.
[2026-10-03 15:37:31] [INFO] [cloud_restore] Skipped settings this time - saves only.
[2026-10-03 15:37:31] [INFO] [cloud_restore] ====================================
[2026-10-03 15:37:31] [INFO] [cloud_restore] RESTORE SUMMARY:
[2026-10-03 15:37:31] [INFO] [cloud_restore] Game saves: COMPLETED
[2026-10-03 15:37:31] [INFO] [cloud_restore] Completed.
[2026-10-03 15:37:31] [INFO] [cloud_restore] Log file: /var/log/cloud_sync.log
[2026-10-03 15:37:31] [INFO] [cloud_restore] ====================================
[2026-10-03 15:37:31] [INFO] [cloud_restore] Script completed in 39 seconds with exit code 0
[2026-10-03 15:37:35] [INFO] [cloud_backup] Controller config loaded: SOUTH=, DPAD_UP=
[2026-10-03 15:37:35] [INFO] [cloud_backup] Updating cloud sync rules and config
[2026-10-03 15:37:35] [INFO] [cloud_sync_helper] Checking cloud sync rules file...
[2026-10-03 15:37:35] [INFO] [cloud_sync_helper] Merging custom rules with defaults
[2026-10-03 15:37:35] [INFO] [cloud_sync_helper] Checking cloud sync configuration...
[2026-10-03 15:37:35] [INFO] [cloud_sync_helper] Updating configuration with new defaults
[2026-10-03 15:37:35] [INFO] [cloud_backup] Loading configuration from cloud_sync.conf
[2026-10-03 15:37:35] [INFO] [cloud_backup] Original RCLONEOPTS: --progress --log-file /var/log/cloud_sync.log --filter-from /storage/.config/cloud_sync-rules.txt
[2026-10-03 15:37:35] [INFO] [cloud_backup] After newline cleanup: --progress --log-file /var/log/cloud_sync.log --filter-from /storage/.config/cloud_sync-rules.txt 
[2026-10-03 15:37:35] [INFO] [cloud_backup] After removing verbose flags: --progress --log-file /var/log/cloud_sync.log --filter-from /storage/.config/cloud_sync-rules.txt 
[2026-10-03 15:37:35] [INFO] [cloud_backup] After spacing fix: --progress  --log-file /var/log/cloud_sync.log  --filter-from /storage/.config/cloud_sync-rules.txt 
[2026-10-03 15:37:35] [INFO] [cloud_backup] After final cleanup: --progress --log-file /var/log/cloud_sync.log --filter-from /storage/.config/cloud_sync-rules.txt 
[2026-10-03 15:37:35] [INFO] [cloud_backup] Options array has 5 elements
[2026-10-03 15:37:35] [INFO] [cloud_backup] rclone network bound: --contimeout 15s --timeout 30s --low-level-retries 10 --retries 1
[2026-10-03 15:37:35] [INFO] [cloud_backup] deliberate run: stall ceiling 36s (rclone idle timeout 30s + 6s grace)
[2026-10-03 15:37:35] [INFO] [cloud_backup] Configuration loaded successfully
[2026-10-03 15:37:35] [INFO] [cloud_backup] =>  CLOUD BACKUP\n
[2026-10-03 15:37:35] [INFO] [cloud_backup] ====================================
[2026-10-03 15:37:35] [INFO] [cloud_backup] BACKING UP YOUR GAME SAVES
[2026-10-03 15:37:35] [INFO] [cloud_backup] ====================================
[2026-10-03 15:37:35] [INFO] [cloud_backup] Starting backup from /storage/cloud-qa to qa-cloud:/rocknix-qa/Rasteratops/Saves
[2026-10-03 15:37:35] [INFO] [cloud_backup] Backup started at Sat Oct  3 15:37:35 EDT 2026
[2026-10-03 15:37:35] [INFO] [cloud_backup] Ensuring remote sync path exists: qa-cloud:/rocknix-qa/Rasteratops/Saves
[2026-10-03 15:37:35] [INFO] [cloud_backup] the remote keeps modtimes or hashes: rclone's own comparison
[2026-10-03 15:37:35] [INFO] [cloud_backup] anything replaced (or, in sync mode, removed) in the cloud goes to /rocknix-qa/Rasteratops/Saves-replaced
[2026-10-03 15:37:35] [INFO] [cloud_backup] About to execute: rclone copy --progress --log-file /var/log/cloud_sync.log --filter-from /storage/.config/cloud_sync-rules.txt --log-level INFO --stats 1s --exclude=bios/** --exclude=backup/** --backup-dir=qa-cloud:/rocknix-qa/Rasteratops/Saves-replaced/2026_10_03-153735 /storage/cloud-qa/ qa-cloud:/rocknix-qa/Rasteratops/Saves/
2026/10/03 15:37:35 INFO  : savestates/link-2.state: Copied (new)
[2026-10-03 15:38:13] [WARN] [cloud_backup] rclone copy made no progress for 36s and was ended (it returned 143); reporting 124
[2026-10-03 15:38:13] [ERROR] [cloud_backup] the network went away during the saves backup (rclone exit 124): no default route now
[2026-10-03 15:38:13] [ERROR] [cloud_backup] Couldn't finish: lost the network during the saves backup. Try again when you're online.
[2026-10-03 15:38:13] [INFO] [cloud_backup] Script completed in 38 seconds with exit code 69
[2026-10-03 15:38:21] [INFO] [cloud_backup] Controller config loaded: SOUTH=, DPAD_UP=
[2026-10-03 15:38:21] [INFO] [cloud_backup] Updating cloud sync rules and config
[2026-10-03 15:38:21] [INFO] [cloud_sync_helper] Checking cloud sync rules file...
[2026-10-03 15:38:21] [INFO] [cloud_sync_helper] Merging custom rules with defaults
[2026-10-03 15:38:21] [INFO] [cloud_sync_helper] Checking cloud sync configuration...
[2026-10-03 15:38:21] [INFO] [cloud_sync_helper] Updating configuration with new defaults
[2026-10-03 15:38:21] [INFO] [cloud_backup] Loading configuration from cloud_sync.conf
[2026-10-03 15:38:21] [INFO] [cloud_backup] Original RCLONEOPTS: --progress --log-file /var/log/cloud_sync.log --filter-from /storage/.config/cloud_sync-rules.txt
[2026-10-03 15:38:21] [INFO] [cloud_backup] After newline cleanup: --progress --log-file /var/log/cloud_sync.log --filter-from /storage/.config/cloud_sync-rules.txt 
[2026-10-03 15:38:21] [INFO] [cloud_backup] After removing verbose flags: --progress --log-file /var/log/cloud_sync.log --filter-from /storage/.config/cloud_sync-rules.txt 
[2026-10-03 15:38:21] [INFO] [cloud_backup] After spacing fix: --progress  --log-file /var/log/cloud_sync.log  --filter-from /storage/.config/cloud_sync-rules.txt 
[2026-10-03 15:38:21] [INFO] [cloud_backup] After final cleanup: --progress --log-file /var/log/cloud_sync.log --filter-from /storage/.config/cloud_sync-rules.txt 
[2026-10-03 15:38:21] [INFO] [cloud_backup] Options array has 5 elements
[2026-10-03 15:38:21] [INFO] [cloud_backup] rclone network bound: --contimeout 15s --timeout 30s --low-level-retries 10 --retries 1
[2026-10-03 15:38:21] [INFO] [cloud_backup] deliberate run: stall ceiling 36s (rclone idle timeout 30s + 6s grace)
[2026-10-03 15:38:21] [INFO] [cloud_backup] Configuration loaded successfully
[2026-10-03 15:38:21] [INFO] [cloud_backup] =>  CLOUD BACKUP\n
[2026-10-03 15:38:21] [INFO] [cloud_backup] ====================================
[2026-10-03 15:38:21] [INFO] [cloud_backup] BACKING UP YOUR GAME SAVES
[2026-10-03 15:38:21] [INFO] [cloud_backup] ====================================
[2026-10-03 15:38:21] [INFO] [cloud_backup] Starting backup from /storage/cloud-qa to qa-cloud:/rocknix-qa/Rasteratops/Saves
[2026-10-03 15:38:21] [INFO] [cloud_backup] Backup started at Sat Oct  3 15:38:21 EDT 2026
[2026-10-03 15:38:21] [INFO] [cloud_backup] Ensuring remote sync path exists: qa-cloud:/rocknix-qa/Rasteratops/Saves
[2026-10-03 15:38:22] [INFO] [cloud_backup] the remote keeps modtimes or hashes: rclone's own comparison
[2026-10-03 15:38:22] [INFO] [cloud_backup] anything replaced (or, in sync mode, removed) in the cloud goes to /rocknix-qa/Rasteratops/Saves-replaced
[2026-10-03 15:38:22] [INFO] [cloud_backup] About to execute: rclone copy --progress --log-file /var/log/cloud_sync.log --filter-from /storage/.config/cloud_sync-rules.txt --log-level INFO --stats 1s --exclude=bios/** --exclude=backup/** --backup-dir=qa-cloud:/rocknix-qa/Rasteratops/Saves-replaced/2026_10_03-153822 /storage/cloud-qa/ qa-cloud:/rocknix-qa/Rasteratops/Saves/
2026/10/03 15:38:22 INFO  : There was nothing to transfer
2026/10/03 15:38:22 INFO  : 
Transferred:   	          0 B / 0 B, -, 0 B/s, ETA -
Checks:                 3 / 3, 100%, Listed 8
Elapsed time:         0.0s

[2026-10-03 15:38:22] [INFO] [cloud_backup] Backing up your saves: completed.
[2026-10-03 15:38:22] [INFO] [cloud_backup] Removing orphaned empty directories on remote: qa-cloud:/rocknix-qa/Rasteratops/Saves
[2026-10-03 15:38:23] [INFO] [cloud_backup] Skipped settings this time - saves only.
[2026-10-03 15:38:23] [INFO] [cloud_backup] ====================================
[2026-10-03 15:38:23] [INFO] [cloud_backup] BACKUP SUMMARY:
[2026-10-03 15:38:23] [INFO] [cloud_backup] Game saves: COMPLETED
[2026-10-03 15:38:23] [INFO] [cloud_backup] Settings backup: SKIPPED - SAVES ONLY
[2026-10-03 15:38:23] [INFO] [cloud_backup] Completed.
[2026-10-03 15:38:23] [INFO] [cloud_backup] Log file: /var/log/cloud_sync.log
[2026-10-03 15:38:23] [INFO] [cloud_backup] ====================================
[2026-10-03 15:38:23] [INFO] [cloud_backup] Script completed in 2 seconds with exit code 0
[2026-10-03 15:38:27] [INFO] [cloud_content_backup] Content backup: /storage/roms/vectrex -> qa-cloud:/rocknix-qa/CONTENT/ROMs/vectrex
2026/10/03 15:39:10 INFO  : link-1.bin: Copied (new)
2026/10/03 15:39:24 INFO  : link-3.bin: Copied (new)
2026/10/03 15:39:39 INFO  : link-2.bin: Copied (new)
2026/10/03 15:39:39 INFO  : 
Transferred:   	       18 MiB / 18 MiB, 100%, 168.741 KiB/s, ETA 0s
Checks:                 0 / 0, -, Listed 3
Transferred:            3 / 3, 100%
Elapsed time:      1m11.7s

[2026-10-03 15:39:43] [INFO] [cloud_content_backup] Content backup: /storage/roms/vectrex -> qa-cloud:/rocknix-qa/CONTENT/ROMs/vectrex
2026/10/03 15:39:43 INFO  : There was nothing to transfer
2026/10/03 15:39:43 INFO  : 
Transferred:   	          0 B / 0 B, -, 0 B/s, ETA -
Checks:                 3 / 3, 100%, Listed 6
Elapsed time:         0.0s

[2026-10-03 15:39:48] [INFO] [cloud_content_restore] Content restore: qa-cloud:/rocknix-qa/CONTENT/ROMs/vectrex -> /storage/roms/vectrex
2026/10/03 15:40:31 INFO  : link-2.bin: Copied (new)
2026/10/03 15:40:42 INFO  : link-3.bin: Copied (new)
2026/10/03 15:40:49 INFO  : link-1.bin: Copied (new)
2026/10/03 15:40:49 INFO  : 
Transferred:   	        9 MiB / 9 MiB, 100%, 180.724 KiB/s, ETA 0s
Checks:                 0 / 0, -, Listed 3
Transferred:            3 / 3, 100%
Elapsed time:       1m0.5s

[2026-10-03 15:40:52] [INFO] [cloud_content_restore] Content restore: qa-cloud:/rocknix-qa/CONTENT/ROMs/vectrex -> /storage/roms/vectrex
2026/10/03 15:40:52 INFO  : There was nothing to transfer
2026/10/03 15:40:52 INFO  : 
Transferred:   	          0 B / 0 B, -, 0 B/s, ETA -
Checks:                 3 / 3, 100%, Listed 6
Elapsed time:         0.0s

[2026-10-03 15:40:57] [INFO] [cloud_backup] Controller config loaded: SOUTH=, DPAD_UP=
[2026-10-03 15:40:57] [INFO] [cloud_backup] Updating cloud sync rules and config
[2026-10-03 15:40:57] [INFO] [cloud_sync_helper] Checking cloud sync rules file...
[2026-10-03 15:40:57] [INFO] [cloud_sync_helper] Merging custom rules with defaults
[2026-10-03 15:40:57] [INFO] [cloud_sync_helper] Checking cloud sync configuration...
[2026-10-03 15:40:57] [INFO] [cloud_sync_helper] Updating configuration with new defaults
[2026-10-03 15:40:57] [INFO] [cloud_backup] Loading configuration from cloud_sync.conf
[2026-10-03 15:40:57] [INFO] [cloud_backup] Original RCLONEOPTS: --progress --log-file /var/log/cloud_sync.log --filter-from /storage/.config/cloud_sync-rules.txt
[2026-10-03 15:40:57] [INFO] [cloud_backup] After newline cleanup: --progress --log-file /var/log/cloud_sync.log --filter-from /storage/.config/cloud_sync-rules.txt 
[2026-10-03 15:40:57] [INFO] [cloud_backup] After removing verbose flags: --progress --log-file /var/log/cloud_sync.log --filter-from /storage/.config/cloud_sync-rules.txt 
[2026-10-03 15:40:57] [INFO] [cloud_backup] After spacing fix: --progress  --log-file /var/log/cloud_sync.log  --filter-from /storage/.config/cloud_sync-rules.txt 
[2026-10-03 15:40:57] [INFO] [cloud_backup] After final cleanup: --progress --log-file /var/log/cloud_sync.log --filter-from /storage/.config/cloud_sync-rules.txt 
[2026-10-03 15:40:57] [INFO] [cloud_backup] Options array has 5 elements
[2026-10-03 15:40:57] [INFO] [cloud_backup] rclone network bound: --contimeout 15s --timeout 30s --low-level-retries 10 --retries 1
[2026-10-03 15:40:57] [INFO] [cloud_backup] deliberate run: stall ceiling 36s (rclone idle timeout 30s + 6s grace)
[2026-10-03 15:40:57] [INFO] [cloud_backup] System-backup phase forced on by --system-only
[2026-10-03 15:40:57] [INFO] [cloud_backup] Configuration loaded successfully
[2026-10-03 15:40:57] [INFO] [cloud_backup] Checking cloud storage reachability...
[2026-10-03 15:40:57] [INFO] [cloud_backup] Cloud storage qa-cloud: is reachable
[2026-10-03 15:40:57] [INFO] [cloud_backup] =>  CLOUD BACKUP\n
[2026-10-03 15:40:57] [INFO] [cloud_backup] Skipped game saves this time - settings only.
[2026-10-03 15:40:57] [INFO] [cloud_backup] ====================================
[2026-10-03 15:40:57] [INFO] [cloud_backup] SENDING YOUR SETTINGS BACKUP
[2026-10-03 15:40:57] [INFO] [cloud_backup] ====================================
[2026-10-03 15:40:57] [INFO] [cloud_backup] Starting transfer of settings backup files from /storage/cloud-qa/backup to qa-cloud:/rocknix-qa/Rasteratops/Backups/GENERIC-X64-15ca35b6b4
[2026-10-03 15:40:57] [INFO] [cloud_backup] Sending your settings backup to the cloud...
[2026-10-03 15:40:57] [INFO] [cloud_backup] Settings backup file transfer started at Sat Oct  3 15:40:57 EDT 2026
[2026-10-03 15:40:57] [INFO] [cloud_backup] Testing remote backup path connectivity: qa-cloud:/rocknix-qa/Rasteratops/Backups/GENERIC-X64-15ca35b6b4
[2026-10-03 15:40:58] [INFO] [cloud_backup] Uploading 2026_10_03-154056-GENERIC-X64-ROCKNIX_SETTINGS.tar.gz as 2026_10_03-154056-GENERIC-X64-ROCKNIX_SETTINGS.tar.gz
[2026-10-03 15:41:37] [WARN] [cloud_backup] rclone copyto made no progress for 36s and was ended (it returned 143); reporting 124
[2026-10-03 15:41:37] [ERROR] [cloud_backup] the network went away during the settings backup (rclone exit 124): no default route now
[2026-10-03 15:41:37] [ERROR] [cloud_backup] Couldn't finish: lost the network during the settings backup. Try again when you're online.
[2026-10-03 15:41:37] [INFO] [cloud_backup] Script completed in 40 seconds with exit code 69
[2026-10-03 15:41:44] [INFO] [cloud_backup] Controller config loaded: SOUTH=, DPAD_UP=
[2026-10-03 15:41:44] [INFO] [cloud_backup] Updating cloud sync rules and config
[2026-10-03 15:41:44] [INFO] [cloud_sync_helper] Checking cloud sync rules file...
[2026-10-03 15:41:44] [INFO] [cloud_sync_helper] Merging custom rules with defaults
[2026-10-03 15:41:44] [INFO] [cloud_sync_helper] Checking cloud sync configuration...
[2026-10-03 15:41:44] [INFO] [cloud_sync_helper] Updating configuration with new defaults
[2026-10-03 15:41:44] [INFO] [cloud_backup] Loading configuration from cloud_sync.conf
[2026-10-03 15:41:44] [INFO] [cloud_backup] Original RCLONEOPTS: --progress --log-file /var/log/cloud_sync.log --filter-from /storage/.config/cloud_sync-rules.txt
[2026-10-03 15:41:44] [INFO] [cloud_backup] After newline cleanup: --progress --log-file /var/log/cloud_sync.log --filter-from /storage/.config/cloud_sync-rules.txt 
[2026-10-03 15:41:44] [INFO] [cloud_backup] After removing verbose flags: --progress --log-file /var/log/cloud_sync.log --filter-from /storage/.config/cloud_sync-rules.txt 
[2026-10-03 15:41:44] [INFO] [cloud_backup] After spacing fix: --progress  --log-file /var/log/cloud_sync.log  --filter-from /storage/.config/cloud_sync-rules.txt 
[2026-10-03 15:41:44] [INFO] [cloud_backup] After final cleanup: --progress --log-file /var/log/cloud_sync.log --filter-from /storage/.config/cloud_sync-rules.txt 
[2026-10-03 15:41:44] [INFO] [cloud_backup] Options array has 5 elements
[2026-10-03 15:41:44] [INFO] [cloud_backup] rclone network bound: --contimeout 15s --timeout 30s --low-level-retries 10 --retries 1
[2026-10-03 15:41:44] [INFO] [cloud_backup] deliberate run: stall ceiling 36s (rclone idle timeout 30s + 6s grace)
[2026-10-03 15:41:44] [INFO] [cloud_backup] System-backup phase forced on by --system-only
[2026-10-03 15:41:44] [INFO] [cloud_backup] Configuration loaded successfully
[2026-10-03 15:41:44] [INFO] [cloud_backup] Checking cloud storage reachability...
[2026-10-03 15:41:44] [INFO] [cloud_backup] Cloud storage qa-cloud: is reachable
[2026-10-03 15:41:44] [INFO] [cloud_backup] =>  CLOUD BACKUP\n
[2026-10-03 15:41:44] [INFO] [cloud_backup] Skipped game saves this time - settings only.
[2026-10-03 15:41:44] [INFO] [cloud_backup] ====================================
[2026-10-03 15:41:44] [INFO] [cloud_backup] SENDING YOUR SETTINGS BACKUP
[2026-10-03 15:41:44] [INFO] [cloud_backup] ====================================
[2026-10-03 15:41:44] [INFO] [cloud_backup] Starting transfer of settings backup files from /storage/cloud-qa/backup to qa-cloud:/rocknix-qa/Rasteratops/Backups/GENERIC-X64-15ca35b6b4
[2026-10-03 15:41:44] [INFO] [cloud_backup] Sending your settings backup to the cloud...
[2026-10-03 15:41:44] [INFO] [cloud_backup] Settings backup file transfer started at Sat Oct  3 15:41:44 EDT 2026
[2026-10-03 15:41:44] [INFO] [cloud_backup] Testing remote backup path connectivity: qa-cloud:/rocknix-qa/Rasteratops/Backups/GENERIC-X64-15ca35b6b4
[2026-10-03 15:41:45] [INFO] [cloud_backup] Uploading 2026_10_03-154056-GENERIC-X64-ROCKNIX_SETTINGS.tar.gz as 2026_10_03-154056-GENERIC-X64-ROCKNIX_SETTINGS.tar.gz
