20:19:52 === cloud-epic on guest d, BUILD_ID="503e24e10dde6a59aa6c631f789b88b89f8e92e1"
232
20:19:52 == setup: the QA remote on the guest (the host backend's conf), then the QA cloud holds the fork's earlier layout with files in every folder of ours; the guest points at it
remote: qa-cloud:
20:19:54   cloud: ROCKNIX/Backups/2026_09_29-090000-Retroid-Pocket-Nova-ROCKNIX_SETTINGS.tar.gz ROCKNIX/Backups/2026_09_30-120000-GENERIC-X64-ROCKNIX_SETTINGS.tar.gz ROCKNIX/Content/BIOS/disksys.rom ROCKNIX/Content/ROMs/nes/Probe.nes ROCKNIX/Saves-replaced/nes/Probe.srm.1 ROCKNIX/Saves/nes/Probe.srm
20:19:54   guest conf: SAVES_REMOTE="/ROCKNIX/Saves" SETTINGS_REMOTE="/ROCKNIX/Backups" CONTENT_REMOTE="/ROCKNIX/Content" LAYOUT_KEEP=""
label=GENERIC-X64
20:20:22   picks reset: content=0 saves=1
20:20:42 == F: a scan the cloud refuses (the dead port): COULDN'T FINISH with TRY AGAIN beside CLOSE
dismiss-dialogs: 1 press(es) moved the screen, back on the carousel
changed after 0.1s (`key ret`, line 3)
settle: still after 1.3s
changed after 0.1s (`key x`, line 6)
settle: still after 1.3s
changed after 0.1s (`key up`, line 9)
changed after 0.0s (`key up`, line 11)
changed after 0.1s (`key up`, line 13)
settle: still after 1.3s
changed after 0.0s (`key x`, line 16)
settle: still after 1.3s
captured /workspace/tmp/rasteratops-m7-guest-d-01/artifacts/cloud-epic/F/frames/01-F-hub.png
changed after 0.1s (`key down`, line 20)
changed after 0.1s (`key x`, line 22)
captured /workspace/tmp/rasteratops-m7-guest-d-01/artifacts/cloud-epic/F/frames/02-F-scan-0.png
captured /workspace/tmp/rasteratops-m7-guest-d-01/artifacts/cloud-epic/F/frames/03-F-scan-1.png
settle: still after 3.4s
captured /workspace/tmp/rasteratops-m7-guest-d-01/artifacts/cloud-epic/F/frames/04-F-after-scan.png
20:21:09 PASS walk epic-F.steps
20:21:09 PASS F: failed opening scan leaves no success stamp
captured /workspace/tmp/rasteratops-m7-guest-d-01/artifacts/cloud-epic/F/frames/01-F-outcome.png
changed after 0.1s (`key z`, line 2)
settle: still after 1.3s
dismiss-dialogs: 4 press(es) moved the screen, back on the carousel
20:21:20 PASS walk epic-F2.steps
20:21:20   frames: 0 under /workspace/tmp/rasteratops-m7-guest-d-01/artifacts/cloud-epic/F/frames (epic-*.png), plus /workspace/tmp/rasteratops-m7-guest-d-01/artifacts/cloud-epic/F/frames/E-boot/
20:21:20 done: 3 PASS, 0 FAIL
