listremotes
listremotes
lsd qa: --contimeout 15s --timeout 30s --low-level-retries 3 --retries 1
backend features qa: --contimeout 15s --timeout 30s --low-level-retries 3 --retries 1
cat qa:/Rasteratops/.layout --contimeout 15s --timeout 30s --low-level-retries 3 --retries 1
lsf --files-only qa:/Rasteratops/ --contimeout 15s --timeout 30s --low-level-retries 3 --retries 1
lsf --files-only -R --exclude /backup/** --exclude /Backups/** --exclude /README.txt qa:/ROCKNIX/Saves/ --contimeout 15s --timeout 30s --low-level-retries 3 --retries 1
listremotes
lsd qa: --contimeout 15s --timeout 30s --low-level-retries 3 --retries 1
backend features qa: --contimeout 15s --timeout 30s --low-level-retries 3 --retries 1
cat qa:/Rasteratops/.layout --contimeout 15s --timeout 30s --low-level-retries 3 --retries 1
lsf --files-only qa:/Rasteratops/ --contimeout 15s --timeout 30s --low-level-retries 3 --retries 1
lsf --files-only -R --exclude /backup/** --exclude /Backups/** --exclude /README.txt qa:/ROCKNIX/Saves/ --contimeout 15s --timeout 30s --low-level-retries 3 --retries 1
lsf qa:/Rasteratops/Saves --contimeout 15s --timeout 30s --low-level-retries 3 --retries 1
lsf --dirs-only qa:/Rasteratops/ --contimeout 15s --timeout 30s --low-level-retries 3 --retries 1
cat qa:/Rasteratops/.layout --contimeout 15s --timeout 30s --low-level-retries 3 --retries 1
listremotes
listremotes
lsd qa: --contimeout 15s --timeout 30s --low-level-retries 3 --retries 1
backend features qa: --contimeout 15s --timeout 30s --low-level-retries 3 --retries 1
cat qa:/Rasteratops/.layout --contimeout 15s --timeout 30s --low-level-retries 3 --retries 1
lsf --files-only qa:/Rasteratops/ --contimeout 15s --timeout 30s --low-level-retries 3 --retries 1
lsf --files-only -R --exclude /backup/** --exclude /Backups/** --exclude /README.txt qa:/ROCKNIX/Saves/ --contimeout 15s --timeout 30s --low-level-retries 3 --retries 1
lsf --files-only -R --exclude /backup/** --exclude /Backups/** --exclude /README.txt qa:/ROCKNIX/Saves/ --contimeout 15s --timeout 30s --low-level-retries 3 --retries 1
mkdir --s3-directory-markers qa:/ROCKNIX/Saves --contimeout 15s --timeout 30s --low-level-retries 3 --retries 1
mkdir --s3-directory-markers qa:/ROCKNIX/Saves/savefiles --contimeout 15s --timeout 30s --low-level-retries 3 --retries 1
mkdir --s3-directory-markers qa:/ROCKNIX/Saves/savestates --contimeout 15s --timeout 30s --low-level-retries 3 --retries 1
mkdir --s3-directory-markers qa:/ROCKNIX/Saves/screenshots --contimeout 15s --timeout 30s --low-level-retries 3 --retries 1
mkdir --s3-directory-markers qa:/ROCKNIX/Backups --contimeout 15s --timeout 30s --low-level-retries 3 --retries 1
mkdir --s3-directory-markers qa:/ROMs --contimeout 15s --timeout 30s --low-level-retries 3 --retries 1
mkdir --s3-directory-markers qa:/BIOS --contimeout 15s --timeout 30s --low-level-retries 3 --retries 1
listremotes
lsd qa: --contimeout 15s --timeout 30s --low-level-retries 3 --retries 1
backend features qa: --contimeout 15s --timeout 30s --low-level-retries 3 --retries 1
cat qa:/Rasteratops/.layout --contimeout 15s --timeout 30s --low-level-retries 3 --retries 1
lsf --files-only qa:/Rasteratops/ --contimeout 15s --timeout 30s --low-level-retries 3 --retries 1
lsf --files-only qa:/ROCKNIX/Saves/ --contimeout 15s --timeout 30s --low-level-retries 3 --retries 1
copyto --ignore-existing /tmp/tmp.Zbs9khsx5X qa:/ROCKNIX/Saves/README.txt --contimeout 15s --timeout 30s --low-level-retries 3 --retries 1
lsf --files-only qa:/ROCKNIX/Backups/ --contimeout 15s --timeout 30s --low-level-retries 3 --retries 1
copyto --ignore-existing /tmp/tmp.sfT71I09a2 qa:/ROCKNIX/Backups/README.txt --contimeout 15s --timeout 30s --low-level-retries 3 --retries 1
lsf --files-only qa:/ROMs/ --contimeout 15s --timeout 30s --low-level-retries 3 --retries 1
copyto --ignore-existing /tmp/tmp.ssCQnCtCLj qa:/ROMs/README.txt --contimeout 15s --timeout 30s --low-level-retries 3 --retries 1
lsf --files-only qa:/BIOS/ --contimeout 15s --timeout 30s --low-level-retries 3 --retries 1
copyto --ignore-existing /tmp/tmp.15ormYOWP0 qa:/BIOS/README.txt --contimeout 15s --timeout 30s --low-level-retries 3 --retries 1
lsf qa:/ROCKNIX/Saves --contimeout 15s --timeout 30s --low-level-retries 3 --retries 1
lsf qa:/ROCKNIX/Backups --contimeout 15s --timeout 30s --low-level-retries 3 --retries 1
lsf qa:/ROMs --contimeout 15s --timeout 30s --low-level-retries 3 --retries 1
lsf qa:/BIOS --contimeout 15s --timeout 30s --low-level-retries 3 --retries 1
