listremotes
lsd qa: --contimeout 15s --timeout 30s --low-level-retries 3 --retries 1
backend features qa: --contimeout 15s --timeout 30s --low-level-retries 3 --retries 1
lsf --files-only -R --exclude /backup/** --exclude /Backups/** qa:/ROCKNIX/Saves/ --contimeout 15s --timeout 30s --low-level-retries 3 --retries 1
lsf --files-only -R --exclude /backup/** --exclude /Backups/** --exclude /saves/** qa:/ROCKNIX/Saves/ --contimeout 15s --timeout 30s --low-level-retries 3 --retries 1
lsf qa:/ROCKNIX/Backups/ --contimeout 15s --timeout 30s --low-level-retries 3 --retries 1
lsf qa:/Rasteratops/Backups --contimeout 15s --timeout 30s --low-level-retries 3 --retries 1
lsf --dirs-only qa:/Rasteratops/ --contimeout 15s --timeout 30s --low-level-retries 3 --retries 1
lsf --files-only -R --exclude /backup/** --exclude /Backups/** qa:/ROCKNIX/Saves/ --contimeout 15s --timeout 30s --low-level-retries 3 --retries 1
lsf qa:/Rasteratops/Saves --contimeout 15s --timeout 30s --low-level-retries 3 --retries 1
lsf --dirs-only qa:/Rasteratops/ --contimeout 15s --timeout 30s --low-level-retries 3 --retries 1
lsf qa:/ROCKNIX/Backups/ --contimeout 15s --timeout 30s --low-level-retries 3 --retries 1
lsf --files-only -R --exclude /backup/** --exclude /Backups/** qa:/ROCKNIX/Saves/ --contimeout 15s --timeout 30s --low-level-retries 3 --retries 1
lsf qa:/ROCKNIX/Saves-replaced/ --contimeout 15s --timeout 30s --low-level-retries 3 --retries 1
lsf qa:/ROCKNIX/Content/ --contimeout 15s --timeout 30s --low-level-retries 3 --retries 1
lsf qa:/ROCKNIX/Backups/ --contimeout 15s --timeout 30s --low-level-retries 3 --retries 1
lsf --files-only -R --exclude /backup/** --exclude /Backups/** qa:/ROCKNIX/Saves/ --contimeout 15s --timeout 30s --low-level-retries 3 --retries 1
lsf qa:/ROCKNIX/Saves-replaced/ --contimeout 15s --timeout 30s --low-level-retries 3 --retries 1
lsf qa:/ROCKNIX/Content/ --contimeout 15s --timeout 30s --low-level-retries 3 --retries 1
lsf qa:/ROCKNIX/Backups/ --contimeout 15s --timeout 30s --low-level-retries 3 --retries 1
lsf -R --files-only qa:/ROCKNIX/Backups --contimeout 15s --timeout 30s --low-level-retries 3 --retries 1
copy qa:/ROCKNIX/Backups qa:/Rasteratops/Backups --files-from-raw /tmp/cloud_migrate_layout.Fj7zOx --create-empty-src-dirs=false --progress --stats 2s --contimeout 1s --timeout 2s --low-level-retries 1 --retries 1
check qa:/ROCKNIX/Backups qa:/Rasteratops/Backups --files-from-raw /tmp/cloud_migrate_layout.Fj7zOx --one-way --contimeout 1s --timeout 2s --low-level-retries 1 --retries 1
delete qa:/ROCKNIX/Backups --files-from-raw /tmp/cloud_migrate_layout.Fj7zOx --contimeout 1s --timeout 2s --low-level-retries 1 --retries 1
rmdirs qa:/ROCKNIX/Backups --contimeout 1s --timeout 2s --low-level-retries 1 --retries 1
lsf --files-only -R --exclude /backup/** --exclude /Backups/** qa:/ROCKNIX/Saves/ --contimeout 15s --timeout 30s --low-level-retries 3 --retries 1
lsf -R --files-only --exclude /backup/** --exclude /Backups/** qa:/ROCKNIX/Saves --contimeout 15s --timeout 30s --low-level-retries 3 --retries 1
copy qa:/ROCKNIX/Saves qa:/Rasteratops/Saves --files-from-raw /tmp/cloud_migrate_layout.MjJEDd --create-empty-src-dirs=false --progress --stats 2s --contimeout 1s --timeout 2s --low-level-retries 1 --retries 1
check qa:/ROCKNIX/Saves qa:/Rasteratops/Saves --files-from-raw /tmp/cloud_migrate_layout.MjJEDd --one-way --contimeout 1s --timeout 2s --low-level-retries 1 --retries 1
delete qa:/ROCKNIX/Saves --files-from-raw /tmp/cloud_migrate_layout.MjJEDd --contimeout 1s --timeout 2s --low-level-retries 1 --retries 1
rmdirs qa:/ROCKNIX/Saves --contimeout 1s --timeout 2s --low-level-retries 1 --retries 1
lsf qa:/ROCKNIX/Saves-replaced/ --contimeout 15s --timeout 30s --low-level-retries 3 --retries 1
lsf -R --files-only qa:/ROCKNIX/Saves-replaced --contimeout 15s --timeout 30s --low-level-retries 3 --retries 1
copy qa:/ROCKNIX/Saves-replaced qa:/Rasteratops/Saves-replaced --files-from-raw /tmp/cloud_migrate_layout.ng74oT --create-empty-src-dirs=false --progress --stats 2s --contimeout 1s --timeout 2s --low-level-retries 1 --retries 1
listremotes
listremotes
lsd qa: --contimeout 15s --timeout 30s --low-level-retries 3 --retries 1
backend features qa: --contimeout 15s --timeout 30s --low-level-retries 3 --retries 1
cat qa:/Rasteratops/.layout --contimeout 15s --timeout 30s --low-level-retries 3 --retries 1
lsf --files-only qa:/Rasteratops/ --contimeout 15s --timeout 30s --low-level-retries 3 --retries 1
lsf --files-only -R --exclude /backup/** --exclude /Backups/** --exclude /README.txt --exclude /README.txt qa:/Rasteratops/Saves/ --contimeout 15s --timeout 30s --low-level-retries 3 --retries 1
listremotes
lsd qa: --contimeout 15s --timeout 30s --low-level-retries 3 --retries 1
backend features qa: --contimeout 15s --timeout 30s --low-level-retries 3 --retries 1
cat qa:/Rasteratops/.layout --contimeout 15s --timeout 30s --low-level-retries 3 --retries 1
lsf --files-only qa:/Rasteratops/ --contimeout 15s --timeout 30s --low-level-retries 3 --retries 1
lsf qa:/Rasteratops/Saves --contimeout 15s --timeout 30s --low-level-retries 3 --retries 1
cat qa:/Rasteratops/.layout --contimeout 15s --timeout 30s --low-level-retries 3 --retries 1
listremotes
lsd qa: --contimeout 15s --timeout 30s --low-level-retries 3 --retries 1
backend features qa: --contimeout 15s --timeout 30s --low-level-retries 3 --retries 1
cat qa:/Rasteratops/.layout --contimeout 15s --timeout 30s --low-level-retries 3 --retries 1
lsf --files-only qa:/Rasteratops/ --contimeout 15s --timeout 30s --low-level-retries 3 --retries 1
lsf --files-only -R --exclude /backup/** --exclude /Backups/** --exclude /README.txt --exclude /saves/** qa:/ROCKNIX/Saves/ --contimeout 15s --timeout 30s --low-level-retries 3 --retries 1
lsf --files-only -R --exclude /backup/** --exclude /Backups/** --exclude /README.txt qa:/ROCKNIX/Saves/saves/ --contimeout 15s --timeout 30s --low-level-retries 3 --retries 1
lsf --files-only -R --exclude /backup/** --exclude /Backups/** --exclude /README.txt qa:/ROCKNIX/Saves/ --contimeout 15s --timeout 30s --low-level-retries 3 --retries 1
lsf qa:/ROCKNIX/Saves-replaced/ --contimeout 15s --timeout 30s --low-level-retries 3 --retries 1
lsf qa:/Rasteratops/Saves-replaced --contimeout 15s --timeout 30s --low-level-retries 3 --retries 1
lsf --dirs-only qa:/Rasteratops/ --contimeout 15s --timeout 30s --low-level-retries 3 --retries 1
lsf --files-only -R --exclude /backup/** --exclude /Backups/** --exclude /README.txt qa:/ROCKNIX/Saves/ --contimeout 15s --timeout 30s --low-level-retries 3 --retries 1
lsf qa:/ROCKNIX/Saves-replaced/ --contimeout 15s --timeout 30s --low-level-retries 3 --retries 1
lsf qa:/ROCKNIX/Content/ --contimeout 15s --timeout 30s --low-level-retries 3 --retries 1
lsf --files-only -R --exclude /backup/** --exclude /Backups/** --exclude /README.txt qa:/ROCKNIX/Saves/ --contimeout 15s --timeout 30s --low-level-retries 3 --retries 1
lsf qa:/ROCKNIX/Saves-replaced/ --contimeout 15s --timeout 30s --low-level-retries 3 --retries 1
lsf qa:/ROCKNIX/Content/ --contimeout 15s --timeout 30s --low-level-retries 3 --retries 1
lsf --files-only -R --exclude /backup/** --exclude /Backups/** --exclude /README.txt qa:/ROCKNIX/Saves/ --contimeout 15s --timeout 30s --low-level-retries 3 --retries 1
lsf qa:/ROCKNIX/Saves-replaced/ --contimeout 15s --timeout 30s --low-level-retries 3 --retries 1
lsf -R --files-only qa:/ROCKNIX/Saves-replaced --contimeout 15s --timeout 30s --low-level-retries 3 --retries 1
copy qa:/ROCKNIX/Saves-replaced qa:/Rasteratops/Saves-replaced --files-from-raw /tmp/cloud_migrate_layout.YZKqA6 --create-empty-src-dirs=false --progress --stats 2s --contimeout 1s --timeout 2s --low-level-retries 1 --retries 1
check qa:/ROCKNIX/Saves-replaced qa:/Rasteratops/Saves-replaced --files-from-raw /tmp/cloud_migrate_layout.YZKqA6 --one-way --contimeout 1s --timeout 2s --low-level-retries 1 --retries 1
delete qa:/ROCKNIX/Saves-replaced --files-from-raw /tmp/cloud_migrate_layout.YZKqA6 --contimeout 1s --timeout 2s --low-level-retries 1 --retries 1
rmdirs qa:/ROCKNIX/Saves-replaced --contimeout 1s --timeout 2s --low-level-retries 1 --retries 1
lsf qa:/ROCKNIX/Content/ --contimeout 15s --timeout 30s --low-level-retries 3 --retries 1
lsf qa:/ROCKNIX/Content/ --contimeout 15s --timeout 30s --low-level-retries 3 --retries 1
lsf qa:/Rasteratops/Content --contimeout 15s --timeout 30s --low-level-retries 3 --retries 1
lsf --dirs-only qa:/Rasteratops/ --contimeout 15s --timeout 30s --low-level-retries 3 --retries 1
lsf -R --files-only qa:/ROCKNIX/Content --contimeout 15s --timeout 30s --low-level-retries 3 --retries 1
copy qa:/ROCKNIX/Content qa:/Rasteratops/Content --files-from-raw /tmp/cloud_migrate_layout.kRPRfL --create-empty-src-dirs=false --progress --stats 2s --contimeout 1s --timeout 2s --low-level-retries 1 --retries 1
check qa:/ROCKNIX/Content qa:/Rasteratops/Content --files-from-raw /tmp/cloud_migrate_layout.kRPRfL --one-way --contimeout 1s --timeout 2s --low-level-retries 1 --retries 1
delete qa:/ROCKNIX/Content --files-from-raw /tmp/cloud_migrate_layout.kRPRfL --contimeout 1s --timeout 2s --low-level-retries 1 --retries 1
rmdirs qa:/ROCKNIX/Content --contimeout 1s --timeout 2s --low-level-retries 1 --retries 1
cat qa:/Rasteratops/.layout --contimeout 15s --timeout 30s --low-level-retries 3 --retries 1
lsf --files-only qa:/Rasteratops/ --contimeout 15s --timeout 30s --low-level-retries 3 --retries 1
rcat qa:/Rasteratops/.layout --contimeout 1s --timeout 2s --low-level-retries 1 --retries 1
listremotes
lsd qa: --contimeout 15s --timeout 30s --low-level-retries 3 --retries 1
backend features qa: --contimeout 15s --timeout 30s --low-level-retries 3 --retries 1
cat qa:/Rasteratops/.layout --contimeout 15s --timeout 30s --low-level-retries 3 --retries 1
lsf --files-only qa:/Rasteratops/ --contimeout 15s --timeout 30s --low-level-retries 3 --retries 1
lsf --files-only -R --exclude /backup/** --exclude /Backups/** --exclude /README.txt --exclude /saves/** qa:/ROCKNIX/Saves/ --contimeout 15s --timeout 30s --low-level-retries 3 --retries 1
lsf --files-only -R --exclude /backup/** --exclude /Backups/** --exclude /README.txt qa:/ROCKNIX/Saves/saves/ --contimeout 15s --timeout 30s --low-level-retries 3 --retries 1
lsf --files-only -R --exclude /backup/** --exclude /Backups/** --exclude /README.txt qa:/ROCKNIX/Saves/ --contimeout 15s --timeout 30s --low-level-retries 3 --retries 1
lsf qa:/ROCKNIX/Saves-replaced/ --contimeout 15s --timeout 30s --low-level-retries 3 --retries 1
lsf --files-only -R --exclude /backup/** --exclude /Backups/** --exclude /README.txt qa:/ROCKNIX/Saves/ --contimeout 15s --timeout 30s --low-level-retries 3 --retries 1
lsf qa:/ROCKNIX/Saves-replaced/ --contimeout 15s --timeout 30s --low-level-retries 3 --retries 1
lsf qa:/ROCKNIX/Content/ --contimeout 15s --timeout 30s --low-level-retries 3 --retries 1
lsf --files-only -R --exclude /backup/** --exclude /Backups/** --exclude /README.txt qa:/ROCKNIX/Saves/ --contimeout 15s --timeout 30s --low-level-retries 3 --retries 1
lsf qa:/ROCKNIX/Saves-replaced/ --contimeout 15s --timeout 30s --low-level-retries 3 --retries 1
lsf qa:/ROCKNIX/Content/ --contimeout 15s --timeout 30s --low-level-retries 3 --retries 1
lsf --files-only -R --exclude /backup/** --exclude /Backups/** --exclude /README.txt qa:/ROCKNIX/Saves/ --contimeout 15s --timeout 30s --low-level-retries 3 --retries 1
lsf qa:/ROCKNIX/Saves-replaced/ --contimeout 15s --timeout 30s --low-level-retries 3 --retries 1
lsf qa:/ROCKNIX/Content/ --contimeout 15s --timeout 30s --low-level-retries 3 --retries 1
lsf qa:/ROCKNIX/Content/ --contimeout 15s --timeout 30s --low-level-retries 3 --retries 1
cat qa:/Rasteratops/.layout --contimeout 15s --timeout 30s --low-level-retries 3 --retries 1
lsf --files-only qa:/Rasteratops/ --contimeout 15s --timeout 30s --low-level-retries 3 --retries 1
rcat qa:/Rasteratops/.layout --contimeout 1s --timeout 2s --low-level-retries 1 --retries 1
cat qa:/Rasteratops/.layout --contimeout 15s --timeout 30s --low-level-retries 3 --retries 1
listremotes
lsd qa: --contimeout 15s --timeout 30s --low-level-retries 3 --retries 1
backend features qa: --contimeout 15s --timeout 30s --low-level-retries 3 --retries 1
cat qa:/Rasteratops/.layout --contimeout 15s --timeout 30s --low-level-retries 3 --retries 1
lsf qa:/GAMES-replaced/ --contimeout 15s --timeout 30s --low-level-retries 3 --retries 1
lsf qa:/ROCKNIX/Saves-replaced/ --contimeout 15s --timeout 30s --low-level-retries 3 --retries 1
