tools/vm-qa: OK
tools/cloud-round-trip: OK
tools/cloud-test-backend: OK
tools/vm-pair: OK
up: s3 bucket rocknix-qa on port 9012 (throttled to 200k by a proxy; MinIO itself on 127.0.0.1:9022)
note: SAVES_REMOTE must start with the bucket, e.g. /rocknix-qa/Rasteratops/Saves
up: a (pid 1144415, ssh :10022, serial /tmp/rocknix-qemu-serial.sock, mac 52:54:00:52:4E:58)
up: b (pid 1144441, ssh :10023, serial /tmp/rocknix-qemu-serial-b.sock, mac 52:54:00:52:4E:59)
ready: a on 503e24e10d over ssh :10022 (answered after 0s)
ready: b on 503e24e10d over ssh :10023 (answered after 1s)

=== device reachable and equipped
    PASS  ssh works
    PASS  rclone and cloud scripts present

=== point the device at the QA bucket
    PASS  first remote is 'qa-cloud', which is what the scripts will use
    scratch tree /storage/cloud-qa (pass --real-roms to use /storage/roms)
    SAVES_REMOTE /rocknix-qa/Rasteratops/Saves on the s3 endpoint

=== the link-loss cells: a serial console, a throttled endpoint, one guest
    PASS  the endpoint is throttled (--bwlimit on the server)
    PASS  the serial console is this device's; its default route runs over eth0; the endpoint is 10.0.2.2:9012
    link restored 40s after each cut; a run must end within 90s of it

=== LINK5 -- settings archive upload (backuptool backup; cloud_backup --system-only), link cut mid-upload
          archive 2026_10_03-154811-GENERIC-X64-ROCKNIX_SETTINGS.tar.gz, 6.0 MiB
          cut eth0 at guest uptime 14.21 (19:48:16); last line: '* 2026_10_03-154811-GENE…OCKNIX_SETTINGS.tar.gz:100% / 6.012 MiB, 0 B/s, -'
          11s into the outage: default route gone; NetworkManager says unavailable; no address on eth0
          ended 35.9s after the cut, with the link still down (rc 69)
          link restored 40.7s after the cut; address, default route and the endpoint back in 0.3s
    PASS  ended 35.9s after the cut (bound 90s)
    PASS  exit 69: SKIPPED - NO NETWORK CONNECTION, the sentinel
    PASS  no *.partial left on the receiving side
    PASS  every file present on the receiving side is whole, by content (1 of 1 there)
    PASS  last-settings-backup records the failure (1791056931 69)
    PASS  settings-backup.uploaded unchanged
          outputs kept: /tmp/qa-link-LINK5/ on the guest, /workspace/tmp/rasteratops-m7-link5-s3-01/artifacts/details/LINK5/ here
    PASS  the cut run: no developer words on the 75 card-visible line(s) or the outcome line ("Couldn't finish: lost the network during the settings backup. Try agai")
    PASS  the cut run: the outcome line is one of the three outcome words ("Couldn't finish: lost the network during the settings backup. Try agai")
    PASS  a plain re-run with the link back exits 0
    PASS  after the re-run all 1 files match on the receiving side
    PASS  LINK5: one record each, no litter: system.cfg 225 keys, record .backup; es_settings.cfg 0 keys; 1 last-* stamps, 0 capture line(s), 0 manifest; 1 archive at root, 0 in archive/; saves tree clean of *.partial/*.tmp; cloud 2 settings file(s)

=== clean up root@127.0.0.1 port 10022
    scratch tree and bucket emptied; the device's own remote, paths and settings-backup setting restored

PASSED
down: a (pid 1144415)
down: b (pid 1144441)
down
