=>  CLOUD BACKUP

Skipped game saves this time - settings only.

====================================
SENDING YOUR SETTINGS BACKUP
>>> unit SETTINGS||
====================================
Sending your settings backup to the cloud...
Transferred:   	    6.012 MiB / 6.012 MiB, 100%, 0 B/s, ETA -
Transferred:            0 / 1, 0%
Elapsed time:         0.9s
Transferring:
 * 2026_10_03-154811-GENE…OCKNIX_SETTINGS.tar.gz:100% / 6.012 MiB, 0 B/s, -Transferred:   	    6.012 MiB / 6.012 MiB, 100%, 6.011 MiB/s, ETA 0s
Transferred:            0 / 1, 0%
Elapsed time:         1.9s
Transferring:
 * 2026_10_03-154811-GENE…OCKNIX_SETTINGS.tar.gz:100% / 6.012 MiB, 6.011 MiB/sTransferred:   	    6.012 MiB / 6.012 MiB, 100%, 3.006 MiB/s, ETA 0s
Transferred:            0 / 1, 0%
Elapsed time:         2.9s
Transferring:
 * 2026_10_03-154811-GENE…OCKNIX_SETTINGS.tar.gz:100% / 6.012 MiB, 3.006 MiB/sTransferred:   	    6.012 MiB / 6.012 MiB, 100%, 2.004 MiB/s, ETA 0s
Transferred:            0 / 1, 0%
Elapsed time:         3.9s
Transferring:
 * 2026_10_03-154811-GENE…OCKNIX_SETTINGS.tar.gz:100% / 6.012 MiB, 2.004 MiB/sTransferred:   	    6.012 MiB / 6.012 MiB, 100%, 1.503 MiB/s, ETA 0s
Transferred:            0 / 1, 0%
Elapsed time:         4.9s
Transferring:
 * 2026_10_03-154811-GENE…OCKNIX_SETTINGS.tar.gz:100% / 6.012 MiB, 1.503 MiB/sTransferred:   	    6.012 MiB / 6.012 MiB, 100%, 1.202 MiB/s, ETA 0s
Transferred:            0 / 1, 0%
Elapsed time:         5.9s
Transferring:
 * 2026_10_03-154811-GENE…OCKNIX_SETTINGS.tar.gz:100% / 6.012 MiB, 1.202 MiB/sTransferred:   	    6.012 MiB / 6.012 MiB, 100%, 1.002 MiB/s, ETA 0s
Transferred:            0 / 1, 0%
Elapsed time:         6.9s
Transferring:
 * 2026_10_03-154811-GENE…OCKNIX_SETTINGS.tar.gz:100% / 6.012 MiB, 1.002 MiB/sTransferred:   	    6.012 MiB / 6.012 MiB, 100%, 879.323 KiB/s, ETA 0s
Transferred:            0 / 1, 0%
Elapsed time:         7.9s
Transferring:
 * 2026_10_03-154811-GENE…OCKNIX_SETTINGS.tar.gz:100% / 6.012 MiB, 879.338 KiBTransferred:   	    6.012 MiB / 6.012 MiB, 100%, 769.408 KiB/s, ETA 0s
Transferred:            0 / 1, 0%
Elapsed time:         8.9s
Transferring:
 * 2026_10_03-154811-GENE…OCKNIX_SETTINGS.tar.gz:100% / 6.012 MiB, 769.421 KiBTransferred:   	    6.012 MiB / 6.012 MiB, 100%, 683.918 KiB/s, ETA 0s
Transferred:            0 / 1, 0%
Elapsed time:         9.9s
Transferring:
 * 2026_10_03-154811-GENE…OCKNIX_SETTINGS.tar.gz:100% / 6.012 MiB, 683.930 KiBTransferred:   	    6.012 MiB / 6.012 MiB, 100%, 615.526 KiB/s, ETA 0s
Transferred:            1 / 1, 100%
Elapsed time:        10.3s
Transferred:   	        197 B / 197 B, 100%, 0 B/s, ETA -
Transferred:            1 / 1, 100%
Elapsed time:         0.0s

====================================
BACKUP SUMMARY:
Game saves: SKIPPED - SETTINGS ONLY
Settings backup: COMPLETED
Completed.
====================================
