bios|4|1|0|1|0|4|0
pico-8|0|1|0|0|1|0|0
sys01|9|0|0|1|0|9|0
sys02|9|0|0|1|0|9|0
sys03|9|0|0|1|0|9|0
sys04|9|0|0|1|0|9|0
sys05|9|0|0|1|0|9|0
sys06|9|0|0|1|0|9|0
sys07|9|0|0|1|0|9|0
sys08|9|0|0|1|0|9|0
sys09|9|0|0|1|0|9|0
sys10|9|0|0|1|0|9|0
sys11|9|0|0|1|0|9|0
sys12|9|0|0|1|0|9|0
sys13|9|0|0|1|0|9|0
sys14|9|0|0|1|0|9|0
sys15|9|0|0|1|0|9|0
sys16|9|0|0|1|0|9|0
sys17|9|0|0|1|0|9|0
sys18|9|0|0|1|0|9|0
sys19|9|0|0|1|0|9|0
sys20|9|0|0|1|0|9|0
sys21|9|0|0|1|0|9|0
sys22|9|0|0|1|0|9|0
sys23|9|0|0|1|0|9|0
sys24|9|0|0|1|0|9|0
