listremotes
listremotes
lsd qa: --contimeout 15s --timeout 30s --low-level-retries 3 --retries 1
backend features qa: --contimeout 15s --timeout 30s --low-level-retries 3 --retries 1
cat qa:/Rasteratops/.layout --contimeout 15s --timeout 30s --low-level-retries 3 --retries 1
lsf --files-only qa:/Rasteratops/ --contimeout 15s --timeout 30s --low-level-retries 3 --retries 1
lsf --files-only -R --exclude /backup/** --exclude /Backups/** --exclude /README.txt qa:/GAMES/ --contimeout 15s --timeout 30s --low-level-retries 3 --retries 1
lsf --files-only -R --exclude /backup/** --exclude /Backups/** --exclude /README.txt qa:/ROCKNIX/Saves/ --contimeout 15s --timeout 30s --low-level-retries 3 --retries 1
lsf --files-only -R --include *.{zip,tar.gz} qa:/GAMES/backup/ --contimeout 15s --timeout 30s --low-level-retries 3 --retries 1
listremotes
lsd qa: --contimeout 15s --timeout 30s --low-level-retries 3 --retries 1
backend features qa: --contimeout 15s --timeout 30s --low-level-retries 3 --retries 1
cat qa:/Rasteratops/.layout --contimeout 15s --timeout 30s --low-level-retries 3 --retries 1
lsf --files-only qa:/Rasteratops/ --contimeout 15s --timeout 30s --low-level-retries 3 --retries 1
lsf --files-only -R --exclude /backup/** --exclude /Backups/** --exclude /README.txt qa:/ROCKNIX/Saves/ --contimeout 15s --timeout 30s --low-level-retries 3 --retries 1
lsf qa:/Rasteratops/Saves --contimeout 15s --timeout 30s --low-level-retries 3 --retries 1
lsf --dirs-only qa:/Rasteratops/ --contimeout 15s --timeout 30s --low-level-retries 3 --retries 1
cat qa:/Rasteratops/.layout --contimeout 15s --timeout 30s --low-level-retries 3 --retries 1
listremotes
listremotes
lsd qa: --contimeout 15s --timeout 30s --low-level-retries 3 --retries 1
backend features qa: --contimeout 15s --timeout 30s --low-level-retries 3 --retries 1
cat qa:/Rasteratops/.layout --contimeout 15s --timeout 30s --low-level-retries 3 --retries 1
lsf --files-only qa:/Rasteratops/ --contimeout 15s --timeout 30s --low-level-retries 3 --retries 1
lsf --files-only -R --exclude /backup/** --exclude /Backups/** --exclude /README.txt qa:/ROCKNIX/Saves/ --contimeout 15s --timeout 30s --low-level-retries 3 --retries 1
lsf --files-only -R --exclude /backup/** --exclude /Backups/** --exclude /README.txt qa:/ROCKNIX/Saves/ --contimeout 15s --timeout 30s --low-level-retries 3 --retries 1
mkdir --s3-directory-markers qa:/ROCKNIX/Saves --contimeout 15s --timeout 30s --low-level-retries 3 --retries 1
mkdir --s3-directory-markers qa:/ROCKNIX/Saves/savefiles --contimeout 15s --timeout 30s --low-level-retries 3 --retries 1
mkdir --s3-directory-markers qa:/ROCKNIX/Saves/savestates --contimeout 15s --timeout 30s --low-level-retries 3 --retries 1
mkdir --s3-directory-markers qa:/ROCKNIX/Saves/screenshots --contimeout 15s --timeout 30s --low-level-retries 3 --retries 1
mkdir --s3-directory-markers qa:/ROCKNIX/Backups --contimeout 15s --timeout 30s --low-level-retries 3 --retries 1
mkdir --s3-directory-markers qa:/GAMES/Content --contimeout 15s --timeout 30s --low-level-retries 3 --retries 1
mkdir --s3-directory-markers qa:/GAMES/Content/ROMs --contimeout 15s --timeout 30s --low-level-retries 3 --retries 1
mkdir --s3-directory-markers qa:/GAMES/Content/BIOS --contimeout 15s --timeout 30s --low-level-retries 3 --retries 1
listremotes
lsd qa: --contimeout 15s --timeout 30s --low-level-retries 3 --retries 1
backend features qa: --contimeout 15s --timeout 30s --low-level-retries 3 --retries 1
cat qa:/Rasteratops/.layout --contimeout 15s --timeout 30s --low-level-retries 3 --retries 1
lsf --files-only qa:/Rasteratops/ --contimeout 15s --timeout 30s --low-level-retries 3 --retries 1
lsf --files-only qa:/ROCKNIX/Saves/ --contimeout 15s --timeout 30s --low-level-retries 3 --retries 1
copyto --ignore-existing /tmp/tmp.s3UY8pBaok qa:/ROCKNIX/Saves/README.txt --contimeout 15s --timeout 30s --low-level-retries 3 --retries 1
lsf --files-only qa:/ROCKNIX/Backups/ --contimeout 15s --timeout 30s --low-level-retries 3 --retries 1
copyto --ignore-existing /tmp/tmp.CtK47pevfW qa:/ROCKNIX/Backups/README.txt --contimeout 15s --timeout 30s --low-level-retries 3 --retries 1
lsf --files-only qa:/GAMES/Content/ --contimeout 15s --timeout 30s --low-level-retries 3 --retries 1
copyto --ignore-existing /tmp/tmp.8TlMxyDzms qa:/GAMES/Content/README.txt --contimeout 15s --timeout 30s --low-level-retries 3 --retries 1
lsf --files-only qa:/GAMES/Content/ROMs/ --contimeout 15s --timeout 30s --low-level-retries 3 --retries 1
copyto --ignore-existing /tmp/tmp.EDMsp1k1DH qa:/GAMES/Content/ROMs/README.txt --contimeout 15s --timeout 30s --low-level-retries 3 --retries 1
lsf --files-only qa:/GAMES/Content/BIOS/ --contimeout 15s --timeout 30s --low-level-retries 3 --retries 1
copyto --ignore-existing /tmp/tmp.kRjEhVR0y9 qa:/GAMES/Content/BIOS/README.txt --contimeout 15s --timeout 30s --low-level-retries 3 --retries 1
lsf qa:/ROCKNIX/Saves --contimeout 15s --timeout 30s --low-level-retries 3 --retries 1
lsf qa:/ROCKNIX/Backups --contimeout 15s --timeout 30s --low-level-retries 3 --retries 1
lsf qa:/GAMES/Content/ROMs --contimeout 15s --timeout 30s --low-level-retries 3 --retries 1
lsf qa:/GAMES/Content/BIOS --contimeout 15s --timeout 30s --low-level-retries 3 --retries 1
