    Updating crates.io index
 Downloading crates ...
  Downloaded toml_parser v1.0.1
  Downloaded strsim v0.11.1
  Downloaded itoa v1.0.15
  Downloaded is_terminal_polyfill v1.70.1
  Downloaded colorchoice v1.0.4
  Downloaded fastrand v2.3.0
  Downloaded anstyle-query v1.1.3
  Downloaded utf8parse v0.2.2
  Downloaded heck v0.5.0
  Downloaded errno v0.3.13
  Downloaded equivalent v1.0.2
  Downloaded cfg-if v1.0.1
  Downloaded toml_writer v1.0.2
  Downloaded anstyle-parse v0.2.7
  Downloaded anstyle v1.0.11
  Downloaded toml_datetime v0.7.0
  Downloaded quote v1.0.40
  Downloaded clap_lex v0.7.5
  Downloaded unicode-ident v1.0.18
  Downloaded anstream v0.6.19
  Downloaded serde_spanned v1.0.0
  Downloaded serde v1.0.228
  Downloaded once_cell v1.21.3
  Downloaded tempfile v3.20.0
  Downloaded ryu v1.0.20
  Downloaded toml v0.9.2
  Downloaded serde_derive v1.0.228
  Downloaded getrandom v0.3.3
  Downloaded clap v4.5.41
  Downloaded bitflags v2.9.1
  Downloaded proc-macro2 v1.0.95
  Downloaded log v0.4.27
  Downloaded serde_core v1.0.228
  Downloaded memchr v2.7.5
  Downloaded indexmap v2.5.0
  Downloaded hashbrown v0.14.5
  Downloaded serde_json v1.0.140
  Downloaded clap_builder v4.5.41
  Downloaded winnow v0.7.12
  Downloaded syn v2.0.104
  Downloaded rustix v1.0.8
  Downloaded libc v0.2.174
  Downloaded linux-raw-sys v0.9.4
 Downloading crates ...
  Downloaded pretty_assertions v1.4.1
 Downloading crates ...
  Downloaded serial_test v2.0.0
   Compiling proc-macro2 v1.0.95
   Compiling unicode-ident v1.0.18
   Compiling serde_core v1.0.228
   Compiling serde v1.0.228
   Compiling utf8parse v0.2.2
   Compiling libc v0.2.174
   Compiling anstyle v1.0.11
   Compiling anstyle-parse v0.2.7
   Compiling colorchoice v1.0.4
   Compiling rustix v1.0.8
   Compiling is_terminal_polyfill v1.70.1
   Compiling anstyle-query v1.1.3
   Compiling getrandom v0.3.3
   Compiling anstream v0.6.19
   Compiling strsim v0.11.1
   Compiling clap_lex v0.7.5
   Compiling cfg-if v1.0.1
   Compiling winnow v0.7.12
   Compiling quote v1.0.40
   Compiling linux-raw-sys v0.9.4
   Compiling serde_json v1.0.140
   Compiling bitflags v2.9.1
   Compiling syn v2.0.104
   Compiling clap_builder v4.5.41
   Compiling memchr v2.7.5
   Compiling equivalent v1.0.2
   Compiling toml_parser v1.0.1
   Compiling ryu v1.0.20
   Compiling itoa v1.0.15
   Compiling hashbrown v0.14.5
   Compiling once_cell v1.21.3
   Compiling cbindgen v0.29.4 (/tmp/rasteratops-dependencies-20261003/cbindgen)
   Compiling fastrand v2.3.0
   Compiling log v0.4.27
   Compiling tempfile v3.20.0
   Compiling heck v0.5.0
   Compiling indexmap v2.5.0
   Compiling serde_derive v1.0.228
   Compiling clap v4.5.41
   Compiling toml_datetime v0.7.0
   Compiling serde_spanned v1.0.0
   Compiling toml v0.9.2
    Finished `release` profile [optimized] target(s) in 19.52s
cbindgen 0.29.4
