-- The C compiler identification is GNU 15.2.0
-- The CXX compiler identification is GNU 15.2.0
-- Detecting C compiler ABI info
-- Detecting C compiler ABI info - done
-- Check for working C compiler: /usr/bin/gcc - skipped
-- Detecting C compile features
-- Detecting C compile features - done
-- Detecting CXX compiler ABI info
-- Detecting CXX compiler ABI info - done
-- Check for working CXX compiler: /usr/bin/g++ - skipped
-- Detecting CXX compile features
-- Detecting CXX compile features - done
-- Found Python3: /workspace/repos/rocknix.worktrees/generic-x64/build.ROCKNIX-GENERIC_X64.x86_64/toolchain/bin/python3.14 (found version "3.14.7") found components: Interpreter
-- Configuring done (0.3s)
-- Generating done (0.0s)
-- Build files have been written to: /tmp/rasteratops-dependencies-20261003/tools-build
[1/333] Generating SPIRV-Tools-shared.pc
[2/333] Generating SPIRV-Tools.pc
[3/333] Generate language specific header for DebugInfo.
[4/333] Generate language specific header for OpenCLDebugInfo100.
[5/333] Generate grammar tables
[6/333] Generate tables based on the SPIR-V XML registry.
[7/333] Update build-version.inc in the SPIRV-Tools build directory (if necessary).
[8/333] Building CXX object source/CMakeFiles/SPIRV-Tools-static.dir/ext_inst.cpp.o
[9/333] Building CXX object source/CMakeFiles/SPIRV-Tools-static.dir/util/bit_vector.cpp.o
[10/333] Building CXX object source/CMakeFiles/SPIRV-Tools-static.dir/util/string_utils.cpp.o
[11/333] Building CXX object source/CMakeFiles/SPIRV-Tools-static.dir/assembly_grammar.cpp.o
[12/333] Building CXX object source/CMakeFiles/SPIRV-Tools-static.dir/diagnostic.cpp.o
[13/333] Building CXX object source/CMakeFiles/SPIRV-Tools-static.dir/extensions.cpp.o
[14/333] Building CXX object source/CMakeFiles/SPIRV-Tools-static.dir/libspirv.cpp.o
[15/333] Building CXX object source/CMakeFiles/SPIRV-Tools-static.dir/opcode.cpp.o
[16/333] Building CXX object source/CMakeFiles/SPIRV-Tools-static.dir/software_version.cpp.o
[17/333] Building CXX object source/CMakeFiles/SPIRV-Tools-static.dir/spirv_endian.cpp.o
[18/333] Building CXX object source/CMakeFiles/SPIRV-Tools-static.dir/print.cpp.o
[19/333] Building CXX object source/CMakeFiles/SPIRV-Tools-static.dir/spirv_optimizer_options.cpp.o
[20/333] Building CXX object source/CMakeFiles/SPIRV-Tools-static.dir/operand.cpp.o
[21/333] Building CXX object source/CMakeFiles/SPIRV-Tools-static.dir/spirv_fuzzer_options.cpp.o
[22/333] Building CXX object source/CMakeFiles/SPIRV-Tools-static.dir/spirv_validator_options.cpp.o
[23/333] Building CXX object source/CMakeFiles/SPIRV-Tools-static.dir/spirv_reducer_options.cpp.o
[24/333] Building CXX object source/CMakeFiles/SPIRV-Tools-static.dir/binary.cpp.o
[25/333] Building CXX object source/CMakeFiles/SPIRV-Tools-static.dir/spirv_target_env.cpp.o
[26/333] Building CXX object source/CMakeFiles/SPIRV-Tools-static.dir/name_mapper.cpp.o
[27/333] Building CXX object source/CMakeFiles/SPIRV-Tools-static.dir/parsed_operand.cpp.o
[28/333] Building CXX object source/CMakeFiles/SPIRV-Tools-static.dir/disassemble.cpp.o
[29/333] Building CXX object source/CMakeFiles/SPIRV-Tools-static.dir/table.cpp.o
[30/333] Building CXX object source/CMakeFiles/SPIRV-Tools-static.dir/to_string.cpp.o
[31/333] Building CXX object source/CMakeFiles/SPIRV-Tools-static.dir/table2.cpp.o
[32/333] Building CXX object source/CMakeFiles/SPIRV-Tools-static.dir/val/validate_adjacency.cpp.o
[33/333] Building CXX object source/CMakeFiles/SPIRV-Tools-static.dir/util/parse_number.cpp.o
[34/333] Building CXX object source/CMakeFiles/SPIRV-Tools-static.dir/text_handler.cpp.o
[35/333] Building CXX object source/CMakeFiles/SPIRV-Tools-static.dir/val/validate_arithmetics.cpp.o
[36/333] Building CXX object source/CMakeFiles/SPIRV-Tools-static.dir/val/validate_atomics.cpp.o
[37/333] Building CXX object source/CMakeFiles/SPIRV-Tools-static.dir/text.cpp.o
[38/333] Building CXX object source/CMakeFiles/SPIRV-Tools-static.dir/val/validate_annotation.cpp.o
[39/333] Building CXX object source/CMakeFiles/SPIRV-Tools-static.dir/val/validate_barriers.cpp.o
[40/333] Building CXX object source/CMakeFiles/SPIRV-Tools-static.dir/val/validate.cpp.o
[41/333] Building CXX object source/CMakeFiles/SPIRV-Tools-static.dir/val/validate_bitwise.cpp.o
[42/333] Building CXX object source/CMakeFiles/SPIRV-Tools-static.dir/val/validate_capability.cpp.o
[43/333] Building CXX object source/CMakeFiles/SPIRV-Tools-static.dir/val/validate_debug.cpp.o
[44/333] Building CXX object source/CMakeFiles/SPIRV-Tools-static.dir/val/validate_composites.cpp.o
[45/333] Building CXX object source/CMakeFiles/SPIRV-Tools-static.dir/val/validate_constants.cpp.o
[46/333] Building CXX object source/CMakeFiles/SPIRV-Tools-static.dir/val/validate_conversion.cpp.o
[47/333] Building CXX object source/CMakeFiles/SPIRV-Tools-static.dir/val/validate_derivatives.cpp.o
[48/333] Building CXX object source/CMakeFiles/SPIRV-Tools-static.dir/val/validate_dot_product.cpp.o
[49/333] Building CXX object source/CMakeFiles/SPIRV-Tools-static.dir/val/validate_execution_limitations.cpp.o
[50/333] Building CXX object source/CMakeFiles/SPIRV-Tools-static.dir/val/validate_decorations.cpp.o
[51/333] Building CXX object source/CMakeFiles/SPIRV-Tools-static.dir/val/validate_cfg.cpp.o
[52/333] Building CXX object source/CMakeFiles/SPIRV-Tools-static.dir/val/validate_function.cpp.o
[53/333] Building CXX object source/CMakeFiles/SPIRV-Tools-static.dir/val/validate_group.cpp.o
[54/333] Building CXX object source/CMakeFiles/SPIRV-Tools-static.dir/val/validate_graph.cpp.o
[55/333] Building CXX object source/CMakeFiles/SPIRV-Tools-static.dir/val/validate_explicit_layout.cpp.o
[56/333] Building CXX object source/CMakeFiles/SPIRV-Tools-static.dir/val/validate_id.cpp.o
[57/333] Building CXX object source/CMakeFiles/SPIRV-Tools-static.dir/val/validate_layout.cpp.o
[58/333] Building CXX object source/CMakeFiles/SPIRV-Tools-static.dir/val/validate_extensions.cpp.o
[59/333] Building CXX object source/CMakeFiles/SPIRV-Tools-static.dir/val/validate_literals.cpp.o
[60/333] Building CXX object source/CMakeFiles/SPIRV-Tools-static.dir/val/validate_instruction.cpp.o
[61/333] Building CXX object source/CMakeFiles/SPIRV-Tools-static.dir/val/validate_interfaces.cpp.o
[62/333] Building CXX object source/CMakeFiles/SPIRV-Tools-static.dir/val/validate_logicals.cpp.o
[63/333] Building CXX object source/CMakeFiles/SPIRV-Tools-static.dir/val/validate_image.cpp.o
[64/333] Building CXX object source/CMakeFiles/SPIRV-Tools-static.dir/val/validate_memory_semantics.cpp.o
[65/333] Building CXX object source/CMakeFiles/SPIRV-Tools-static.dir/val/validate_builtins.cpp.o
[66/333] Building CXX object source/CMakeFiles/SPIRV-Tools-static.dir/val/validate_mesh_shading.cpp.o
[67/333] Building CXX object source/CMakeFiles/SPIRV-Tools-static.dir/val/validate_logical_pointers.cpp.o
[68/333] Building CXX object source/CMakeFiles/SPIRV-Tools-static.dir/val/validate_misc.cpp.o
[69/333] Building CXX object source/CMakeFiles/SPIRV-Tools-static.dir/val/validate_non_uniform.cpp.o
[70/333] Building CXX object source/CMakeFiles/SPIRV-Tools-static.dir/val/validate_pipe.cpp.o
[71/333] Building CXX object source/CMakeFiles/SPIRV-Tools-static.dir/val/validate_primitives.cpp.o
[72/333] Building CXX object source/CMakeFiles/SPIRV-Tools-static.dir/val/validate_ray_query.cpp.o
[73/333] Building CXX object source/CMakeFiles/SPIRV-Tools-static.dir/val/validate_ray_tracing.cpp.o
[74/333] Building CXX object source/CMakeFiles/SPIRV-Tools-static.dir/val/validate_mode_setting.cpp.o
[75/333] Building CXX object source/CMakeFiles/SPIRV-Tools-static.dir/val/validate_scopes.cpp.o
[76/333] Building CXX object source/CMakeFiles/SPIRV-Tools-static.dir/val/validate_memory.cpp.o
[77/333] Building CXX object source/CMakeFiles/SPIRV-Tools-static.dir/val/validate_small_type_uses.cpp.o
[78/333] Building CXX object source/CMakeFiles/SPIRV-Tools-static.dir/val/validate_tensor_layout.cpp.o
[79/333] Building CXX object source/CMakeFiles/SPIRV-Tools-static.dir/val/validate_tensor.cpp.o
[80/333] Building CXX object source/CMakeFiles/SPIRV-Tools-static.dir/val/validate_invalid_type.cpp.o
[81/333] Building CXX object source/CMakeFiles/SPIRV-Tools-static.dir/val/basic_block.cpp.o
[82/333] Building CXX object source/CMakeFiles/SPIRV-Tools-static.dir/val/validate_ray_tracing_reorder.cpp.o
[83/333] Building CXX object source/CMakeFiles/SPIRV-Tools-static.dir/util/timer.cpp.o
[84/333] Building CXX object source/CMakeFiles/SPIRV-Tools-static.dir/val/instruction.cpp.o
[85/333] Building CXX object source/CMakeFiles/SPIRV-Tools-static.dir/val/construct.cpp.o
[86/333] Building CXX object source/CMakeFiles/SPIRV-Tools-static.dir/val/validate_type.cpp.o
[87/333] Building CXX object source/CMakeFiles/SPIRV-Tools-static.dir/val/function.cpp.o
[88/333] Building CXX object source/opt/CMakeFiles/SPIRV-Tools-opt.dir/analyze_live_input_pass.cpp.o
[89/333] Building CXX object source/opt/CMakeFiles/SPIRV-Tools-opt.dir/fix_func_call_arguments.cpp.o
[90/333] Building CXX object source/opt/CMakeFiles/SPIRV-Tools-opt.dir/block_merge_pass.cpp.o
[91/333] Building CXX object source/opt/CMakeFiles/SPIRV-Tools-opt.dir/basic_block.cpp.o
[92/333] Building CXX object source/CMakeFiles/SPIRV-Tools-static.dir/val/validation_state.cpp.o
[93/333] Linking CXX static library source/libSPIRV-Tools.a
[94/333] Building CXX object source/opt/CMakeFiles/SPIRV-Tools-opt.dir/block_merge_util.cpp.o
[95/333] Building CXX object source/opt/CMakeFiles/SPIRV-Tools-opt.dir/amd_ext_to_khr.cpp.o
[96/333] Building CXX object source/opt/CMakeFiles/SPIRV-Tools-opt.dir/aggressive_dead_code_elim_pass.cpp.o
[97/333] Building CXX object source/opt/CMakeFiles/SPIRV-Tools-opt.dir/cfg_cleanup_pass.cpp.o
[98/333] Building CXX object source/opt/CMakeFiles/SPIRV-Tools-opt.dir/ccp_pass.cpp.o
[99/333] Building CXX object source/opt/CMakeFiles/SPIRV-Tools-opt.dir/build_module.cpp.o
[100/333] Building CXX object source/opt/CMakeFiles/SPIRV-Tools-opt.dir/code_sink.cpp.o
[101/333] Building CXX object source/opt/CMakeFiles/SPIRV-Tools-opt.dir/control_dependence.cpp.o
[102/333] Building CXX object source/opt/CMakeFiles/SPIRV-Tools-opt.dir/compact_ids_pass.cpp.o
[103/333] Building CXX object source/opt/CMakeFiles/SPIRV-Tools-opt.dir/composite.cpp.o
[104/333] Building CXX object source/opt/CMakeFiles/SPIRV-Tools-opt.dir/cfg.cpp.o
[105/333] Building CXX object source/opt/CMakeFiles/SPIRV-Tools-opt.dir/combine_access_chains.cpp.o
[106/333] Building CXX object source/opt/CMakeFiles/SPIRV-Tools-opt.dir/dataflow.cpp.o
[107/333] Building CXX object source/opt/CMakeFiles/SPIRV-Tools-opt.dir/constants.cpp.o
[108/333] Building CXX object source/opt/CMakeFiles/SPIRV-Tools-opt.dir/const_folding_rules.cpp.o
[109/333] Building CXX object source/opt/CMakeFiles/SPIRV-Tools-opt.dir/convert_to_sampled_image_pass.cpp.o
[110/333] Building CXX object source/opt/CMakeFiles/SPIRV-Tools-opt.dir/convert_to_half_pass.cpp.o
[111/333] Building CXX object source/opt/CMakeFiles/SPIRV-Tools-opt.dir/copy_prop_arrays.cpp.o
[112/333] Building CXX object source/opt/CMakeFiles/SPIRV-Tools-opt.dir/convert_to_untyped.cpp.o
[113/333] Building CXX object source/opt/CMakeFiles/SPIRV-Tools-opt.dir/dead_branch_elim_pass.cpp.o
[114/333] Building CXX object source/opt/CMakeFiles/SPIRV-Tools-opt.dir/dead_variable_elimination.cpp.o
[115/333] Building CXX object source/opt/CMakeFiles/SPIRV-Tools-opt.dir/def_use_manager.cpp.o
[116/333] Building CXX object source/opt/CMakeFiles/SPIRV-Tools-opt.dir/dead_insert_elim_pass.cpp.o
[117/333] Building CXX object source/opt/CMakeFiles/SPIRV-Tools-opt.dir/decoration_manager.cpp.o
[118/333] Building CXX object source/opt/CMakeFiles/SPIRV-Tools-opt.dir/desc_sroa_util.cpp.o
[119/333] Building CXX object source/opt/CMakeFiles/SPIRV-Tools-opt.dir/dominator_analysis.cpp.o
[120/333] Building CXX object source/opt/CMakeFiles/SPIRV-Tools-opt.dir/debug_info_manager.cpp.o
[121/333] Building CXX object source/opt/CMakeFiles/SPIRV-Tools-opt.dir/eliminate_dead_functions_pass.cpp.o
[122/333] Building CXX object source/opt/CMakeFiles/SPIRV-Tools-opt.dir/eliminate_dead_constant_pass.cpp.o
[123/333] Building CXX object source/opt/CMakeFiles/SPIRV-Tools-opt.dir/desc_sroa.cpp.o
[124/333] Building CXX object source/opt/CMakeFiles/SPIRV-Tools-opt.dir/dominator_tree.cpp.o
[125/333] Building CXX object source/opt/CMakeFiles/SPIRV-Tools-opt.dir/feature_manager.cpp.o
[126/333] Building CXX object source/opt/CMakeFiles/SPIRV-Tools-opt.dir/eliminate_dead_functions_util.cpp.o
[127/333] Building CXX object source/opt/CMakeFiles/SPIRV-Tools-opt.dir/eliminate_dead_output_stores_pass.cpp.o
[128/333] Building CXX object source/opt/CMakeFiles/SPIRV-Tools-opt.dir/eliminate_dead_io_components_pass.cpp.o
[129/333] Building CXX object source/opt/CMakeFiles/SPIRV-Tools-opt.dir/fix_storage_class.cpp.o
[130/333] Building CXX object source/opt/CMakeFiles/SPIRV-Tools-opt.dir/flatten_decoration_pass.cpp.o
[131/333] Building CXX object source/opt/CMakeFiles/SPIRV-Tools-opt.dir/eliminate_dead_members_pass.cpp.o
[132/333] Building CXX object source/opt/CMakeFiles/SPIRV-Tools-opt.dir/graph.cpp.o
[133/333] Building CXX object source/opt/CMakeFiles/SPIRV-Tools-opt.dir/fold.cpp.o
[134/333] Building CXX object source/opt/CMakeFiles/SPIRV-Tools-opt.dir/freeze_spec_constant_value_pass.cpp.o
[135/333] Building CXX object source/opt/CMakeFiles/SPIRV-Tools-opt.dir/fold_spec_constant_op_and_composite_pass.cpp.o
[136/333] Building CXX object source/opt/CMakeFiles/SPIRV-Tools-opt.dir/function.cpp.o
[137/333] Building CXX object source/opt/CMakeFiles/SPIRV-Tools-opt.dir/instruction_list.cpp.o
[138/333] Building CXX object source/opt/CMakeFiles/SPIRV-Tools-opt.dir/inline_exhaustive_pass.cpp.o
[139/333] Building CXX object source/opt/CMakeFiles/SPIRV-Tools-opt.dir/inline_opaque_pass.cpp.o
[140/333] Building CXX object source/opt/CMakeFiles/SPIRV-Tools-opt.dir/graphics_robust_access_pass.cpp.o
[141/333] Building CXX object source/opt/CMakeFiles/SPIRV-Tools-opt.dir/if_conversion.cpp.o
[142/333] Building CXX object source/opt/CMakeFiles/SPIRV-Tools-opt.dir/folding_rules.cpp.o
[143/333] Building CXX object source/opt/CMakeFiles/SPIRV-Tools-opt.dir/inline_pass.cpp.o
[144/333] Building CXX object source/opt/CMakeFiles/SPIRV-Tools-opt.dir/instruction.cpp.o
[145/333] Building CXX object source/opt/CMakeFiles/SPIRV-Tools-opt.dir/interp_fixup_pass.cpp.o
[146/333] Building CXX object source/opt/CMakeFiles/SPIRV-Tools-opt.dir/opextinst_forward_ref_fixup_pass.cpp.o
[147/333] Building CXX object source/opt/CMakeFiles/SPIRV-Tools-opt.dir/invocation_interlock_placement_pass.cpp.o
[148/333] Building CXX object source/opt/CMakeFiles/SPIRV-Tools-opt.dir/interface_var_sroa.cpp.o
[149/333] Building CXX object source/opt/CMakeFiles/SPIRV-Tools-opt.dir/licm_pass.cpp.o
[150/333] Building CXX object source/opt/CMakeFiles/SPIRV-Tools-opt.dir/ir_loader.cpp.o
[151/333] Building CXX object source/opt/CMakeFiles/SPIRV-Tools-opt.dir/liveness.cpp.o
[152/333] Building CXX object source/opt/CMakeFiles/SPIRV-Tools-opt.dir/local_redundancy_elimination.cpp.o
[153/333] Building CXX object source/opt/CMakeFiles/SPIRV-Tools-opt.dir/legalize_multidim_array_pass.cpp.o
[154/333] Building CXX object source/opt/CMakeFiles/SPIRV-Tools-opt.dir/ir_context.cpp.o
[155/333] Building CXX object source/opt/CMakeFiles/SPIRV-Tools-opt.dir/local_access_chain_convert_pass.cpp.o
[156/333] Building CXX object source/opt/CMakeFiles/SPIRV-Tools-opt.dir/local_single_block_elim_pass.cpp.o
[157/333] Building CXX object source/opt/CMakeFiles/SPIRV-Tools-opt.dir/local_single_store_elim_pass.cpp.o
[158/333] Building CXX object source/opt/CMakeFiles/SPIRV-Tools-opt.dir/loop_dependence_helpers.cpp.o
[159/333] Building CXX object source/opt/CMakeFiles/SPIRV-Tools-opt.dir/loop_fusion_pass.cpp.o
[160/333] Building CXX object source/opt/CMakeFiles/SPIRV-Tools-opt.dir/loop_dependence.cpp.o
[161/333] Building CXX object source/opt/CMakeFiles/SPIRV-Tools-opt.dir/loop_fission.cpp.o
[162/333] Building CXX object source/opt/CMakeFiles/SPIRV-Tools-opt.dir/loop_descriptor.cpp.o
[163/333] Building CXX object source/opt/CMakeFiles/SPIRV-Tools-opt.dir/loop_fusion.cpp.o
[164/333] Building CXX object source/opt/CMakeFiles/SPIRV-Tools-opt.dir/loop_peeling.cpp.o
[165/333] Building CXX object source/opt/CMakeFiles/SPIRV-Tools-opt.dir/loop_utils.cpp.o
[166/333] Building CXX object source/opt/CMakeFiles/SPIRV-Tools-opt.dir/loop_unroller.cpp.o
[167/333] Building CXX object source/opt/CMakeFiles/SPIRV-Tools-opt.dir/mem_pass.cpp.o
[168/333] Building CXX object source/opt/CMakeFiles/SPIRV-Tools-opt.dir/modify_maximal_reconvergence.cpp.o
[169/333] Building CXX object source/opt/CMakeFiles/SPIRV-Tools-opt.dir/module.cpp.o
[170/333] Building CXX object source/opt/CMakeFiles/SPIRV-Tools-opt.dir/loop_unswitch_pass.cpp.o
[171/333] Building CXX object source/opt/CMakeFiles/SPIRV-Tools-opt.dir/merge_return_pass.cpp.o
[172/333] Building CXX object source/opt/CMakeFiles/SPIRV-Tools-opt.dir/pass_manager.cpp.o
[173/333] Building CXX object source/opt/CMakeFiles/SPIRV-Tools-opt.dir/pass.cpp.o
[174/333] Building CXX object source/opt/CMakeFiles/SPIRV-Tools-opt.dir/redundancy_elimination.cpp.o
[175/333] Building CXX object source/opt/CMakeFiles/SPIRV-Tools-opt.dir/reduce_load_size.cpp.o
[176/333] Building CXX object source/opt/CMakeFiles/SPIRV-Tools-opt.dir/private_to_local_pass.cpp.o
[177/333] Building CXX object source/opt/CMakeFiles/SPIRV-Tools-opt.dir/propagator.cpp.o
[178/333] Building CXX object source/opt/CMakeFiles/SPIRV-Tools-opt.dir/relax_float_ops_pass.cpp.o
[179/333] Building CXX object source/opt/CMakeFiles/SPIRV-Tools-opt.dir/remove_dontinline_pass.cpp.o
[180/333] Building CXX object source/opt/CMakeFiles/SPIRV-Tools-opt.dir/canonicalize_ids_pass.cpp.o
[181/333] Building CXX object source/opt/CMakeFiles/SPIRV-Tools-opt.dir/optimizer.cpp.o
[182/333] Building CXX object source/opt/CMakeFiles/SPIRV-Tools-opt.dir/remove_unused_interface_variables_pass.cpp.o
[183/333] Building CXX object source/opt/CMakeFiles/SPIRV-Tools-opt.dir/remove_duplicates_pass.cpp.o
[184/333] Building CXX object source/opt/CMakeFiles/SPIRV-Tools-opt.dir/register_pressure.cpp.o
[185/333] Building CXX object source/opt/CMakeFiles/SPIRV-Tools-opt.dir/scalar_analysis_simplification.cpp.o
[186/333] Building CXX object source/opt/CMakeFiles/SPIRV-Tools-opt.dir/replace_desc_array_access_using_var_index.cpp.o
[187/333] Building CXX object source/opt/CMakeFiles/SPIRV-Tools-opt.dir/replace_invalid_opc.cpp.o
[188/333] Building CXX object source/opt/CMakeFiles/SPIRV-Tools-opt.dir/resolve_binding_conflicts_pass.cpp.o
[189/333] Building CXX object source/opt/CMakeFiles/SPIRV-Tools-opt.dir/set_spec_constant_default_value_pass.cpp.o
[190/333] Building CXX object source/opt/CMakeFiles/SPIRV-Tools-opt.dir/simplification_pass.cpp.o
[191/333] Building CXX object source/opt/CMakeFiles/SPIRV-Tools-opt.dir/scalar_analysis.cpp.o
[192/333] Building CXX object source/opt/CMakeFiles/SPIRV-Tools-opt.dir/spread_volatile_semantics.cpp.o
[193/333] Building CXX object source/opt/CMakeFiles/SPIRV-Tools-opt.dir/scalar_replacement_pass.cpp.o
[194/333] Building CXX object source/opt/CMakeFiles/SPIRV-Tools-opt.dir/strip_nonsemantic_info_pass.cpp.o
[195/333] Building CXX object source/opt/CMakeFiles/SPIRV-Tools-opt.dir/strip_debug_info_pass.cpp.o
[196/333] Building CXX object source/opt/CMakeFiles/SPIRV-Tools-opt.dir/strength_reduction_pass.cpp.o
[197/333] Building CXX object source/opt/CMakeFiles/SPIRV-Tools-opt.dir/split_combined_image_sampler_pass.cpp.o
[198/333] Building CXX object source/opt/CMakeFiles/SPIRV-Tools-opt.dir/ssa_rewrite_pass.cpp.o
[199/333] Building CXX object source/opt/CMakeFiles/SPIRV-Tools-opt.dir/struct_cfg_analysis.cpp.o
[200/333] Building CXX object source/opt/CMakeFiles/SPIRV-Tools-opt.dir/struct_packing_pass.cpp.o
[201/333] Building CXX object source/opt/CMakeFiles/SPIRV-Tools-opt.dir/switch_descriptorset_pass.cpp.o
[202/333] Building CXX object source/opt/CMakeFiles/SPIRV-Tools-opt.dir/unify_const_pass.cpp.o
[203/333] Building CXX object source/opt/CMakeFiles/SPIRV-Tools-opt.dir/types.cpp.o
[204/333] Building CXX object source/opt/CMakeFiles/SPIRV-Tools-opt.dir/trim_capabilities_pass.cpp.o
[205/333] Building CXX object source/CMakeFiles/SPIRV-Tools-shared.dir/util/bit_vector.cpp.o
[206/333] Building CXX object source/opt/CMakeFiles/SPIRV-Tools-opt.dir/value_number_table.cpp.o
[207/333] Building CXX object source/CMakeFiles/SPIRV-Tools-shared.dir/util/string_utils.cpp.o
[208/333] Building CXX object source/opt/CMakeFiles/SPIRV-Tools-opt.dir/workaround1209.cpp.o
[209/333] Building CXX object source/CMakeFiles/SPIRV-Tools-shared.dir/assembly_grammar.cpp.o
[210/333] Building CXX object source/opt/CMakeFiles/SPIRV-Tools-opt.dir/type_manager.cpp.o
[211/333] Building CXX object source/opt/CMakeFiles/SPIRV-Tools-opt.dir/vector_dce.cpp.o
[212/333] Building CXX object source/CMakeFiles/SPIRV-Tools-shared.dir/diagnostic.cpp.o
[213/333] Building CXX object source/CMakeFiles/SPIRV-Tools-shared.dir/ext_inst.cpp.o
[214/333] Building CXX object source/opt/CMakeFiles/SPIRV-Tools-opt.dir/upgrade_memory_model.cpp.o
[215/333] Building CXX object source/CMakeFiles/SPIRV-Tools-shared.dir/extensions.cpp.o
[216/333] Building CXX object source/CMakeFiles/SPIRV-Tools-shared.dir/libspirv.cpp.o
[217/333] Building CXX object source/CMakeFiles/SPIRV-Tools-shared.dir/binary.cpp.o
[218/333] Building CXX object source/CMakeFiles/SPIRV-Tools-shared.dir/opcode.cpp.o
[219/333] Building CXX object source/CMakeFiles/SPIRV-Tools-shared.dir/software_version.cpp.o
[220/333] Building CXX object source/CMakeFiles/SPIRV-Tools-shared.dir/spirv_endian.cpp.o
[221/333] Building CXX object source/CMakeFiles/SPIRV-Tools-shared.dir/print.cpp.o
[222/333] Building CXX object source/CMakeFiles/SPIRV-Tools-shared.dir/spirv_fuzzer_options.cpp.o
[223/333] Building CXX object source/CMakeFiles/SPIRV-Tools-shared.dir/spirv_optimizer_options.cpp.o
[224/333] Building CXX object source/opt/CMakeFiles/SPIRV-Tools-opt.dir/wrap_opkill.cpp.o
[225/333] Building CXX object source/CMakeFiles/SPIRV-Tools-shared.dir/spirv_reducer_options.cpp.o
[226/333] Building CXX object source/CMakeFiles/SPIRV-Tools-shared.dir/operand.cpp.o
[227/333] Building CXX object source/CMakeFiles/SPIRV-Tools-shared.dir/spirv_validator_options.cpp.o
[228/333] Building CXX object source/CMakeFiles/SPIRV-Tools-shared.dir/parsed_operand.cpp.o
[229/333] Building CXX object source/CMakeFiles/SPIRV-Tools-shared.dir/spirv_target_env.cpp.o
[230/333] Building CXX object source/CMakeFiles/SPIRV-Tools-shared.dir/name_mapper.cpp.o
[231/333] Building CXX object source/CMakeFiles/SPIRV-Tools-shared.dir/disassemble.cpp.o
[232/333] Building CXX object source/CMakeFiles/SPIRV-Tools-shared.dir/to_string.cpp.o
[233/333] Building CXX object source/CMakeFiles/SPIRV-Tools-shared.dir/table.cpp.o
[234/333] Building CXX object source/CMakeFiles/SPIRV-Tools-shared.dir/util/parse_number.cpp.o
[235/333] Building CXX object source/CMakeFiles/SPIRV-Tools-shared.dir/table2.cpp.o
[236/333] Building CXX object source/CMakeFiles/SPIRV-Tools-shared.dir/val/validate_adjacency.cpp.o
[237/333] Building CXX object source/CMakeFiles/SPIRV-Tools-shared.dir/text_handler.cpp.o
[238/333] Building CXX object source/CMakeFiles/SPIRV-Tools-shared.dir/val/validate_atomics.cpp.o
[239/333] Building CXX object source/CMakeFiles/SPIRV-Tools-shared.dir/val/validate_barriers.cpp.o
[240/333] Building CXX object source/CMakeFiles/SPIRV-Tools-shared.dir/val/validate_arithmetics.cpp.o
[241/333] Building CXX object source/CMakeFiles/SPIRV-Tools-shared.dir/text.cpp.o
[242/333] Building CXX object source/CMakeFiles/SPIRV-Tools-shared.dir/val/validate_bitwise.cpp.o
[243/333] Building CXX object source/CMakeFiles/SPIRV-Tools-shared.dir/val/validate_annotation.cpp.o
[244/333] Building CXX object source/CMakeFiles/SPIRV-Tools-shared.dir/val/validate.cpp.o
[245/333] Building CXX object source/CMakeFiles/SPIRV-Tools-shared.dir/val/validate_capability.cpp.o
[246/333] Building CXX object source/CMakeFiles/SPIRV-Tools-shared.dir/val/validate_debug.cpp.o
[247/333] Building CXX object source/CMakeFiles/SPIRV-Tools-shared.dir/val/validate_composites.cpp.o
[248/333] Building CXX object source/CMakeFiles/SPIRV-Tools-shared.dir/val/validate_constants.cpp.o
[249/333] Building CXX object source/CMakeFiles/SPIRV-Tools-shared.dir/val/validate_conversion.cpp.o
[250/333] Building CXX object source/CMakeFiles/SPIRV-Tools-shared.dir/val/validate_derivatives.cpp.o
[251/333] Building CXX object source/CMakeFiles/SPIRV-Tools-shared.dir/val/validate_dot_product.cpp.o
[252/333] Building CXX object source/CMakeFiles/SPIRV-Tools-shared.dir/val/validate_execution_limitations.cpp.o
[253/333] Building CXX object source/CMakeFiles/SPIRV-Tools-shared.dir/val/validate_decorations.cpp.o
[254/333] Building CXX object source/CMakeFiles/SPIRV-Tools-shared.dir/val/validate_cfg.cpp.o
[255/333] Building CXX object source/CMakeFiles/SPIRV-Tools-shared.dir/val/validate_function.cpp.o
[256/333] Building CXX object source/CMakeFiles/SPIRV-Tools-shared.dir/val/validate_group.cpp.o
[257/333] Building CXX object source/CMakeFiles/SPIRV-Tools-shared.dir/val/validate_graph.cpp.o
[258/333] Building CXX object source/CMakeFiles/SPIRV-Tools-shared.dir/val/validate_id.cpp.o
[259/333] Building CXX object source/CMakeFiles/SPIRV-Tools-shared.dir/val/validate_explicit_layout.cpp.o
[260/333] Building CXX object source/CMakeFiles/SPIRV-Tools-shared.dir/val/validate_layout.cpp.o
[261/333] Building CXX object source/CMakeFiles/SPIRV-Tools-shared.dir/val/validate_extensions.cpp.o
[262/333] Building CXX object source/CMakeFiles/SPIRV-Tools-shared.dir/val/validate_instruction.cpp.o
[263/333] Building CXX object source/CMakeFiles/SPIRV-Tools-shared.dir/val/validate_literals.cpp.o
[264/333] Building CXX object source/CMakeFiles/SPIRV-Tools-shared.dir/val/validate_logicals.cpp.o
[265/333] Building CXX object source/CMakeFiles/SPIRV-Tools-shared.dir/val/validate_interfaces.cpp.o
[266/333] Building CXX object source/CMakeFiles/SPIRV-Tools-shared.dir/val/validate_image.cpp.o
[267/333] Building CXX object source/CMakeFiles/SPIRV-Tools-shared.dir/val/validate_memory_semantics.cpp.o
[268/333] Building CXX object source/CMakeFiles/SPIRV-Tools-shared.dir/val/validate_misc.cpp.o
[269/333] Building CXX object source/CMakeFiles/SPIRV-Tools-shared.dir/val/validate_logical_pointers.cpp.o
[270/333] Building CXX object source/CMakeFiles/SPIRV-Tools-shared.dir/val/validate_mesh_shading.cpp.o
[271/333] Building CXX object source/CMakeFiles/SPIRV-Tools-shared.dir/val/validate_builtins.cpp.o
[272/333] Building CXX object source/CMakeFiles/SPIRV-Tools-shared.dir/val/validate_non_uniform.cpp.o
[273/333] Building CXX object source/CMakeFiles/SPIRV-Tools-shared.dir/val/validate_pipe.cpp.o
[274/333] Building CXX object source/CMakeFiles/SPIRV-Tools-shared.dir/val/validate_primitives.cpp.o
[275/333] Building CXX object source/CMakeFiles/SPIRV-Tools-shared.dir/val/validate_mode_setting.cpp.o
[276/333] Building CXX object source/CMakeFiles/SPIRV-Tools-shared.dir/val/validate_ray_query.cpp.o
[277/333] Building CXX object source/CMakeFiles/SPIRV-Tools-shared.dir/val/validate_ray_tracing.cpp.o
[278/333] Building CXX object source/CMakeFiles/SPIRV-Tools-shared.dir/val/validate_scopes.cpp.o
[279/333] Building CXX object source/CMakeFiles/SPIRV-Tools-shared.dir/val/validate_small_type_uses.cpp.o
[280/333] Building CXX object source/CMakeFiles/SPIRV-Tools-shared.dir/val/validate_memory.cpp.o
[281/333] Building CXX object source/CMakeFiles/SPIRV-Tools-shared.dir/val/validate_tensor_layout.cpp.o
[282/333] Building CXX object source/CMakeFiles/SPIRV-Tools-shared.dir/val/validate_tensor.cpp.o
[283/333] Building CXX object source/CMakeFiles/SPIRV-Tools-shared.dir/val/validate_invalid_type.cpp.o
[284/333] Building CXX object source/CMakeFiles/SPIRV-Tools-shared.dir/val/basic_block.cpp.o
[285/333] Building CXX object source/CMakeFiles/SPIRV-Tools-shared.dir/val/validate_ray_tracing_reorder.cpp.o
[286/333] Linking CXX static library source/opt/libSPIRV-Tools-opt.a
[287/333] Building CXX object source/CMakeFiles/SPIRV-Tools-shared.dir/util/timer.cpp.o
[288/333] Building CXX object source/CMakeFiles/SPIRV-Tools-shared.dir/val/instruction.cpp.o
[289/333] Building CXX object source/CMakeFiles/SPIRV-Tools-shared.dir/val/construct.cpp.o
[290/333] Building CXX object source/CMakeFiles/SPIRV-Tools-shared.dir/val/validate_type.cpp.o
[291/333] Building CXX object source/CMakeFiles/SPIRV-Tools-shared.dir/val/function.cpp.o
[292/333] Building CXX object source/reduce/CMakeFiles/SPIRV-Tools-reduce.dir/change_operand_reduction_opportunity.cpp.o
[293/333] Building CXX object source/reduce/CMakeFiles/SPIRV-Tools-reduce.dir/change_operand_to_undef_reduction_opportunity.cpp.o
[294/333] Building CXX object source/reduce/CMakeFiles/SPIRV-Tools-reduce.dir/conditional_branch_to_simple_conditional_branch_opportunity_finder.cpp.o
[295/333] Building CXX object source/reduce/CMakeFiles/SPIRV-Tools-reduce.dir/conditional_branch_to_simple_conditional_branch_reduction_opportunity.cpp.o
[296/333] Building CXX object source/reduce/CMakeFiles/SPIRV-Tools-reduce.dir/merge_blocks_reduction_opportunity_finder.cpp.o
[297/333] Building CXX object source/reduce/CMakeFiles/SPIRV-Tools-reduce.dir/reduction_opportunity.cpp.o
[298/333] Building CXX object source/reduce/CMakeFiles/SPIRV-Tools-reduce.dir/merge_blocks_reduction_opportunity.cpp.o
[299/333] Building CXX object source/reduce/CMakeFiles/SPIRV-Tools-reduce.dir/operand_to_const_reduction_opportunity_finder.cpp.o
[300/333] Building CXX object source/CMakeFiles/SPIRV-Tools-shared.dir/val/validation_state.cpp.o
[301/333] Building CXX object source/reduce/CMakeFiles/SPIRV-Tools-reduce.dir/operand_to_undef_reduction_opportunity_finder.cpp.o
[302/333] Building CXX object source/reduce/CMakeFiles/SPIRV-Tools-reduce.dir/operand_to_dominating_id_reduction_opportunity_finder.cpp.o
[303/333] Building CXX object source/reduce/CMakeFiles/SPIRV-Tools-reduce.dir/reducer.cpp.o
[304/333] Building CXX object source/reduce/CMakeFiles/SPIRV-Tools-reduce.dir/reduction_opportunity_finder.cpp.o
[305/333] Building CXX object source/reduce/CMakeFiles/SPIRV-Tools-reduce.dir/reduction_util.cpp.o
[306/333] Building CXX object source/reduce/CMakeFiles/SPIRV-Tools-reduce.dir/remove_block_reduction_opportunity.cpp.o
[307/333] Building CXX object source/reduce/CMakeFiles/SPIRV-Tools-reduce.dir/remove_block_reduction_opportunity_finder.cpp.o
[308/333] Building CXX object source/reduce/CMakeFiles/SPIRV-Tools-reduce.dir/reduction_pass.cpp.o
[309/333] Building CXX object source/reduce/CMakeFiles/SPIRV-Tools-reduce.dir/remove_function_reduction_opportunity_finder.cpp.o
[310/333] Building CXX object source/reduce/CMakeFiles/SPIRV-Tools-reduce.dir/remove_function_reduction_opportunity.cpp.o
[311/333] Building CXX object source/reduce/CMakeFiles/SPIRV-Tools-reduce.dir/remove_selection_reduction_opportunity.cpp.o
[312/333] Building CXX object source/reduce/CMakeFiles/SPIRV-Tools-reduce.dir/remove_instruction_reduction_opportunity.cpp.o
[313/333] Building CXX object source/reduce/CMakeFiles/SPIRV-Tools-reduce.dir/remove_selection_reduction_opportunity_finder.cpp.o
[314/333] Building CXX object source/reduce/CMakeFiles/SPIRV-Tools-reduce.dir/remove_unused_instruction_reduction_opportunity_finder.cpp.o
[315/333] Building CXX object source/reduce/CMakeFiles/SPIRV-Tools-reduce.dir/remove_struct_member_reduction_opportunity.cpp.o
[316/333] Building CXX object source/reduce/CMakeFiles/SPIRV-Tools-reduce.dir/remove_unused_struct_member_reduction_opportunity_finder.cpp.o
[317/333] Building CXX object source/reduce/CMakeFiles/SPIRV-Tools-reduce.dir/simple_conditional_branch_to_branch_opportunity_finder.cpp.o
[318/333] Building CXX object source/reduce/CMakeFiles/SPIRV-Tools-reduce.dir/simple_conditional_branch_to_branch_reduction_opportunity.cpp.o
[319/333] Building CXX object source/reduce/CMakeFiles/SPIRV-Tools-reduce.dir/structured_construct_to_block_reduction_opportunity.cpp.o
[320/333] Building CXX object source/reduce/CMakeFiles/SPIRV-Tools-reduce.dir/structured_construct_to_block_reduction_opportunity_finder.cpp.o
[321/333] Building CXX object source/reduce/CMakeFiles/SPIRV-Tools-reduce.dir/structured_loop_to_selection_reduction_opportunity_finder.cpp.o
[322/333] Linking CXX shared library source/libSPIRV-Tools-shared.so
[323/333] Building CXX object source/reduce/CMakeFiles/SPIRV-Tools-reduce.dir/structured_loop_to_selection_reduction_opportunity.cpp.o
[324/333] Linking CXX static library source/reduce/libSPIRV-Tools-reduce.a
[325/333] Building CXX object source/lint/CMakeFiles/SPIRV-Tools-lint.dir/divergence_analysis.cpp.o
[326/333] Building CXX object source/lint/CMakeFiles/SPIRV-Tools-lint.dir/linter.cpp.o
[327/333] Building CXX object source/lint/CMakeFiles/SPIRV-Tools-lint.dir/lint_divergent_derivatives.cpp.o
[328/333] Linking CXX static library source/lint/libSPIRV-Tools-lint.a
[329/333] Building CXX object source/link/CMakeFiles/SPIRV-Tools-link.dir/fnvar.cpp.o
[330/333] Building CXX object source/link/CMakeFiles/SPIRV-Tools-link.dir/linker.cpp.o
[331/333] Linking CXX static library source/link/libSPIRV-Tools-link.a
[332/333] Building CXX object source/diff/CMakeFiles/SPIRV-Tools-diff.dir/diff.cpp.o
[333/333] Linking CXX static library source/diff/libSPIRV-Tools-diff.a
-- Install configuration: "Release"
-- Installing: /tmp/rasteratops-dependencies-20261003/install/lib/libSPIRV-Tools-opt.a
-- Installing: /tmp/rasteratops-dependencies-20261003/install/lib/cmake/SPIRV-Tools-opt/SPIRV-Tools-optTargets.cmake
-- Installing: /tmp/rasteratops-dependencies-20261003/install/lib/cmake/SPIRV-Tools-opt/SPIRV-Tools-optTargets-release.cmake
-- Installing: /tmp/rasteratops-dependencies-20261003/install/lib/cmake/SPIRV-Tools-opt/SPIRV-Tools-optConfig.cmake
-- Installing: /tmp/rasteratops-dependencies-20261003/install/lib/libSPIRV-Tools-reduce.a
-- Installing: /tmp/rasteratops-dependencies-20261003/install/lib/cmake/SPIRV-Tools-reduce/SPIRV-Tools-reduceTarget.cmake
-- Installing: /tmp/rasteratops-dependencies-20261003/install/lib/cmake/SPIRV-Tools-reduce/SPIRV-Tools-reduceTarget-release.cmake
-- Installing: /tmp/rasteratops-dependencies-20261003/install/lib/cmake/SPIRV-Tools-reduce/SPIRV-Tools-reduceConfig.cmake
-- Installing: /tmp/rasteratops-dependencies-20261003/install/lib/libSPIRV-Tools-link.a
-- Installing: /tmp/rasteratops-dependencies-20261003/install/lib/cmake/SPIRV-Tools-link/SPIRV-Tools-linkTargets.cmake
-- Installing: /tmp/rasteratops-dependencies-20261003/install/lib/cmake/SPIRV-Tools-link/SPIRV-Tools-linkTargets-release.cmake
-- Installing: /tmp/rasteratops-dependencies-20261003/install/lib/cmake/SPIRV-Tools-link/SPIRV-Tools-linkConfig.cmake
-- Installing: /tmp/rasteratops-dependencies-20261003/install/lib/libSPIRV-Tools-lint.a
-- Installing: /tmp/rasteratops-dependencies-20261003/install/lib/cmake/SPIRV-Tools-lint/SPIRV-Tools-lintTargets.cmake
-- Installing: /tmp/rasteratops-dependencies-20261003/install/lib/cmake/SPIRV-Tools-lint/SPIRV-Tools-lintTargets-release.cmake
-- Installing: /tmp/rasteratops-dependencies-20261003/install/lib/cmake/SPIRV-Tools-lint/SPIRV-Tools-lintConfig.cmake
-- Installing: /tmp/rasteratops-dependencies-20261003/install/lib/libSPIRV-Tools-diff.a
-- Installing: /tmp/rasteratops-dependencies-20261003/install/lib/cmake/SPIRV-Tools-diff/SPIRV-Tools-diffTargets.cmake
-- Installing: /tmp/rasteratops-dependencies-20261003/install/lib/cmake/SPIRV-Tools-diff/SPIRV-Tools-diffTargets-release.cmake
-- Installing: /tmp/rasteratops-dependencies-20261003/install/lib/cmake/SPIRV-Tools-diff/SPIRV-Tools-diffConfig.cmake
-- Installing: /tmp/rasteratops-dependencies-20261003/install/lib/libSPIRV-Tools.a
-- Installing: /tmp/rasteratops-dependencies-20261003/install/lib/libSPIRV-Tools-shared.so
-- Installing: /tmp/rasteratops-dependencies-20261003/install/lib/cmake/SPIRV-Tools/SPIRV-ToolsTarget.cmake
-- Installing: /tmp/rasteratops-dependencies-20261003/install/lib/cmake/SPIRV-Tools/SPIRV-ToolsTarget-release.cmake
-- Installing: /tmp/rasteratops-dependencies-20261003/install/lib/cmake/SPIRV-Tools/SPIRV-ToolsConfig.cmake
-- Installing: /tmp/rasteratops-dependencies-20261003/install/include/spirv-tools/libspirv.h
-- Installing: /tmp/rasteratops-dependencies-20261003/install/include/spirv-tools/libspirv.hpp
-- Installing: /tmp/rasteratops-dependencies-20261003/install/include/spirv-tools/optimizer.hpp
-- Installing: /tmp/rasteratops-dependencies-20261003/install/include/spirv-tools/linker.hpp
-- Installing: /tmp/rasteratops-dependencies-20261003/install/lib/pkgconfig/SPIRV-Tools.pc
-- Installing: /tmp/rasteratops-dependencies-20261003/install/lib/pkgconfig/SPIRV-Tools-shared.pc
-- The C compiler identification is GNU 15.2.0
-- The CXX compiler identification is GNU 15.2.0
-- Detecting C compiler ABI info
-- Detecting C compiler ABI info - done
-- Check for working C compiler: /usr/bin/gcc - skipped
-- Detecting C compile features
-- Detecting C compile features - done
-- Detecting CXX compiler ABI info
-- Detecting CXX compiler ABI info - done
-- Check for working CXX compiler: /usr/bin/g++ - skipped
-- Detecting CXX compile features
-- Detecting CXX compile features - done
CMake Warning (deprecated) at CMakeLists.txt:111 (message):
  ENABLE_HLSL is deprecated.  The HLSL front-end will be removed in a future
  major release of glslang.  See
  https://github.com/KhronosGroup/glslang/issues/4210 for details.
This warning is for project developers.  Use -Wno-author or -Wno-deprecated
to suppress it.

-- Found Python3: /workspace/repos/rocknix.worktrees/generic-x64/build.ROCKNIX-GENERIC_X64.x86_64/toolchain/bin/python3.14 (found version "3.14.7") found components: Interpreter
-- optimizer enabled
-- Performing Test CMAKE_HAVE_LIBC_PTHREAD
-- Performing Test CMAKE_HAVE_LIBC_PTHREAD - Success
-- Found Threads: TRUE
-- Configuring done (0.3s)
-- Generating done (0.0s)
-- Build files have been written to: /tmp/rasteratops-dependencies-20261003/glslang-build
[1/272] Building CXX object glslang/CMakeFiles/GenericCodeGen.dir/stub.cpp.o
[2/272] Building CXX object glslang/CMakeFiles/MachineIndependent.dir/stub.cpp.o
[3/272] Building CXX object glslang/OSDependent/Unix/CMakeFiles/OSDependent.dir/__/__/stub.cpp.o
[4/272] Linking CXX static library glslang/OSDependent/Unix/libOSDependent.a
[5/272] Linking CXX static library glslang/libMachineIndependent.a
[6/272] Linking CXX static library glslang/libGenericCodeGen.a
[7/272] Generate language specific header for DebugInfo.
[8/272] Generate language specific header for OpenCLDebugInfo100.
[9/272] Generate grammar tables
[10/272] Building CXX object glslang/CMakeFiles/glslang-default-resource-limits.dir/ResourceLimits/resource_limits_c.cpp.o
[11/272] Generate tables based on the SPIR-V XML registry.
[12/272] Update build-version.inc in the SPIRV-Tools build directory (if necessary).
[13/272] Building CXX object glslang/CMakeFiles/glslang-default-resource-limits.dir/ResourceLimits/ResourceLimits.cpp.o
[14/272] Building CXX object External/spirv-tools/source/CMakeFiles/SPIRV-Tools-static.dir/util/bit_vector.cpp.o
[15/272] Building CXX object External/spirv-tools/source/CMakeFiles/SPIRV-Tools-static.dir/util/string_utils.cpp.o
[16/272] Building CXX object External/spirv-tools/source/CMakeFiles/SPIRV-Tools-static.dir/assembly_grammar.cpp.o
[17/272] Building CXX object External/spirv-tools/source/CMakeFiles/SPIRV-Tools-static.dir/diagnostic.cpp.o
[18/272] Building CXX object External/spirv-tools/source/CMakeFiles/SPIRV-Tools-static.dir/ext_inst.cpp.o
[19/272] Building CXX object External/spirv-tools/source/CMakeFiles/SPIRV-Tools-static.dir/extensions.cpp.o
[20/272] Building CXX object External/spirv-tools/source/CMakeFiles/SPIRV-Tools-static.dir/libspirv.cpp.o
[21/272] Building CXX object External/spirv-tools/source/CMakeFiles/SPIRV-Tools-static.dir/opcode.cpp.o
[22/272] Building CXX object External/spirv-tools/source/CMakeFiles/SPIRV-Tools-static.dir/software_version.cpp.o
[23/272] Building CXX object External/spirv-tools/source/CMakeFiles/SPIRV-Tools-static.dir/spirv_endian.cpp.o
[24/272] Building CXX object External/spirv-tools/source/CMakeFiles/SPIRV-Tools-static.dir/print.cpp.o
[25/272] Building CXX object External/spirv-tools/source/CMakeFiles/SPIRV-Tools-static.dir/spirv_optimizer_options.cpp.o
[26/272] Building CXX object External/spirv-tools/source/CMakeFiles/SPIRV-Tools-static.dir/operand.cpp.o
[27/272] Building CXX object External/spirv-tools/source/CMakeFiles/SPIRV-Tools-static.dir/spirv_fuzzer_options.cpp.o
[28/272] Building CXX object External/spirv-tools/source/CMakeFiles/SPIRV-Tools-static.dir/spirv_validator_options.cpp.o
[29/272] Building CXX object External/spirv-tools/source/CMakeFiles/SPIRV-Tools-static.dir/spirv_reducer_options.cpp.o
[30/272] Building CXX object External/spirv-tools/source/CMakeFiles/SPIRV-Tools-static.dir/binary.cpp.o
[31/272] Building CXX object External/spirv-tools/source/CMakeFiles/SPIRV-Tools-static.dir/spirv_target_env.cpp.o
[32/272] Building CXX object External/spirv-tools/source/CMakeFiles/SPIRV-Tools-static.dir/parsed_operand.cpp.o
[33/272] Building CXX object External/spirv-tools/source/CMakeFiles/SPIRV-Tools-static.dir/name_mapper.cpp.o
[34/272] Building CXX object External/spirv-tools/source/CMakeFiles/SPIRV-Tools-static.dir/disassemble.cpp.o
[35/272] Building CXX object External/spirv-tools/source/CMakeFiles/SPIRV-Tools-static.dir/table.cpp.o
[36/272] Building CXX object External/spirv-tools/source/CMakeFiles/SPIRV-Tools-static.dir/to_string.cpp.o
[37/272] Building CXX object External/spirv-tools/source/CMakeFiles/SPIRV-Tools-static.dir/table2.cpp.o
[38/272] Building CXX object External/spirv-tools/source/CMakeFiles/SPIRV-Tools-static.dir/val/validate_adjacency.cpp.o
[39/272] Building CXX object External/spirv-tools/source/CMakeFiles/SPIRV-Tools-static.dir/util/parse_number.cpp.o
[40/272] Building CXX object External/spirv-tools/source/CMakeFiles/SPIRV-Tools-static.dir/text_handler.cpp.o
[41/272] Building CXX object External/spirv-tools/source/CMakeFiles/SPIRV-Tools-static.dir/val/validate_arithmetics.cpp.o
[42/272] Building CXX object External/spirv-tools/source/CMakeFiles/SPIRV-Tools-static.dir/val/validate_atomics.cpp.o
[43/272] Building CXX object External/spirv-tools/source/CMakeFiles/SPIRV-Tools-static.dir/text.cpp.o
[44/272] Building CXX object External/spirv-tools/source/CMakeFiles/SPIRV-Tools-static.dir/val/validate_annotation.cpp.o
[45/272] Building CXX object External/spirv-tools/source/CMakeFiles/SPIRV-Tools-static.dir/val/validate_barriers.cpp.o
[46/272] Building CXX object External/spirv-tools/source/CMakeFiles/SPIRV-Tools-static.dir/val/validate.cpp.o
[47/272] Building CXX object External/spirv-tools/source/CMakeFiles/SPIRV-Tools-static.dir/val/validate_bitwise.cpp.o
[48/272] Building CXX object External/spirv-tools/source/CMakeFiles/SPIRV-Tools-static.dir/val/validate_capability.cpp.o
[49/272] Building CXX object External/spirv-tools/source/CMakeFiles/SPIRV-Tools-static.dir/val/validate_composites.cpp.o
[50/272] Building CXX object External/spirv-tools/source/CMakeFiles/SPIRV-Tools-static.dir/val/validate_debug.cpp.o
[51/272] Building CXX object External/spirv-tools/source/CMakeFiles/SPIRV-Tools-static.dir/val/validate_constants.cpp.o
[52/272] Building CXX object External/spirv-tools/source/CMakeFiles/SPIRV-Tools-static.dir/val/validate_conversion.cpp.o
[53/272] Building CXX object External/spirv-tools/source/CMakeFiles/SPIRV-Tools-static.dir/val/validate_derivatives.cpp.o
[54/272] Building CXX object External/spirv-tools/source/CMakeFiles/SPIRV-Tools-static.dir/val/validate_dot_product.cpp.o
[55/272] Building CXX object External/spirv-tools/source/CMakeFiles/SPIRV-Tools-static.dir/val/validate_execution_limitations.cpp.o
[56/272] Building CXX object External/spirv-tools/source/CMakeFiles/SPIRV-Tools-static.dir/val/validate_decorations.cpp.o
[57/272] Building CXX object External/spirv-tools/source/CMakeFiles/SPIRV-Tools-static.dir/val/validate_cfg.cpp.o
[58/272] Building CXX object External/spirv-tools/source/CMakeFiles/SPIRV-Tools-static.dir/val/validate_function.cpp.o
[59/272] Building CXX object External/spirv-tools/source/CMakeFiles/SPIRV-Tools-static.dir/val/validate_group.cpp.o
[60/272] Building CXX object External/spirv-tools/source/CMakeFiles/SPIRV-Tools-static.dir/val/validate_graph.cpp.o
[61/272] Building CXX object External/spirv-tools/source/CMakeFiles/SPIRV-Tools-static.dir/val/validate_explicit_layout.cpp.o
[62/272] Building CXX object External/spirv-tools/source/CMakeFiles/SPIRV-Tools-static.dir/val/validate_id.cpp.o
[63/272] Building CXX object External/spirv-tools/source/CMakeFiles/SPIRV-Tools-static.dir/val/validate_extensions.cpp.o
[64/272] Building CXX object External/spirv-tools/source/CMakeFiles/SPIRV-Tools-static.dir/val/validate_layout.cpp.o
[65/272] Building CXX object External/spirv-tools/source/CMakeFiles/SPIRV-Tools-static.dir/val/validate_literals.cpp.o
[66/272] Building CXX object External/spirv-tools/source/CMakeFiles/SPIRV-Tools-static.dir/val/validate_instruction.cpp.o
[67/272] Building CXX object External/spirv-tools/source/CMakeFiles/SPIRV-Tools-static.dir/val/validate_interfaces.cpp.o
[68/272] Building CXX object External/spirv-tools/source/CMakeFiles/SPIRV-Tools-static.dir/val/validate_logicals.cpp.o
[69/272] Building CXX object External/spirv-tools/source/CMakeFiles/SPIRV-Tools-static.dir/val/validate_image.cpp.o
[70/272] Building CXX object External/spirv-tools/source/CMakeFiles/SPIRV-Tools-static.dir/val/validate_memory_semantics.cpp.o
[71/272] Building CXX object External/spirv-tools/source/CMakeFiles/SPIRV-Tools-static.dir/val/validate_misc.cpp.o
[72/272] Building CXX object External/spirv-tools/source/CMakeFiles/SPIRV-Tools-static.dir/val/validate_logical_pointers.cpp.o
[73/272] Building CXX object External/spirv-tools/source/CMakeFiles/SPIRV-Tools-static.dir/val/validate_builtins.cpp.o
[74/272] Building CXX object External/spirv-tools/source/CMakeFiles/SPIRV-Tools-static.dir/val/validate_mesh_shading.cpp.o
[75/272] Building CXX object External/spirv-tools/source/CMakeFiles/SPIRV-Tools-static.dir/val/validate_non_uniform.cpp.o
[76/272] Building CXX object External/spirv-tools/source/CMakeFiles/SPIRV-Tools-static.dir/val/validate_primitives.cpp.o
[77/272] Building CXX object External/spirv-tools/source/CMakeFiles/SPIRV-Tools-static.dir/val/validate_pipe.cpp.o
[78/272] Building CXX object External/spirv-tools/source/CMakeFiles/SPIRV-Tools-static.dir/val/validate_ray_query.cpp.o
[79/272] Building CXX object External/spirv-tools/source/CMakeFiles/SPIRV-Tools-static.dir/val/validate_ray_tracing.cpp.o
[80/272] Building CXX object External/spirv-tools/source/CMakeFiles/SPIRV-Tools-static.dir/val/validate_mode_setting.cpp.o
[81/272] Building CXX object External/spirv-tools/source/CMakeFiles/SPIRV-Tools-static.dir/val/validate_scopes.cpp.o
[82/272] Building CXX object External/spirv-tools/source/CMakeFiles/SPIRV-Tools-static.dir/val/validate_small_type_uses.cpp.o
[83/272] Building CXX object External/spirv-tools/source/CMakeFiles/SPIRV-Tools-static.dir/val/validate_tensor_layout.cpp.o
[84/272] Building CXX object External/spirv-tools/source/CMakeFiles/SPIRV-Tools-static.dir/val/basic_block.cpp.o
[85/272] Building CXX object External/spirv-tools/source/CMakeFiles/SPIRV-Tools-static.dir/val/validate_tensor.cpp.o
[86/272] Building CXX object External/spirv-tools/source/CMakeFiles/SPIRV-Tools-static.dir/val/validate_invalid_type.cpp.o
[87/272] Building CXX object External/spirv-tools/source/CMakeFiles/SPIRV-Tools-static.dir/val/validate_memory.cpp.o
[88/272] Building CXX object External/spirv-tools/source/CMakeFiles/SPIRV-Tools-static.dir/val/validate_ray_tracing_reorder.cpp.o
[89/272] Building CXX object External/spirv-tools/source/CMakeFiles/SPIRV-Tools-static.dir/util/timer.cpp.o
[90/272] Building CXX object External/spirv-tools/source/CMakeFiles/SPIRV-Tools-static.dir/val/instruction.cpp.o
[91/272] Building CXX object External/spirv-tools/source/CMakeFiles/SPIRV-Tools-static.dir/val/construct.cpp.o
[92/272] Building CXX object External/spirv-tools/source/CMakeFiles/SPIRV-Tools-static.dir/val/validate_type.cpp.o
[93/272] Building CXX object External/spirv-tools/source/CMakeFiles/SPIRV-Tools-static.dir/val/function.cpp.o
[94/272] Building CXX object External/spirv-tools/source/opt/CMakeFiles/SPIRV-Tools-opt.dir/analyze_live_input_pass.cpp.o
[95/272] Building CXX object External/spirv-tools/source/opt/CMakeFiles/SPIRV-Tools-opt.dir/fix_func_call_arguments.cpp.o
[96/272] Building CXX object External/spirv-tools/source/opt/CMakeFiles/SPIRV-Tools-opt.dir/block_merge_pass.cpp.o
[97/272] Building CXX object External/spirv-tools/source/opt/CMakeFiles/SPIRV-Tools-opt.dir/basic_block.cpp.o
[98/272] Building CXX object External/spirv-tools/source/CMakeFiles/SPIRV-Tools-static.dir/val/validation_state.cpp.o
[99/272] Linking CXX static library External/spirv-tools/source/libSPIRV-Tools.a
[100/272] Building CXX object External/spirv-tools/source/opt/CMakeFiles/SPIRV-Tools-opt.dir/block_merge_util.cpp.o
[101/272] Building CXX object External/spirv-tools/source/opt/CMakeFiles/SPIRV-Tools-opt.dir/amd_ext_to_khr.cpp.o
[102/272] Building CXX object External/spirv-tools/source/opt/CMakeFiles/SPIRV-Tools-opt.dir/cfg_cleanup_pass.cpp.o
[103/272] Building CXX object External/spirv-tools/source/opt/CMakeFiles/SPIRV-Tools-opt.dir/aggressive_dead_code_elim_pass.cpp.o
[104/272] Building CXX object External/spirv-tools/source/opt/CMakeFiles/SPIRV-Tools-opt.dir/ccp_pass.cpp.o
[105/272] Building CXX object External/spirv-tools/source/opt/CMakeFiles/SPIRV-Tools-opt.dir/build_module.cpp.o
[106/272] Building CXX object External/spirv-tools/source/opt/CMakeFiles/SPIRV-Tools-opt.dir/cfg.cpp.o
[107/272] Building CXX object External/spirv-tools/source/opt/CMakeFiles/SPIRV-Tools-opt.dir/compact_ids_pass.cpp.o
[108/272] Building CXX object External/spirv-tools/source/opt/CMakeFiles/SPIRV-Tools-opt.dir/control_dependence.cpp.o
[109/272] Building CXX object External/spirv-tools/source/opt/CMakeFiles/SPIRV-Tools-opt.dir/code_sink.cpp.o
[110/272] Building CXX object External/spirv-tools/source/opt/CMakeFiles/SPIRV-Tools-opt.dir/composite.cpp.o
[111/272] Building CXX object External/spirv-tools/source/opt/CMakeFiles/SPIRV-Tools-opt.dir/combine_access_chains.cpp.o
[112/272] Building CXX object External/spirv-tools/source/opt/CMakeFiles/SPIRV-Tools-opt.dir/constants.cpp.o
[113/272] Building CXX object External/spirv-tools/source/opt/CMakeFiles/SPIRV-Tools-opt.dir/convert_to_sampled_image_pass.cpp.o
[114/272] Building CXX object External/spirv-tools/source/opt/CMakeFiles/SPIRV-Tools-opt.dir/dataflow.cpp.o
[115/272] Building CXX object External/spirv-tools/source/opt/CMakeFiles/SPIRV-Tools-opt.dir/const_folding_rules.cpp.o
[116/272] Building CXX object External/spirv-tools/source/opt/CMakeFiles/SPIRV-Tools-opt.dir/convert_to_half_pass.cpp.o
[117/272] Building CXX object External/spirv-tools/source/opt/CMakeFiles/SPIRV-Tools-opt.dir/copy_prop_arrays.cpp.o
[118/272] Building CXX object External/spirv-tools/source/opt/CMakeFiles/SPIRV-Tools-opt.dir/convert_to_untyped.cpp.o
[119/272] Building CXX object External/spirv-tools/source/opt/CMakeFiles/SPIRV-Tools-opt.dir/dead_branch_elim_pass.cpp.o
[120/272] Building CXX object External/spirv-tools/source/opt/CMakeFiles/SPIRV-Tools-opt.dir/dead_insert_elim_pass.cpp.o
[121/272] Building CXX object External/spirv-tools/source/opt/CMakeFiles/SPIRV-Tools-opt.dir/dead_variable_elimination.cpp.o
[122/272] Building CXX object External/spirv-tools/source/opt/CMakeFiles/SPIRV-Tools-opt.dir/def_use_manager.cpp.o
[123/272] Building CXX object External/spirv-tools/source/opt/CMakeFiles/SPIRV-Tools-opt.dir/decoration_manager.cpp.o
[124/272] Building CXX object External/spirv-tools/source/opt/CMakeFiles/SPIRV-Tools-opt.dir/desc_sroa_util.cpp.o
[125/272] Building CXX object External/spirv-tools/source/opt/CMakeFiles/SPIRV-Tools-opt.dir/dominator_analysis.cpp.o
[126/272] Building CXX object External/spirv-tools/source/opt/CMakeFiles/SPIRV-Tools-opt.dir/eliminate_dead_constant_pass.cpp.o
[127/272] Building CXX object External/spirv-tools/source/opt/CMakeFiles/SPIRV-Tools-opt.dir/eliminate_dead_functions_pass.cpp.o
[128/272] Building CXX object External/spirv-tools/source/opt/CMakeFiles/SPIRV-Tools-opt.dir/desc_sroa.cpp.o
[129/272] Building CXX object External/spirv-tools/source/opt/CMakeFiles/SPIRV-Tools-opt.dir/debug_info_manager.cpp.o
[130/272] Building CXX object External/spirv-tools/source/opt/CMakeFiles/SPIRV-Tools-opt.dir/dominator_tree.cpp.o
[131/272] Building CXX object External/spirv-tools/source/opt/CMakeFiles/SPIRV-Tools-opt.dir/feature_manager.cpp.o
[132/272] Building CXX object External/spirv-tools/source/opt/CMakeFiles/SPIRV-Tools-opt.dir/eliminate_dead_functions_util.cpp.o
[133/272] Building CXX object External/spirv-tools/source/opt/CMakeFiles/SPIRV-Tools-opt.dir/eliminate_dead_output_stores_pass.cpp.o
[134/272] Building CXX object External/spirv-tools/source/opt/CMakeFiles/SPIRV-Tools-opt.dir/eliminate_dead_io_components_pass.cpp.o
[135/272] Building CXX object External/spirv-tools/source/opt/CMakeFiles/SPIRV-Tools-opt.dir/flatten_decoration_pass.cpp.o
[136/272] Building CXX object External/spirv-tools/source/opt/CMakeFiles/SPIRV-Tools-opt.dir/eliminate_dead_members_pass.cpp.o
[137/272] Building CXX object External/spirv-tools/source/opt/CMakeFiles/SPIRV-Tools-opt.dir/fold.cpp.o
[138/272] Building CXX object External/spirv-tools/source/opt/CMakeFiles/SPIRV-Tools-opt.dir/fix_storage_class.cpp.o
[139/272] Building CXX object External/spirv-tools/source/opt/CMakeFiles/SPIRV-Tools-opt.dir/graph.cpp.o
[140/272] Building CXX object External/spirv-tools/source/opt/CMakeFiles/SPIRV-Tools-opt.dir/freeze_spec_constant_value_pass.cpp.o
[141/272] Building CXX object External/spirv-tools/source/opt/CMakeFiles/SPIRV-Tools-opt.dir/fold_spec_constant_op_and_composite_pass.cpp.o
[142/272] Building CXX object External/spirv-tools/source/opt/CMakeFiles/SPIRV-Tools-opt.dir/function.cpp.o
[143/272] Building CXX object External/spirv-tools/source/opt/CMakeFiles/SPIRV-Tools-opt.dir/instruction_list.cpp.o
[144/272] Building CXX object External/spirv-tools/source/opt/CMakeFiles/SPIRV-Tools-opt.dir/inline_exhaustive_pass.cpp.o
[145/272] Building CXX object External/spirv-tools/source/opt/CMakeFiles/SPIRV-Tools-opt.dir/inline_opaque_pass.cpp.o
[146/272] Building CXX object External/spirv-tools/source/opt/CMakeFiles/SPIRV-Tools-opt.dir/graphics_robust_access_pass.cpp.o
[147/272] Building CXX object External/spirv-tools/source/opt/CMakeFiles/SPIRV-Tools-opt.dir/if_conversion.cpp.o
[148/272] Building CXX object External/spirv-tools/source/opt/CMakeFiles/SPIRV-Tools-opt.dir/folding_rules.cpp.o
[149/272] Building CXX object External/spirv-tools/source/opt/CMakeFiles/SPIRV-Tools-opt.dir/inline_pass.cpp.o
[150/272] Building CXX object External/spirv-tools/source/opt/CMakeFiles/SPIRV-Tools-opt.dir/interp_fixup_pass.cpp.o
[151/272] Building CXX object External/spirv-tools/source/opt/CMakeFiles/SPIRV-Tools-opt.dir/instruction.cpp.o
[152/272] Building CXX object External/spirv-tools/source/opt/CMakeFiles/SPIRV-Tools-opt.dir/opextinst_forward_ref_fixup_pass.cpp.o
[153/272] Building CXX object External/spirv-tools/source/opt/CMakeFiles/SPIRV-Tools-opt.dir/invocation_interlock_placement_pass.cpp.o
[154/272] Building CXX object External/spirv-tools/source/opt/CMakeFiles/SPIRV-Tools-opt.dir/interface_var_sroa.cpp.o
[155/272] Building CXX object External/spirv-tools/source/opt/CMakeFiles/SPIRV-Tools-opt.dir/licm_pass.cpp.o
[156/272] Building CXX object External/spirv-tools/source/opt/CMakeFiles/SPIRV-Tools-opt.dir/ir_loader.cpp.o
[157/272] Building CXX object External/spirv-tools/source/opt/CMakeFiles/SPIRV-Tools-opt.dir/liveness.cpp.o
[158/272] Building CXX object External/spirv-tools/source/opt/CMakeFiles/SPIRV-Tools-opt.dir/local_redundancy_elimination.cpp.o
[159/272] Building CXX object External/spirv-tools/source/opt/CMakeFiles/SPIRV-Tools-opt.dir/legalize_multidim_array_pass.cpp.o
[160/272] Building CXX object External/spirv-tools/source/opt/CMakeFiles/SPIRV-Tools-opt.dir/ir_context.cpp.o
[161/272] Building CXX object External/spirv-tools/source/opt/CMakeFiles/SPIRV-Tools-opt.dir/local_single_block_elim_pass.cpp.o
[162/272] Building CXX object External/spirv-tools/source/opt/CMakeFiles/SPIRV-Tools-opt.dir/local_access_chain_convert_pass.cpp.o
[163/272] Building CXX object External/spirv-tools/source/opt/CMakeFiles/SPIRV-Tools-opt.dir/local_single_store_elim_pass.cpp.o
[164/272] Building CXX object External/spirv-tools/source/opt/CMakeFiles/SPIRV-Tools-opt.dir/loop_dependence_helpers.cpp.o
[165/272] Building CXX object External/spirv-tools/source/opt/CMakeFiles/SPIRV-Tools-opt.dir/loop_fusion_pass.cpp.o
[166/272] Building CXX object External/spirv-tools/source/opt/CMakeFiles/SPIRV-Tools-opt.dir/loop_dependence.cpp.o
[167/272] Building CXX object External/spirv-tools/source/opt/CMakeFiles/SPIRV-Tools-opt.dir/loop_descriptor.cpp.o
[168/272] Building CXX object External/spirv-tools/source/opt/CMakeFiles/SPIRV-Tools-opt.dir/loop_fission.cpp.o
[169/272] Building CXX object External/spirv-tools/source/opt/CMakeFiles/SPIRV-Tools-opt.dir/loop_fusion.cpp.o
[170/272] Building CXX object External/spirv-tools/source/opt/CMakeFiles/SPIRV-Tools-opt.dir/loop_peeling.cpp.o
[171/272] Building CXX object External/spirv-tools/source/opt/CMakeFiles/SPIRV-Tools-opt.dir/loop_utils.cpp.o
[172/272] Building CXX object External/spirv-tools/source/opt/CMakeFiles/SPIRV-Tools-opt.dir/loop_unroller.cpp.o
[173/272] Building CXX object External/spirv-tools/source/opt/CMakeFiles/SPIRV-Tools-opt.dir/modify_maximal_reconvergence.cpp.o
[174/272] Building CXX object External/spirv-tools/source/opt/CMakeFiles/SPIRV-Tools-opt.dir/mem_pass.cpp.o
[175/272] Building CXX object External/spirv-tools/source/opt/CMakeFiles/SPIRV-Tools-opt.dir/module.cpp.o
[176/272] Building CXX object External/spirv-tools/source/opt/CMakeFiles/SPIRV-Tools-opt.dir/loop_unswitch_pass.cpp.o
[177/272] Building CXX object External/spirv-tools/source/opt/CMakeFiles/SPIRV-Tools-opt.dir/merge_return_pass.cpp.o
[178/272] Building CXX object External/spirv-tools/source/opt/CMakeFiles/SPIRV-Tools-opt.dir/pass_manager.cpp.o
[179/272] Building CXX object External/spirv-tools/source/opt/CMakeFiles/SPIRV-Tools-opt.dir/pass.cpp.o
[180/272] Building CXX object External/spirv-tools/source/opt/CMakeFiles/SPIRV-Tools-opt.dir/private_to_local_pass.cpp.o
[181/272] Building CXX object External/spirv-tools/source/opt/CMakeFiles/SPIRV-Tools-opt.dir/redundancy_elimination.cpp.o
[182/272] Building CXX object External/spirv-tools/source/opt/CMakeFiles/SPIRV-Tools-opt.dir/propagator.cpp.o
[183/272] Building CXX object External/spirv-tools/source/opt/CMakeFiles/SPIRV-Tools-opt.dir/reduce_load_size.cpp.o
[184/272] Building CXX object External/spirv-tools/source/opt/CMakeFiles/SPIRV-Tools-opt.dir/relax_float_ops_pass.cpp.o
[185/272] Building CXX object External/spirv-tools/source/opt/CMakeFiles/SPIRV-Tools-opt.dir/optimizer.cpp.o
[186/272] Building CXX object External/spirv-tools/source/opt/CMakeFiles/SPIRV-Tools-opt.dir/remove_dontinline_pass.cpp.o
[187/272] Building CXX object External/spirv-tools/source/opt/CMakeFiles/SPIRV-Tools-opt.dir/canonicalize_ids_pass.cpp.o
[188/272] Building CXX object External/spirv-tools/source/opt/CMakeFiles/SPIRV-Tools-opt.dir/remove_unused_interface_variables_pass.cpp.o
[189/272] Building CXX object External/spirv-tools/source/opt/CMakeFiles/SPIRV-Tools-opt.dir/remove_duplicates_pass.cpp.o
[190/272] Building CXX object External/spirv-tools/source/opt/CMakeFiles/SPIRV-Tools-opt.dir/register_pressure.cpp.o
[191/272] Building CXX object External/spirv-tools/source/opt/CMakeFiles/SPIRV-Tools-opt.dir/scalar_analysis_simplification.cpp.o
[192/272] Building CXX object External/spirv-tools/source/opt/CMakeFiles/SPIRV-Tools-opt.dir/replace_invalid_opc.cpp.o
[193/272] Building CXX object External/spirv-tools/source/opt/CMakeFiles/SPIRV-Tools-opt.dir/replace_desc_array_access_using_var_index.cpp.o
[194/272] Building CXX object External/spirv-tools/source/opt/CMakeFiles/SPIRV-Tools-opt.dir/resolve_binding_conflicts_pass.cpp.o
[195/272] Building CXX object External/spirv-tools/source/opt/CMakeFiles/SPIRV-Tools-opt.dir/scalar_analysis.cpp.o
[196/272] Building CXX object External/spirv-tools/source/opt/CMakeFiles/SPIRV-Tools-opt.dir/set_spec_constant_default_value_pass.cpp.o
[197/272] Building CXX object External/spirv-tools/source/opt/CMakeFiles/SPIRV-Tools-opt.dir/simplification_pass.cpp.o
[198/272] Building CXX object External/spirv-tools/source/opt/CMakeFiles/SPIRV-Tools-opt.dir/spread_volatile_semantics.cpp.o
[199/272] Building CXX object External/spirv-tools/source/opt/CMakeFiles/SPIRV-Tools-opt.dir/scalar_replacement_pass.cpp.o
[200/272] Building CXX object External/spirv-tools/source/opt/CMakeFiles/SPIRV-Tools-opt.dir/strength_reduction_pass.cpp.o
[201/272] Building CXX object External/spirv-tools/source/opt/CMakeFiles/SPIRV-Tools-opt.dir/split_combined_image_sampler_pass.cpp.o
[202/272] Building CXX object External/spirv-tools/source/opt/CMakeFiles/SPIRV-Tools-opt.dir/strip_debug_info_pass.cpp.o
[203/272] Building CXX object External/spirv-tools/source/opt/CMakeFiles/SPIRV-Tools-opt.dir/strip_nonsemantic_info_pass.cpp.o
[204/272] Building CXX object External/spirv-tools/source/opt/CMakeFiles/SPIRV-Tools-opt.dir/ssa_rewrite_pass.cpp.o
[205/272] Building CXX object External/spirv-tools/source/opt/CMakeFiles/SPIRV-Tools-opt.dir/struct_cfg_analysis.cpp.o
[206/272] Building CXX object External/spirv-tools/source/opt/CMakeFiles/SPIRV-Tools-opt.dir/switch_descriptorset_pass.cpp.o
[207/272] Building CXX object External/spirv-tools/source/opt/CMakeFiles/SPIRV-Tools-opt.dir/struct_packing_pass.cpp.o
[208/272] Building CXX object External/spirv-tools/source/opt/CMakeFiles/SPIRV-Tools-opt.dir/unify_const_pass.cpp.o
[209/272] Building CXX object External/spirv-tools/source/opt/CMakeFiles/SPIRV-Tools-opt.dir/types.cpp.o
[210/272] Building CXX object External/spirv-tools/source/opt/CMakeFiles/SPIRV-Tools-opt.dir/trim_capabilities_pass.cpp.o
[211/272] Building CXX object SPIRV/CMakeFiles/SPIRV.dir/__/glslang/stub.cpp.o
[212/272] Linking CXX static library glslang/libglslang-default-resource-limits.a
[213/272] Building CXX object External/spirv-tools/source/opt/CMakeFiles/SPIRV-Tools-opt.dir/value_number_table.cpp.o
[214/272] Building CXX object External/spirv-tools/source/opt/CMakeFiles/SPIRV-Tools-opt.dir/workaround1209.cpp.o
[215/272] Building CXX object External/spirv-tools/source/opt/CMakeFiles/SPIRV-Tools-opt.dir/type_manager.cpp.o
[216/272] Building CXX object External/spirv-tools/source/opt/CMakeFiles/SPIRV-Tools-opt.dir/vector_dce.cpp.o
[217/272] Building CXX object External/spirv-tools/source/opt/CMakeFiles/SPIRV-Tools-opt.dir/upgrade_memory_model.cpp.o
[218/272] Building CXX object External/spirv-tools/source/opt/CMakeFiles/SPIRV-Tools-opt.dir/wrap_opkill.cpp.o
[219/272] Linking CXX static library External/spirv-tools/source/opt/libSPIRV-Tools-opt.a
[220/272] Linking CXX shared library SPIRV/libSPIRV.so.16.6.0
[221/272] Creating library symlink SPIRV/libSPIRV.so.16 SPIRV/libSPIRV.so
[222/272] Building CXX object glslang/CMakeFiles/glslang.dir/cmake_pch.hxx.gch
[223/272] Building CXX object glslang/CMakeFiles/glslang.dir/OSDependent/Unix/ossource.cpp.o
[224/272] Building CXX object glslang/CMakeFiles/glslang.dir/GenericCodeGen/CodeGen.cpp.o
[225/272] Building CXX object glslang/CMakeFiles/glslang.dir/GenericCodeGen/Link.cpp.o
[226/272] Building CXX object glslang/CMakeFiles/glslang.dir/MachineIndependent/attribute.cpp.o
[227/272] Building CXX object glslang/CMakeFiles/glslang.dir/MachineIndependent/InfoSink.cpp.o
[228/272] Building CXX object glslang/CMakeFiles/glslang.dir/CInterface/glslang_c_interface.cpp.o
[229/272] Building CXX object glslang/CMakeFiles/glslang.dir/MachineIndependent/IntermTraverse.cpp.o
[230/272] Building CXX object glslang/CMakeFiles/glslang.dir/MachineIndependent/PoolAlloc.cpp.o
[231/272] Building CXX object glslang/CMakeFiles/glslang.dir/MachineIndependent/RemoveTree.cpp.o
[232/272] Building CXX object glslang/CMakeFiles/glslang.dir/MachineIndependent/Constant.cpp.o
[233/272] Building CXX object glslang/CMakeFiles/glslang.dir/MachineIndependent/ParseContextBase.cpp.o
[234/272] Building CXX object glslang/CMakeFiles/glslang.dir/MachineIndependent/Scan.cpp.o
[235/272] Building CXX object glslang/CMakeFiles/glslang.dir/MachineIndependent/iomapper.cpp.o
[236/272] Building CXX object glslang/CMakeFiles/glslang.dir/MachineIndependent/Intermediate.cpp.o
[237/272] Building CXX object glslang/CMakeFiles/glslang.dir/MachineIndependent/SpirvIntrinsics.cpp.o
[238/272] Building CXX object glslang/CMakeFiles/glslang.dir/MachineIndependent/Versions.cpp.o
[239/272] Building CXX object glslang/CMakeFiles/glslang.dir/MachineIndependent/ShaderLang.cpp.o
[240/272] Building CXX object glslang/CMakeFiles/glslang.dir/MachineIndependent/limits.cpp.o
[241/272] Building CXX object glslang/CMakeFiles/glslang.dir/MachineIndependent/SymbolTable.cpp.o
[242/272] Building CXX object glslang/CMakeFiles/glslang.dir/MachineIndependent/parseConst.cpp.o
[243/272] Building CXX object glslang/CMakeFiles/glslang.dir/MachineIndependent/Initialize.cpp.o
[244/272] Building CXX object glslang/CMakeFiles/glslang.dir/MachineIndependent/intermOut.cpp.o
[245/272] Building CXX object glslang/CMakeFiles/glslang.dir/MachineIndependent/preprocessor/PpAtom.cpp.o
[246/272] Building CXX object glslang/CMakeFiles/glslang.dir/MachineIndependent/preprocessor/PpContext.cpp.o
[247/272] Building CXX object glslang/CMakeFiles/glslang.dir/MachineIndependent/preprocessor/PpTokens.cpp.o
[248/272] Building CXX object glslang/CMakeFiles/glslang.dir/HLSL/hlslAttributes.cpp.o
[249/272] Building CXX object glslang/CMakeFiles/glslang.dir/MachineIndependent/preprocessor/PpScanner.cpp.o
[250/272] Building CXX object glslang/CMakeFiles/glslang.dir/MachineIndependent/preprocessor/Pp.cpp.o
[251/272] Building CXX object glslang/CMakeFiles/glslang.dir/MachineIndependent/propagateNoContraction.cpp.o
[252/272] Building CXX object glslang/CMakeFiles/glslang.dir/MachineIndependent/reflection.cpp.o
[253/272] Building CXX object glslang/CMakeFiles/glslang.dir/HLSL/hlslOpMap.cpp.o
[254/272] Building CXX object glslang/CMakeFiles/glslang.dir/HLSL/hlslTokenStream.cpp.o
[255/272] Building CXX object glslang/CMakeFiles/glslang.dir/HLSL/hlslScanContext.cpp.o
[256/272] Building CXX object glslang/CMakeFiles/glslang.dir/__/SPIRV/InReadableOrder.cpp.o
[257/272] Building CXX object glslang/CMakeFiles/glslang.dir/__/SPIRV/Logger.cpp.o
[258/272] Building CXX object glslang/CMakeFiles/glslang.dir/HLSL/hlslParseables.cpp.o
[259/272] Building CXX object glslang/CMakeFiles/glslang.dir/MachineIndependent/linkValidate.cpp.o
[260/272] Building CXX object glslang/CMakeFiles/glslang.dir/HLSL/hlslGrammar.cpp.o
[261/272] Building CXX object glslang/CMakeFiles/glslang.dir/__/SPIRV/SpvPostProcess.cpp.o
[262/272] Building CXX object glslang/CMakeFiles/glslang.dir/__/SPIRV/SpvTools.cpp.o
[263/272] Building CXX object glslang/CMakeFiles/glslang.dir/__/SPIRV/CInterface/spirv_c_interface.cpp.o
[264/272] Building CXX object glslang/CMakeFiles/glslang.dir/__/SPIRV/disassemble.cpp.o
[265/272] Building CXX object glslang/CMakeFiles/glslang.dir/__/SPIRV/doc.cpp.o
[266/272] Building CXX object glslang/CMakeFiles/glslang.dir/MachineIndependent/ParseHelper.cpp.o
In file included from /tmp/rasteratops-dependencies-20261003/glslang/glslang/Include/intermediate.h:52,
                 from /tmp/rasteratops-dependencies-20261003/glslang/glslang/MachineIndependent/SymbolTable.h:69,
                 from /tmp/rasteratops-dependencies-20261003/glslang/glslang/MachineIndependent/pch.h:44,
                 from /tmp/rasteratops-dependencies-20261003/glslang-build/glslang/CMakeFiles/glslang.dir/cmake_pch.hxx:5,
                 from <command-line>:
In member function ‘void glslang::TType::shallowCopy(const glslang::TType&)’,
    inlined from ‘glslang::TVariable::TVariable(const glslang::TString*, const glslang::TString*, const glslang::TType&, bool)’ at /tmp/rasteratops-dependencies-20261003/glslang/glslang/MachineIndependent/SymbolTable.h:169:27,
    inlined from ‘glslang::TVariable::TVariable(const glslang::TString*, const glslang::TType&, bool)’ at /tmp/rasteratops-dependencies-20261003/glslang/glslang/MachineIndependent/SymbolTable.h:162:38,
    inlined from ‘void glslang::TParseContext::addQualifierToExisting(const glslang::TSourceLoc&, glslang::TQualifier, const glslang::TString&)’ at /tmp/rasteratops-dependencies-20261003/glslang/glslang/MachineIndependent/ParseHelper.cpp:11925:81:
/tmp/rasteratops-dependencies-20261003/glslang/glslang/Include/Types.h:1887:19: warning: ‘blockNameType.glslang::TType::coopvecNV’ may be used uninitialized [-Wmaybe-uninitialized]
 1887 |         coopvecNV = copyOf.isCoopVecNV();
      |         ~~~~~~~~~~^~~~~~~~~~~~~~~~~~~~~~
/tmp/rasteratops-dependencies-20261003/glslang/glslang/MachineIndependent/ParseHelper.cpp: In member function ‘void glslang::TParseContext::addQualifierToExisting(const glslang::TSourceLoc&, glslang::TQualifier, const glslang::TString&)’:
/tmp/rasteratops-dependencies-20261003/glslang/glslang/MachineIndependent/ParseHelper.cpp:11924:15: note: ‘blockNameType.glslang::TType::coopvecNV’ was declared here
11924 |         TType blockNameType(EbtReference, blockType, identifier);
      |               ^~~~~~~~~~~~~
In member function ‘void glslang::TType::shallowCopy(const glslang::TType&)’,
    inlined from ‘glslang::TVariable::TVariable(const glslang::TString*, const glslang::TString*, const glslang::TType&, bool)’ at /tmp/rasteratops-dependencies-20261003/glslang/glslang/MachineIndependent/SymbolTable.h:169:27,
    inlined from ‘glslang::TVariable::TVariable(const glslang::TString*, const glslang::TType&, bool)’ at /tmp/rasteratops-dependencies-20261003/glslang/glslang/MachineIndependent/SymbolTable.h:162:38,
    inlined from ‘void glslang::TParseContext::addQualifierToExisting(const glslang::TSourceLoc&, glslang::TQualifier, const glslang::TString&)’ at /tmp/rasteratops-dependencies-20261003/glslang/glslang/MachineIndependent/ParseHelper.cpp:11925:81:
/tmp/rasteratops-dependencies-20261003/glslang/glslang/Include/Types.h:1887:19: warning: ‘blockNameType.glslang::TType::longVector’ may be used uninitialized [-Wmaybe-uninitialized]
 1887 |         coopvecNV = copyOf.isCoopVecNV();
      |         ~~~~~~~~~~^~~~~~~~~~~~~~~~~~~~~~
/tmp/rasteratops-dependencies-20261003/glslang/glslang/MachineIndependent/ParseHelper.cpp: In member function ‘void glslang::TParseContext::addQualifierToExisting(const glslang::TSourceLoc&, glslang::TQualifier, const glslang::TString&)’:
/tmp/rasteratops-dependencies-20261003/glslang/glslang/MachineIndependent/ParseHelper.cpp:11924:15: note: ‘blockNameType.glslang::TType::longVector’ was declared here
11924 |         TType blockNameType(EbtReference, blockType, identifier);
      |               ^~~~~~~~~~~~~
In member function ‘void glslang::TType::shallowCopy(const glslang::TType&)’,
    inlined from ‘glslang::TVariable::TVariable(const glslang::TString*, const glslang::TString*, const glslang::TType&, bool)’ at /tmp/rasteratops-dependencies-20261003/glslang/glslang/MachineIndependent/SymbolTable.h:169:27,
    inlined from ‘glslang::TVariable::TVariable(const glslang::TString*, const glslang::TType&, bool)’ at /tmp/rasteratops-dependencies-20261003/glslang/glslang/MachineIndependent/SymbolTable.h:162:38,
    inlined from ‘TIntermNode* glslang::TParseContext::declareBlock(const glslang::TSourceLoc&, glslang::TTypeList&, const glslang::TString*, glslang::TArraySizes*)’ at /tmp/rasteratops-dependencies-20261003/glslang/glslang/MachineIndependent/ParseHelper.cpp:11410:79:
/tmp/rasteratops-dependencies-20261003/glslang/glslang/Include/Types.h:1887:19: warning: ‘blockNameType.glslang::TType::coopvecNV’ may be used uninitialized [-Wmaybe-uninitialized]
 1887 |         coopvecNV = copyOf.isCoopVecNV();
      |         ~~~~~~~~~~^~~~~~~~~~~~~~~~~~~~~~
/tmp/rasteratops-dependencies-20261003/glslang/glslang/MachineIndependent/ParseHelper.cpp: In member function ‘TIntermNode* glslang::TParseContext::declareBlock(const glslang::TSourceLoc&, glslang::TTypeList&, const glslang::TString*, glslang::TArraySizes*)’:
/tmp/rasteratops-dependencies-20261003/glslang/glslang/MachineIndependent/ParseHelper.cpp:11409:15: note: ‘blockNameType.glslang::TType::coopvecNV’ was declared here
11409 |         TType blockNameType(EbtReference, blockType, *blockName);
      |               ^~~~~~~~~~~~~
In member function ‘void glslang::TType::shallowCopy(const glslang::TType&)’,
    inlined from ‘glslang::TVariable::TVariable(const glslang::TString*, const glslang::TString*, const glslang::TType&, bool)’ at /tmp/rasteratops-dependencies-20261003/glslang/glslang/MachineIndependent/SymbolTable.h:169:27,
    inlined from ‘glslang::TVariable::TVariable(const glslang::TString*, const glslang::TType&, bool)’ at /tmp/rasteratops-dependencies-20261003/glslang/glslang/MachineIndependent/SymbolTable.h:162:38,
    inlined from ‘TIntermNode* glslang::TParseContext::declareBlock(const glslang::TSourceLoc&, glslang::TTypeList&, const glslang::TString*, glslang::TArraySizes*)’ at /tmp/rasteratops-dependencies-20261003/glslang/glslang/MachineIndependent/ParseHelper.cpp:11410:79:
/tmp/rasteratops-dependencies-20261003/glslang/glslang/Include/Types.h:1887:19: warning: ‘blockNameType.glslang::TType::longVector’ may be used uninitialized [-Wmaybe-uninitialized]
 1887 |         coopvecNV = copyOf.isCoopVecNV();
      |         ~~~~~~~~~~^~~~~~~~~~~~~~~~~~~~~~
/tmp/rasteratops-dependencies-20261003/glslang/glslang/MachineIndependent/ParseHelper.cpp: In member function ‘TIntermNode* glslang::TParseContext::declareBlock(const glslang::TSourceLoc&, glslang::TTypeList&, const glslang::TString*, glslang::TArraySizes*)’:
/tmp/rasteratops-dependencies-20261003/glslang/glslang/MachineIndependent/ParseHelper.cpp:11409:15: note: ‘blockNameType.glslang::TType::longVector’ was declared here
11409 |         TType blockNameType(EbtReference, blockType, *blockName);
      |               ^~~~~~~~~~~~~
[267/272] Building CXX object glslang/CMakeFiles/glslang.dir/__/SPIRV/SpvBuilder.cpp.o
[268/272] Building CXX object glslang/CMakeFiles/glslang.dir/__/SPIRV/GlslangToSpv.cpp.o
[269/272] Building CXX object glslang/CMakeFiles/glslang.dir/HLSL/hlslParseHelper.cpp.o
[270/272] Building CXX object glslang/CMakeFiles/glslang.dir/MachineIndependent/glslang_tab.cpp.o
[271/272] Linking CXX shared library glslang/libglslang.so.16.6.0
[272/272] Creating library symlink glslang/libglslang.so.16 glslang/libglslang.so
-- Install configuration: "Release"
-- Installing: /tmp/rasteratops-dependencies-20261003/install/lib/libSPIRV.so.16.6.0
-- Installing: /tmp/rasteratops-dependencies-20261003/install/lib/libSPIRV.so.16
-- Installing: /tmp/rasteratops-dependencies-20261003/install/lib/libSPIRV.so
-- Installing: /tmp/rasteratops-dependencies-20261003/install/include/glslang/SPIRV/GlslangToSpv.h
-- Installing: /tmp/rasteratops-dependencies-20261003/install/include/glslang/SPIRV/disassemble.h
-- Installing: /tmp/rasteratops-dependencies-20261003/install/include/glslang/SPIRV/Logger.h
-- Installing: /tmp/rasteratops-dependencies-20261003/install/include/glslang/SPIRV/spirv.hpp11
-- Installing: /tmp/rasteratops-dependencies-20261003/install/include/glslang/SPIRV/SpvTools.h
-- Installing: /tmp/rasteratops-dependencies-20261003/install/lib/libOSDependent.a
-- Installing: /tmp/rasteratops-dependencies-20261003/install/lib/libglslang.so.16.6.0
-- Installing: /tmp/rasteratops-dependencies-20261003/install/lib/libglslang.so.16
-- Installing: /tmp/rasteratops-dependencies-20261003/install/lib/libglslang.so
-- Installing: /tmp/rasteratops-dependencies-20261003/install/lib/libMachineIndependent.a
-- Installing: /tmp/rasteratops-dependencies-20261003/install/lib/libGenericCodeGen.a
-- Installing: /tmp/rasteratops-dependencies-20261003/install/include/glslang/Public/ResourceLimits.h
-- Installing: /tmp/rasteratops-dependencies-20261003/install/include/glslang/Public/ShaderLang.h
-- Installing: /tmp/rasteratops-dependencies-20261003/install/include/glslang/Public/resource_limits_c.h
-- Installing: /tmp/rasteratops-dependencies-20261003/install/include/glslang/Include/glslang_c_interface.h
-- Installing: /tmp/rasteratops-dependencies-20261003/install/include/glslang/Include/glslang_c_shader_types.h
-- Installing: /tmp/rasteratops-dependencies-20261003/install/include/glslang/Include/ResourceLimits.h
-- Installing: /tmp/rasteratops-dependencies-20261003/install/include/glslang/Include/visibility.h
-- Installing: /tmp/rasteratops-dependencies-20261003/install/include/glslang/MachineIndependent/Versions.h
-- Installing: /tmp/rasteratops-dependencies-20261003/install/include/glslang/build_info.h
-- Installing: /tmp/rasteratops-dependencies-20261003/install/lib/libglslang-default-resource-limits.a
-- Installing: /tmp/rasteratops-dependencies-20261003/install/lib/cmake/glslang/glslang-targets.cmake
-- Installing: /tmp/rasteratops-dependencies-20261003/install/lib/cmake/glslang/glslang-targets-release.cmake
-- Installing: /tmp/rasteratops-dependencies-20261003/install/lib/cmake/glslang/glslang-config.cmake
-- Installing: /tmp/rasteratops-dependencies-20261003/install/lib/cmake/glslang/glslang-config-version.cmake
-- The C compiler identification is GNU 15.2.0
-- The CXX compiler identification is GNU 15.2.0
-- Detecting C compiler ABI info
-- Detecting C compiler ABI info - done
-- Check for working C compiler: /usr/bin/gcc - skipped
-- Detecting C compile features
-- Detecting C compile features - done
-- Detecting CXX compiler ABI info
-- Detecting CXX compiler ABI info - done
-- Check for working CXX compiler: /usr/bin/g++ - skipped
-- Detecting CXX compile features
-- Detecting CXX compile features - done
-- Shaderc: build type is "Release".
-- Configuring Shaderc to avoid building tests.
-- Configuring Shaderc to avoid building examples.
-- Configuring Shaderc to build executables.
-- Configuring Shaderc to check copyrights.
-- asciidoctor was not found - no documentation will be generated
-- Found Python: /workspace/repos/rocknix.worktrees/generic-x64/build.ROCKNIX-GENERIC_X64.x86_64/toolchain/bin/python3.14 (found version "3.14.7") found components: Interpreter
-- Performing Test COMPILER_SUPPORTS_FALLTHROUGH_WARNING
-- Performing Test COMPILER_SUPPORTS_FALLTHROUGH_WARNING - Success
-- Performing Test COMPILER_SUPPORTS_EXTRA_SEMI_WARNING
-- Performing Test COMPILER_SUPPORTS_EXTRA_SEMI_WARNING - Success
-- Performing Test COMPILER_SUPPORTS_PIC
-- Performing Test COMPILER_SUPPORTS_PIC - Success
-- Performing Test CMAKE_HAVE_LIBC_PTHREAD
-- Performing Test CMAKE_HAVE_LIBC_PTHREAD - Success
-- Found Threads: TRUE
-- Configuring done (0.5s)
-- Generating done (0.0s)
-- Build files have been written to: /tmp/rasteratops-dependencies-20261003/shaderc-build
[1/29] Building CXX object libshaderc_util/CMakeFiles/shaderc_util.dir/src/resources.cc.o
[2/29] Building CXX object libshaderc_util/CMakeFiles/shaderc_util.dir/src/version_profile.cc.o
[3/29] Building CXX object libshaderc_util/CMakeFiles/shaderc_util.dir/src/shader_stage.cc.o
[4/29] Building CXX object libshaderc_util/CMakeFiles/shaderc_util.dir/src/args.cc.o
[5/29] Building CXX object libshaderc_util/CMakeFiles/shaderc_util.dir/src/file_finder.cc.o
[6/29] Building CXX object libshaderc_util/CMakeFiles/shaderc_util.dir/src/io_shaderc.cc.o
[7/29] Building CXX object libshaderc_util/CMakeFiles/shaderc_util.dir/src/message.cc.o
[8/29] Building CXX object libshaderc_util/CMakeFiles/shaderc_util.dir/src/spirv_tools_wrapper.cc.o
[9/29] Building CXX object glslc/CMakeFiles/glslc.dir/src/file.cc.o
[10/29] Building CXX object glslc/CMakeFiles/glslc.dir/src/file_includer.cc.o
[11/29] Building CXX object glslc/CMakeFiles/glslc.dir/src/shader_stage.cc.o
[12/29] Building CXX object glslc/CMakeFiles/glslc.dir/src/resource_parse.cc.o
[13/29] cd /tmp/rasteratops-dependencies-20261003/shaderc-build && /workspace/repos/rocknix.worktrees/generic-x64/build.ROCKNIX-GENERIC_X64.x86_64/toolchain/bin/cmake -DCHANGES_FILE=/tmp/rasteratops-dependencies-20261003/shaderc/CHANGES -DTEMPLATE_FILE=/tmp/rasteratops-dependencies-20261003/shaderc/cmake/shaderc.pc.in -DOUT_FILE=/tmp/rasteratops-dependencies-20261003/shaderc-build/shaderc.pc -DCMAKE_INSTALL_PREFIX=/tmp/rasteratops-dependencies-20261003/install -DCMAKE_INSTALL_LIBDIR=lib -DCMAKE_INSTALL_INCLUDEDIR=include -DLIBS=-lshaderc_shared -P /tmp/rasteratops-dependencies-20261003/shaderc/cmake/write_pkg_config.cmake
[14/29] cd /tmp/rasteratops-dependencies-20261003/shaderc-build && /workspace/repos/rocknix.worktrees/generic-x64/build.ROCKNIX-GENERIC_X64.x86_64/toolchain/bin/cmake -DCHANGES_FILE=/tmp/rasteratops-dependencies-20261003/shaderc/CHANGES -DTEMPLATE_FILE=/tmp/rasteratops-dependencies-20261003/shaderc/cmake/shaderc_static.pc.in -DOUT_FILE=/tmp/rasteratops-dependencies-20261003/shaderc-build/shaderc_static.pc -DCMAKE_INSTALL_PREFIX=/tmp/rasteratops-dependencies-20261003/install -DCMAKE_INSTALL_LIBDIR=lib -DCMAKE_INSTALL_INCLUDEDIR=include -DLIBS=-lshaderc\ \ -lshaderc_util -P /tmp/rasteratops-dependencies-20261003/shaderc/cmake/write_pkg_config.cmake
[15/29] Check copyright
[16/29] cd /tmp/rasteratops-dependencies-20261003/shaderc-build && /workspace/repos/rocknix.worktrees/generic-x64/build.ROCKNIX-GENERIC_X64.x86_64/toolchain/bin/cmake -DCHANGES_FILE=/tmp/rasteratops-dependencies-20261003/shaderc/CHANGES -DTEMPLATE_FILE=/tmp/rasteratops-dependencies-20261003/shaderc/cmake/shaderc_combined.pc.in -DOUT_FILE=/tmp/rasteratops-dependencies-20261003/shaderc-build/shaderc_combined.pc -DCMAKE_INSTALL_PREFIX=/tmp/rasteratops-dependencies-20261003/install -DCMAKE_INSTALL_LIBDIR=lib -DCMAKE_INSTALL_INCLUDEDIR=include -DLIBS=-lshaderc_combined -P /tmp/rasteratops-dependencies-20261003/shaderc/cmake/write_pkg_config.cmake
[17/29] Building CXX object glslc/CMakeFiles/glslc.dir/src/dependency_info.cc.o
[18/29] Building CXX object glslc/CMakeFiles/glslc.dir/src/file_compiler.cc.o
[19/29] Building CXX object libshaderc/CMakeFiles/shaderc.dir/src/shaderc.cc.o
[20/29] Building CXX object libshaderc/CMakeFiles/shaderc_shared.dir/src/shaderc.cc.o
[21/29] Building CXX object libshaderc_util/CMakeFiles/shaderc_util.dir/src/compiler.cc.o
[22/29] Linking CXX static library libshaderc_util/libshaderc_util.a
[23/29] Linking CXX static library libshaderc/libshaderc.a
[24/29] Linking CXX static library glslc/libglslc.a
[25/29] Linking CXX static library libshaderc/libshaderc_combined.a
[26/29] Linking CXX shared library libshaderc/libshaderc_shared.so.1
[27/29] Creating library symlink libshaderc/libshaderc_shared.so
[28/29] Building CXX object glslc/CMakeFiles/glslc_exe.dir/src/main.cc.o
[29/29] Linking CXX executable glslc/glslc
PASS shaderc 2025.3 compiled a Vulkan vertex shader with glslang16.6.0 and its known-good SPIR-V pair: 752 bytes
