up: webdav serving /workspace/tmp/rasteratops-m7-archives-01/cloud/data at http://127.0.0.1:9010 (guest: http://10.0.2.2:9010)
[W][22:22:48.641802] pw.conf      | [          conf.c: 1182 try_load_conf()] can't load config client.conf: No such file or directory
[E][22:22:48.641836] pw.conf      | [          conf.c: 1215 pw_conf_load_conf_for_context()] can't load config client.conf: No such file or directory
ready after ~18s
PASS exact replacement BUILD_ID
PASS retained production writer archive still selected
2 press(es) moved the screen, back on the carousel
changed after 0.1s (`key ret`, line 12)
settle: still after 1.7s
changed after 0.0s (`key x`, line 15)
settle: still after 1.3s
changed after 0.1s (`key up`, line 18)
changed after 0.0s (`key up`, line 20)
changed after 0.1s (`key up`, line 22)
settle: still after 1.3s
changed after 0.1s (`key x`, line 25)
settle: still after 1.3s
captured /workspace/tmp/rasteratops-m7-archives-01/root-artifacts/hub/01-cloud-hub.png
changed after 0.1s (`key down`, line 7)
changed after 0.1s (`key x`, line 9)
settle: still after 2.6s
captured /workspace/tmp/rasteratops-m7-archives-01/root-artifacts/restore/01-restore-page.png
changed after 0.1s (`key down`, line 1)
changed after 0.1s (`key down`, line 3)
changed after 0.1s (`key down`, line 5)
settle: still after 1.3s
captured /workspace/tmp/rasteratops-m7-archives-01/root-artifacts/settings-selected/01-settings-focused.png
changed after 0.1s (`key right`, line 9)
settle: still after 1.3s
captured /workspace/tmp/rasteratops-m7-archives-01/root-artifacts/settings-selected/02-settings-selected.png
PASS --join performs the intended saves-pointer transition
PASS --join preserves explicitly selected cloud root across actual transition
PASS --join scan finds root ROMs and BIOS
PASS --join restores sentinel /storage/roms/nes/M7-root.nes
PASS --join restores sentinel /storage/roms/bios/M7-root.bin
PASS --follow performs the intended saves-pointer transition
PASS --follow preserves explicitly selected cloud root across actual transition
PASS --follow scan finds root ROMs and BIOS
PASS --follow restores sentinel /storage/roms/nes/M7-root.nes
PASS --follow restores sentinel /storage/roms/bios/M7-root.bin
PASS --settle performs the intended saves-pointer transition
PASS --settle preserves explicitly selected cloud root across actual transition
PASS --settle scan finds root ROMs and BIOS
PASS --settle restores sentinel /storage/roms/nes/M7-root.nes
PASS --settle restores sentinel /storage/roms/bios/M7-root.bin
PASS --apply performs the intended saves-pointer transition
PASS --apply preserves explicitly selected cloud root across actual transition
PASS --apply scan finds root ROMs and BIOS
PASS --apply restores sentinel /storage/roms/nes/M7-root.nes
PASS --apply restores sentinel /storage/roms/bios/M7-root.bin
PASS all four actual layout transitions preserve chosen root and restore sentinels; review settings-toggle frames
PASS extended archive/content-root qualification
down
