watch-build: recording in /workspace/repos/rocknix.worktrees/conflict-resolution/.build-runs/20261003T233734Z-91d13a6e
up: webdav serving /workspace/tmp/rasteratops-m7-root-runtime-02/cloud/data at http://127.0.0.1:9040 (guest: http://10.0.2.2:9040)
[W][23:37:35.446810] pw.conf      | [          conf.c: 1182 try_load_conf()] can't load config client.conf: No such file or directory
[E][23:37:35.446843] pw.conf      | [          conf.c: 1215 pw_conf_load_conf_for_context()] can't load config client.conf: No such file or directory
ready after ~17s
PASS exact replacement BUILD_ID
PASS --join performs the intended saves-pointer transition
PASS installed join progress names the selected cloud root
PASS --join preserves explicitly selected cloud root across actual transition
PASS --join scan finds root ROMs and BIOS
PASS --join restores sentinel /storage/roms/nes/M7-root.nes
PASS --join restores sentinel /storage/roms/bios/M7-root.bin
PASS --follow performs the intended saves-pointer transition
PASS --follow preserves explicitly selected cloud root across actual transition
PASS --follow scan finds root ROMs and BIOS
PASS --follow restores sentinel /storage/roms/nes/M7-root.nes
PASS --follow restores sentinel /storage/roms/bios/M7-root.bin
PASS --settle performs the intended saves-pointer transition
PASS --settle preserves explicitly selected cloud root across actual transition
PASS --settle scan finds root ROMs and BIOS
PASS --settle restores sentinel /storage/roms/nes/M7-root.nes
PASS --settle restores sentinel /storage/roms/bios/M7-root.bin
PASS --apply performs the intended saves-pointer transition
PASS --apply preserves explicitly selected cloud root across actual transition
PASS --apply scan finds root ROMs and BIOS
PASS --apply restores sentinel /storage/roms/nes/M7-root.nes
PASS --apply restores sentinel /storage/roms/bios/M7-root.bin
PASS all four actual layout transitions preserve chosen root and restore sentinels on replacement02
PASS installed cloud-root transitions and sentence
down
