watch-build: recording in /workspace/repos/rocknix.worktrees/m7-generic-x64/.build-runs/20261003T220641Z-d2b9febe
up: webdav serving /workspace/tmp/rasteratops-m7-archives-01/cloud/data at http://127.0.0.1:9010 (guest: http://10.0.2.2:9010)
[W][22:06:42.907902] pw.conf      | [          conf.c: 1182 try_load_conf()] can't load config client.conf: No such file or directory
[E][22:06:42.907929] pw.conf      | [          conf.c: 1215 pw_conf_load_conf_for_context()] can't load config client.conf: No such file or directory
ready after ~18s
PASS exact replacement BUILD_ID
PASS actual RC2 settings archive survived update
PASS local recovery restores actual RC2 archive setting
PASS local recovery retains inherited archive bytes
PASS safe actual device id/label read
PASS scan selects uploaded inherited RC2 archive
PASS cloud recovery restores actual RC2 archive setting
PASS cloud restore returns inherited archive byte-identically
PASS production writer retains compatible ROCKNIX suffix
PASS scan selects actual per-device writer archive
PASS writer, scan and local archive bytes agree
PASS production cloud/local restore recovers sentinel writer-proof
PASS /ROCKNIX --follow keeps settings-only archive discoverable
PASS /ROCKNIX --follow keeps original cloud bytes
PASS production cloud/local restore recovers sentinel writer-proof
PASS /ROCKNIX --settle keeps settings-only archive discoverable
PASS /ROCKNIX --settle keeps original cloud bytes
PASS production cloud/local restore recovers sentinel writer-proof
PASS /GAMES --follow keeps settings-only archive discoverable
PASS /GAMES --follow keeps original cloud bytes
PASS production cloud/local restore recovers sentinel writer-proof
PASS /GAMES --settle keeps settings-only archive discoverable
PASS /GAMES --settle keeps original cloud bytes
PASS production cloud/local restore recovers sentinel writer-proof
PASS inherited/writer/settings-only archive guest proofs
PASS production archive recovery from retained RC2 upgrade overlay
down
