[
  {
    "version": "before",
    "tool": "busybox",
    "mode": "explicit",
    "passed": false,
    "rc": 0
  },
  {
    "version": "before",
    "tool": "busybox",
    "mode": "missing",
    "passed": false,
    "rc": 0
  },
  {
    "version": "before",
    "tool": "busybox",
    "mode": "unusable",
    "passed": false,
    "rc": 0
  },
  {
    "version": "before",
    "tool": "busybox",
    "mode": "branded",
    "passed": false,
    "rc": 0
  },
  {
    "version": "before",
    "tool": "rclone",
    "mode": "explicit",
    "passed": false,
    "rc": 0
  },
  {
    "version": "before",
    "tool": "rclone",
    "mode": "missing",
    "passed": false,
    "rc": 0
  },
  {
    "version": "before",
    "tool": "rclone",
    "mode": "unusable",
    "passed": false,
    "rc": 0
  },
  {
    "version": "before",
    "tool": "rclone",
    "mode": "branded",
    "passed": false,
    "rc": 0
  },
  {
    "version": "after",
    "tool": "busybox",
    "mode": "explicit",
    "passed": true,
    "rc": 0
  },
  {
    "version": "after",
    "tool": "busybox",
    "mode": "missing",
    "passed": true,
    "rc": 2
  },
  {
    "version": "after",
    "tool": "busybox",
    "mode": "unusable",
    "passed": true,
    "rc": 2
  },
  {
    "version": "after",
    "tool": "busybox",
    "mode": "branded",
    "passed": true,
    "rc": 0
  },
  {
    "version": "after",
    "tool": "rclone",
    "mode": "explicit",
    "passed": true,
    "rc": 0
  },
  {
    "version": "after",
    "tool": "rclone",
    "mode": "missing",
    "passed": true,
    "rc": 2
  },
  {
    "version": "after",
    "tool": "rclone",
    "mode": "unusable",
    "passed": true,
    "rc": 2
  },
  {
    "version": "after",
    "tool": "rclone",
    "mode": "branded",
    "passed": true,
    "rc": 0
  }
]
{"before": {"pass": 0, "fail": 8}, "after": {"pass": 8, "fail": 0}}
