=>  CLOUD BACKUP

Skipped game saves this time - settings only.

====================================
SENDING YOUR SETTINGS BACKUP
>>> unit SETTINGS||
====================================
Sending your settings backup to the cloud...
Transferred:   	    6.012 MiB / 6.012 MiB, 100%, 0 B/s, ETA -
Transferred:            0 / 1, 0%
Elapsed time:         0.9s
Transferring:
 * 2026_10_03-154521-GENE…OCKNIX_SETTINGS.tar.gz:100% / 6.012 MiB, 0 B/s, -Transferred:   	    6.012 MiB / 6.012 MiB, 100%, 6.011 MiB/s, ETA 0s
Transferred:            0 / 1, 0%
Elapsed time:         1.9s
Transferring:
 * 2026_10_03-154521-GENE…OCKNIX_SETTINGS.tar.gz:100% / 6.012 MiB, 6.011 MiB/sTransferred:   	    6.012 MiB / 6.012 MiB, 100%, 3.006 MiB/s, ETA 0s
Transferred:            0 / 1, 0%
Elapsed time:         2.9s
Transferring:
 * 2026_10_03-154521-GENE…OCKNIX_SETTINGS.tar.gz:100% / 6.012 MiB, 3.006 MiB/sTransferred:   	    6.012 MiB / 6.012 MiB, 100%, 2.004 MiB/s, ETA 0s
Transferred:            0 / 1, 0%
Elapsed time:         3.9s
Transferring:
 * 2026_10_03-154521-GENE…OCKNIX_SETTINGS.tar.gz:100% / 6.012 MiB, 2.004 MiB/sTransferred:   	    6.012 MiB / 6.012 MiB, 100%, 1.503 MiB/s, ETA 0s
Transferred:            0 / 1, 0%
Elapsed time:         4.9s
Transferring:
 * 2026_10_03-154521-GENE…OCKNIX_SETTINGS.tar.gz:100% / 6.012 MiB, 1.503 MiB/sTransferred:   	    6.012 MiB / 6.012 MiB, 100%, 1.002 MiB/s, ETA 0s
Transferred:            0 / 1, 0%
Elapsed time:         6.0s
Transferring:
 * 2026_10_03-154521-GENE…OCKNIX_SETTINGS.tar.gz:100% / 6.012 MiB, 1.002 MiB/sTransferred:   	    6.012 MiB / 6.012 MiB, 100%, 1.002 MiB/s, ETA 0s
Transferred:            0 / 1, 0%
Elapsed time:         6.9s
Transferring:
 * 2026_10_03-154521-GENE…OCKNIX_SETTINGS.tar.gz:100% / 6.012 MiB, 1.002 MiB/sTransferred:   	    6.012 MiB / 6.012 MiB, 100%, 879.356 KiB/s, ETA 0s
Transferred:            0 / 1, 0%
Elapsed time:         8.0s
Transferring:
 * 2026_10_03-154521-GENE…OCKNIX_SETTINGS.tar.gz:100% / 6.012 MiB, 769.441 KiBTransferred:   	    6.012 MiB / 6.012 MiB, 100%, 769.437 KiB/s, ETA 0s
Transferred:            0 / 1, 0%
Elapsed time:         8.9s
Transferring:
 * 2026_10_03-154521-GENE…OCKNIX_SETTINGS.tar.gz:100% / 6.012 MiB, 769.441 KiBTransferred:   	    6.012 MiB / 6.012 MiB, 100%, 683.943 KiB/s, ETA 0s
Transferred:            0 / 1, 0%
Elapsed time:         9.9s
Transferring:
 * 2026_10_03-154521-GENE…OCKNIX_SETTINGS.tar.gz:100% / 6.012 MiB, 683.948 KiBTransferred:   	    6.012 MiB / 6.012 MiB, 100%, 615.550 KiB/s, ETA 0s
Transferred:            1 / 1, 100%
Elapsed time:        10.5s
Transferred:   	        197 B / 197 B, 100%, 0 B/s, ETA -
Transferred:            1 / 1, 100%
Elapsed time:         0.0s

====================================
BACKUP SUMMARY:
Game saves: SKIPPED - SETTINGS ONLY
Settings backup: COMPLETED
Completed.
====================================
