tools/es-launch-memory: OK
tools/signin-memory: OK
tools/vm-serial: OK
tools/cloud-test-backend: OK
projects/ROCKNIX/devices/GENERIC_X64/vm/generic-x64-vm: OK
[W][20:46:45.700710] pw.conf      | [          conf.c: 1182 try_load_conf()] can't load config client.conf: No such file or directory
[E][20:46:45.700746] pw.conf      | [          conf.c: 1215 pw_conf_load_conf_for_context()] can't load config client.conf: No such file or directory
ready after ~19s
up: webdav serving /workspace/tmp/rasteratops-m7-production-memory-01/cloud/data at http://127.0.0.1:9010 (guest: http://10.0.2.2:9010)
OK /Rasteratops/Saves
OK /Rasteratops/Backups
OK /Rasteratops/Content/ROMs
OK /Rasteratops/Content/BIOS
0,2429,1791060429,2203552,203904,21
exit-helper return=1
1,2429,1791060438,2194880,172988,21
exit-helper return=1
2,2429,1791060447,2194880,172032,21
exit-helper return=1
3,2429,1791060456,2194880,171644,21
exit-helper return=1
4,2429,1791060465,2194880,172152,21
exit-helper return=1
5,2429,1791060474,2194880,172048,21
exit-helper return=1
6,2429,1791060483,2194880,171872,21
exit-helper return=1
7,2429,1791060492,2194880,172008,21
exit-helper return=1
8,2429,1791060501,2194880,172644,21
exit-helper return=1
9,2429,1791060510,2194880,172392,21
exit-helper return=1
10,2429,1791060519,2194880,172256,21
exit-helper return=1
11,2429,1791060528,2194880,172404,21
exit-helper return=1
12,2429,1791060537,2194880,172356,21
exit-helper return=1
13,2429,1791060546,2194880,172316,21
exit-helper return=1
14,2429,1791060555,2194880,172676,21
exit-helper return=1
15,2429,1791060564,2194880,172504,21
exit-helper return=1
16,2429,1791060573,2194880,172756,21
exit-helper return=1
17,2429,1791060582,2194880,172948,21
exit-helper return=1
18,2429,1791060591,2194880,172588,21
exit-helper return=1
19,2429,1791060600,2194880,172308,21
exit-helper return=1
20,2429,1791060609,2194880,172440,21
exit-helper return=1
21,2429,1791060618,2194880,172652,21
exit-helper return=1
22,2429,1791060627,2194880,172352,21
exit-helper return=1
23,2429,1791060636,2194880,172704,21
exit-helper return=1
24,2429,1791060645,2194880,172636,21
exit-helper return=1
25,2429,1791060654,2194880,172752,21
exit-helper return=1
26,2429,1791060663,2194880,172768,21
exit-helper return=1
27,2429,1791060672,2194880,173008,21
exit-helper return=1
28,2429,1791060681,2194880,172652,21
exit-helper return=1
29,2429,1791060690,2194880,172592,21
exit-helper return=1
30,2429,1791060699,2194880,173052,21
exit-helper return=1
31,2429,1791060707,2194880,173100,21
exit-helper return=1
32,2429,1791060717,2194880,173092,21
exit-helper return=1
33,2429,1791060725,2194880,172556,21
exit-helper return=1
34,2429,1791060734,2194880,172896,21
exit-helper return=1
35,2429,1791060743,2194880,172764,21
exit-helper return=1
36,2429,1791060752,2194880,172664,21
exit-helper return=1
37,2429,1791060761,2194880,172284,21
exit-helper return=1
38,2429,1791060770,2194880,172980,21
exit-helper return=1
39,2429,1791060779,2194880,173280,21
exit-helper return=1
40,2429,1791060788,2194880,173004,21
exit-helper return=1
41,2429,1791060797,2194880,173332,21
exit-helper return=1
42,2429,1791060806,2194880,173084,21
exit-helper return=1
43,2429,1791060815,2194880,173168,21
exit-helper return=1
44,2429,1791060824,2194880,172808,21
exit-helper return=1
45,2429,1791060833,2194880,173064,21
exit-helper return=1
46,2429,1791060842,2194880,173360,21
exit-helper return=1
47,2429,1791060851,2194880,173164,21
exit-helper return=1
48,2429,1791060859,2194880,172780,21
exit-helper return=1
49,2429,1791060868,2194880,173416,21
exit-helper return=1
50,2429,1791060877,2194880,173248,21
exit-helper return=1
51,2429,1791060886,2194880,173096,21
exit-helper return=1
52,2429,1791060895,2194880,173216,21
exit-helper return=1
53,2429,1791060904,2194880,172840,21
exit-helper return=1
54,2429,1791060913,2194880,172892,21
exit-helper return=1
55,2429,1791060922,2194880,173276,21
{"pid": 2429, "cycles": 50, "warmup": 5, "vmsize_growth_kib": 0, "rss_growth_kib": 1228, "passed": true}
{
 "loaded": true,
 "port": "10026",
 "guest": "BUILD_ID=\"503e24e10dde6a59aa6c631f789b88b89f8e92e1\" /usr/lib/libwebkit2gtk-4.1.so.0",
 "url": "https://example.org/",
 "seconds": 30,
 "wayland": "wayland-1",
 "peak_hwm_kb": {
  "cloud-signin-wi": 129640,
  "WebKitWebProces": 107952,
  "WebKitNetworkPr": 55204
 },
 "peak_total_rss_kb": 292788,
 "free_mb_before": "7015",
 "free_mb_after": "7033",
 "page": "https://example.org/MESA-EGL: warning: egl: failed to create dri2 screen\n** Message: 16:55:23.331: load finished, asking the page for a field to focus",
 "pass": true
}
PASS production memory sequence and sign-in load
down
