listremotes
lsd qa: --contimeout 15s --timeout 30s --low-level-retries 3 --retries 1
backend features qa: --contimeout 15s --timeout 30s --low-level-retries 3 --retries 1
lsf --files-only -R --exclude /backup/** --exclude /Backups/** qa:/ROCKNIX/Saves/ --contimeout 15s --timeout 30s --low-level-retries 3 --retries 1
lsf --files-only -R --exclude /backup/** --exclude /Backups/** --exclude /saves/** qa:/ROCKNIX/Saves/ --contimeout 15s --timeout 30s --low-level-retries 3 --retries 1
lsf qa:/ROCKNIX/Backups/ --contimeout 15s --timeout 30s --low-level-retries 3 --retries 1
lsf qa:/Rasteratops/Backups --contimeout 15s --timeout 30s --low-level-retries 3 --retries 1
lsf --dirs-only qa:/Rasteratops/ --contimeout 15s --timeout 30s --low-level-retries 3 --retries 1
lsf --files-only -R --exclude /backup/** --exclude /Backups/** qa:/ROCKNIX/Saves/ --contimeout 15s --timeout 30s --low-level-retries 3 --retries 1
lsf qa:/Rasteratops/Saves --contimeout 15s --timeout 30s --low-level-retries 3 --retries 1
lsf --dirs-only qa:/Rasteratops/ --contimeout 15s --timeout 30s --low-level-retries 3 --retries 1
lsf qa:/ROCKNIX/Backups/ --contimeout 15s --timeout 30s --low-level-retries 3 --retries 1
lsf --files-only -R --exclude /backup/** --exclude /Backups/** qa:/ROCKNIX/Saves/ --contimeout 15s --timeout 30s --low-level-retries 3 --retries 1
lsf qa:/ROCKNIX/Saves-replaced/ --contimeout 15s --timeout 30s --low-level-retries 3 --retries 1
lsf qa:/ROCKNIX/Content/ --contimeout 15s --timeout 30s --low-level-retries 3 --retries 1
lsf qa:/ROCKNIX/Backups/ --contimeout 15s --timeout 30s --low-level-retries 3 --retries 1
lsf --files-only -R --exclude /backup/** --exclude /Backups/** qa:/ROCKNIX/Saves/ --contimeout 15s --timeout 30s --low-level-retries 3 --retries 1
lsf qa:/ROCKNIX/Saves-replaced/ --contimeout 15s --timeout 30s --low-level-retries 3 --retries 1
lsf qa:/ROCKNIX/Content/ --contimeout 15s --timeout 30s --low-level-retries 3 --retries 1
lsf qa:/ROCKNIX/Backups/ --contimeout 15s --timeout 30s --low-level-retries 3 --retries 1
lsf -R --files-only qa:/ROCKNIX/Backups --contimeout 15s --timeout 30s --low-level-retries 3 --retries 1
copy qa:/ROCKNIX/Backups qa:/Rasteratops/Backups --files-from-raw /tmp/cloud_migrate_layout.FHIs8K --create-empty-src-dirs=false --progress --stats 2s --contimeout 1s --timeout 2s --low-level-retries 1 --retries 1
check qa:/ROCKNIX/Backups qa:/Rasteratops/Backups --files-from-raw /tmp/cloud_migrate_layout.FHIs8K --one-way --contimeout 1s --timeout 2s --low-level-retries 1 --retries 1
delete qa:/ROCKNIX/Backups --files-from-raw /tmp/cloud_migrate_layout.FHIs8K --contimeout 1s --timeout 2s --low-level-retries 1 --retries 1
rmdirs qa:/ROCKNIX/Backups --contimeout 1s --timeout 2s --low-level-retries 1 --retries 1
lsf --files-only -R --exclude /backup/** --exclude /Backups/** qa:/ROCKNIX/Saves/ --contimeout 15s --timeout 30s --low-level-retries 3 --retries 1
lsf -R --files-only --exclude /backup/** --exclude /Backups/** qa:/ROCKNIX/Saves --contimeout 15s --timeout 30s --low-level-retries 3 --retries 1
copy qa:/ROCKNIX/Saves qa:/Rasteratops/Saves --files-from-raw /tmp/cloud_migrate_layout.nKiuqp --create-empty-src-dirs=false --progress --stats 2s --contimeout 1s --timeout 2s --low-level-retries 1 --retries 1
check qa:/ROCKNIX/Saves qa:/Rasteratops/Saves --files-from-raw /tmp/cloud_migrate_layout.nKiuqp --one-way --contimeout 1s --timeout 2s --low-level-retries 1 --retries 1
delete qa:/ROCKNIX/Saves --files-from-raw /tmp/cloud_migrate_layout.nKiuqp --contimeout 1s --timeout 2s --low-level-retries 1 --retries 1
rmdirs qa:/ROCKNIX/Saves --contimeout 1s --timeout 2s --low-level-retries 1 --retries 1
lsf qa:/ROCKNIX/Saves-replaced/ --contimeout 15s --timeout 30s --low-level-retries 3 --retries 1
lsf -R --files-only qa:/ROCKNIX/Saves-replaced --contimeout 15s --timeout 30s --low-level-retries 3 --retries 1
copy qa:/ROCKNIX/Saves-replaced qa:/Rasteratops/Saves-replaced --files-from-raw /tmp/cloud_migrate_layout.WgIMUj --create-empty-src-dirs=false --progress --stats 2s --contimeout 1s --timeout 2s --low-level-retries 1 --retries 1
check qa:/ROCKNIX/Saves-replaced qa:/Rasteratops/Saves-replaced --files-from-raw /tmp/cloud_migrate_layout.WgIMUj --one-way --contimeout 1s --timeout 2s --low-level-retries 1 --retries 1
delete qa:/ROCKNIX/Saves-replaced --files-from-raw /tmp/cloud_migrate_layout.WgIMUj --contimeout 1s --timeout 2s --low-level-retries 1 --retries 1
rmdirs qa:/ROCKNIX/Saves-replaced --contimeout 1s --timeout 2s --low-level-retries 1 --retries 1
lsf qa:/ROCKNIX/Content/ --contimeout 15s --timeout 30s --low-level-retries 3 --retries 1
lsf qa:/ROCKNIX/Content/ --contimeout 15s --timeout 30s --low-level-retries 3 --retries 1
lsf qa:/Rasteratops/Content --contimeout 15s --timeout 30s --low-level-retries 3 --retries 1
lsf --dirs-only qa:/Rasteratops/ --contimeout 15s --timeout 30s --low-level-retries 3 --retries 1
lsf -R --files-only qa:/ROCKNIX/Content --contimeout 15s --timeout 30s --low-level-retries 3 --retries 1
copy qa:/ROCKNIX/Content qa:/Rasteratops/Content --files-from-raw /tmp/cloud_migrate_layout.YKb0HW --create-empty-src-dirs=false --progress --stats 2s --contimeout 1s --timeout 2s --low-level-retries 1 --retries 1
check qa:/ROCKNIX/Content qa:/Rasteratops/Content --files-from-raw /tmp/cloud_migrate_layout.YKb0HW --one-way --contimeout 1s --timeout 2s --low-level-retries 1 --retries 1
delete qa:/ROCKNIX/Content --files-from-raw /tmp/cloud_migrate_layout.YKb0HW --contimeout 1s --timeout 2s --low-level-retries 1 --retries 1
rmdirs qa:/ROCKNIX/Content --contimeout 1s --timeout 2s --low-level-retries 1 --retries 1
rcat qa:/Rasteratops/.layout --contimeout 1s --timeout 2s --low-level-retries 1 --retries 1
listremotes
lsd qa: --contimeout 15s --timeout 30s --low-level-retries 3 --retries 1
backend features qa: --contimeout 15s --timeout 30s --low-level-retries 3 --retries 1
cat qa:/Rasteratops/.layout --contimeout 15s --timeout 30s --low-level-retries 3 --retries 1
listremotes
lsd qa: --contimeout 15s --timeout 30s --low-level-retries 3 --retries 1
backend features qa: --contimeout 15s --timeout 30s --low-level-retries 3 --retries 1
cat qa:/Rasteratops/.layout --contimeout 15s --timeout 30s --low-level-retries 3 --retries 1
